Archive member included because of file (symbol)

.\CortexM3\ARM_GCC_493\Debug\cfp_reader.a(cyfitter_cfg.o)
                              .\CortexM3\ARM_GCC_493\Debug\Cm3Start.o (cyfitter_cfg)
.\CortexM3\ARM_GCC_493\Debug\cfp_reader.a(Clock_3.o)
                              .\CortexM3\ARM_GCC_493\Debug\main.o (Clock_3_Start)
.\CortexM3\ARM_GCC_493\Debug\cfp_reader.a(VDAC8_1.o)
                              .\CortexM3\ARM_GCC_493\Debug\main.o (VDAC8_1_Start)
.\CortexM3\ARM_GCC_493\Debug\cfp_reader.a(Opamp_1.o)
                              .\CortexM3\ARM_GCC_493\Debug\main.o (Opamp_1_Start)
.\CortexM3\ARM_GCC_493\Debug\cfp_reader.a(CyDmac.o)
                              .\CortexM3\ARM_GCC_493\Debug\Cm3Start.o (CyDmacConfigure)
.\CortexM3\ARM_GCC_493\Debug\cfp_reader.a(CyLib.o)
                              .\CortexM3\ARM_GCC_493\Debug\Cm3Start.o (CyHalt)
.\CortexM3\ARM_GCC_493\Debug\cfp_reader.a(cyPm.o)
                              .\CortexM3\ARM_GCC_493\Debug\cfp_reader.a(CyLib.o) (CyPmReadStatus)
.\CortexM3\ARM_GCC_493\Debug\cfp_reader.a(Clock_2.o)
                              .\CortexM3\ARM_GCC_493\Debug\main.o (Clock_2_Start)
.\CortexM3\ARM_GCC_493\Debug\cfp_reader.a(PWM_1.o)
                              .\CortexM3\ARM_GCC_493\Debug\main.o (PWM_1_Start)
.\CortexM3\ARM_GCC_493\Debug\cfp_reader.a(USBUART_1.o)
                              .\CortexM3\ARM_GCC_493\Debug\main.o (USBUART_1_Start)
.\CortexM3\ARM_GCC_493\Debug\cfp_reader.a(USBUART_1_cdc.o)
                              .\CortexM3\ARM_GCC_493\Debug\main.o (USBUART_1_CDC_Init)
.\CortexM3\ARM_GCC_493\Debug\cfp_reader.a(USBUART_1_drv.o)
                              .\CortexM3\ARM_GCC_493\Debug\cfp_reader.a(USBUART_1.o) (USBUART_1_lastPacketSize)
.\CortexM3\ARM_GCC_493\Debug\cfp_reader.a(USBUART_1_episr.o)
                              .\CortexM3\ARM_GCC_493\Debug\cfp_reader.a(USBUART_1.o) (USBUART_1_EP_1_ISR)
.\CortexM3\ARM_GCC_493\Debug\cfp_reader.a(USBUART_1_pm.o)
                              .\CortexM3\ARM_GCC_493\Debug\cfp_reader.a(USBUART_1.o) (USBUART_1_DP_ISR)
.\CortexM3\ARM_GCC_493\Debug\cfp_reader.a(USBUART_1_std.o)
                              .\CortexM3\ARM_GCC_493\Debug\cfp_reader.a(USBUART_1_pm.o) (USBUART_1_ConfigReg)
.\CortexM3\ARM_GCC_493\Debug\cfp_reader.a(USBUART_1_vnd.o)
                              .\CortexM3\ARM_GCC_493\Debug\cfp_reader.a(USBUART_1_drv.o) (USBUART_1_HandleVendorRqst)
.\CortexM3\ARM_GCC_493\Debug\cfp_reader.a(USBUART_1_Dp.o)
                              .\CortexM3\ARM_GCC_493\Debug\cfp_reader.a(USBUART_1.o) (USBUART_1_Dp_ClearInterrupt)
.\CortexM3\ARM_GCC_493\Debug\cfp_reader.a(LCD.o)
                              .\CortexM3\ARM_GCC_493\Debug\main.o (LCD_PrintString)
.\CortexM3\ARM_GCC_493\Debug\cfp_reader.a(PWM_2.o)
                              .\CortexM3\ARM_GCC_493\Debug\main.o (PWM_2_Start)
.\CortexM3\ARM_GCC_493\Debug\cfp_reader.a(MDIO_host_2_my.o)
                              .\CortexM3\ARM_GCC_493\Debug\main.o (MDIO_host_2_Init)
.\CortexM3\ARM_GCC_493\Debug\cfp_reader.a(ISR.o)
                              .\CortexM3\ARM_GCC_493\Debug\main.o (ISR_Start)
.\CortexM3\ARM_GCC_493\Debug\cfp_reader.a(Clock_1.o)
                              .\CortexM3\ARM_GCC_493\Debug\main.o (Clock_1_Start)
.\CortexM3\ARM_GCC_493\Debug\cfp_reader.a(LED_3.o)
                              .\CortexM3\ARM_GCC_493\Debug\main.o (LED_3_Write)
.\CortexM3\ARM_GCC_493\Debug\cfp_reader.a(DAT_ISR.o)
                              .\CortexM3\ARM_GCC_493\Debug\main.o (DAT_ISR_StartEx)
.\CortexM3\ARM_GCC_493\Debug\cfp_reader.a(ADDR_ISR.o)
                              .\CortexM3\ARM_GCC_493\Debug\main.o (ADDR_ISR_StartEx)
.\CortexM3\ARM_GCC_493\Debug\cfp_reader.a(COR_ISR.o)
                              .\CortexM3\ARM_GCC_493\Debug\main.o (COR_ISR_StartEx)
.\CortexM3\ARM_GCC_493\Debug\cfp_reader.a(MDIO_Interface.o)
                              .\CortexM3\ARM_GCC_493\Debug\main.o (MDIO_Interface_Start)
.\CortexM3\ARM_GCC_493\Debug\cfp_reader.a(MDIO_Interface_REG.o)
                              .\CortexM3\ARM_GCC_493\Debug\cfp_reader.a(MDIO_Interface.o) (MDIO_Interface_pageInfoPtr)
.\CortexM3\ARM_GCC_493\Debug\cfp_reader.a(MDIO_Interface_AddrDMA_dma.o)
                              .\CortexM3\ARM_GCC_493\Debug\cfp_reader.a(MDIO_Interface.o) (MDIO_Interface_AddrDMA_DmaInitialize)
.\CortexM3\ARM_GCC_493\Debug\cfp_reader.a(MDIO_Interface_InfoDMA_dma.o)
                              .\CortexM3\ARM_GCC_493\Debug\cfp_reader.a(MDIO_Interface.o) (MDIO_Interface_InfoDMA_DmaInitialize)
.\CortexM3\ARM_GCC_493\Debug\cfp_reader.a(MDIO_Interface_StartAddrDMA_dma.o)
                              .\CortexM3\ARM_GCC_493\Debug\cfp_reader.a(MDIO_Interface.o) (MDIO_Interface_StartAddrDMA_DmaInitialize)
.\CortexM3\ARM_GCC_493\Debug\cfp_reader.a(MDIO_Interface_EndAddrDMA_dma.o)
                              .\CortexM3\ARM_GCC_493\Debug\cfp_reader.a(MDIO_Interface.o) (MDIO_Interface_EndAddrDMA_DmaInitialize)
[...]
Memory Configuration

Name             Origin             Length             Attributes
rom              0x00000000         0x00040000         xr
ram              0x1fff8000         0x00010000         xrw
*default*        0x00000000         0xffffffff

Linker script and memory map

LOAD c:/program files (x86)/cypress/psoc creator/4.0/psoc creator/import/gnu/arm/4.9.3/bin/../lib/gcc/arm-none-eabi/4.9.3/armv7-m/crti.o
LOAD c:/program files (x86)/cypress/psoc creator/4.0/psoc creator/import/gnu/arm/4.9.3/bin/../lib/gcc/arm-none-eabi/4.9.3/armv7-m/crtbegin.o
LOAD c:/program files (x86)/cypress/psoc creator/4.0/psoc creator/import/gnu/arm/4.9.3/bin/../lib/gcc/arm-none-eabi/4.9.3/../../../../arm-none-eabi/lib/armv7-m/crt0.o
START GROUP
LOAD .\CortexM3\ARM_GCC_493\Debug\main.o
LOAD .\CortexM3\ARM_GCC_493\Debug\cymetadata.o
LOAD .\CortexM3\ARM_GCC_493\Debug\Cm3Start.o
LOAD .\CortexM3\ARM_GCC_493\Debug\cfp_reader.a
LOAD C:\Program Files (x86)\Cypress\PSoC Creator\4.0\PSoC Creator\psoc\content\cycomponentlibrary\CyComponentLibrary.cylib\CortexM3\ARM_GCC_493\Debug\CyComponentLibrary.a
END GROUP
START GROUP
LOAD c:/program files (x86)/cypress/psoc creator/4.0/psoc creator/import/gnu/arm/4.9.3/bin/../lib/gcc/arm-none-eabi/4.9.3/armv7-m\libgcc.a
LOAD c:/program files (x86)/cypress/psoc creator/4.0/psoc creator/import/gnu/arm/4.9.3/bin/../lib/gcc/arm-none-eabi/4.9.3/../../../../arm-none-eabi/lib/armv7-m\libg_nano.a
LOAD c:/program files (x86)/cypress/psoc creator/4.0/psoc creator/import/gnu/arm/4.9.3/bin/../lib/gcc/arm-none-eabi/4.9.3/../../../../arm-none-eabi/lib/armv7-m\libc_nano.a
END GROUP
START GROUP
LOAD c:/program files (x86)/cypress/psoc creator/4.0/psoc creator/import/gnu/arm/4.9.3/bin/../lib/gcc/arm-none-eabi/4.9.3/armv7-m\libgcc.a
LOAD c:/program files (x86)/cypress/psoc creator/4.0/psoc creator/import/gnu/arm/4.9.3/bin/../lib/gcc/arm-none-eabi/4.9.3/../../../../arm-none-eabi/lib/armv7-m\libc_nano.a
END GROUP
LOAD c:/program files (x86)/cypress/psoc creator/4.0/psoc creator/import/gnu/arm/4.9.3/bin/../lib/gcc/arm-none-eabi/4.9.3/armv7-m/crtend.o
LOAD c:/program files (x86)/cypress/psoc creator/4.0/psoc creator/import/gnu/arm/4.9.3/bin/../lib/gcc/arm-none-eabi/4.9.3/armv7-m/crtn.o
START GROUP
LOAD c:/program files (x86)/cypress/psoc creator/4.0/psoc creator/import/gnu/arm/4.9.3/bin/../lib/gcc/arm-none-eabi/4.9.3/armv7-m\libgcc.a
LOAD c:/program files (x86)/cypress/psoc creator/4.0/psoc creator/import/gnu/arm/4.9.3/bin/../lib/gcc/arm-none-eabi/4.9.3/../../../../arm-none-eabi/lib/armv7-m\libc.a
LOAD c:/program files (x86)/cypress/psoc creator/4.0/psoc creator/import/gnu/arm/4.9.3/bin/../lib/gcc/arm-none-eabi/4.9.3/../../../../arm-none-eabi/lib/armv7-m\libnosys.a
END GROUP
                0x00000000                CY_APPL_ORIGIN = 0x0
                0x00000100                CY_FLASH_ROW_SIZE = 0x100
                0x00000020                CY_ECC_ROW_SIZE = 0x20
                0x00000000                CY_EE_IN_BTLDR = 0x0
                0x00000000                CY_APPL_LOADABLE = 0x0
                0x00000800                CY_EE_SIZE = 0x800
                0x00000001                CY_APPL_NUM = 0x1
                0x00000001                CY_APPL_MAX = 0x1
                0x00000040                CY_METADATA_SIZE = 0x40
                0x00000000                CY_APPL_LOADABLE = 0x0
                0x00000000                CY_CHECKSUM_EXCLUDE_SIZE = ALIGN (0x0, CY_FLASH_ROW_SIZE)
                0x1fff9168                PROVIDE (__cy_heap_start, _end)
                0x00000001                PROVIDE (__cy_region_num, ((__cy_regions_end - __cy_regions) / 0x10))
                0x20008000                PROVIDE (__cy_stack, (ORIGIN (ram) + 0x10000))
                0x20007800                PROVIDE (__cy_heap_end, (__cy_stack - 0x800))

.cybootloader   0x00000000        0x0
 *(.cybootloader)
                0x00000000                appl1_start = CY_APPL_ORIGIN?CY_APPL_ORIGIN:ALIGN (CY_FLASH_ROW_SIZE)
                0x0001ff00                appl2_start = (appl1_start + ALIGN ((((0x40000 - appl1_start) - (0x2 * CY_FLASH_ROW_SIZE)) / 0x2), CY_FLASH_ROW_SIZE))
                0x00000000                appl_start = (CY_APPL_NUM == 0x1)?appl1_start:appl2_start
                0x00000000                ecc_offset = ((appl_start / CY_FLASH_ROW_SIZE) * CY_ECC_ROW_SIZE)
                0x00000000                ee_offset = (CY_APPL_LOADABLE && ! (CY_EE_IN_BTLDR))?((CY_EE_SIZE / CY_APPL_MAX) * (CY_APPL_NUM - 0x1)):0x0
                0x00000800                ee_size = (CY_APPL_LOADABLE && ! (CY_EE_IN_BTLDR))?(CY_EE_SIZE / CY_APPL_MAX):CY_EE_SIZE
                0x00000000                PROVIDE (CY_ECC_OFFSET, ecc_offset)

.text           0x00000000     0x3476
 CREATE_OBJECT_SYMBOLS
                0x00000000                PROVIDE (__cy_interrupt_vector, RomVectors)
 *(.romvectors)
 .romvectors    0x00000000       0x10 .\CortexM3\ARM_GCC_493\Debug\Cm3Start.o
                0x00000000                RomVectors
                0x00000001                ASSERT ((. != __cy_interrupt_vector), No interrupt vector)
                0x00000001                ASSERT (CY_APPL_ORIGIN?(SIZEOF (.cybootloader) <= CY_APPL_ORIGIN):0x1, Wrong image location)
                0x00000010                PROVIDE (__cy_reset, Reset)
 *(.text.Reset)
 .text.Reset    0x00000010       0x18 .\CortexM3\ARM_GCC_493\Debug\Cm3Start.o
                0x00000010                Reset
                0x00000001                ASSERT ((. != __cy_reset), No reset code)
 *(.dma_init)
                0x00000001                ASSERT ((((appl_start + .) <= 0x10000) || 0x1), DMA Init must be within the first 64k of flash)
 *(.text .text.* .gnu.linkonce.t.*)
 .text          0x00000028       0x5c c:/program files (x86)/cypress/psoc creator/4.0/psoc creator/import/gnu/arm/4.9.3/bin/../lib/gcc/arm-none-eabi/4.9.3/armv7-m/crtbegin.o
 .text.DAT_ISR_Handler
                0x00000084        0xc .\CortexM3\ARM_GCC_493\Debug\main.o
                0x00000084                DAT_ISR_Handler
 .text.COR_ISR_Handler
                0x00000090        0xc .\CortexM3\ARM_GCC_493\Debug\main.o
                0x00000090                COR_ISR_Handler
 .text.ADDR_ISR_Handler
                0x0000009c       0x10 .\CortexM3\ARM_GCC_493\Debug\main.o
                0x0000009c                ADDR_ISR_Handler
 .text.fillUpReadOnlyRegisters
                0x000000ac       0x68 .\CortexM3\ARM_GCC_493\Debug\main.o
                0x000000ac                fillUpReadOnlyRegisters
 .text.analiz_rx_data
                0x00000114      0x154 .\CortexM3\ARM_GCC_493\Debug\main.o
                0x00000114                analiz_rx_data
 .text.main     0x00000268      0x22c .\CortexM3\ARM_GCC_493\Debug\main.o
                0x00000268                main
 .text.IntDefaultHandler
                0x00000494       0x10 .\CortexM3\ARM_GCC_493\Debug\Cm3Start.o
                0x00000494                IntDefaultHandler
 .text.Start_c  0x000004a4       0x4c .\CortexM3\ARM_GCC_493\Debug\Cm3Start.o
                0x000004a4                Start_c
 .text.initialize_psoc
                0x000004f0       0x78 .\CortexM3\ARM_GCC_493\Debug\Cm3Start.o
                0x000004f0                initialize_psoc
 .text.CyClockStartupError
                0x00000568        0x4 .\CortexM3\ARM_GCC_493\Debug\cfp_reader.a(cyfitter_cfg.o)
 .text.cfg_write_bytes32
                0x0000056c       0x34 .\CortexM3\ARM_GCC_493\Debug\cfp_reader.a(cyfitter_cfg.o)
 .text.AnalogSetDefault
                0x000005a0       0x58 .\CortexM3\ARM_GCC_493\Debug\cfp_reader.a(cyfitter_cfg.o)
 .text.CYMEMZERO
                0x000005f8        0xc .\CortexM3\ARM_GCC_493\Debug\cfp_reader.a(cyfitter_cfg.o)
 .text.ClockSetup
                0x00000604      0x108 .\CortexM3\ARM_GCC_493\Debug\cfp_reader.a(cyfitter_cfg.o)
 .text.CYCONFIGCPY
                0x0000070c        0x8 .\CortexM3\ARM_GCC_493\Debug\cfp_reader.a(cyfitter_cfg.o)
 .text.cyfitter_cfg
                0x00000714      0x1fc .\CortexM3\ARM_GCC_493\Debug\cfp_reader.a(cyfitter_cfg.o)
                0x00000714                cyfitter_cfg
 .text.Clock_3_Start
                0x00000910       0x1c .\CortexM3\ARM_GCC_493\Debug\cfp_reader.a(Clock_3.o)
                0x00000910                Clock_3_Start
 .text.VDAC8_1_Enable
                0x0000092c       0x1c .\CortexM3\ARM_GCC_493\Debug\cfp_reader.a(VDAC8_1.o)
                0x0000092c                VDAC8_1_Enable
 .text.VDAC8_1_SetSpeed
                0x00000948       0x1c .\CortexM3\ARM_GCC_493\Debug\cfp_reader.a(VDAC8_1.o)
                0x00000948                VDAC8_1_SetSpeed
 .text.VDAC8_1_SetValue
                0x00000964        0xc .\CortexM3\ARM_GCC_493\Debug\cfp_reader.a(VDAC8_1.o)
                0x00000964                VDAC8_1_SetValue
 .text.VDAC8_1_DacTrim
                0x00000970       0x24 .\CortexM3\ARM_GCC_493\Debug\cfp_reader.a(VDAC8_1.o)
                0x00000970                VDAC8_1_DacTrim
 .text.VDAC8_1_SetRange
                0x00000994       0x20 .\CortexM3\ARM_GCC_493\Debug\cfp_reader.a(VDAC8_1.o)
                0x00000994                VDAC8_1_SetRange
 .text.VDAC8_1_Init
                0x000009b4       0x20 .\CortexM3\ARM_GCC_493\Debug\cfp_reader.a(VDAC8_1.o)
                0x000009b4                VDAC8_1_Init
 .text.VDAC8_1_Start
                0x000009d4       0x24 .\CortexM3\ARM_GCC_493\Debug\cfp_reader.a(VDAC8_1.o)
                0x000009d4                VDAC8_1_Start
 .text.Opamp_1_Enable
                0x000009f8       0x28 .\CortexM3\ARM_GCC_493\Debug\cfp_reader.a(Opamp_1.o)
                0x000009f8                Opamp_1_Enable
 .text.Opamp_1_SetPower
                0x00000a20       0x1c .\CortexM3\ARM_GCC_493\Debug\cfp_reader.a(Opamp_1.o)
                0x00000a20                Opamp_1_SetPower
 .text.Opamp_1_Init
                0x00000a3c        0xc .\CortexM3\ARM_GCC_493\Debug\cfp_reader.a(Opamp_1.o)
                0x00000a3c                Opamp_1_Init
 .text.Opamp_1_Start
                0x00000a48       0x1c .\CortexM3\ARM_GCC_493\Debug\cfp_reader.a(Opamp_1.o)
                0x00000a48                Opamp_1_Start
 .text.CyDmacConfigure
                0x00000a64       0x34 .\CortexM3\ARM_GCC_493\Debug\cfp_reader.a(CyDmac.o)
                0x00000a64                CyDmacConfigure
 .text.CyDmaChEnable
                0x00000a98       0x38 .\CortexM3\ARM_GCC_493\Debug\cfp_reader.a(CyDmac.o)
                0x00000a98                CyDmaChEnable
 .text.CyDmaChPriority
                0x00000ad0       0x24 .\CortexM3\ARM_GCC_493\Debug\cfp_reader.a(CyDmac.o)
                0x00000ad0                CyDmaChPriority
 .text.CyDmaChSetExtendedAddress
                0x00000af4       0x34 .\CortexM3\ARM_GCC_493\Debug\cfp_reader.a(CyDmac.o)
                0x00000af4                CyDmaChSetExtendedAddress
 .text.CyDmaChSetInitialTd
                0x00000b28       0x18 .\CortexM3\ARM_GCC_493\Debug\cfp_reader.a(CyDmac.o)
                0x00000b28                CyDmaChSetInitialTd
 .text.CyDmaChSetRequest
                0x00000b40       0x20 .\CortexM3\ARM_GCC_493\Debug\cfp_reader.a(CyDmac.o)
                0x00000b40                CyDmaChSetRequest
 .text.CyDmaChSetConfiguration
                0x00000b60       0x48 .\CortexM3\ARM_GCC_493\Debug\cfp_reader.a(CyDmac.o)
                0x00000b60                CyDmaChSetConfiguration
 .text.CyDmaTdAllocate
                0x00000ba8       0x34 .\CortexM3\ARM_GCC_493\Debug\cfp_reader.a(CyDmac.o)
                0x00000ba8                CyDmaTdAllocate
 .text.CyDmaTdSetConfiguration
                0x00000bdc       0x28 .\CortexM3\ARM_GCC_493\Debug\cfp_reader.a(CyDmac.o)
                0x00000bdc                CyDmaTdSetConfiguration
 .text.CyDmaTdSetAddress
                0x00000c04       0x1c .\CortexM3\ARM_GCC_493\Debug\cfp_reader.a(CyDmac.o)
                0x00000c04                CyDmaTdSetAddress
 .text.CyHalt   0x00000c20        0x4 .\CortexM3\ARM_GCC_493\Debug\cfp_reader.a(CyLib.o)
                0x00000c20                CyHalt
 .text.CyDelay  0x00000c24       0x2c .\CortexM3\ARM_GCC_493\Debug\cfp_reader.a(CyLib.o)
                0x00000c24                CyDelay
 .text.CyDelayUs
                0x00000c50       0x14 .\CortexM3\ARM_GCC_493\Debug\cfp_reader.a(CyLib.o)
                0x00000c50                CyDelayUs
 .text.CyIntSetVector
                0x00000c64       0x28 .\CortexM3\ARM_GCC_493\Debug\cfp_reader.a(CyLib.o)
                0x00000c64                CyIntSetVector
 .text.CyIntSetPriority
                0x00000c8c       0x30 .\CortexM3\ARM_GCC_493\Debug\cfp_reader.a(CyLib.o)
                0x00000c8c                CyIntSetPriority
 .text.CyGetUniqueId
                0x00000cbc       0x70 .\CortexM3\ARM_GCC_493\Debug\cfp_reader.a(CyLib.o)
                0x00000cbc                CyGetUniqueId
 .text.Clock_2_Start
                0x00000d2c       0x1c .\CortexM3\ARM_GCC_493\Debug\cfp_reader.a(Clock_2.o)
                0x00000d2c                Clock_2_Start
 .text.PWM_1_WriteCounter
                0x00000d48        0xc .\CortexM3\ARM_GCC_493\Debug\cfp_reader.a(PWM_1.o)
                0x00000d48                PWM_1_WriteCounter
 .text.PWM_1_WritePeriod
                0x00000d54        0xc .\CortexM3\ARM_GCC_493\Debug\cfp_reader.a(PWM_1.o)
                0x00000d54                PWM_1_WritePeriod
 .text.PWM_1_WriteCompare
                0x00000d60        0xc .\CortexM3\ARM_GCC_493\Debug\cfp_reader.a(PWM_1.o)
                0x00000d60                PWM_1_WriteCompare
 .text.PWM_1_Init
                0x00000d6c       0x24 .\CortexM3\ARM_GCC_493\Debug\cfp_reader.a(PWM_1.o)
                0x00000d6c                PWM_1_Init
 .text.PWM_1_Start
                0x00000d90       0x18 .\CortexM3\ARM_GCC_493\Debug\cfp_reader.a(PWM_1.o)
                0x00000d90                PWM_1_Start
 .text.USBUART_1_Init
                0x00000da8      0x140 .\CortexM3\ARM_GCC_493\Debug\cfp_reader.a(USBUART_1.o)
                0x00000da8                USBUART_1_Init
 .text.USBUART_1_InitComponent
                0x00000ee8       0xb8 .\CortexM3\ARM_GCC_493\Debug\cfp_reader.a(USBUART_1.o)
                0x00000ee8                USBUART_1_InitComponent
 .text.USBUART_1_Start
                0x00000fa0       0x24 .\CortexM3\ARM_GCC_493\Debug\cfp_reader.a(USBUART_1.o)
                0x00000fa0                USBUART_1_Start
 .text.USBUART_1_ReInitComponent
                0x00000fc4       0x4c .\CortexM3\ARM_GCC_493\Debug\cfp_reader.a(USBUART_1.o)
                0x00000fc4                USBUART_1_ReInitComponent
 .text.USBUART_1_GetConfiguration
                0x00001010        0xc .\CortexM3\ARM_GCC_493\Debug\cfp_reader.a(USBUART_1.o)
                0x00001010                USBUART_1_GetConfiguration
 .text.USBUART_1_IsConfigurationChanged
                0x0000101c       0x20 .\CortexM3\ARM_GCC_493\Debug\cfp_reader.a(USBUART_1.o)
                0x0000101c                USBUART_1_IsConfigurationChanged
 .text.USBUART_1_GetEPState
                0x0000103c       0x14 .\CortexM3\ARM_GCC_493\Debug\cfp_reader.a(USBUART_1.o)
                0x0000103c                USBUART_1_GetEPState
 .text.USBUART_1_GetEPCount
                0x00001050       0x28 .\CortexM3\ARM_GCC_493\Debug\cfp_reader.a(USBUART_1.o)
                0x00001050                USBUART_1_GetEPCount
 .text.USBUART_1_LoadInEP
                0x00001078       0x94 .\CortexM3\ARM_GCC_493\Debug\cfp_reader.a(USBUART_1.o)
                0x00001078                USBUART_1_LoadInEP
 .text.USBUART_1_EnableOutEP
                0x0000110c       0x2c .\CortexM3\ARM_GCC_493\Debug\cfp_reader.a(USBUART_1.o)
                0x0000110c                USBUART_1_EnableOutEP
 .text.USBUART_1_ReadOutEP
                0x00001138       0x50 .\CortexM3\ARM_GCC_493\Debug\cfp_reader.a(USBUART_1.o)
                0x00001138                USBUART_1_ReadOutEP
 .text.USBUART_1_StrLen
                0x00001188       0x14 .\CortexM3\ARM_GCC_493\Debug\cfp_reader.a(USBUART_1_cdc.o)
 .text.USBUART_1_GetInterfaceComPort
                0x0000119c       0x3c .\CortexM3\ARM_GCC_493\Debug\cfp_reader.a(USBUART_1_cdc.o)
                0x0000119c                USBUART_1_GetInterfaceComPort
 .text.USBUART_1_DispatchCDCClassRqst
                0x000011d8       0x98 .\CortexM3\ARM_GCC_493\Debug\cfp_reader.a(USBUART_1_cdc.o)
                0x000011d8                USBUART_1_DispatchCDCClassRqst
 .text.USBUART_1_CDC_Init
                0x00001270       0x98 .\CortexM3\ARM_GCC_493\Debug\cfp_reader.a(USBUART_1_cdc.o)
                0x00001270                USBUART_1_CDC_Init
 .text.USBUART_1_PutData
                0x00001308       0x4c .\CortexM3\ARM_GCC_493\Debug\cfp_reader.a(USBUART_1_cdc.o)
                0x00001308                USBUART_1_PutData
 .text.USBUART_1_PutString
                0x00001354       0x9c .\CortexM3\ARM_GCC_493\Debug\cfp_reader.a(USBUART_1_cdc.o)
                0x00001354                USBUART_1_PutString
 .text.USBUART_1_DataIsReady
                0x000013f0       0x18 .\CortexM3\ARM_GCC_493\Debug\cfp_reader.a(USBUART_1_cdc.o)
                0x000013f0                USBUART_1_DataIsReady
 .text.USBUART_1_CDCIsReady
                0x00001408       0x18 .\CortexM3\ARM_GCC_493\Debug\cfp_reader.a(USBUART_1_cdc.o)
                0x00001408                USBUART_1_CDCIsReady
 .text.USBUART_1_GetAll
                0x00001420       0x30 .\CortexM3\ARM_GCC_493\Debug\cfp_reader.a(USBUART_1_cdc.o)
                0x00001420                USBUART_1_GetAll
 .text.USBUART_1_IsLineChanged
                0x00001450       0x38 .\CortexM3\ARM_GCC_493\Debug\cfp_reader.a(USBUART_1_cdc.o)
                0x00001450                USBUART_1_IsLineChanged
 .text.USBUART_1_GetLineControl
                0x00001488       0x18 .\CortexM3\ARM_GCC_493\Debug\cfp_reader.a(USBUART_1_cdc.o)
                0x00001488                USBUART_1_GetLineControl
 .text.USBUART_1_Cdc_EpInit
                0x000014a0       0x50 .\CortexM3\ARM_GCC_493\Debug\cfp_reader.a(USBUART_1_cdc.o)
                0x000014a0                USBUART_1_Cdc_EpInit
 .text.USBUART_1_LoadEP0
                0x000014f0       0x94 .\CortexM3\ARM_GCC_493\Debug\cfp_reader.a(USBUART_1_drv.o)
                0x000014f0                USBUART_1_LoadEP0
 .text.USBUART_1_InitZeroLengthControlTransfer
                0x00001584       0x34 .\CortexM3\ARM_GCC_493\Debug\cfp_reader.a(USBUART_1_drv.o)
                0x00001584                USBUART_1_InitZeroLengthControlTransfer
 .text.USBUART_1_ControlReadDataStage
                0x000015b8        0x8 .\CortexM3\ARM_GCC_493\Debug\cfp_reader.a(USBUART_1_drv.o)
                0x000015b8                USBUART_1_ControlReadDataStage
 .text.USBUART_1_ControlWriteDataStage
                0x000015c0       0x80 .\CortexM3\ARM_GCC_493\Debug\cfp_reader.a(USBUART_1_drv.o)
                0x000015c0                USBUART_1_ControlWriteDataStage
 .text.USBUART_1_InitNoDataControlTransfer
                0x00001640       0x2c .\CortexM3\ARM_GCC_493\Debug\cfp_reader.a(USBUART_1_drv.o)
                0x00001640                USBUART_1_InitNoDataControlTransfer
 .text.USBUART_1_UpdateStatusBlock
                0x0000166c       0x24 .\CortexM3\ARM_GCC_493\Debug\cfp_reader.a(USBUART_1_drv.o)
                0x0000166c                USBUART_1_UpdateStatusBlock
 .text.USBUART_1_HandleSetup
                0x00001690       0x5c .\CortexM3\ARM_GCC_493\Debug\cfp_reader.a(USBUART_1_drv.o)
                0x00001690                USBUART_1_HandleSetup
 .text.USBUART_1_ControlReadStatusStage
                0x000016ec       0x34 .\CortexM3\ARM_GCC_493\Debug\cfp_reader.a(USBUART_1_drv.o)
                0x000016ec                USBUART_1_ControlReadStatusStage
 .text.USBUART_1_HandleOUT
                0x00001720       0x38 .\CortexM3\ARM_GCC_493\Debug\cfp_reader.a(USBUART_1_drv.o)
                0x00001720                USBUART_1_HandleOUT
 .text.USBUART_1_ControlWriteStatusStage
                0x00001758       0x20 .\CortexM3\ARM_GCC_493\Debug\cfp_reader.a(USBUART_1_drv.o)
                0x00001758                USBUART_1_ControlWriteStatusStage
 .text.USBUART_1_NoDataControlStatusStage
                0x00001778       0x40 .\CortexM3\ARM_GCC_493\Debug\cfp_reader.a(USBUART_1_drv.o)
                0x00001778                USBUART_1_NoDataControlStatusStage
 .text.USBUART_1_HandleIN
                0x000017b8       0x2c .\CortexM3\ARM_GCC_493\Debug\cfp_reader.a(USBUART_1_drv.o)
                0x000017b8                USBUART_1_HandleIN
 .text.USBUART_1_EP_0_ISR
                0x000017e4       0xb8 .\CortexM3\ARM_GCC_493\Debug\cfp_reader.a(USBUART_1_drv.o)
                0x000017e4                USBUART_1_EP_0_ISR
 .text.USBUART_1_InitializeStatusBlock
                0x0000189c       0x24 .\CortexM3\ARM_GCC_493\Debug\cfp_reader.a(USBUART_1_drv.o)
                0x0000189c                USBUART_1_InitializeStatusBlock
 .text.USBUART_1_InitControlRead
                0x000018c0       0x50 .\CortexM3\ARM_GCC_493\Debug\cfp_reader.a(USBUART_1_drv.o)
                0x000018c0                USBUART_1_InitControlRead
 .text.USBUART_1_InitControlWrite
                0x00001910       0x48 .\CortexM3\ARM_GCC_493\Debug\cfp_reader.a(USBUART_1_drv.o)
                0x00001910                USBUART_1_InitControlWrite
 .text.USBUART_1_EP_1_ISR
                0x00001958       0x30 .\CortexM3\ARM_GCC_493\Debug\cfp_reader.a(USBUART_1_episr.o)
                0x00001958                USBUART_1_EP_1_ISR
 .text.USBUART_1_EP_2_ISR
                0x00001988       0x34 .\CortexM3\ARM_GCC_493\Debug\cfp_reader.a(USBUART_1_episr.o)
                0x00001988                USBUART_1_EP_2_ISR
 .text.USBUART_1_EP_3_ISR
                0x000019bc       0x3c .\CortexM3\ARM_GCC_493\Debug\cfp_reader.a(USBUART_1_episr.o)
                0x000019bc                USBUART_1_EP_3_ISR
 .text.USBUART_1_SOF_ISR
                0x000019f8        0x4 .\CortexM3\ARM_GCC_493\Debug\cfp_reader.a(USBUART_1_episr.o)
                0x000019f8                USBUART_1_SOF_ISR
 .text.USBUART_1_BUS_RESET_ISR
                0x000019fc        0x8 .\CortexM3\ARM_GCC_493\Debug\cfp_reader.a(USBUART_1_episr.o)
                0x000019fc                USBUART_1_BUS_RESET_ISR
 .text.USBUART_1_DP_ISR
                0x00001a04        0x8 .\CortexM3\ARM_GCC_493\Debug\cfp_reader.a(USBUART_1_pm.o)
                0x00001a04                USBUART_1_DP_ISR
 .text.USBUART_1_ReadDieID
                0x00001a0c       0x6c .\CortexM3\ARM_GCC_493\Debug\cfp_reader.a(USBUART_1_std.o)
                0x00001a0c                USBUART_1_ReadDieID
 .text.USBUART_1_ConfigReg
                0x00001a78       0xa4 .\CortexM3\ARM_GCC_493\Debug\cfp_reader.a(USBUART_1_std.o)
                0x00001a78                USBUART_1_ConfigReg
 .text.USBUART_1_GetConfigTablePtr
                0x00001b1c       0x28 .\CortexM3\ARM_GCC_493\Debug\cfp_reader.a(USBUART_1_std.o)
                0x00001b1c                USBUART_1_GetConfigTablePtr
 .text.USBUART_1_ConfigAltChanged
                0x00001b44      0x11c .\CortexM3\ARM_GCC_493\Debug\cfp_reader.a(USBUART_1_std.o)
                0x00001b44                USBUART_1_ConfigAltChanged
 .text.USBUART_1_GetDeviceTablePtr
                0x00001c60       0x18 .\CortexM3\ARM_GCC_493\Debug\cfp_reader.a(USBUART_1_std.o)
                0x00001c60                USBUART_1_GetDeviceTablePtr
 .text.USBUART_1_GetInterfaceClassTablePtr
                0x00001c78       0x24 .\CortexM3\ARM_GCC_493\Debug\cfp_reader.a(USBUART_1_std.o)
                0x00001c78                USBUART_1_GetInterfaceClassTablePtr
 .text.USBUART_1_Config
                0x00001c9c      0x1e4 .\CortexM3\ARM_GCC_493\Debug\cfp_reader.a(USBUART_1_std.o)
                0x00001c9c                USBUART_1_Config
 .text.USBUART_1_SetEndpointHalt
                0x00001e80       0x64 .\CortexM3\ARM_GCC_493\Debug\cfp_reader.a(USBUART_1_std.o)
                0x00001e80                USBUART_1_SetEndpointHalt
 .text.USBUART_1_ClearEndpointHalt
                0x00001ee4       0xa8 .\CortexM3\ARM_GCC_493\Debug\cfp_reader.a(USBUART_1_std.o)
                0x00001ee4                USBUART_1_ClearEndpointHalt
 .text.USBUART_1_ValidateAlternateSetting
                0x00001f8c       0x4c .\CortexM3\ARM_GCC_493\Debug\cfp_reader.a(USBUART_1_std.o)
                0x00001f8c                USBUART_1_ValidateAlternateSetting
 .text.USBUART_1_HandleStandardRqst
                0x00001fd8      0x350 .\CortexM3\ARM_GCC_493\Debug\cfp_reader.a(USBUART_1_std.o)
                0x00001fd8                USBUART_1_HandleStandardRqst
 .text.USBUART_1_HandleVendorRqst
                0x00002328       0x18 .\CortexM3\ARM_GCC_493\Debug\cfp_reader.a(USBUART_1_vnd.o)
                0x00002328                USBUART_1_HandleVendorRqst
 .text.USBUART_1_Dp_ClearInterrupt
                0x00002340       0x10 .\CortexM3\ARM_GCC_493\Debug\cfp_reader.a(USBUART_1_Dp.o)
                0x00002340                USBUART_1_Dp_ClearInterrupt
 .text.LCD_WrCntrlNib
                0x00002350       0x34 .\CortexM3\ARM_GCC_493\Debug\cfp_reader.a(LCD.o)
 .text.LCD_WrDatNib
                0x00002384       0x44 .\CortexM3\ARM_GCC_493\Debug\cfp_reader.a(LCD.o)
 .text.LCD_IsReady
                0x000023c8       0xe4 .\CortexM3\ARM_GCC_493\Debug\cfp_reader.a(LCD.o)
                0x000023c8                LCD_IsReady
 .text.LCD_WriteData
                0x000024ac       0x18 .\CortexM3\ARM_GCC_493\Debug\cfp_reader.a(LCD.o)
                0x000024ac                LCD_WriteData
 .text.LCD_PrintString
                0x000024c4       0x1c .\CortexM3\ARM_GCC_493\Debug\cfp_reader.a(LCD.o)
                0x000024c4                LCD_PrintString
 .text.LCD_PutChar
                0x000024e0        0x8 .\CortexM3\ARM_GCC_493\Debug\cfp_reader.a(LCD.o)
                0x000024e0                LCD_PutChar
 .text.LCD_WriteControl
                0x000024e8       0x18 .\CortexM3\ARM_GCC_493\Debug\cfp_reader.a(LCD.o)
                0x000024e8                LCD_WriteControl
 .text.LCD_Init
                0x00002500       0x6c .\CortexM3\ARM_GCC_493\Debug\cfp_reader.a(LCD.o)
                0x00002500                LCD_Init
 .text.LCD_Enable
                0x0000256c       0x14 .\CortexM3\ARM_GCC_493\Debug\cfp_reader.a(LCD.o)
                0x0000256c                LCD_Enable
 .text.LCD_Start
                0x00002580       0x1c .\CortexM3\ARM_GCC_493\Debug\cfp_reader.a(LCD.o)
                0x00002580                LCD_Start
 .text.LCD_Position
                0x0000259c       0x3c .\CortexM3\ARM_GCC_493\Debug\cfp_reader.a(LCD.o)
                0x0000259c                LCD_Position
 .text.LCD_PrintInt8
                0x000025d8       0x20 .\CortexM3\ARM_GCC_493\Debug\cfp_reader.a(LCD.o)
                0x000025d8                LCD_PrintInt8
 .text.LCD_PrintInt16
                0x000025f8       0x14 .\CortexM3\ARM_GCC_493\Debug\cfp_reader.a(LCD.o)
                0x000025f8                LCD_PrintInt16
 .text.PWM_2_WriteCounter
                0x0000260c        0xc .\CortexM3\ARM_GCC_493\Debug\cfp_reader.a(PWM_2.o)
                0x0000260c                PWM_2_WriteCounter
 .text.PWM_2_WritePeriod
                0x00002618        0xc .\CortexM3\ARM_GCC_493\Debug\cfp_reader.a(PWM_2.o)
                0x00002618                PWM_2_WritePeriod
 .text.PWM_2_WriteCompare
                0x00002624        0xc .\CortexM3\ARM_GCC_493\Debug\cfp_reader.a(PWM_2.o)
                0x00002624                PWM_2_WriteCompare
 .text.PWM_2_Init
                0x00002630       0x24 .\CortexM3\ARM_GCC_493\Debug\cfp_reader.a(PWM_2.o)
                0x00002630                PWM_2_Init
 .text.PWM_2_Start
                0x00002654       0x18 .\CortexM3\ARM_GCC_493\Debug\cfp_reader.a(PWM_2.o)
                0x00002654                PWM_2_Start
 .text.MDIO_host_2_Enable
                0x0000266c       0x1c .\CortexM3\ARM_GCC_493\Debug\cfp_reader.a(MDIO_host_2_my.o)
                0x0000266c                MDIO_host_2_Enable
 .text.MDIO_host_2_ClearInternalFIFOs
                0x00002688       0x34 .\CortexM3\ARM_GCC_493\Debug\cfp_reader.a(MDIO_host_2_my.o)
                0x00002688                MDIO_host_2_ClearInternalFIFOs
 .text.MDIO_host_2_Init
                0x000026bc        0xc .\CortexM3\ARM_GCC_493\Debug\cfp_reader.a(MDIO_host_2_my.o)
                0x000026bc                MDIO_host_2_Init
 .text.MDIO_host_2_SetAddrC45
                0x000026c8       0x30 .\CortexM3\ARM_GCC_493\Debug\cfp_reader.a(MDIO_host_2_my.o)
                0x000026c8                MDIO_host_2_SetAddrC45
 .text.MDIO_host_2_WriteDataC45
                0x000026f8       0x34 .\CortexM3\ARM_GCC_493\Debug\cfp_reader.a(MDIO_host_2_my.o)
                0x000026f8                MDIO_host_2_WriteDataC45
 .text.MDIO_host_2_ReadDataC45
                0x0000272c       0x5c .\CortexM3\ARM_GCC_493\Debug\cfp_reader.a(MDIO_host_2_my.o)
                0x0000272c                MDIO_host_2_ReadDataC45
 .text.MDIO_host_2_PosReadDataC45
                0x00002788       0x5c .\CortexM3\ARM_GCC_493\Debug\cfp_reader.a(MDIO_host_2_my.o)
                0x00002788                MDIO_host_2_PosReadDataC45
 .text.ISR_Interrupt
                0x000027e4       0x10 .\CortexM3\ARM_GCC_493\Debug\cfp_reader.a(ISR.o)
                0x000027e4                ISR_Interrupt
 .text.ISR_SetVector
                0x000027f4        0xc .\CortexM3\ARM_GCC_493\Debug\cfp_reader.a(ISR.o)
                0x000027f4                ISR_SetVector
 .text.ISR_SetPriority
                0x00002800       0x10 .\CortexM3\ARM_GCC_493\Debug\cfp_reader.a(ISR.o)
                0x00002800                ISR_SetPriority
 .text.ISR_Enable
                0x00002810        0xc .\CortexM3\ARM_GCC_493\Debug\cfp_reader.a(ISR.o)
                0x00002810                ISR_Enable
 .text.ISR_Disable
                0x0000281c        0xc .\CortexM3\ARM_GCC_493\Debug\cfp_reader.a(ISR.o)
                0x0000281c                ISR_Disable
 .text.ISR_Start
                0x00002828       0x1c .\CortexM3\ARM_GCC_493\Debug\cfp_reader.a(ISR.o)
                0x00002828                ISR_Start
 .text.Clock_1_Start
                0x00002844       0x1c .\CortexM3\ARM_GCC_493\Debug\cfp_reader.a(Clock_1.o)
                0x00002844                Clock_1_Start
 .text.LED_3_Write
                0x00002860       0x18 .\CortexM3\ARM_GCC_493\Debug\cfp_reader.a(LED_3.o)
                0x00002860                LED_3_Write
 .text.DAT_ISR_SetVector
                0x00002878        0xc .\CortexM3\ARM_GCC_493\Debug\cfp_reader.a(DAT_ISR.o)
                0x00002878                DAT_ISR_SetVector
 .text.DAT_ISR_SetPriority
                0x00002884       0x10 .\CortexM3\ARM_GCC_493\Debug\cfp_reader.a(DAT_ISR.o)
                0x00002884                DAT_ISR_SetPriority
 .text.DAT_ISR_Enable
                0x00002894        0xc .\CortexM3\ARM_GCC_493\Debug\cfp_reader.a(DAT_ISR.o)
                0x00002894                DAT_ISR_Enable
 .text.DAT_ISR_Disable
                0x000028a0        0xc .\CortexM3\ARM_GCC_493\Debug\cfp_reader.a(DAT_ISR.o)
                0x000028a0                DAT_ISR_Disable
 .text.DAT_ISR_StartEx
                0x000028ac       0x1c .\CortexM3\ARM_GCC_493\Debug\cfp_reader.a(DAT_ISR.o)
                0x000028ac                DAT_ISR_StartEx
 .text.ADDR_ISR_SetVector
                0x000028c8        0xc .\CortexM3\ARM_GCC_493\Debug\cfp_reader.a(ADDR_ISR.o)
                0x000028c8                ADDR_ISR_SetVector
 .text.ADDR_ISR_SetPriority
                0x000028d4       0x10 .\CortexM3\ARM_GCC_493\Debug\cfp_reader.a(ADDR_ISR.o)
                0x000028d4                ADDR_ISR_SetPriority
 .text.ADDR_ISR_Enable
                0x000028e4        0xc .\CortexM3\ARM_GCC_493\Debug\cfp_reader.a(ADDR_ISR.o)
                0x000028e4                ADDR_ISR_Enable
 .text.ADDR_ISR_Disable
                0x000028f0        0xc .\CortexM3\ARM_GCC_493\Debug\cfp_reader.a(ADDR_ISR.o)
                0x000028f0                ADDR_ISR_Disable
 .text.ADDR_ISR_StartEx
                0x000028fc       0x1c .\CortexM3\ARM_GCC_493\Debug\cfp_reader.a(ADDR_ISR.o)
                0x000028fc                ADDR_ISR_StartEx
 .text.COR_ISR_SetVector
                0x00002918        0xc .\CortexM3\ARM_GCC_493\Debug\cfp_reader.a(COR_ISR.o)
                0x00002918                COR_ISR_SetVector
 .text.COR_ISR_SetPriority
                0x00002924       0x10 .\CortexM3\ARM_GCC_493\Debug\cfp_reader.a(COR_ISR.o)
                0x00002924                COR_ISR_SetPriority
 .text.COR_ISR_Enable
                0x00002934        0xc .\CortexM3\ARM_GCC_493\Debug\cfp_reader.a(COR_ISR.o)
                0x00002934                COR_ISR_Enable
 .text.COR_ISR_Disable
                0x00002940        0xc .\CortexM3\ARM_GCC_493\Debug\cfp_reader.a(COR_ISR.o)
                0x00002940                COR_ISR_Disable
 .text.COR_ISR_StartEx
                0x0000294c       0x1c .\CortexM3\ARM_GCC_493\Debug\cfp_reader.a(COR_ISR.o)
                0x0000294c                COR_ISR_StartEx
 .text.MDIO_Interface_DmaEnable
                0x00002968       0x80 .\CortexM3\ARM_GCC_493\Debug\cfp_reader.a(MDIO_Interface.o)
 .text.MDIO_Interface_DmaInit
                0x000029e8      0x370 .\CortexM3\ARM_GCC_493\Debug\cfp_reader.a(MDIO_Interface.o)
 .text.MDIO_Interface_DmaIsComplete
                0x00002d58       0x2c .\CortexM3\ARM_GCC_493\Debug\cfp_reader.a(MDIO_Interface.o)
 .text.MDIO_Interface_EnableInt
                0x00002d84       0x10 .\CortexM3\ARM_GCC_493\Debug\cfp_reader.a(MDIO_Interface.o)
                0x00002d84                MDIO_Interface_EnableInt
 .text.MDIO_Interface_Enable
                0x00002d94       0x30 .\CortexM3\ARM_GCC_493\Debug\cfp_reader.a(MDIO_Interface.o)
                0x00002d94                MDIO_Interface_Enable
 .text.MDIO_Interface_SetDevAddress
                0x00002dc4       0x20 .\CortexM3\ARM_GCC_493\Debug\cfp_reader.a(MDIO_Interface.o)
                0x00002dc4                MDIO_Interface_SetDevAddress
 .text.MDIO_Interface_SetPhyAddress
                0x00002de4       0x24 .\CortexM3\ARM_GCC_493\Debug\cfp_reader.a(MDIO_Interface.o)
                0x00002de4                MDIO_Interface_SetPhyAddress
 .text.MDIO_Interface_UpdatePhyAddress
                0x00002e08        0xc .\CortexM3\ARM_GCC_493\Debug\cfp_reader.a(MDIO_Interface.o)
                0x00002e08                MDIO_Interface_UpdatePhyAddress
 .text.MDIO_Interface_Init
                0x00002e14       0x78 .\CortexM3\ARM_GCC_493\Debug\cfp_reader.a(MDIO_Interface.o)
                0x00002e14                MDIO_Interface_Init
 .text.MDIO_Interface_Start
                0x00002e8c       0x20 .\CortexM3\ARM_GCC_493\Debug\cfp_reader.a(MDIO_Interface.o)
                0x00002e8c                MDIO_Interface_Start
 .text.MDIO_Interface_GetAddress
                0x00002eac        0xc .\CortexM3\ARM_GCC_493\Debug\cfp_reader.a(MDIO_Interface.o)
                0x00002eac                MDIO_Interface_GetAddress
 .text.MDIO_Interface_GetData
                0x00002eb8       0xb8 .\CortexM3\ARM_GCC_493\Debug\cfp_reader.a(MDIO_Interface.o)
                0x00002eb8                MDIO_Interface_GetData
 .text.MDIO_Interface_SetData
                0x00002f70       0xb8 .\CortexM3\ARM_GCC_493\Debug\cfp_reader.a(MDIO_Interface.o)
                0x00002f70                MDIO_Interface_SetData
 .text.MDIO_Interface_SetBits
                0x00003028       0xd0 .\CortexM3\ARM_GCC_493\Debug\cfp_reader.a(MDIO_Interface.o)
                0x00003028                MDIO_Interface_SetBits
 .text.MDIO_Interface_AddrDMA_DmaInitialize
                0x000030f8       0x3c .\CortexM3\ARM_GCC_493\Debug\cfp_reader.a(MDIO_Interface_AddrDMA_dma.o)
                0x000030f8                MDIO_Interface_AddrDMA_DmaInitialize
 .text.MDIO_Interface_InfoDMA_DmaInitialize
                0x00003134       0x40 .\CortexM3\ARM_GCC_493\Debug\cfp_reader.a(MDIO_Interface_InfoDMA_dma.o)
                0x00003134                MDIO_Interface_InfoDMA_DmaInitialize
 .text.MDIO_Interface_StartAddrDMA_DmaInitialize
                0x00003174       0x3c .\CortexM3\ARM_GCC_493\Debug\cfp_reader.a(MDIO_Interface_StartAddrDMA_dma.o)
                0x00003174                MDIO_Interface_StartAddrDMA_DmaInitialize
 .text.MDIO_Interface_EndAddrDMA_DmaInitialize
                0x000031b0       0x3c .\CortexM3\ARM_GCC_493\Debug\cfp_reader.a(MDIO_Interface_EndAddrDMA_dma.o)
                0x000031b0                MDIO_Interface_EndAddrDMA_DmaInitialize
 .text.MDIO_Interface_WrDMA_DmaInitialize
                0x000031ec       0x40 .\CortexM3\ARM_GCC_493\Debug\cfp_reader.a(MDIO_Interface_WrDMA_dma.o)
                0x000031ec                MDIO_Interface_WrDMA_DmaInitialize
 .text.MDIO_Interface_RdDMA_DmaInitialize
                0x0000322c       0x3c .\CortexM3\ARM_GCC_493\Debug\cfp_reader.a(MDIO_Interface_RdDMA_dma.o)
                0x0000322c                MDIO_Interface_RdDMA_DmaInitialize
 .text.MDIO_Interface_CfgDMA1_DmaInitialize
                0x00003268       0x40 .\CortexM3\ARM_GCC_493\Debug\cfp_reader.a(MDIO_Interface_CfgDMA1_dma.o)
                0x00003268                MDIO_Interface_CfgDMA1_DmaInitialize
 .text.MDIO_Interface_CfgDMA2_DmaInitialize
                0x000032a8       0x40 .\CortexM3\ARM_GCC_493\Debug\cfp_reader.a(MDIO_Interface_CfgDMA2_dma.o)
                0x000032a8                MDIO_Interface_CfgDMA2_DmaInitialize
 .text.MDIO_Interface_FwDMA1_DmaInitialize
                0x000032e8       0x40 .\CortexM3\ARM_GCC_493\Debug\cfp_reader.a(MDIO_Interface_FwDMA1_dma.o)
                0x000032e8                MDIO_Interface_FwDMA1_DmaInitialize
 .text.MDIO_Interface_FwDMA2_DmaInitialize
                0x00003328       0x40 .\CortexM3\ARM_GCC_493\Debug\cfp_reader.a(MDIO_Interface_FwDMA2_dma.o)
                0x00003328                MDIO_Interface_FwDMA2_DmaInitialize
 .text.Debug_MDIO_1_Write
                0x00003368       0x18 .\CortexM3\ARM_GCC_493\Debug\cfp_reader.a(Debug_MDIO_1.o)
                0x00003368                Debug_MDIO_1_Write
 .text          0x00003380       0x20 .\CortexM3\ARM_GCC_493\Debug\cfp_reader.a(CyBootAsmGnu.o)
                0x00003380                CyDelayCycles
                0x00003390                CyEnterCriticalSection
                0x00003398                CyExitCriticalSection
 .text.USBUART_1_DispatchClassRqst
                0x000033a0       0x58 .\CortexM3\ARM_GCC_493\Debug\cfp_reader.a(USBUART_1_cls.o)
                0x000033a0                USBUART_1_DispatchClassRqst
 .text.__errno  0x000033f8        0xc c:/program files (x86)/cypress/psoc creator/4.0/psoc creator/import/gnu/arm/4.9.3/bin/../lib/gcc/arm-none-eabi/4.9.3/../../../../arm-none-eabi/lib/armv7-m\libg_nano.a(lib_a-errno.o)
                0x000033f8                __errno
 .text.__libc_init_array
                0x00003404       0x4c c:/program files (x86)/cypress/psoc creator/4.0/psoc creator/import/gnu/arm/4.9.3/bin/../lib/gcc/arm-none-eabi/4.9.3/../../../../arm-none-eabi/lib/armv7-m\libg_nano.a(lib_a-init.o)
                0x00003404                __libc_init_array
 .text.memcpy   0x00003450       0x16 c:/program files (x86)/cypress/psoc creator/4.0/psoc creator/import/gnu/arm/4.9.3/bin/../lib/gcc/arm-none-eabi/4.9.3/../../../../arm-none-eabi/lib/armv7-m\libg_nano.a(lib_a-memcpy.o)
                0x00003450                memcpy
 .text.memset   0x00003466       0x10 c:/program files (x86)/cypress/psoc creator/4.0/psoc creator/import/gnu/arm/4.9.3/bin/../lib/gcc/arm-none-eabi/4.9.3/../../../../arm-none-eabi/lib/armv7-m\libg_nano.a(lib_a-memset.o)
                0x00003466                memset
 *(.plt)
 *(.gnu.warning)
 *(.glue_7t)
 .glue_7t       0x00000000        0x0 linker stubs
 *(.glue_7)
 .glue_7        0x00000000        0x0 linker stubs
 *(.vfp11_veneer)
 .vfp11_veneer  0x00000000        0x0 linker stubs
 *(.bootloader)
 *(.ARM.extab* .gnu.linkonce.armextab.*)
 *(.gcc_except_table)

.v4_bx          0x00003478        0x0
 .v4_bx         0x00000000        0x0 linker stubs

.iplt           0x00003478        0x0
 .iplt          0x00000000        0x0 c:/program files (x86)/cypress/psoc creator/4.0/psoc creator/import/gnu/arm/4.9.3/bin/../lib/gcc/arm-none-eabi/4.9.3/armv7-m/crtbegin.o

.eh_frame_hdr
 *(.eh_frame_hdr)

.eh_frame       0x00003478        0x4
 *(.eh_frame)
 .eh_frame      0x00003478        0x0 c:/program files (x86)/cypress/psoc creator/4.0/psoc creator/import/gnu/arm/4.9.3/bin/../lib/gcc/arm-none-eabi/4.9.3/armv7-m/crtbegin.o
 .eh_frame      0x00003478        0x4 c:/program files (x86)/cypress/psoc creator/4.0/psoc creator/import/gnu/arm/4.9.3/bin/../lib/gcc/arm-none-eabi/4.9.3/armv7-m/crtend.o
                0x0000347c                PROVIDE (__exidx_start, .)

.ARM.exidx
 *(.ARM.exidx* .gnu.linkonce.armexidx.*)
                0x0000347c                __exidx_end = .

.rodata         0x0000347c     0x1484
 *(.rodata .rodata.* .gnu.linkonce.r.*)
 .rodata.str1.4
                0x0000347c       0x6c .\CortexM3\ARM_GCC_493\Debug\main.o
 .rodata        0x000034e8       0x38 .\CortexM3\ARM_GCC_493\Debug\cfp_reader.a(cyfitter_cfg.o)
 .rodata.str1.4
                0x00003520       0x14 .\CortexM3\ARM_GCC_493\Debug\cfp_reader.a(USBUART_1_std.o)
 .rodata        0x00003534       0x10 .\CortexM3\ARM_GCC_493\Debug\cfp_reader.a(LCD.o)
 .rodata        0x00003544     0x1230 .\CortexM3\ARM_GCC_493\Debug\cfp_reader.a(MDIO_Interface_REG.o)
                0x00003544                MDIO_Interface_pageInfoPtr
                0x00003574                MDIO_Interface_registerConfig_4
                0x00003774                MDIO_Interface_registerConfig_3
                0x00003b74                MDIO_Interface_registerConfig_2
                0x00003f74                MDIO_Interface_registerConfig_1
 .rodata        0x00004774      0x150 .\CortexM3\ARM_GCC_493\Debug\cfp_reader.a(USBUART_1_descr.o)
                0x00004774                USBUART_1_TABLE
                0x0000477c                USBUART_1_DEVICE0_TABLE
                0x00004794                USBUART_1_DEVICE0_CONFIGURATION0_TABLE
                0x000047bc                USBUART_1_DEVICE0_CONFIGURATION0_INTERFACE_CLASS
                0x000047c0                USBUART_1_DEVICE0_CONFIGURATION0_EP_SETTINGS_TABLE
                0x000047d8                USBUART_1_SN_STRING_DESCRIPTOR
                0x000047dc                USBUART_1_STRING_DESCRIPTORS
                0x0000486c                USBUART_1_DEVICE0_CONFIGURATION0_DESCR
                0x000048b0                USBUART_1_DEVICE0_DESCR
 .rodata.str1.1
                0x000048c4        0x2 c:/program files (x86)/cypress/psoc creator/4.0/psoc creator/import/gnu/arm/4.9.3/bin/../lib/gcc/arm-none-eabi/4.9.3/../../../../arm-none-eabi/lib/armv7-m\libg_nano.a(lib_a-impure.o)
                0x000048c8                . = ALIGN (0x4)
 *fill*         0x000048c6        0x2 
 *(.init)
 .init          0x000048c8        0x4 c:/program files (x86)/cypress/psoc creator/4.0/psoc creator/import/gnu/arm/4.9.3/bin/../lib/gcc/arm-none-eabi/4.9.3/armv7-m/crti.o
                0x000048c8                _init
 .init          0x000048cc        0x8 c:/program files (x86)/cypress/psoc creator/4.0/psoc creator/import/gnu/arm/4.9.3/bin/../lib/gcc/arm-none-eabi/4.9.3/armv7-m/crtn.o
                0x000048d4                . = ALIGN (0x4)
                0x000048d4                __preinit_array_start = .
 *(.preinit_array)
                0x000048d4                __preinit_array_end = .
                0x000048d4                . = ALIGN (0x4)
                0x000048d4                __init_array_start = .
 *(SORT(.init_array.*))
 *(.init_array)
 .init_array    0x000048d4        0x4 c:/program files (x86)/cypress/psoc creator/4.0/psoc creator/import/gnu/arm/4.9.3/bin/../lib/gcc/arm-none-eabi/4.9.3/armv7-m/crtbegin.o
 .init_array    0x000048d8        0x4 .\CortexM3\ARM_GCC_493\Debug\Cm3Start.o
                0x000048dc                __init_array_end = .
                0x000048dc                . = ALIGN (0x4)
 *(.fini)
 .fini          0x000048dc        0x4 c:/program files (x86)/cypress/psoc creator/4.0/psoc creator/import/gnu/arm/4.9.3/bin/../lib/gcc/arm-none-eabi/4.9.3/armv7-m/crti.o
                0x000048dc                _fini
 .fini          0x000048e0        0x8 c:/program files (x86)/cypress/psoc creator/4.0/psoc creator/import/gnu/arm/4.9.3/bin/../lib/gcc/arm-none-eabi/4.9.3/armv7-m/crtn.o
                0x000048e8                . = ALIGN (0x4)
                0x000048e8                __fini_array_start = .
 *(.fini_array)
 .fini_array    0x000048e8        0x4 c:/program files (x86)/cypress/psoc creator/4.0/psoc creator/import/gnu/arm/4.9.3/bin/../lib/gcc/arm-none-eabi/4.9.3/armv7-m/crtbegin.o
 *(SORT(.fini_array.*))
                0x000048ec                __fini_array_end = .
                0x000048ec                . = ALIGN (0x4)
 *crtbegin.o(.ctors)
 *(EXCLUDE_FILE(*crtend.o) .ctors)
 *(SORT(.ctors.*))
 *crtend.o(.ctors)
                0x000048ec                . = ALIGN (0x4)
 *crtbegin.o(.dtors)
 *(EXCLUDE_FILE(*crtend.o) .dtors)
 *(SORT(.dtors.*))
 *crtend.o(.dtors)
                0x000048ec                . = ALIGN (0x4)
                0x000048ec                __cy_regions = .
                0x000048ec        0x4 LONG 0x4900 __cy_region_init_ram
                0x000048f0        0x4 LONG 0x1fff8108 __cy_region_start_data
                0x000048f4        0x4 LONG 0x8c8 __cy_region_init_size_ram
                0x000048f8        0x4 LONG 0x798 __cy_region_zero_size_ram
                0x000048fc                __cy_regions_end = .
                0x00004900                . = ALIGN (0x8)
 *fill*         0x000048fc        0x4 
                0x00004900                _etext = .

.cy_checksum_exclude
                0x00004900        0x0
 *(.cy_checksum_exclude)

.ramvectors     0x1fff8000      0x100
                0x1fff8000                __cy_region_start_ram = .
 *(.ramvectors)
 .ramvectors    0x1fff8000      0x100 .\CortexM3\ARM_GCC_493\Debug\Cm3Start.o
                0x1fff8000                CyRamVectors

.noinit         0x1fff8100        0x5
 *(.noinit)
 .noinit        0x1fff8100        0x4 .\CortexM3\ARM_GCC_493\Debug\Cm3Start.o
 .noinit        0x1fff8104        0x1 .\CortexM3\ARM_GCC_493\Debug\cfp_reader.a(CyLib.o)
                0x1fff8104                CyResetStatus

.data           0x1fff8108      0x8c8 load address 0x00004900
                0x1fff8108                __cy_region_start_data = .
 *(.jcr)
 .jcr           0x1fff8108        0x0 c:/program files (x86)/cypress/psoc creator/4.0/psoc creator/import/gnu/arm/4.9.3/bin/../lib/gcc/arm-none-eabi/4.9.3/armv7-m/crtbegin.o
 .jcr           0x1fff8108        0x4 c:/program files (x86)/cypress/psoc creator/4.0/psoc creator/import/gnu/arm/4.9.3/bin/../lib/gcc/arm-none-eabi/4.9.3/armv7-m/crtend.o
 *(.got.plt)
 *(.got)
 *(.shdata)
 *(.data .data.* .gnu.linkonce.d.*)
 .data          0x1fff810c        0x4 .\CortexM3\ARM_GCC_493\Debug\main.o
                0x1fff810e                HostAddress
 .data          0x1fff8110        0x8 .\CortexM3\ARM_GCC_493\Debug\cfp_reader.a(CyDmac.o)
 .data          0x1fff8118       0x10 .\CortexM3\ARM_GCC_493\Debug\cfp_reader.a(CyLib.o)
                0x1fff8118                cydelay_32k_ms
                0x1fff811c                cydelay_freq_khz
                0x1fff8120                cydelay_freq_mhz
                0x1fff8124                cydelay_freq_hz
 .data          0x1fff8128       0x1c .\CortexM3\ARM_GCC_493\Debug\cfp_reader.a(USBUART_1_cdc.o)
                0x1fff8128                USBUART_1_linesCoding
 .data          0x1fff8144       0x18 .\CortexM3\ARM_GCC_493\Debug\cfp_reader.a(MDIO_Interface.o)
 .data          0x1fff815c      0x800 .\CortexM3\ARM_GCC_493\Debug\cfp_reader.a(MDIO_Interface_REG.o)
                0x1fff815c                MDIO_Interface_registerConfig_6
                0x1fff835c                MDIO_Interface_registerConfig_5
                0x1fff875c                MDIO_Interface_registerPage_1
 .data          0x1fff895c        0x1 .\CortexM3\ARM_GCC_493\Debug\cfp_reader.a(MDIO_Interface_AddrDMA_dma.o)
                0x1fff895c                MDIO_Interface_AddrDMA_DmaHandle
 .data          0x1fff895d        0x1 .\CortexM3\ARM_GCC_493\Debug\cfp_reader.a(MDIO_Interface_InfoDMA_dma.o)
                0x1fff895d                MDIO_Interface_InfoDMA_DmaHandle
 .data          0x1fff895e        0x1 .\CortexM3\ARM_GCC_493\Debug\cfp_reader.a(MDIO_Interface_StartAddrDMA_dma.o)
                0x1fff895e                MDIO_Interface_StartAddrDMA_DmaHandle
 .data          0x1fff895f        0x1 .\CortexM3\ARM_GCC_493\Debug\cfp_reader.a(MDIO_Interface_EndAddrDMA_dma.o)
                0x1fff895f                MDIO_Interface_EndAddrDMA_DmaHandle
 .data          0x1fff8960        0x1 .\CortexM3\ARM_GCC_493\Debug\cfp_reader.a(MDIO_Interface_WrDMA_dma.o)
                0x1fff8960                MDIO_Interface_WrDMA_DmaHandle
 .data          0x1fff8961        0x1 .\CortexM3\ARM_GCC_493\Debug\cfp_reader.a(MDIO_Interface_RdDMA_dma.o)
                0x1fff8961                MDIO_Interface_RdDMA_DmaHandle
 .data          0x1fff8962        0x1 .\CortexM3\ARM_GCC_493\Debug\cfp_reader.a(MDIO_Interface_CfgDMA1_dma.o)
                0x1fff8962                MDIO_Interface_CfgDMA1_DmaHandle
 .data          0x1fff8963        0x1 .\CortexM3\ARM_GCC_493\Debug\cfp_reader.a(MDIO_Interface_CfgDMA2_dma.o)
                0x1fff8963                MDIO_Interface_CfgDMA2_DmaHandle
 .data          0x1fff8964        0x1 .\CortexM3\ARM_GCC_493\Debug\cfp_reader.a(MDIO_Interface_FwDMA1_dma.o)
                0x1fff8964                MDIO_Interface_FwDMA1_DmaHandle
 .data          0x1fff8965        0x1 .\CortexM3\ARM_GCC_493\Debug\cfp_reader.a(MDIO_Interface_FwDMA2_dma.o)
                0x1fff8965                MDIO_Interface_FwDMA2_DmaHandle
 *fill*         0x1fff8966        0x2 
 .data.impure_data
                0x1fff8968       0x60 c:/program files (x86)/cypress/psoc creator/4.0/psoc creator/import/gnu/arm/4.9.3/bin/../lib/gcc/arm-none-eabi/4.9.3/../../../../arm-none-eabi/lib/armv7-m\libg_nano.a(lib_a-impure.o)
 .data._impure_ptr
                0x1fff89c8        0x4 c:/program files (x86)/cypress/psoc creator/4.0/psoc creator/import/gnu/arm/4.9.3/bin/../lib/gcc/arm-none-eabi/4.9.3/../../../../arm-none-eabi/lib/armv7-m\libg_nano.a(lib_a-impure.o)
                0x1fff89c8                _impure_ptr
                0x1fff89d0                . = ALIGN (0x8)
 *fill*         0x1fff89cc        0x4 
 *(.ram)
                0x1fff89d0                _edata = .

.igot.plt       0x1fff89d0        0x0 load address 0x000051c8
 .igot.plt      0x00000000        0x0 c:/program files (x86)/cypress/psoc creator/4.0/psoc creator/import/gnu/arm/4.9.3/bin/../lib/gcc/arm-none-eabi/4.9.3/armv7-m/crtbegin.o

.bss            0x1fff89d0      0x798 load address 0x000051c8
                0x1fff89d0                PROVIDE (__bss_start__, .)
 *(.shbss)
 *(.bss .bss.* .gnu.linkonce.b.*)
 .bss           0x1fff89d0       0x1c c:/program files (x86)/cypress/psoc creator/4.0/psoc creator/import/gnu/arm/4.9.3/bin/../lib/gcc/arm-none-eabi/4.9.3/armv7-m/crtbegin.o
 .bss           0x1fff89ec        0xc .\CortexM3\ARM_GCC_493\Debug\main.o
                0x1fff89ec                dataFlag
                0x1fff89ed                corFlag
                0x1fff89ee                myAddress
                0x1fff89f0                HostData
                0x1fff89f2                read_MDIO_data
                0x1fff89f4                myData
 .bss           0x1fff89f8        0x1 .\CortexM3\ARM_GCC_493\Debug\cfp_reader.a(VDAC8_1.o)
                0x1fff89f8                VDAC8_1_initVar
 .bss           0x1fff89f9        0x1 .\CortexM3\ARM_GCC_493\Debug\cfp_reader.a(Opamp_1.o)
                0x1fff89f9                Opamp_1_initVar
 .bss           0x1fff89fa        0x1 .\CortexM3\ARM_GCC_493\Debug\cfp_reader.a(PWM_1.o)
                0x1fff89fa                PWM_1_initVar
 .bss           0x1fff89fb        0x1 .\CortexM3\ARM_GCC_493\Debug\cfp_reader.a(USBUART_1.o)
                0x1fff89fb                USBUART_1_initVar
 .bss           0x1fff89fc        0x1 .\CortexM3\ARM_GCC_493\Debug\cfp_reader.a(USBUART_1_cdc.o)
 *fill*         0x1fff89fd        0x3 
 .bss           0x1fff8a00        0x4 .\CortexM3\ARM_GCC_493\Debug\cfp_reader.a(USBUART_1_std.o)
 .bss           0x1fff8a04        0x2 .\CortexM3\ARM_GCC_493\Debug\cfp_reader.a(LCD.o)
                0x1fff8a04                LCD_enableState
                0x1fff8a05                LCD_initVar
 .bss           0x1fff8a06        0x1 .\CortexM3\ARM_GCC_493\Debug\cfp_reader.a(PWM_2.o)
                0x1fff8a06                PWM_2_initVar
 *fill*         0x1fff8a07        0x1 
 .bss           0x1fff8a08        0x4 .\CortexM3\ARM_GCC_493\Debug\cfp_reader.a(MDIO_host_2_my.o)
                0x1fff8a08                MDIO_host_2_StatusRegister
                0x1fff8a09                MDIO_host_2_initVar
                0x1fff8a0a                MDIO_host_2_data_bits
 .bss           0x1fff8a0c       0x88 .\CortexM3\ARM_GCC_493\Debug\cfp_reader.a(MDIO_Interface.o)
                0x1fff8a93                MDIO_Interface_initVar
 *(COMMON)
 COMMON         0x1fff8a94       0x18 .\CortexM3\ARM_GCC_493\Debug\cfp_reader.a(USBUART_1_cdc.o)
                0x1fff8a94                USBUART_1_cdcDataInEp
                0x1fff8a98                USBUART_1_cdcDataOutEp
                0x1fff8a9c                USBUART_1_cdcCommInInterruptEp
                0x1fff8aa0                USBUART_1_serialStateBitmap
                0x1fff8aa4                USBUART_1_linesChanged
                0x1fff8aa8                USBUART_1_linesControlBitmap
 COMMON         0x1fff8aac       0x97 .\CortexM3\ARM_GCC_493\Debug\cfp_reader.a(USBUART_1_drv.o)
                0x1fff8aac                USBUART_1_interfaceSettingLast
                0x1fff8aae                USBUART_1_ep0Mode
                0x1fff8aaf                USBUART_1_lastPacketSize
                0x1fff8ab0                USBUART_1_configurationChanged
                0x1fff8ab1                USBUART_1_configuration
                0x1fff8ab2                USBUART_1_interfaceNumber
                0x1fff8ab3                USBUART_1_deviceStatus
                0x1fff8ab4                USBUART_1_ep0Toggle
                0x1fff8ab8                USBUART_1_interfaceClass
                0x1fff8abc                USBUART_1_interfaceSetting
                0x1fff8ac0                USBUART_1_currentTD
                0x1fff8acc                USBUART_1_ep0Count
                0x1fff8ad0                USBUART_1_EP
                0x1fff8b3c                USBUART_1_transferByteCount
                0x1fff8b3e                USBUART_1_transferState
                0x1fff8b3f                USBUART_1_device
                0x1fff8b40                USBUART_1_interfaceStatus
                0x1fff8b42                USBUART_1_deviceAddress
 *fill*         0x1fff8b43        0x1 
 COMMON         0x1fff8b44      0x600 .\CortexM3\ARM_GCC_493\Debug\cfp_reader.a(MDIO_Interface_REG.o)
                0x1fff8b44                MDIO_Interface_registerPage_4
                0x1fff8c44                MDIO_Interface_registerPage_5
                0x1fff8e44                MDIO_Interface_registerPage_6
                0x1fff8f44                MDIO_Interface_registerPage_3
                0x1fff9044                MDIO_Interface_registerPage_2
 COMMON         0x1fff9144       0x22 .\CortexM3\ARM_GCC_493\Debug\cfp_reader.a(USBUART_1_descr.o)
                0x1fff9144                USBUART_1_idSerialNumberStringDescriptor
                0x1fff9168                . = ALIGN (0x8)
 *fill*         0x1fff9166        0x2 
 *(.ram.b)
                0x1fff9168                _end = .
                0x1fff9168                __end = .
                0x1fff9168                PROVIDE (end, .)
                0x1fff9168                PROVIDE (__bss_end__, .)
                0x00004900                __cy_region_init_ram = LOADADDR (.data)
                0x000008c8                __cy_region_init_size_ram = (_edata - ADDR (.data))
                0x00000798                __cy_region_zero_size_ram = (_end - _edata)

.heap           0x1fff9168       0x80 load address 0x000051c8
                0x1fff9168                . = _end
                0x1fff91e8                . = (. + 0x80)
 *fill*         0x1fff9168       0x80 
                0x1fff91e8                __cy_heap_limit = .

.stack          0x20007800      0x800
                0x20007800                __cy_stack_limit = .
                0x20008000                . = (. + 0x800)
 *fill*         0x20007800      0x800 
                0x00000001                ASSERT ((__cy_stack_limit >= __cy_heap_limit), region RAM overflowed with stack)
                0x00000000                cy_checksum_exclude_size = (CY_APPL_LOADABLE == 0x1)?SIZEOF (.cy_checksum_exclude):0x0
                0x00000001                ASSERT ((cy_checksum_exclude_size <= CY_CHECKSUM_EXCLUDE_SIZE), CY_BOOT: Section .cy_checksum_exclude size exceedes specified limit.)

.cyloadermeta
 *(.cyloadermeta)

.cyloadablemeta
 *(.cyloadablemeta)

.cyconfigecc    0x80000000      0xf30
 *(.cyconfigecc)
 .cyconfigecc   0x80000000      0xf30 .\CortexM3\ARM_GCC_493\Debug\cymetadata.o
                0x80000000                cy_meta_configecc

.cycustnvl      0x90000000        0x4
 *(.cycustnvl)
 .cycustnvl     0x90000000        0x4 .\CortexM3\ARM_GCC_493\Debug\cymetadata.o
                0x90000000                cy_meta_custnvl

.cywolatch      0x90100000        0x4
 *(.cywolatch)
 .cywolatch     0x90100000        0x4 .\CortexM3\ARM_GCC_493\Debug\cymetadata.o
                0x90100000                cy_meta_wonvl

.cyeeprom       0x90200000        0x0
 *(.cyeeprom)
                0x00000001                ASSERT ((. <= ((0x90200000 + ee_offset) + ee_size)), .cyeeprom data will not fit in EEPROM)

.cyflashprotect
                0x90400000      0x100
 *(.cyflashprotect)
 .cyflashprotect
                0x90400000      0x100 .\CortexM3\ARM_GCC_493\Debug\cymetadata.o
                0x90400000                cy_meta_flashprotect

.cymeta         0x90500000        0xc
 *(.cymeta)
 .cymeta        0x90500000        0xc .\CortexM3\ARM_GCC_493\Debug\cymetadata.o
                0x90500000                cy_metadata

.rel.dyn        0x000051c8        0x0 load address 0x9050000c
 .rel.iplt      0x00000000        0x0 c:/program files (x86)/cypress/psoc creator/4.0/psoc creator/import/gnu/arm/4.9.3/bin/../lib/gcc/arm-none-eabi/4.9.3/armv7-m/crtbegin.o

.stab
 *(.stab)

.stabstr
 *(.stabstr)

.debug
 *(.debug)

.line
 *(.line)

.debug_srcinfo
 *(.debug_srcinfo)

.debug_sfnames
 *(.debug_sfnames)

.debug_aranges  0x00000000     0x12a0
 *(.debug_aranges)
 .debug_aranges
                0x00000000       0x48 .\CortexM3\ARM_GCC_493\Debug\main.o
 .debug_aranges
                0x00000048       0x18 .\CortexM3\ARM_GCC_493\Debug\cymetadata.o
 .debug_aranges
                0x00000060       0x48 .\CortexM3\ARM_GCC_493\Debug\Cm3Start.o
 .debug_aranges
                0x000000a8       0x58 .\CortexM3\ARM_GCC_493\Debug\cfp_reader.a(cyfitter_cfg.o)
 .debug_aranges
                0x00000100       0x70 .\CortexM3\ARM_GCC_493\Debug\cfp_reader.a(Clock_3.o)
 .debug_aranges
                0x00000170       0x58 .\CortexM3\ARM_GCC_493\Debug\cfp_reader.a(VDAC8_1.o)
 .debug_aranges
                0x000001c8       0x40 .\CortexM3\ARM_GCC_493\Debug\cfp_reader.a(Opamp_1.o)
 .debug_aranges
                0x00000208       0xd8 .\CortexM3\ARM_GCC_493\Debug\cfp_reader.a(CyDmac.o)
 .debug_aranges
                0x000002e0      0x2a0 .\CortexM3\ARM_GCC_493\Debug\cfp_reader.a(CyLib.o)
 .debug_aranges
                0x00000580       0x98 .\CortexM3\ARM_GCC_493\Debug\cfp_reader.a(cyPm.o)
 .debug_aranges
                0x00000618       0x70 .\CortexM3\ARM_GCC_493\Debug\cfp_reader.a(Clock_2.o)
 .debug_aranges
                0x00000688       0x70 .\CortexM3\ARM_GCC_493\Debug\cfp_reader.a(PWM_1.o)
 .debug_aranges
                0x000006f8       0xc8 .\CortexM3\ARM_GCC_493\Debug\cfp_reader.a(USBUART_1.o)
 .debug_aranges
                0x000007c0       0xe8 .\CortexM3\ARM_GCC_493\Debug\cfp_reader.a(USBUART_1_cdc.o)
 .debug_aranges
                0x000008a8       0x98 .\CortexM3\ARM_GCC_493\Debug\cfp_reader.a(USBUART_1_drv.o)
 .debug_aranges
                0x00000940       0x40 .\CortexM3\ARM_GCC_493\Debug\cfp_reader.a(USBUART_1_episr.o)
 .debug_aranges
                0x00000980       0x40 .\CortexM3\ARM_GCC_493\Debug\cfp_reader.a(USBUART_1_pm.o)
 .debug_aranges
                0x000009c0       0x80 .\CortexM3\ARM_GCC_493\Debug\cfp_reader.a(USBUART_1_std.o)
 .debug_aranges
                0x00000a40       0x20 .\CortexM3\ARM_GCC_493\Debug\cfp_reader.a(USBUART_1_vnd.o)
 .debug_aranges
                0x00000a60       0x48 .\CortexM3\ARM_GCC_493\Debug\cfp_reader.a(USBUART_1_Dp.o)
 .debug_aranges
                0x00000aa8       0x98 .\CortexM3\ARM_GCC_493\Debug\cfp_reader.a(LCD.o)
 .debug_aranges
                0x00000b40       0x70 .\CortexM3\ARM_GCC_493\Debug\cfp_reader.a(PWM_2.o)
 .debug_aranges
                0x00000bb0       0x70 .\CortexM3\ARM_GCC_493\Debug\cfp_reader.a(MDIO_host_2_my.o)
 .debug_aranges
                0x00000c20       0x80 .\CortexM3\ARM_GCC_493\Debug\cfp_reader.a(ISR.o)
 .debug_aranges
                0x00000ca0       0x70 .\CortexM3\ARM_GCC_493\Debug\cfp_reader.a(Clock_1.o)
 .debug_aranges
                0x00000d10       0x38 .\CortexM3\ARM_GCC_493\Debug\cfp_reader.a(LED_3.o)
 .debug_aranges
                0x00000d48       0x80 .\CortexM3\ARM_GCC_493\Debug\cfp_reader.a(DAT_ISR.o)
 .debug_aranges
                0x00000dc8       0x80 .\CortexM3\ARM_GCC_493\Debug\cfp_reader.a(ADDR_ISR.o)
 .debug_aranges
                0x00000e48       0x80 .\CortexM3\ARM_GCC_493\Debug\cfp_reader.a(COR_ISR.o)
 .debug_aranges
                0x00000ec8       0xa8 .\CortexM3\ARM_GCC_493\Debug\cfp_reader.a(MDIO_Interface.o)
 .debug_aranges
                0x00000f70       0x18 .\CortexM3\ARM_GCC_493\Debug\cfp_reader.a(MDIO_Interface_REG.o)
 .debug_aranges
                0x00000f88       0x28 .\CortexM3\ARM_GCC_493\Debug\cfp_reader.a(MDIO_Interface_AddrDMA_dma.o)
 .debug_aranges
                0x00000fb0       0x28 .\CortexM3\ARM_GCC_493\Debug\cfp_reader.a(MDIO_Interface_InfoDMA_dma.o)
 .debug_aranges
                0x00000fd8       0x28 .\CortexM3\ARM_GCC_493\Debug\cfp_reader.a(MDIO_Interface_StartAddrDMA_dma.o)
 .debug_aranges
                0x00001000       0x28 .\CortexM3\ARM_GCC_493\Debug\cfp_reader.a(MDIO_Interface_EndAddrDMA_dma.o)
 .debug_aranges
                0x00001028       0x28 .\CortexM3\ARM_GCC_493\Debug\cfp_reader.a(MDIO_Interface_WrDMA_dma.o)
 .debug_aranges
                0x00001050       0x28 .\CortexM3\ARM_GCC_493\Debug\cfp_reader.a(MDIO_Interface_RdDMA_dma.o)
 .debug_aranges
                0x00001078       0x28 .\CortexM3\ARM_GCC_493\Debug\cfp_reader.a(MDIO_Interface_CfgDMA1_dma.o)
 .debug_aranges
                0x000010a0       0x28 .\CortexM3\ARM_GCC_493\Debug\cfp_reader.a(MDIO_Interface_CfgDMA2_dma.o)
 .debug_aranges
                0x000010c8       0x28 .\CortexM3\ARM_GCC_493\Debug\cfp_reader.a(MDIO_Interface_FwDMA1_dma.o)
 .debug_aranges
                0x000010f0       0x28 .\CortexM3\ARM_GCC_493\Debug\cfp_reader.a(MDIO_Interface_FwDMA2_dma.o)
 .debug_aranges
                0x00001118       0x38 .\CortexM3\ARM_GCC_493\Debug\cfp_reader.a(Debug_MDIO_1.o)
 .debug_aranges
                0x00001150       0x20 .\CortexM3\ARM_GCC_493\Debug\cfp_reader.a(CyBootAsmGnu.o)
 .debug_aranges
                0x00001170       0x80 .\CortexM3\ARM_GCC_493\Debug\cfp_reader.a(CyFlash.o)
 .debug_aranges
                0x000011f0       0x78 .\CortexM3\ARM_GCC_493\Debug\cfp_reader.a(CySpc.o)
 .debug_aranges
                0x00001268       0x20 .\CortexM3\ARM_GCC_493\Debug\cfp_reader.a(USBUART_1_cls.o)
 .debug_aranges
                0x00001288       0x18 .\CortexM3\ARM_GCC_493\Debug\cfp_reader.a(USBUART_1_descr.o)

.debug_pubnames
 *(.debug_pubnames)

.debug_info     0x00000000     0xcb9d
 *(.debug_info .gnu.linkonce.wi.*)
 .debug_info    0x00000000      0xaf2 .\CortexM3\ARM_GCC_493\Debug\main.o
 .debug_info    0x00000af2      0x13f .\CortexM3\ARM_GCC_493\Debug\cymetadata.o
 .debug_info    0x00000c31      0x3c3 .\CortexM3\ARM_GCC_493\Debug\Cm3Start.o
 .debug_info    0x00000ff4      0x7c5 .\CortexM3\ARM_GCC_493\Debug\cfp_reader.a(cyfitter_cfg.o)
 .debug_info    0x000017b9      0x283 .\CortexM3\ARM_GCC_493\Debug\cfp_reader.a(Clock_3.o)
 .debug_info    0x00001a3c      0x1df .\CortexM3\ARM_GCC_493\Debug\cfp_reader.a(VDAC8_1.o)
 .debug_info    0x00001c1b      0x14a .\CortexM3\ARM_GCC_493\Debug\cfp_reader.a(Opamp_1.o)
 .debug_info    0x00001d65      0x944 .\CortexM3\ARM_GCC_493\Debug\cfp_reader.a(CyDmac.o)
 .debug_info    0x000026a9     0x1385 .\CortexM3\ARM_GCC_493\Debug\cfp_reader.a(CyLib.o)
 .debug_info    0x00003a2e      0xa57 .\CortexM3\ARM_GCC_493\Debug\cfp_reader.a(cyPm.o)
 .debug_info    0x00004485      0x283 .\CortexM3\ARM_GCC_493\Debug\cfp_reader.a(Clock_2.o)
 .debug_info    0x00004708      0x20c .\CortexM3\ARM_GCC_493\Debug\cfp_reader.a(PWM_1.o)
 .debug_info    0x00004914      0x9c2 .\CortexM3\ARM_GCC_493\Debug\cfp_reader.a(USBUART_1.o)
 .debug_info    0x000052d6      0xb16 .\CortexM3\ARM_GCC_493\Debug\cfp_reader.a(USBUART_1_cdc.o)
 .debug_info    0x00005dec      0x649 .\CortexM3\ARM_GCC_493\Debug\cfp_reader.a(USBUART_1_drv.o)
 .debug_info    0x00006435      0x244 .\CortexM3\ARM_GCC_493\Debug\cfp_reader.a(USBUART_1_episr.o)
 .debug_info    0x00006679      0x2ef .\CortexM3\ARM_GCC_493\Debug\cfp_reader.a(USBUART_1_pm.o)
 .debug_info    0x00006968      0xb35 .\CortexM3\ARM_GCC_493\Debug\cfp_reader.a(USBUART_1_std.o)
 .debug_info    0x0000749d       0xe6 .\CortexM3\ARM_GCC_493\Debug\cfp_reader.a(USBUART_1_vnd.o)
 .debug_info    0x00007583      0x174 .\CortexM3\ARM_GCC_493\Debug\cfp_reader.a(USBUART_1_Dp.o)
 .debug_info    0x000076f7      0x716 .\CortexM3\ARM_GCC_493\Debug\cfp_reader.a(LCD.o)
 .debug_info    0x00007e0d      0x20c .\CortexM3\ARM_GCC_493\Debug\cfp_reader.a(PWM_2.o)
 .debug_info    0x00008019      0x360 .\CortexM3\ARM_GCC_493\Debug\cfp_reader.a(MDIO_host_2_my.o)
 .debug_info    0x00008379      0x2d6 .\CortexM3\ARM_GCC_493\Debug\cfp_reader.a(ISR.o)
 .debug_info    0x0000864f      0x283 .\CortexM3\ARM_GCC_493\Debug\cfp_reader.a(Clock_1.o)
 .debug_info    0x000088d2      0x11f .\CortexM3\ARM_GCC_493\Debug\cfp_reader.a(LED_3.o)
 .debug_info    0x000089f1      0x2cb .\CortexM3\ARM_GCC_493\Debug\cfp_reader.a(DAT_ISR.o)
 .debug_info    0x00008cbc      0x2cb .\CortexM3\ARM_GCC_493\Debug\cfp_reader.a(ADDR_ISR.o)
 .debug_info    0x00008f87      0x2cb .\CortexM3\ARM_GCC_493\Debug\cfp_reader.a(COR_ISR.o)
 .debug_info    0x00009252     0x120a .\CortexM3\ARM_GCC_493\Debug\cfp_reader.a(MDIO_Interface.o)
 .debug_info    0x0000a45c      0x258 .\CortexM3\ARM_GCC_493\Debug\cfp_reader.a(MDIO_Interface_REG.o)
 .debug_info    0x0000a6b4      0x1fd .\CortexM3\ARM_GCC_493\Debug\cfp_reader.a(MDIO_Interface_AddrDMA_dma.o)
 .debug_info    0x0000a8b1      0x1fd .\CortexM3\ARM_GCC_493\Debug\cfp_reader.a(MDIO_Interface_InfoDMA_dma.o)
 .debug_info    0x0000aaae      0x1fd .\CortexM3\ARM_GCC_493\Debug\cfp_reader.a(MDIO_Interface_StartAddrDMA_dma.o)
 .debug_info    0x0000acab      0x1fd .\CortexM3\ARM_GCC_493\Debug\cfp_reader.a(MDIO_Interface_EndAddrDMA_dma.o)
 .debug_info    0x0000aea8      0x1fd .\CortexM3\ARM_GCC_493\Debug\cfp_reader.a(MDIO_Interface_WrDMA_dma.o)
 .debug_info    0x0000b0a5      0x1fd .\CortexM3\ARM_GCC_493\Debug\cfp_reader.a(MDIO_Interface_RdDMA_dma.o)
 .debug_info    0x0000b2a2      0x1fd .\CortexM3\ARM_GCC_493\Debug\cfp_reader.a(MDIO_Interface_CfgDMA1_dma.o)
 .debug_info    0x0000b49f      0x1f9 .\CortexM3\ARM_GCC_493\Debug\cfp_reader.a(MDIO_Interface_CfgDMA2_dma.o)
 .debug_info    0x0000b698      0x1fd .\CortexM3\ARM_GCC_493\Debug\cfp_reader.a(MDIO_Interface_FwDMA1_dma.o)
 .debug_info    0x0000b895      0x1fd .\CortexM3\ARM_GCC_493\Debug\cfp_reader.a(MDIO_Interface_FwDMA2_dma.o)
 .debug_info    0x0000ba92      0x11f .\CortexM3\ARM_GCC_493\Debug\cfp_reader.a(Debug_MDIO_1.o)
 .debug_info    0x0000bbb1       0x9b .\CortexM3\ARM_GCC_493\Debug\cfp_reader.a(CyBootAsmGnu.o)
 .debug_info    0x0000bc4c      0x608 .\CortexM3\ARM_GCC_493\Debug\cfp_reader.a(CyFlash.o)
 .debug_info    0x0000c254      0x4ea .\CortexM3\ARM_GCC_493\Debug\cfp_reader.a(CySpc.o)
 .debug_info    0x0000c73e      0x1d2 .\CortexM3\ARM_GCC_493\Debug\cfp_reader.a(USBUART_1_cls.o)
 .debug_info    0x0000c910      0x28d .\CortexM3\ARM_GCC_493\Debug\cfp_reader.a(USBUART_1_descr.o)

.debug_abbrev   0x00000000     0x3bd4
 *(.debug_abbrev)
 .debug_abbrev  0x00000000      0x220 .\CortexM3\ARM_GCC_493\Debug\main.o
 .debug_abbrev  0x00000220       0x77 .\CortexM3\ARM_GCC_493\Debug\cymetadata.o
 .debug_abbrev  0x00000297      0x1f7 .\CortexM3\ARM_GCC_493\Debug\Cm3Start.o
 .debug_abbrev  0x0000048e      0x212 .\CortexM3\ARM_GCC_493\Debug\cfp_reader.a(cyfitter_cfg.o)
 .debug_abbrev  0x000006a0      0x139 .\CortexM3\ARM_GCC_493\Debug\cfp_reader.a(Clock_3.o)
 .debug_abbrev  0x000007d9       0xf7 .\CortexM3\ARM_GCC_493\Debug\cfp_reader.a(VDAC8_1.o)
 .debug_abbrev  0x000008d0       0xb2 .\CortexM3\ARM_GCC_493\Debug\cfp_reader.a(Opamp_1.o)
 .debug_abbrev  0x00000982      0x1cc .\CortexM3\ARM_GCC_493\Debug\cfp_reader.a(CyDmac.o)
 .debug_abbrev  0x00000b4e      0x296 .\CortexM3\ARM_GCC_493\Debug\cfp_reader.a(CyLib.o)
 .debug_abbrev  0x00000de4      0x1ed .\CortexM3\ARM_GCC_493\Debug\cfp_reader.a(cyPm.o)
 .debug_abbrev  0x00000fd1      0x139 .\CortexM3\ARM_GCC_493\Debug\cfp_reader.a(Clock_2.o)
 .debug_abbrev  0x0000110a       0xf3 .\CortexM3\ARM_GCC_493\Debug\cfp_reader.a(PWM_1.o)
 .debug_abbrev  0x000011fd      0x24d .\CortexM3\ARM_GCC_493\Debug\cfp_reader.a(USBUART_1.o)
 .debug_abbrev  0x0000144a      0x28b .\CortexM3\ARM_GCC_493\Debug\cfp_reader.a(USBUART_1_cdc.o)
 .debug_abbrev  0x000016d5      0x18b .\CortexM3\ARM_GCC_493\Debug\cfp_reader.a(USBUART_1_drv.o)
 .debug_abbrev  0x00001860      0x11b .\CortexM3\ARM_GCC_493\Debug\cfp_reader.a(USBUART_1_episr.o)
 .debug_abbrev  0x0000197b      0x146 .\CortexM3\ARM_GCC_493\Debug\cfp_reader.a(USBUART_1_pm.o)
 .debug_abbrev  0x00001ac1      0x23d .\CortexM3\ARM_GCC_493\Debug\cfp_reader.a(USBUART_1_std.o)
 .debug_abbrev  0x00001cfe       0x9b .\CortexM3\ARM_GCC_493\Debug\cfp_reader.a(USBUART_1_vnd.o)
 .debug_abbrev  0x00001d99       0x90 .\CortexM3\ARM_GCC_493\Debug\cfp_reader.a(USBUART_1_Dp.o)
 .debug_abbrev  0x00001e29      0x171 .\CortexM3\ARM_GCC_493\Debug\cfp_reader.a(LCD.o)
 .debug_abbrev  0x00001f9a       0xf3 .\CortexM3\ARM_GCC_493\Debug\cfp_reader.a(PWM_2.o)
 .debug_abbrev  0x0000208d      0x186 .\CortexM3\ARM_GCC_493\Debug\cfp_reader.a(MDIO_host_2_my.o)
 .debug_abbrev  0x00002213      0x184 .\CortexM3\ARM_GCC_493\Debug\cfp_reader.a(ISR.o)
 .debug_abbrev  0x00002397      0x139 .\CortexM3\ARM_GCC_493\Debug\cfp_reader.a(Clock_1.o)
 .debug_abbrev  0x000024d0       0x90 .\CortexM3\ARM_GCC_493\Debug\cfp_reader.a(LED_3.o)
 .debug_abbrev  0x00002560      0x173 .\CortexM3\ARM_GCC_493\Debug\cfp_reader.a(DAT_ISR.o)
 .debug_abbrev  0x000026d3      0x173 .\CortexM3\ARM_GCC_493\Debug\cfp_reader.a(ADDR_ISR.o)
 .debug_abbrev  0x00002846      0x173 .\CortexM3\ARM_GCC_493\Debug\cfp_reader.a(COR_ISR.o)
 .debug_abbrev  0x000029b9      0x25b .\CortexM3\ARM_GCC_493\Debug\cfp_reader.a(MDIO_Interface.o)
 .debug_abbrev  0x00002c14       0xa9 .\CortexM3\ARM_GCC_493\Debug\cfp_reader.a(MDIO_Interface_REG.o)
 .debug_abbrev  0x00002cbd       0xeb .\CortexM3\ARM_GCC_493\Debug\cfp_reader.a(MDIO_Interface_AddrDMA_dma.o)
 .debug_abbrev  0x00002da8       0xeb .\CortexM3\ARM_GCC_493\Debug\cfp_reader.a(MDIO_Interface_InfoDMA_dma.o)
 .debug_abbrev  0x00002e93       0xeb .\CortexM3\ARM_GCC_493\Debug\cfp_reader.a(MDIO_Interface_StartAddrDMA_dma.o)
 .debug_abbrev  0x00002f7e       0xeb .\CortexM3\ARM_GCC_493\Debug\cfp_reader.a(MDIO_Interface_EndAddrDMA_dma.o)
 .debug_abbrev  0x00003069       0xeb .\CortexM3\ARM_GCC_493\Debug\cfp_reader.a(MDIO_Interface_WrDMA_dma.o)
 .debug_abbrev  0x00003154       0xeb .\CortexM3\ARM_GCC_493\Debug\cfp_reader.a(MDIO_Interface_RdDMA_dma.o)
 .debug_abbrev  0x0000323f       0xeb .\CortexM3\ARM_GCC_493\Debug\cfp_reader.a(MDIO_Interface_CfgDMA1_dma.o)
 .debug_abbrev  0x0000332a       0xeb .\CortexM3\ARM_GCC_493\Debug\cfp_reader.a(MDIO_Interface_CfgDMA2_dma.o)
 .debug_abbrev  0x00003415       0xeb .\CortexM3\ARM_GCC_493\Debug\cfp_reader.a(MDIO_Interface_FwDMA1_dma.o)
 .debug_abbrev  0x00003500       0xeb .\CortexM3\ARM_GCC_493\Debug\cfp_reader.a(MDIO_Interface_FwDMA2_dma.o)
 .debug_abbrev  0x000035eb       0x90 .\CortexM3\ARM_GCC_493\Debug\cfp_reader.a(Debug_MDIO_1.o)
 .debug_abbrev  0x0000367b       0x14 .\CortexM3\ARM_GCC_493\Debug\cfp_reader.a(CyBootAsmGnu.o)
 .debug_abbrev  0x0000368f      0x1ed .\CortexM3\ARM_GCC_493\Debug\cfp_reader.a(CyFlash.o)
 .debug_abbrev  0x0000387c      0x1c1 .\CortexM3\ARM_GCC_493\Debug\cfp_reader.a(CySpc.o)
 .debug_abbrev  0x00003a3d       0xe3 .\CortexM3\ARM_GCC_493\Debug\cfp_reader.a(USBUART_1_cls.o)
 .debug_abbrev  0x00003b20       0xb4 .\CortexM3\ARM_GCC_493\Debug\cfp_reader.a(USBUART_1_descr.o)

.debug_line     0x00000000     0x4890
 *(.debug_line)
 .debug_line    0x00000000      0x3d2 .\CortexM3\ARM_GCC_493\Debug\main.o
 .debug_line    0x000003d2       0x51 .\CortexM3\ARM_GCC_493\Debug\cymetadata.o
 .debug_line    0x00000423      0x25a .\CortexM3\ARM_GCC_493\Debug\Cm3Start.o
 .debug_line    0x0000067d      0x231 .\CortexM3\ARM_GCC_493\Debug\cfp_reader.a(cyfitter_cfg.o)
 .debug_line    0x000008ae      0x176 .\CortexM3\ARM_GCC_493\Debug\cfp_reader.a(Clock_3.o)
 .debug_line    0x00000a24       0xe4 .\CortexM3\ARM_GCC_493\Debug\cfp_reader.a(VDAC8_1.o)
 .debug_line    0x00000b08       0xaa .\CortexM3\ARM_GCC_493\Debug\cfp_reader.a(Opamp_1.o)
 .debug_line    0x00000bb2      0x2e3 .\CortexM3\ARM_GCC_493\Debug\cfp_reader.a(CyDmac.o)
 .debug_line    0x00000e95      0x816 .\CortexM3\ARM_GCC_493\Debug\cfp_reader.a(CyLib.o)
 .debug_line    0x000016ab      0x364 .\CortexM3\ARM_GCC_493\Debug\cfp_reader.a(cyPm.o)
 .debug_line    0x00001a0f      0x176 .\CortexM3\ARM_GCC_493\Debug\cfp_reader.a(Clock_2.o)
 .debug_line    0x00001b85      0x110 .\CortexM3\ARM_GCC_493\Debug\cfp_reader.a(PWM_1.o)
 .debug_line    0x00001c95      0x2e4 .\CortexM3\ARM_GCC_493\Debug\cfp_reader.a(USBUART_1.o)
 .debug_line    0x00001f79      0x2f8 .\CortexM3\ARM_GCC_493\Debug\cfp_reader.a(USBUART_1_cdc.o)
 .debug_line    0x00002271      0x227 .\CortexM3\ARM_GCC_493\Debug\cfp_reader.a(USBUART_1_drv.o)
 .debug_line    0x00002498       0xec .\CortexM3\ARM_GCC_493\Debug\cfp_reader.a(USBUART_1_episr.o)
 .debug_line    0x00002584      0x116 .\CortexM3\ARM_GCC_493\Debug\cfp_reader.a(USBUART_1_pm.o)
 .debug_line    0x0000269a      0x3e8 .\CortexM3\ARM_GCC_493\Debug\cfp_reader.a(USBUART_1_std.o)
 .debug_line    0x00002a82       0x77 .\CortexM3\ARM_GCC_493\Debug\cfp_reader.a(USBUART_1_vnd.o)
 .debug_line    0x00002af9       0xbd .\CortexM3\ARM_GCC_493\Debug\cfp_reader.a(USBUART_1_Dp.o)
 .debug_line    0x00002bb6      0x1dc .\CortexM3\ARM_GCC_493\Debug\cfp_reader.a(LCD.o)
 .debug_line    0x00002d92      0x110 .\CortexM3\ARM_GCC_493\Debug\cfp_reader.a(PWM_2.o)
 .debug_line    0x00002ea2      0x243 .\CortexM3\ARM_GCC_493\Debug\cfp_reader.a(MDIO_host_2_my.o)
 .debug_line    0x000030e5      0x134 .\CortexM3\ARM_GCC_493\Debug\cfp_reader.a(ISR.o)
 .debug_line    0x00003219      0x176 .\CortexM3\ARM_GCC_493\Debug\cfp_reader.a(Clock_1.o)
 .debug_line    0x0000338f       0x92 .\CortexM3\ARM_GCC_493\Debug\cfp_reader.a(LED_3.o)
 .debug_line    0x00003421      0x134 .\CortexM3\ARM_GCC_493\Debug\cfp_reader.a(DAT_ISR.o)
 .debug_line    0x00003555      0x135 .\CortexM3\ARM_GCC_493\Debug\cfp_reader.a(ADDR_ISR.o)
 .debug_line    0x0000368a      0x134 .\CortexM3\ARM_GCC_493\Debug\cfp_reader.a(COR_ISR.o)
 .debug_line    0x000037be      0x483 .\CortexM3\ARM_GCC_493\Debug\cfp_reader.a(MDIO_Interface.o)
 .debug_line    0x00003c41       0x6d .\CortexM3\ARM_GCC_493\Debug\cfp_reader.a(MDIO_Interface_REG.o)
 .debug_line    0x00003cae       0x93 .\CortexM3\ARM_GCC_493\Debug\cfp_reader.a(MDIO_Interface_AddrDMA_dma.o)
 .debug_line    0x00003d41       0x93 .\CortexM3\ARM_GCC_493\Debug\cfp_reader.a(MDIO_Interface_InfoDMA_dma.o)
 .debug_line    0x00003dd4       0x98 .\CortexM3\ARM_GCC_493\Debug\cfp_reader.a(MDIO_Interface_StartAddrDMA_dma.o)
 .debug_line    0x00003e6c       0x96 .\CortexM3\ARM_GCC_493\Debug\cfp_reader.a(MDIO_Interface_EndAddrDMA_dma.o)
 .debug_line    0x00003f02       0x91 .\CortexM3\ARM_GCC_493\Debug\cfp_reader.a(MDIO_Interface_WrDMA_dma.o)
 .debug_line    0x00003f93       0x91 .\CortexM3\ARM_GCC_493\Debug\cfp_reader.a(MDIO_Interface_RdDMA_dma.o)
 .debug_line    0x00004024       0x93 .\CortexM3\ARM_GCC_493\Debug\cfp_reader.a(MDIO_Interface_CfgDMA1_dma.o)
 .debug_line    0x000040b7       0x93 .\CortexM3\ARM_GCC_493\Debug\cfp_reader.a(MDIO_Interface_CfgDMA2_dma.o)
 .debug_line    0x0000414a       0x92 .\CortexM3\ARM_GCC_493\Debug\cfp_reader.a(MDIO_Interface_FwDMA1_dma.o)
 .debug_line    0x000041dc       0x92 .\CortexM3\ARM_GCC_493\Debug\cfp_reader.a(MDIO_Interface_FwDMA2_dma.o)
 .debug_line    0x0000426e       0x99 .\CortexM3\ARM_GCC_493\Debug\cfp_reader.a(Debug_MDIO_1.o)
 .debug_line    0x00004307       0x66 .\CortexM3\ARM_GCC_493\Debug\cfp_reader.a(CyBootAsmGnu.o)
 .debug_line    0x0000436d      0x1ea .\CortexM3\ARM_GCC_493\Debug\cfp_reader.a(CyFlash.o)
 .debug_line    0x00004557      0x23c .\CortexM3\ARM_GCC_493\Debug\cfp_reader.a(CySpc.o)
 .debug_line    0x00004793       0x98 .\CortexM3\ARM_GCC_493\Debug\cfp_reader.a(USBUART_1_cls.o)
 .debug_line    0x0000482b       0x65 .\CortexM3\ARM_GCC_493\Debug\cfp_reader.a(USBUART_1_descr.o)

.debug_frame    0x00000000     0x2c8c
 *(.debug_frame)
 .debug_frame   0x00000000       0xb4 .\CortexM3\ARM_GCC_493\Debug\main.o
 .debug_frame   0x000000b4       0xb8 .\CortexM3\ARM_GCC_493\Debug\Cm3Start.o
 .debug_frame   0x0000016c       0xe4 .\CortexM3\ARM_GCC_493\Debug\cfp_reader.a(cyfitter_cfg.o)
 .debug_frame   0x00000250       0xe0 .\CortexM3\ARM_GCC_493\Debug\cfp_reader.a(Clock_3.o)
 .debug_frame   0x00000330       0xb4 .\CortexM3\ARM_GCC_493\Debug\cfp_reader.a(VDAC8_1.o)
 .debug_frame   0x000003e4       0x78 .\CortexM3\ARM_GCC_493\Debug\cfp_reader.a(Opamp_1.o)
 .debug_frame   0x0000045c      0x1f4 .\CortexM3\ARM_GCC_493\Debug\cfp_reader.a(CyDmac.o)
 .debug_frame   0x00000650      0x738 .\CortexM3\ARM_GCC_493\Debug\cfp_reader.a(CyLib.o)
 .debug_frame   0x00000d88      0x1f8 .\CortexM3\ARM_GCC_493\Debug\cfp_reader.a(cyPm.o)
 .debug_frame   0x00000f80       0xe0 .\CortexM3\ARM_GCC_493\Debug\cfp_reader.a(Clock_2.o)
 .debug_frame   0x00001060       0xd8 .\CortexM3\ARM_GCC_493\Debug\cfp_reader.a(PWM_1.o)
 .debug_frame   0x00001138      0x1dc .\CortexM3\ARM_GCC_493\Debug\cfp_reader.a(USBUART_1.o)
 .debug_frame   0x00001314      0x278 .\CortexM3\ARM_GCC_493\Debug\cfp_reader.a(USBUART_1_cdc.o)
 .debug_frame   0x0000158c      0x194 .\CortexM3\ARM_GCC_493\Debug\cfp_reader.a(USBUART_1_drv.o)
 .debug_frame   0x00001720       0x6c .\CortexM3\ARM_GCC_493\Debug\cfp_reader.a(USBUART_1_episr.o)
 .debug_frame   0x0000178c       0xa0 .\CortexM3\ARM_GCC_493\Debug\cfp_reader.a(USBUART_1_pm.o)
 .debug_frame   0x0000182c      0x17c .\CortexM3\ARM_GCC_493\Debug\cfp_reader.a(USBUART_1_std.o)
 .debug_frame   0x000019a8       0x20 .\CortexM3\ARM_GCC_493\Debug\cfp_reader.a(USBUART_1_vnd.o)
 .debug_frame   0x000019c8       0x70 .\CortexM3\ARM_GCC_493\Debug\cfp_reader.a(USBUART_1_Dp.o)
 .debug_frame   0x00001a38      0x1e4 .\CortexM3\ARM_GCC_493\Debug\cfp_reader.a(LCD.o)
 .debug_frame   0x00001c1c       0xd8 .\CortexM3\ARM_GCC_493\Debug\cfp_reader.a(PWM_2.o)
 .debug_frame   0x00001cf4      0x108 .\CortexM3\ARM_GCC_493\Debug\cfp_reader.a(MDIO_host_2_my.o)
 .debug_frame   0x00001dfc      0x104 .\CortexM3\ARM_GCC_493\Debug\cfp_reader.a(ISR.o)
 .debug_frame   0x00001f00       0xe0 .\CortexM3\ARM_GCC_493\Debug\cfp_reader.a(Clock_1.o)
 .debug_frame   0x00001fe0       0x50 .\CortexM3\ARM_GCC_493\Debug\cfp_reader.a(LED_3.o)
 .debug_frame   0x00002030      0x104 .\CortexM3\ARM_GCC_493\Debug\cfp_reader.a(DAT_ISR.o)
 .debug_frame   0x00002134      0x104 .\CortexM3\ARM_GCC_493\Debug\cfp_reader.a(ADDR_ISR.o)
 .debug_frame   0x00002238      0x104 .\CortexM3\ARM_GCC_493\Debug\cfp_reader.a(COR_ISR.o)
 .debug_frame   0x0000233c      0x1fc .\CortexM3\ARM_GCC_493\Debug\cfp_reader.a(MDIO_Interface.o)
 .debug_frame   0x00002538       0x54 .\CortexM3\ARM_GCC_493\Debug\cfp_reader.a(MDIO_Interface_AddrDMA_dma.o)
 .debug_frame   0x0000258c       0x54 .\CortexM3\ARM_GCC_493\Debug\cfp_reader.a(MDIO_Interface_InfoDMA_dma.o)
 .debug_frame   0x000025e0       0x54 .\CortexM3\ARM_GCC_493\Debug\cfp_reader.a(MDIO_Interface_StartAddrDMA_dma.o)
 .debug_frame   0x00002634       0x54 .\CortexM3\ARM_GCC_493\Debug\cfp_reader.a(MDIO_Interface_EndAddrDMA_dma.o)
 .debug_frame   0x00002688       0x54 .\CortexM3\ARM_GCC_493\Debug\cfp_reader.a(MDIO_Interface_WrDMA_dma.o)
 .debug_frame   0x000026dc       0x54 .\CortexM3\ARM_GCC_493\Debug\cfp_reader.a(MDIO_Interface_RdDMA_dma.o)
 .debug_frame   0x00002730       0x54 .\CortexM3\ARM_GCC_493\Debug\cfp_reader.a(MDIO_Interface_CfgDMA1_dma.o)
 .debug_frame   0x00002784       0x54 .\CortexM3\ARM_GCC_493\Debug\cfp_reader.a(MDIO_Interface_CfgDMA2_dma.o)
 .debug_frame   0x000027d8       0x54 .\CortexM3\ARM_GCC_493\Debug\cfp_reader.a(MDIO_Interface_FwDMA1_dma.o)
 .debug_frame   0x0000282c       0x54 .\CortexM3\ARM_GCC_493\Debug\cfp_reader.a(MDIO_Interface_FwDMA2_dma.o)
 .debug_frame   0x00002880       0x50 .\CortexM3\ARM_GCC_493\Debug\cfp_reader.a(Debug_MDIO_1.o)
 .debug_frame   0x000028d0      0x174 .\CortexM3\ARM_GCC_493\Debug\cfp_reader.a(CyFlash.o)
 .debug_frame   0x00002a44      0x160 .\CortexM3\ARM_GCC_493\Debug\cfp_reader.a(CySpc.o)
 .debug_frame   0x00002ba4       0x2c .\CortexM3\ARM_GCC_493\Debug\cfp_reader.a(USBUART_1_cls.o)
 .debug_frame   0x00002bd0       0x20 c:/program files (x86)/cypress/psoc creator/4.0/psoc creator/import/gnu/arm/4.9.3/bin/../lib/gcc/arm-none-eabi/4.9.3/../../../../arm-none-eabi/lib/armv7-m\libg_nano.a(lib_a-errno.o)
 .debug_frame   0x00002bf0       0x28 c:/program files (x86)/cypress/psoc creator/4.0/psoc creator/import/gnu/arm/4.9.3/bin/../lib/gcc/arm-none-eabi/4.9.3/../../../../arm-none-eabi/lib/armv7-m\libg_nano.a(lib_a-exit.o)
 .debug_frame   0x00002c18       0x2c c:/program files (x86)/cypress/psoc creator/4.0/psoc creator/import/gnu/arm/4.9.3/bin/../lib/gcc/arm-none-eabi/4.9.3/../../../../arm-none-eabi/lib/armv7-m\libg_nano.a(lib_a-init.o)
 .debug_frame   0x00002c44       0x28 c:/program files (x86)/cypress/psoc creator/4.0/psoc creator/import/gnu/arm/4.9.3/bin/../lib/gcc/arm-none-eabi/4.9.3/../../../../arm-none-eabi/lib/armv7-m\libg_nano.a(lib_a-memcpy.o)
 .debug_frame   0x00002c6c       0x20 c:/program files (x86)/cypress/psoc creator/4.0/psoc creator/import/gnu/arm/4.9.3/bin/../lib/gcc/arm-none-eabi/4.9.3/../../../../arm-none-eabi/lib/armv7-m\libg_nano.a(lib_a-memset.o)

.debug_str      0x00000000     0x453e
 *(.debug_str)
 .debug_str     0x00000000      0x5a4 .\CortexM3\ARM_GCC_493\Debug\main.o
                                0x60e (size before relaxing)
 .debug_str     0x000005a4       0x75 .\CortexM3\ARM_GCC_493\Debug\cymetadata.o
                                0x1f5 (size before relaxing)
 .debug_str     0x00000619      0x160 .\CortexM3\ARM_GCC_493\Debug\Cm3Start.o
                                0x319 (size before relaxing)
 .debug_str     0x00000779      0x189 .\CortexM3\ARM_GCC_493\Debug\cfp_reader.a(cyfitter_cfg.o)
                                0x343 (size before relaxing)
 .debug_str     0x00000902      0x154 .\CortexM3\ARM_GCC_493\Debug\cfp_reader.a(Clock_3.o)
                                0x2f9 (size before relaxing)
 .debug_str     0x00000a56       0xae .\CortexM3\ARM_GCC_493\Debug\cfp_reader.a(VDAC8_1.o)
                                0x23e (size before relaxing)
 .debug_str     0x00000b04       0x71 .\CortexM3\ARM_GCC_493\Debug\cfp_reader.a(Opamp_1.o)
                                0x204 (size before relaxing)
 .debug_str     0x00000b75      0x37e .\CortexM3\ARM_GCC_493\Debug\cfp_reader.a(CyDmac.o)
                                0x549 (size before relaxing)
 .debug_str     0x00000ef3      0x7e2 .\CortexM3\ARM_GCC_493\Debug\cfp_reader.a(CyLib.o)
                                0xa46 (size before relaxing)
 .debug_str     0x000016d5      0x359 .\CortexM3\ARM_GCC_493\Debug\cfp_reader.a(cyPm.o)
                                0x726 (size before relaxing)
 .debug_str     0x00001a2e      0x109 .\CortexM3\ARM_GCC_493\Debug\cfp_reader.a(Clock_2.o)
                                0x2f9 (size before relaxing)
 .debug_str     0x00001b37       0xe6 .\CortexM3\ARM_GCC_493\Debug\cfp_reader.a(PWM_1.o)
                                0x277 (size before relaxing)
 .debug_str     0x00001c1d      0x43f .\CortexM3\ARM_GCC_493\Debug\cfp_reader.a(USBUART_1.o)
                                0x6c6 (size before relaxing)
 .debug_str     0x0000205c      0x4da .\CortexM3\ARM_GCC_493\Debug\cfp_reader.a(USBUART_1_cdc.o)
                                0x83a (size before relaxing)
 .debug_str     0x00002536      0x2c1 .\CortexM3\ARM_GCC_493\Debug\cfp_reader.a(USBUART_1_drv.o)
                                0x69b (size before relaxing)
 .debug_str     0x000027f7       0x8c .\CortexM3\ARM_GCC_493\Debug\cfp_reader.a(USBUART_1_episr.o)
                                0x2f4 (size before relaxing)
 .debug_str     0x00002883       0xda .\CortexM3\ARM_GCC_493\Debug\cfp_reader.a(USBUART_1_pm.o)
                                0x30e (size before relaxing)
 .debug_str     0x0000295d      0x27b .\CortexM3\ARM_GCC_493\Debug\cfp_reader.a(USBUART_1_std.o)
                                0x810 (size before relaxing)
 .debug_str     0x00002bd8       0x27 .\CortexM3\ARM_GCC_493\Debug\cfp_reader.a(USBUART_1_vnd.o)
                                0x1f2 (size before relaxing)
 .debug_str     0x00002bff       0xb0 .\CortexM3\ARM_GCC_493\Debug\cfp_reader.a(USBUART_1_Dp.o)
                                0x25a (size before relaxing)
 .debug_str     0x00002caf      0x114 .\CortexM3\ARM_GCC_493\Debug\cfp_reader.a(LCD.o)
                                0x32a (size before relaxing)
 .debug_str     0x00002dc3       0xcf .\CortexM3\ARM_GCC_493\Debug\cfp_reader.a(PWM_2.o)
                                0x277 (size before relaxing)
 .debug_str     0x00002e92      0x12b .\CortexM3\ARM_GCC_493\Debug\cfp_reader.a(MDIO_host_2_my.o)
                                0x350 (size before relaxing)
 .debug_str     0x00002fbd       0x1d .\CortexM3\ARM_GCC_493\Debug\cfp_reader.a(ISR.o)
                                0x2a4 (size before relaxing)
 .debug_str     0x00002fda      0x109 .\CortexM3\ARM_GCC_493\Debug\cfp_reader.a(Clock_1.o)
                                0x2f9 (size before relaxing)
 .debug_str     0x000030e3       0x4f .\CortexM3\ARM_GCC_493\Debug\cfp_reader.a(LED_3.o)
                                0x1ed (size before relaxing)
 .debug_str     0x00003132       0xf2 .\CortexM3\ARM_GCC_493\Debug\cfp_reader.a(DAT_ISR.o)
                                0x2c1 (size before relaxing)
 .debug_str     0x00003224       0xff .\CortexM3\ARM_GCC_493\Debug\cfp_reader.a(ADDR_ISR.o)
                                0x2cf (size before relaxing)
 .debug_str     0x00003323       0xf2 .\CortexM3\ARM_GCC_493\Debug\cfp_reader.a(COR_ISR.o)
                                0x2c1 (size before relaxing)
 .debug_str     0x00003415      0x694 .\CortexM3\ARM_GCC_493\Debug\cfp_reader.a(MDIO_Interface.o)
                                0xa12 (size before relaxing)
 .debug_str     0x00003aa9      0x1c9 .\CortexM3\ARM_GCC_493\Debug\cfp_reader.a(MDIO_Interface_REG.o)
                                0x379 (size before relaxing)
 .debug_str     0x00003c72       0xb2 .\CortexM3\ARM_GCC_493\Debug\cfp_reader.a(MDIO_Interface_AddrDMA_dma.o)
                                0x2b8 (size before relaxing)
 .debug_str     0x00003d24       0x77 .\CortexM3\ARM_GCC_493\Debug\cfp_reader.a(MDIO_Interface_InfoDMA_dma.o)
                                0x2b8 (size before relaxing)
 .debug_str     0x00003d9b       0x86 .\CortexM3\ARM_GCC_493\Debug\cfp_reader.a(MDIO_Interface_StartAddrDMA_dma.o)
                                0x2cc (size before relaxing)
 .debug_str     0x00003e21       0x80 .\CortexM3\ARM_GCC_493\Debug\cfp_reader.a(MDIO_Interface_EndAddrDMA_dma.o)
                                0x2c4 (size before relaxing)
 .debug_str     0x00003ea1       0x71 .\CortexM3\ARM_GCC_493\Debug\cfp_reader.a(MDIO_Interface_WrDMA_dma.o)
                                0x2b0 (size before relaxing)
 .debug_str     0x00003f12       0x71 .\CortexM3\ARM_GCC_493\Debug\cfp_reader.a(MDIO_Interface_RdDMA_dma.o)
                                0x2b0 (size before relaxing)
 .debug_str     0x00003f83       0x77 .\CortexM3\ARM_GCC_493\Debug\cfp_reader.a(MDIO_Interface_CfgDMA1_dma.o)
                                0x2b8 (size before relaxing)
 .debug_str     0x00003ffa       0x77 .\CortexM3\ARM_GCC_493\Debug\cfp_reader.a(MDIO_Interface_CfgDMA2_dma.o)
                                0x2b8 (size before relaxing)
 .debug_str     0x00004071       0x74 .\CortexM3\ARM_GCC_493\Debug\cfp_reader.a(MDIO_Interface_FwDMA1_dma.o)
                                0x2b4 (size before relaxing)
 .debug_str     0x000040e5       0x74 .\CortexM3\ARM_GCC_493\Debug\cfp_reader.a(MDIO_Interface_FwDMA2_dma.o)
                                0x2b4 (size before relaxing)
 .debug_str     0x00004159       0x6b .\CortexM3\ARM_GCC_493\Debug\cfp_reader.a(Debug_MDIO_1.o)
                                0x210 (size before relaxing)
 .debug_str     0x000041c4      0x195 .\CortexM3\ARM_GCC_493\Debug\cfp_reader.a(CyFlash.o)
                                0x3a0 (size before relaxing)
 .debug_str     0x00004359       0xac .\CortexM3\ARM_GCC_493\Debug\cfp_reader.a(CySpc.o)
                                0x329 (size before relaxing)
 .debug_str     0x00004405       0x27 .\CortexM3\ARM_GCC_493\Debug\cfp_reader.a(USBUART_1_cls.o)
                                0x2b9 (size before relaxing)
 .debug_str     0x0000442c      0x112 .\CortexM3\ARM_GCC_493\Debug\cfp_reader.a(USBUART_1_descr.o)
                                0x372 (size before relaxing)

.debug_loc      0x00000000     0x5123
 *(.debug_loc)
 .debug_loc     0x00000000      0x244 .\CortexM3\ARM_GCC_493\Debug\main.o
 .debug_loc     0x00000244      0x144 .\CortexM3\ARM_GCC_493\Debug\Cm3Start.o
 .debug_loc     0x00000388      0x2a1 .\CortexM3\ARM_GCC_493\Debug\cfp_reader.a(cyfitter_cfg.o)
 .debug_loc     0x00000629      0x12c .\CortexM3\ARM_GCC_493\Debug\cfp_reader.a(Clock_3.o)
 .debug_loc     0x00000755       0x79 .\CortexM3\ARM_GCC_493\Debug\cfp_reader.a(VDAC8_1.o)
 .debug_loc     0x000007ce       0x21 .\CortexM3\ARM_GCC_493\Debug\cfp_reader.a(Opamp_1.o)
 .debug_loc     0x000007ef      0xb83 .\CortexM3\ARM_GCC_493\Debug\cfp_reader.a(CyDmac.o)
 .debug_loc     0x00001372      0xa11 .\CortexM3\ARM_GCC_493\Debug\cfp_reader.a(CyLib.o)
 .debug_loc     0x00001d83      0x1e4 .\CortexM3\ARM_GCC_493\Debug\cfp_reader.a(cyPm.o)
 .debug_loc     0x00001f67      0x128 .\CortexM3\ARM_GCC_493\Debug\cfp_reader.a(Clock_2.o)
 .debug_loc     0x0000208f      0x3e1 .\CortexM3\ARM_GCC_493\Debug\cfp_reader.a(USBUART_1.o)
 .debug_loc     0x00002470      0x56b .\CortexM3\ARM_GCC_493\Debug\cfp_reader.a(USBUART_1_cdc.o)
 .debug_loc     0x000029db      0x171 .\CortexM3\ARM_GCC_493\Debug\cfp_reader.a(USBUART_1_drv.o)
 .debug_loc     0x00002b4c       0x26 .\CortexM3\ARM_GCC_493\Debug\cfp_reader.a(USBUART_1_pm.o)
 .debug_loc     0x00002b72      0x93f .\CortexM3\ARM_GCC_493\Debug\cfp_reader.a(USBUART_1_std.o)
 .debug_loc     0x000034b1       0x84 .\CortexM3\ARM_GCC_493\Debug\cfp_reader.a(USBUART_1_Dp.o)
 .debug_loc     0x00003535      0x3c6 .\CortexM3\ARM_GCC_493\Debug\cfp_reader.a(LCD.o)
 .debug_loc     0x000038fb      0x141 .\CortexM3\ARM_GCC_493\Debug\cfp_reader.a(MDIO_host_2_my.o)
 .debug_loc     0x00003a3c       0x56 .\CortexM3\ARM_GCC_493\Debug\cfp_reader.a(ISR.o)
 .debug_loc     0x00003a92      0x128 .\CortexM3\ARM_GCC_493\Debug\cfp_reader.a(Clock_1.o)
 .debug_loc     0x00003bba       0x42 .\CortexM3\ARM_GCC_493\Debug\cfp_reader.a(LED_3.o)
 .debug_loc     0x00003bfc       0x56 .\CortexM3\ARM_GCC_493\Debug\cfp_reader.a(DAT_ISR.o)
 .debug_loc     0x00003c52       0x56 .\CortexM3\ARM_GCC_493\Debug\cfp_reader.a(ADDR_ISR.o)
 .debug_loc     0x00003ca8       0x56 .\CortexM3\ARM_GCC_493\Debug\cfp_reader.a(COR_ISR.o)
 .debug_loc     0x00003cfe      0x527 .\CortexM3\ARM_GCC_493\Debug\cfp_reader.a(MDIO_Interface.o)
 .debug_loc     0x00004225       0x84 .\CortexM3\ARM_GCC_493\Debug\cfp_reader.a(MDIO_Interface_AddrDMA_dma.o)
 .debug_loc     0x000042a9       0x84 .\CortexM3\ARM_GCC_493\Debug\cfp_reader.a(MDIO_Interface_InfoDMA_dma.o)
 .debug_loc     0x0000432d       0x84 .\CortexM3\ARM_GCC_493\Debug\cfp_reader.a(MDIO_Interface_StartAddrDMA_dma.o)
 .debug_loc     0x000043b1       0x84 .\CortexM3\ARM_GCC_493\Debug\cfp_reader.a(MDIO_Interface_EndAddrDMA_dma.o)
 .debug_loc     0x00004435       0x84 .\CortexM3\ARM_GCC_493\Debug\cfp_reader.a(MDIO_Interface_WrDMA_dma.o)
 .debug_loc     0x000044b9       0x84 .\CortexM3\ARM_GCC_493\Debug\cfp_reader.a(MDIO_Interface_RdDMA_dma.o)
 .debug_loc     0x0000453d       0x84 .\CortexM3\ARM_GCC_493\Debug\cfp_reader.a(MDIO_Interface_CfgDMA1_dma.o)
 .debug_loc     0x000045c1       0x84 .\CortexM3\ARM_GCC_493\Debug\cfp_reader.a(MDIO_Interface_CfgDMA2_dma.o)
 .debug_loc     0x00004645       0x84 .\CortexM3\ARM_GCC_493\Debug\cfp_reader.a(MDIO_Interface_FwDMA1_dma.o)
 .debug_loc     0x000046c9       0x84 .\CortexM3\ARM_GCC_493\Debug\cfp_reader.a(MDIO_Interface_FwDMA2_dma.o)
 .debug_loc     0x0000474d       0x42 .\CortexM3\ARM_GCC_493\Debug\cfp_reader.a(Debug_MDIO_1.o)
 .debug_loc     0x0000478f      0x300 .\CortexM3\ARM_GCC_493\Debug\cfp_reader.a(CyFlash.o)
 .debug_loc     0x00004a8f      0x64d .\CortexM3\ARM_GCC_493\Debug\cfp_reader.a(CySpc.o)
 .debug_loc     0x000050dc       0x47 .\CortexM3\ARM_GCC_493\Debug\cfp_reader.a(USBUART_1_cls.o)

.debug_macinfo
 *(.debug_macinfo)

.debug_ranges   0x00000000      0xfa0
 *(.debug_ranges)
 .debug_ranges  0x00000000       0x38 .\CortexM3\ARM_GCC_493\Debug\main.o
 .debug_ranges  0x00000038       0x38 .\CortexM3\ARM_GCC_493\Debug\Cm3Start.o
 .debug_ranges  0x00000070       0x48 .\CortexM3\ARM_GCC_493\Debug\cfp_reader.a(cyfitter_cfg.o)