Archive member included because of file (symbol)

.\CortexM3\ARM_GCC_493\Debug\cfp_reader.a(cyfitter_cfg.o)
                              .\CortexM3\ARM_GCC_493\Debug\Cm3Start.o (cyfitter_cfg)
.\CortexM3\ARM_GCC_493\Debug\cfp_reader.a(Clock_3.o)
                              .\CortexM3\ARM_GCC_493\Debug\main.o (Clock_3_Start)
.\CortexM3\ARM_GCC_493\Debug\cfp_reader.a(VDAC8_1.o)
                              .\CortexM3\ARM_GCC_493\Debug\main.o (VDAC8_1_Start)
.\CortexM3\ARM_GCC_493\Debug\cfp_reader.a(Opamp_1.o)
                              .\CortexM3\ARM_GCC_493\Debug\main.o (Opamp_1_Start)
.\CortexM3\ARM_GCC_493\Debug\cfp_reader.a(CyDmac.o)
                              .\CortexM3\ARM_GCC_493\Debug\Cm3Start.o (CyDmacConfigure)
.\CortexM3\ARM_GCC_493\Debug\cfp_reader.a(CyLib.o)
                              .\CortexM3\ARM_GCC_493\Debug\Cm3Start.o (CyHalt)
.\CortexM3\ARM_GCC_493\Debug\cfp_reader.a(cyPm.o)
                              .\CortexM3\ARM_GCC_493\Debug\cfp_reader.a(CyLib.o) (CyPmReadStatus)
.\CortexM3\ARM_GCC_493\Debug\cfp_reader.a(Clock_2.o)
                              .\CortexM3\ARM_GCC_493\Debug\main.o (Clock_2_Start)
.\CortexM3\ARM_GCC_493\Debug\cfp_reader.a(PWM_1.o)
                              .\CortexM3\ARM_GCC_493\Debug\main.o (PWM_1_Start)
.\CortexM3\ARM_GCC_493\Debug\cfp_reader.a(USBUART_1.o)
                              .\CortexM3\ARM_GCC_493\Debug\main.o (USBUART_1_Start)
.\CortexM3\ARM_GCC_493\Debug\cfp_reader.a(USBUART_1_cdc.o)
                              .\CortexM3\ARM_GCC_493\Debug\main.o (USBUART_1_CDC_Init)
.\CortexM3\ARM_GCC_493\Debug\cfp_reader.a(USBUART_1_drv.o)
                              .\CortexM3\ARM_GCC_493\Debug\cfp_reader.a(USBUART_1.o) (USBUART_1_lastPacketSize)
.\CortexM3\ARM_GCC_493\Debug\cfp_reader.a(USBUART_1_episr.o)
                              .\CortexM3\ARM_GCC_493\Debug\cfp_reader.a(USBUART_1.o) (USBUART_1_EP_1_ISR)
.\CortexM3\ARM_GCC_493\Debug\cfp_reader.a(USBUART_1_pm.o)
                              .\CortexM3\ARM_GCC_493\Debug\cfp_reader.a(USBUART_1.o) (USBUART_1_DP_ISR)
.\CortexM3\ARM_GCC_493\Debug\cfp_reader.a(USBUART_1_std.o)
                              .\CortexM3\ARM_GCC_493\Debug\cfp_reader.a(USBUART_1_pm.o) (USBUART_1_ConfigReg)
.\CortexM3\ARM_GCC_493\Debug\cfp_reader.a(USBUART_1_vnd.o)
                              .\CortexM3\ARM_GCC_493\Debug\cfp_reader.a(USBUART_1_drv.o) (USBUART_1_HandleVendorRqst)
.\CortexM3\ARM_GCC_493\Debug\cfp_reader.a(USBUART_1_Dp.o)
                              .\CortexM3\ARM_GCC_493\Debug\cfp_reader.a(USBUART_1.o) (USBUART_1_Dp_ClearInterrupt)
.\CortexM3\ARM_GCC_493\Debug\cfp_reader.a(LCD.o)
                              .\CortexM3\ARM_GCC_493\Debug\main.o (LCD_PrintString)
.\CortexM3\ARM_GCC_493\Debug\cfp_reader.a(PWM_2.o)
                              .\CortexM3\ARM_GCC_493\Debug\main.o (PWM_2_Start)
.\CortexM3\ARM_GCC_493\Debug\cfp_reader.a(MDIO_host_2_my.o)
                              .\CortexM3\ARM_GCC_493\Debug\main.o (MDIO_host_2_Init)
.\CortexM3\ARM_GCC_493\Debug\cfp_reader.a(ISR.o)
                              .\CortexM3\ARM_GCC_493\Debug\main.o (ISR_Start)
.\CortexM3\ARM_GCC_493\Debug\cfp_reader.a(Clock_1.o)
                              .\CortexM3\ARM_GCC_493\Debug\main.o (Clock_1_Start)
.\CortexM3\ARM_GCC_493\Debug\cfp_reader.a(LED_3.o)
                              .\CortexM3\ARM_GCC_493\Debug\main.o (LED_3_Write)
.\CortexM3\ARM_GCC_493\Debug\cfp_reader.a(DAT_ISR.o)
                              .\CortexM3\ARM_GCC_493\Debug\main.o (DAT_ISR_StartEx)
.\CortexM3\ARM_GCC_493\Debug\cfp_reader.a(ADDR_ISR.o)
                              .\CortexM3\ARM_GCC_493\Debug\main.o (ADDR_ISR_StartEx)
.\CortexM3\ARM_GCC_493\Debug\cfp_reader.a(COR_ISR.o)
                              .\CortexM3\ARM_GCC_493\Debug\main.o (COR_ISR_StartEx)
.\CortexM3\ARM_GCC_493\Debug\cfp_reader.a(MDIO_Interface.o)
                              .\CortexM3\ARM_GCC_493\Debug\main.o (MDIO_Interface_Start)
.\CortexM3\ARM_GCC_493\Debug\cfp_reader.a(MDIO_Interface_REG.o)
                              .\CortexM3\ARM_GCC_493\Debug\cfp_reader.a(MDIO_Interface.o) (MDIO_Interface_pageInfoPtr)
.\CortexM3\ARM_GCC_493\Debug\cfp_reader.a(MDIO_Interface_AddrDMA_dma.o)
                              .\CortexM3\ARM_GCC_493\Debug\cfp_reader.a(MDIO_Interface.o) (MDIO_Interface_AddrDMA_DmaInitialize)
.\CortexM3\ARM_GCC_493\Debug\cfp_reader.a(MDIO_Interface_InfoDMA_dma.o)
                              .\CortexM3\ARM_GCC_493\Debug\cfp_reader.a(MDIO_Interface.o) (MDIO_Interface_InfoDMA_DmaInitialize)
.\CortexM3\ARM_GCC_493\Debug\cfp_reader.a(MDIO_Interface_StartAddrDMA_dma.o)
                              .\CortexM3\ARM_GCC_493\Debug\cfp_reader.a(MDIO_Interface.o) (MDIO_Interface_StartAddrDMA_DmaInitialize)
.\CortexM3\ARM_GCC_493\Debug\cfp_reader.a(MDIO_Interface_EndAddrDMA_dma.o)
                              .\CortexM3\ARM_GCC_493\Debug\cfp_reader.a(MDIO_Interface.o) (MDIO_Interface_EndAddrDMA_DmaInitialize)
[...]
Memory Configuration

Name             Origin             Length             Attributes
rom              0x00000000         0x00040000         xr
ram              0x1fff8000         0x00010000         xrw
*default*        0x00000000         0xffffffff

Linker script and memory map

LOAD c:/program files (x86)/cypress/psoc creator/4.0/psoc creator/import/gnu/arm/4.9.3/bin/../lib/gcc/arm-none-eabi/4.9.3/armv7-m/crti.o
LOAD c:/program files (x86)/cypress/psoc creator/4.0/psoc creator/import/gnu/arm/4.9.3/bin/../lib/gcc/arm-none-eabi/4.9.3/armv7-m/crtbegin.o
LOAD c:/program files (x86)/cypress/psoc creator/4.0/psoc creator/import/gnu/arm/4.9.3/bin/../lib/gcc/arm-none-eabi/4.9.3/../../../../arm-none-eabi/lib/armv7-m/crt0.o
START GROUP
LOAD .\CortexM3\ARM_GCC_493\Debug\main.o
LOAD .\CortexM3\ARM_GCC_493\Debug\cymetadata.o
LOAD .\CortexM3\ARM_GCC_493\Debug\Cm3Start.o
LOAD .\CortexM3\ARM_GCC_493\Debug\cfp_reader.a
LOAD C:\Program Files (x86)\Cypress\PSoC Creator\4.0\PSoC Creator\psoc\content\cycomponentlibrary\CyComponentLibrary.cylib\CortexM3\ARM_GCC_493\Debug\CyComponentLibrary.a
END GROUP
START GROUP
LOAD c:/program files (x86)/cypress/psoc creator/4.0/psoc creator/import/gnu/arm/4.9.3/bin/../lib/gcc/arm-none-eabi/4.9.3/armv7-m\libgcc.a
LOAD c:/program files (x86)/cypress/psoc creator/4.0/psoc creator/import/gnu/arm/4.9.3/bin/../lib/gcc/arm-none-eabi/4.9.3/../../../../arm-none-eabi/lib/armv7-m\libg_nano.a
LOAD c:/program files (x86)/cypress/psoc creator/4.0/psoc creator/import/gnu/arm/4.9.3/bin/../lib/gcc/arm-none-eabi/4.9.3/../../../../arm-none-eabi/lib/armv7-m\libc_nano.a
END GROUP
START GROUP
LOAD c:/program files (x86)/cypress/psoc creator/4.0/psoc creator/import/gnu/arm/4.9.3/bin/../lib/gcc/arm-none-eabi/4.9.3/armv7-m\libgcc.a
LOAD c:/program files (x86)/cypress/psoc creator/4.0/psoc creator/import/gnu/arm/4.9.3/bin/../lib/gcc/arm-none-eabi/4.9.3/../../../../arm-none-eabi/lib/armv7-m\libc_nano.a
END GROUP
LOAD c:/program files (x86)/cypress/psoc creator/4.0/psoc creator/import/gnu/arm/4.9.3/bin/../lib/gcc/arm-none-eabi/4.9.3/armv7-m/crtend.o
LOAD c:/program files (x86)/cypress/psoc creator/4.0/psoc creator/import/gnu/arm/4.9.3/bin/../lib/gcc/arm-none-eabi/4.9.3/armv7-m/crtn.o
START GROUP
LOAD c:/program files (x86)/cypress/psoc creator/4.0/psoc creator/import/gnu/arm/4.9.3/bin/../lib/gcc/arm-none-eabi/4.9.3/armv7-m\libgcc.a
LOAD c:/program files (x86)/cypress/psoc creator/4.0/psoc creator/import/gnu/arm/4.9.3/bin/../lib/gcc/arm-none-eabi/4.9.3/../../../../arm-none-eabi/lib/armv7-m\libc.a
LOAD c:/program files (x86)/cypress/psoc creator/4.0/psoc creator/import/gnu/arm/4.9.3/bin/../lib/gcc/arm-none-eabi/4.9.3/../../../../arm-none-eabi/lib/armv7-m\libnosys.a
END GROUP
                0x00000000                CY_APPL_ORIGIN = 0x0
                0x00000100                CY_FLASH_ROW_SIZE = 0x100
                0x00000020                CY_ECC_ROW_SIZE = 0x20
                0x00000000                CY_EE_IN_BTLDR = 0x0
                0x00000000                CY_APPL_LOADABLE = 0x0
                0x00000800                CY_EE_SIZE = 0x800
                0x00000001                CY_APPL_NUM = 0x1
                0x00000001                CY_APPL_MAX = 0x1
                0x00000040                CY_METADATA_SIZE = 0x40
                0x00000000                CY_APPL_LOADABLE = 0x0
                0x00000000                CY_CHECKSUM_EXCLUDE_SIZE = ALIGN (0x0, CY_FLASH_ROW_SIZE)
                0x1fff9168                PROVIDE (__cy_heap_start, _end)
                0x00000001                PROVIDE (__cy_region_num, ((__cy_regions_end - __cy_regions) / 0x10))
                0x20008000                PROVIDE (__cy_stack, (ORIGIN (ram) + 0x10000))
                0x20007800                PROVIDE (__cy_heap_end, (__cy_stack - 0x800))

.cybootloader   0x00000000        0x0
 *(.cybootloader)
                0x00000000                appl1_start = CY_APPL_ORIGIN?CY_APPL_ORIGIN:ALIGN (CY_FLASH_ROW_SIZE)
                0x0001ff00                appl2_start = (appl1_start + ALIGN ((((0x40000 - appl1_start) - (0x2 * CY_FLASH_ROW_SIZE)) / 0x2), CY_FLASH_ROW_SIZE))
                0x00000000                appl_start = (CY_APPL_NUM == 0x1)?appl1_start:appl2_start
                0x00000000                ecc_offset = ((appl_start / CY_FLASH_ROW_SIZE) * CY_ECC_ROW_SIZE)
                0x00000000                ee_offset = (CY_APPL_LOADABLE && ! (CY_EE_IN_BTLDR))?((CY_EE_SIZE / CY_APPL_MAX) * (CY_APPL_NUM - 0x1)):0x0
                0x00000800                ee_size = (CY_APPL_LOADABLE && ! (CY_EE_IN_BTLDR))?(CY_EE_SIZE / CY_APPL_MAX):CY_EE_SIZE
                0x00000000                PROVIDE (CY_ECC_OFFSET, ecc_offset)

.text           0x00000000     0x34be
 CREATE_OBJECT_SYMBOLS
                0x00000000                PROVIDE (__cy_interrupt_vector, RomVectors)
 *(.romvectors)
 .romvectors    0x00000000       0x10 .\CortexM3\ARM_GCC_493\Debug\Cm3Start.o
                0x00000000                RomVectors
                0x00000001                ASSERT ((. != __cy_interrupt_vector), No interrupt vector)
                0x00000001                ASSERT (CY_APPL_ORIGIN?(SIZEOF (.cybootloader) <= CY_APPL_ORIGIN):0x1, Wrong image location)
                0x00000010                PROVIDE (__cy_reset, Reset)
 *(.text.Reset)
 .text.Reset    0x00000010       0x18 .\CortexM3\ARM_GCC_493\Debug\Cm3Start.o
                0x00000010                Reset
                0x00000001                ASSERT ((. != __cy_reset), No reset code)
 *(.dma_init)
                0x00000001                ASSERT ((((appl_start + .) <= 0x10000) || 0x1), DMA Init must be within the first 64k of flash)
 *(.text .text.* .gnu.linkonce.t.*)
 .text          0x00000028       0x5c c:/program files (x86)/cypress/psoc creator/4.0/psoc creator/import/gnu/arm/4.9.3/bin/../lib/gcc/arm-none-eabi/4.9.3/armv7-m/crtbegin.o
 .text.DAT_ISR_Handler
                0x00000084        0xc .\CortexM3\ARM_GCC_493\Debug\main.o
                0x00000084                DAT_ISR_Handler
 .text.COR_ISR_Handler
                0x00000090        0xc .\CortexM3\ARM_GCC_493\Debug\main.o
                0x00000090                COR_ISR_Handler
 .text.ADDR_ISR_Handler
                0x0000009c       0x10 .\CortexM3\ARM_GCC_493\Debug\main.o
                0x0000009c                ADDR_ISR_Handler
 .text.fillUpReadOnlyRegisters
                0x000000ac       0x68 .\CortexM3\ARM_GCC_493\Debug\main.o
                0x000000ac                fillUpReadOnlyRegisters
 .text.analiz_rx_data
                0x00000114      0x198 .\CortexM3\ARM_GCC_493\Debug\main.o
                0x00000114                analiz_rx_data
 .text.main     0x000002ac      0x22c .\CortexM3\ARM_GCC_493\Debug\main.o
                0x000002ac                main
 .text.IntDefaultHandler
                0x000004d8       0x10 .\CortexM3\ARM_GCC_493\Debug\Cm3Start.o
                0x000004d8                IntDefaultHandler
 .text.Start_c  0x000004e8       0x4c .\CortexM3\ARM_GCC_493\Debug\Cm3Start.o
                0x000004e8                Start_c
 .text.initialize_psoc
                0x00000534       0x78 .\CortexM3\ARM_GCC_493\Debug\Cm3Start.o
                0x00000534                initialize_psoc
 .text.CyClockStartupError
                0x000005ac        0x4 .\CortexM3\ARM_GCC_493\Debug\cfp_reader.a(cyfitter_cfg.o)
 .text.cfg_write_bytes32
                0x000005b0       0x34 .\CortexM3\ARM_GCC_493\Debug\cfp_reader.a(cyfitter_cfg.o)
 .text.AnalogSetDefault
                0x000005e4       0x58 .\CortexM3\ARM_GCC_493\Debug\cfp_reader.a(cyfitter_cfg.o)
 .text.CYMEMZERO
                0x0000063c        0xc .\CortexM3\ARM_GCC_493\Debug\cfp_reader.a(cyfitter_cfg.o)
 .text.ClockSetup
                0x00000648      0x108 .\CortexM3\ARM_GCC_493\Debug\cfp_reader.a(cyfitter_cfg.o)
 .text.CYCONFIGCPY
                0x00000750        0x8 .\CortexM3\ARM_GCC_493\Debug\cfp_reader.a(cyfitter_cfg.o)
 .text.cyfitter_cfg
                0x00000758      0x1fc .\CortexM3\ARM_GCC_493\Debug\cfp_reader.a(cyfitter_cfg.o)
                0x00000758                cyfitter_cfg
 .text.Clock_3_Start
                0x00000954       0x1c .\CortexM3\ARM_GCC_493\Debug\cfp_reader.a(Clock_3.o)
                0x00000954                Clock_3_Start
 .text.VDAC8_1_Enable
                0x00000970       0x1c .\CortexM3\ARM_GCC_493\Debug\cfp_reader.a(VDAC8_1.o)
                0x00000970                VDAC8_1_Enable
 .text.VDAC8_1_SetSpeed
                0x0000098c       0x1c .\CortexM3\ARM_GCC_493\Debug\cfp_reader.a(VDAC8_1.o)
                0x0000098c                VDAC8_1_SetSpeed
 .text.VDAC8_1_SetValue
                0x000009a8        0xc .\CortexM3\ARM_GCC_493\Debug\cfp_reader.a(VDAC8_1.o)
                0x000009a8                VDAC8_1_SetValue
 .text.VDAC8_1_DacTrim
                0x000009b4       0x24 .\CortexM3\ARM_GCC_493\Debug\cfp_reader.a(VDAC8_1.o)
                0x000009b4                VDAC8_1_DacTrim
 .text.VDAC8_1_SetRange
                0x000009d8       0x20 .\CortexM3\ARM_GCC_493\Debug\cfp_reader.a(VDAC8_1.o)
                0x000009d8                VDAC8_1_SetRange
 .text.VDAC8_1_Init
                0x000009f8       0x20 .\CortexM3\ARM_GCC_493\Debug\cfp_reader.a(VDAC8_1.o)
                0x000009f8                VDAC8_1_Init
 .text.VDAC8_1_Start
                0x00000a18       0x24 .\CortexM3\ARM_GCC_493\Debug\cfp_reader.a(VDAC8_1.o)
                0x00000a18                VDAC8_1_Start
 .text.Opamp_1_Enable
                0x00000a3c       0x28 .\CortexM3\ARM_GCC_493\Debug\cfp_reader.a(Opamp_1.o)
                0x00000a3c                Opamp_1_Enable
 .text.Opamp_1_SetPower
                0x00000a64       0x1c .\CortexM3\ARM_GCC_493\Debug\cfp_reader.a(Opamp_1.o)
                0x00000a64                Opamp_1_SetPower
 .text.Opamp_1_Init
                0x00000a80        0xc .\CortexM3\ARM_GCC_493\Debug\cfp_reader.a(Opamp_1.o)
                0x00000a80                Opamp_1_Init
 .text.Opamp_1_Start
                0x00000a8c       0x1c .\CortexM3\ARM_GCC_493\Debug\cfp_reader.a(Opamp_1.o)
                0x00000a8c                Opamp_1_Start
 .text.CyDmacConfigure
                0x00000aa8       0x34 .\CortexM3\ARM_GCC_493\Debug\cfp_reader.a(CyDmac.o)
                0x00000aa8                CyDmacConfigure
 .text.CyDmaChEnable
                0x00000adc       0x38 .\CortexM3\ARM_GCC_493\Debug\cfp_reader.a(CyDmac.o)
                0x00000adc                CyDmaChEnable
 .text.CyDmaChPriority
                0x00000b14       0x24 .\CortexM3\ARM_GCC_493\Debug\cfp_reader.a(CyDmac.o)
                0x00000b14                CyDmaChPriority
 .text.CyDmaChSetExtendedAddress
                0x00000b38       0x34 .\CortexM3\ARM_GCC_493\Debug\cfp_reader.a(CyDmac.o)
                0x00000b38                CyDmaChSetExtendedAddress
 .text.CyDmaChSetInitialTd
                0x00000b6c       0x18 .\CortexM3\ARM_GCC_493\Debug\cfp_reader.a(CyDmac.o)
                0x00000b6c                CyDmaChSetInitialTd
 .text.CyDmaChSetRequest
                0x00000b84       0x20 .\CortexM3\ARM_GCC_493\Debug\cfp_reader.a(CyDmac.o)
                0x00000b84                CyDmaChSetRequest
 .text.CyDmaChSetConfiguration
                0x00000ba4       0x48 .\CortexM3\ARM_GCC_493\Debug\cfp_reader.a(CyDmac.o)
                0x00000ba4                CyDmaChSetConfiguration
 .text.CyDmaTdAllocate
                0x00000bec       0x34 .\CortexM3\ARM_GCC_493\Debug\cfp_reader.a(CyDmac.o)
                0x00000bec                CyDmaTdAllocate
 .text.CyDmaTdSetConfiguration
                0x00000c20       0x28 .\CortexM3\ARM_GCC_493\Debug\cfp_reader.a(CyDmac.o)
                0x00000c20                CyDmaTdSetConfiguration
 .text.CyDmaTdSetAddress
                0x00000c48       0x1c .\CortexM3\ARM_GCC_493\Debug\cfp_reader.a(CyDmac.o)
                0x00000c48                CyDmaTdSetAddress
 .text.CyHalt   0x00000c64        0x4 .\CortexM3\ARM_GCC_493\Debug\cfp_reader.a(CyLib.o)
                0x00000c64                CyHalt
 .text.CyDelay  0x00000c68       0x2c .\CortexM3\ARM_GCC_493\Debug\cfp_reader.a(CyLib.o)
                0x00000c68                CyDelay
 .text.CyDelayUs
                0x00000c94       0x14 .\CortexM3\ARM_GCC_493\Debug\cfp_reader.a(CyLib.o)
                0x00000c94                CyDelayUs
 .text.CyIntSetVector
                0x00000ca8       0x28 .\CortexM3\ARM_GCC_493\Debug\cfp_reader.a(CyLib.o)
                0x00000ca8                CyIntSetVector
 .text.CyIntSetPriority
                0x00000cd0       0x30 .\CortexM3\ARM_GCC_493\Debug\cfp_reader.a(CyLib.o)
                0x00000cd0                CyIntSetPriority
 .text.CyGetUniqueId
                0x00000d00       0x70 .\CortexM3\ARM_GCC_493\Debug\cfp_reader.a(CyLib.o)
                0x00000d00                CyGetUniqueId
 .text.Clock_2_Start
                0x00000d70       0x1c .\CortexM3\ARM_GCC_493\Debug\cfp_reader.a(Clock_2.o)
                0x00000d70                Clock_2_Start
 .text.PWM_1_WriteCounter
                0x00000d8c        0xc .\CortexM3\ARM_GCC_493\Debug\cfp_reader.a(PWM_1.o)
                0x00000d8c                PWM_1_WriteCounter
 .text.PWM_1_WritePeriod
                0x00000d98        0xc .\CortexM3\ARM_GCC_493\Debug\cfp_reader.a(PWM_1.o)
                0x00000d98                PWM_1_WritePeriod
 .text.PWM_1_WriteCompare
                0x00000da4        0xc .\CortexM3\ARM_GCC_493\Debug\cfp_reader.a(PWM_1.o)
                0x00000da4                PWM_1_WriteCompare
 .text.PWM_1_Init
                0x00000db0       0x24 .\CortexM3\ARM_GCC_493\Debug\cfp_reader.a(PWM_1.o)
                0x00000db0                PWM_1_Init
 .text.PWM_1_Start
                0x00000dd4       0x18 .\CortexM3\ARM_GCC_493\Debug\cfp_reader.a(PWM_1.o)
                0x00000dd4                PWM_1_Start
 .text.USBUART_1_Init
                0x00000dec      0x140 .\CortexM3\ARM_GCC_493\Debug\cfp_reader.a(USBUART_1.o)
                0x00000dec                USBUART_1_Init
 .text.USBUART_1_InitComponent
                0x00000f2c       0xb8 .\CortexM3\ARM_GCC_493\Debug\cfp_reader.a(USBUART_1.o)
                0x00000f2c                USBUART_1_InitComponent
 .text.USBUART_1_Start
                0x00000fe4       0x24 .\CortexM3\ARM_GCC_493\Debug\cfp_reader.a(USBUART_1.o)
                0x00000fe4                USBUART_1_Start
 .text.USBUART_1_ReInitComponent
                0x00001008       0x4c .\CortexM3\ARM_GCC_493\Debug\cfp_reader.a(USBUART_1.o)
                0x00001008                USBUART_1_ReInitComponent
 .text.USBUART_1_GetConfiguration
                0x00001054        0xc .\CortexM3\ARM_GCC_493\Debug\cfp_reader.a(USBUART_1.o)
                0x00001054                USBUART_1_GetConfiguration
 .text.USBUART_1_IsConfigurationChanged
                0x00001060       0x20 .\CortexM3\ARM_GCC_493\Debug\cfp_reader.a(USBUART_1.o)
                0x00001060                USBUART_1_IsConfigurationChanged
 .text.USBUART_1_GetEPState
                0x00001080       0x14 .\CortexM3\ARM_GCC_493\Debug\cfp_reader.a(USBUART_1.o)
                0x00001080                USBUART_1_GetEPState
 .text.USBUART_1_GetEPCount
                0x00001094       0x28 .\CortexM3\ARM_GCC_493\Debug\cfp_reader.a(USBUART_1.o)
                0x00001094                USBUART_1_GetEPCount
 .text.USBUART_1_LoadInEP
                0x000010bc       0x94 .\CortexM3\ARM_GCC_493\Debug\cfp_reader.a(USBUART_1.o)
                0x000010bc                USBUART_1_LoadInEP
 .text.USBUART_1_EnableOutEP
                0x00001150       0x2c .\CortexM3\ARM_GCC_493\Debug\cfp_reader.a(USBUART_1.o)
                0x00001150                USBUART_1_EnableOutEP
 .text.USBUART_1_ReadOutEP
                0x0000117c       0x50 .\CortexM3\ARM_GCC_493\Debug\cfp_reader.a(USBUART_1.o)
                0x0000117c                USBUART_1_ReadOutEP
 .text.USBUART_1_StrLen
                0x000011cc       0x14 .\CortexM3\ARM_GCC_493\Debug\cfp_reader.a(USBUART_1_cdc.o)
 .text.USBUART_1_GetInterfaceComPort
                0x000011e0       0x3c .\CortexM3\ARM_GCC_493\Debug\cfp_reader.a(USBUART_1_cdc.o)
                0x000011e0                USBUART_1_GetInterfaceComPort
 .text.USBUART_1_DispatchCDCClassRqst
                0x0000121c       0x98 .\CortexM3\ARM_GCC_493\Debug\cfp_reader.a(USBUART_1_cdc.o)
                0x0000121c                USBUART_1_DispatchCDCClassRqst
 .text.USBUART_1_CDC_Init
                0x000012b4       0x98 .\CortexM3\ARM_GCC_493\Debug\cfp_reader.a(USBUART_1_cdc.o)
                0x000012b4                USBUART_1_CDC_Init
 .text.USBUART_1_PutData
                0x0000134c       0x4c .\CortexM3\ARM_GCC_493\Debug\cfp_reader.a(USBUART_1_cdc.o)
                0x0000134c                USBUART_1_PutData
 .text.USBUART_1_PutString
                0x00001398       0x9c .\CortexM3\ARM_GCC_493\Debug\cfp_reader.a(USBUART_1_cdc.o)
                0x00001398                USBUART_1_PutString
 .text.USBUART_1_DataIsReady
                0x00001434       0x18 .\CortexM3\ARM_GCC_493\Debug\cfp_reader.a(USBUART_1_cdc.o)
                0x00001434                USBUART_1_DataIsReady
 .text.USBUART_1_CDCIsReady
                0x0000144c       0x18 .\CortexM3\ARM_GCC_493\Debug\cfp_reader.a(USBUART_1_cdc.o)
                0x0000144c                USBUART_1_CDCIsReady
 .text.USBUART_1_GetAll
                0x00001464       0x30 .\CortexM3\ARM_GCC_493\Debug\cfp_reader.a(USBUART_1_cdc.o)
                0x00001464                USBUART_1_GetAll
 .text.USBUART_1_IsLineChanged
                0x00001494       0x38 .\CortexM3\ARM_GCC_493\Debug\cfp_reader.a(USBUART_1_cdc.o)
                0x00001494                USBUART_1_IsLineChanged
 .text.USBUART_1_GetLineControl
                0x000014cc       0x18 .\CortexM3\ARM_GCC_493\Debug\cfp_reader.a(USBUART_1_cdc.o)
                0x000014cc                USBUART_1_GetLineControl
 .text.USBUART_1_Cdc_EpInit
                0x000014e4       0x50 .\CortexM3\ARM_GCC_493\Debug\cfp_reader.a(USBUART_1_cdc.o)
                0x000014e4                USBUART_1_Cdc_EpInit
 .text.USBUART_1_LoadEP0
                0x00001534       0x94 .\CortexM3\ARM_GCC_493\Debug\cfp_reader.a(USBUART_1_drv.o)
                0x00001534                USBUART_1_LoadEP0
 .text.USBUART_1_InitZeroLengthControlTransfer
                0x000015c8       0x34 .\CortexM3\ARM_GCC_493\Debug\cfp_reader.a(USBUART_1_drv.o)
                0x000015c8                USBUART_1_InitZeroLengthControlTransfer
 .text.USBUART_1_ControlReadDataStage
                0x000015fc        0x8 .\CortexM3\ARM_GCC_493\Debug\cfp_reader.a(USBUART_1_drv.o)
                0x000015fc                USBUART_1_ControlReadDataStage
 .text.USBUART_1_ControlWriteDataStage
                0x00001604       0x80 .\CortexM3\ARM_GCC_493\Debug\cfp_reader.a(USBUART_1_drv.o)
                0x00001604                USBUART_1_ControlWriteDataStage
 .text.USBUART_1_InitNoDataControlTransfer
                0x00001684       0x2c .\CortexM3\ARM_GCC_493\Debug\cfp_reader.a(USBUART_1_drv.o)
                0x00001684                USBUART_1_InitNoDataControlTransfer
 .text.USBUART_1_UpdateStatusBlock
                0x000016b0       0x24 .\CortexM3\ARM_GCC_493\Debug\cfp_reader.a(USBUART_1_drv.o)
                0x000016b0                USBUART_1_UpdateStatusBlock
 .text.USBUART_1_HandleSetup
                0x000016d4       0x5c .\CortexM3\ARM_GCC_493\Debug\cfp_reader.a(USBUART_1_drv.o)
                0x000016d4                USBUART_1_HandleSetup
 .text.USBUART_1_ControlReadStatusStage
                0x00001730       0x34 .\CortexM3\ARM_GCC_493\Debug\cfp_reader.a(USBUART_1_drv.o)
                0x00001730                USBUART_1_ControlReadStatusStage
 .text.USBUART_1_HandleOUT
                0x00001764       0x38 .\CortexM3\ARM_GCC_493\Debug\cfp_reader.a(USBUART_1_drv.o)
                0x00001764                USBUART_1_HandleOUT
 .text.USBUART_1_ControlWriteStatusStage
                0x0000179c       0x20 .\CortexM3\ARM_GCC_493\Debug\cfp_reader.a(USBUART_1_drv.o)
                0x0000179c                USBUART_1_ControlWriteStatusStage
 .text.USBUART_1_NoDataControlStatusStage
                0x000017bc       0x40 .\CortexM3\ARM_GCC_493\Debug\cfp_reader.a(USBUART_1_drv.o)
                0x000017bc                USBUART_1_NoDataControlStatusStage
 .text.USBUART_1_HandleIN
                0x000017fc       0x2c .\CortexM3\ARM_GCC_493\Debug\cfp_reader.a(USBUART_1_drv.o)
                0x000017fc                USBUART_1_HandleIN
 .text.USBUART_1_EP_0_ISR
                0x00001828       0xb8 .\CortexM3\ARM_GCC_493\Debug\cfp_reader.a(USBUART_1_drv.o)
                0x00001828                USBUART_1_EP_0_ISR
 .text.USBUART_1_InitializeStatusBlock
                0x000018e0       0x24 .\CortexM3\ARM_GCC_493\Debug\cfp_reader.a(USBUART_1_drv.o)
                0x000018e0                USBUART_1_InitializeStatusBlock
 .text.USBUART_1_InitControlRead
                0x00001904       0x50 .\CortexM3\ARM_GCC_493\Debug\cfp_reader.a(USBUART_1_drv.o)
                0x00001904                USBUART_1_InitControlRead
 .text.USBUART_1_InitControlWrite
                0x00001954       0x48 .\CortexM3\ARM_GCC_493\Debug\cfp_reader.a(USBUART_1_drv.o)
                0x00001954                USBUART_1_InitControlWrite
 .text.USBUART_1_EP_1_ISR
                0x0000199c       0x30 .\CortexM3\ARM_GCC_493\Debug\cfp_reader.a(USBUART_1_episr.o)
                0x0000199c                USBUART_1_EP_1_ISR
 .text.USBUART_1_EP_2_ISR
                0x000019cc       0x34 .\CortexM3\ARM_GCC_493\Debug\cfp_reader.a(USBUART_1_episr.o)
                0x000019cc                USBUART_1_EP_2_ISR
 .text.USBUART_1_EP_3_ISR
                0x00001a00       0x3c .\CortexM3\ARM_GCC_493\Debug\cfp_reader.a(USBUART_1_episr.o)
                0x00001a00                USBUART_1_EP_3_ISR
 .text.USBUART_1_SOF_ISR
                0x00001a3c        0x4 .\CortexM3\ARM_GCC_493\Debug\cfp_reader.a(USBUART_1_episr.o)
                0x00001a3c                USBUART_1_SOF_ISR
 .text.USBUART_1_BUS_RESET_ISR
                0x00001a40        0x8 .\CortexM3\ARM_GCC_493\Debug\cfp_reader.a(USBUART_1_episr.o)
                0x00001a40                USBUART_1_BUS_RESET_ISR
 .text.USBUART_1_DP_ISR
                0x00001a48        0x8 .\CortexM3\ARM_GCC_493\Debug\cfp_reader.a(USBUART_1_pm.o)
                0x00001a48                USBUART_1_DP_ISR
 .text.USBUART_1_ReadDieID
                0x00001a50       0x6c .\CortexM3\ARM_GCC_493\Debug\cfp_reader.a(USBUART_1_std.o)
                0x00001a50                USBUART_1_ReadDieID
 .text.USBUART_1_ConfigReg
                0x00001abc       0xa4 .\CortexM3\ARM_GCC_493\Debug\cfp_reader.a(USBUART_1_std.o)
                0x00001abc                USBUART_1_ConfigReg
 .text.USBUART_1_GetConfigTablePtr
                0x00001b60       0x28 .\CortexM3\ARM_GCC_493\Debug\cfp_reader.a(USBUART_1_std.o)
                0x00001b60                USBUART_1_GetConfigTablePtr
 .text.USBUART_1_ConfigAltChanged
                0x00001b88      0x11c .\CortexM3\ARM_GCC_493\Debug\cfp_reader.a(USBUART_1_std.o)
                0x00001b88                USBUART_1_ConfigAltChanged
 .text.USBUART_1_GetDeviceTablePtr
                0x00001ca4       0x18 .\CortexM3\ARM_GCC_493\Debug\cfp_reader.a(USBUART_1_std.o)
                0x00001ca4                USBUART_1_GetDeviceTablePtr
 .text.USBUART_1_GetInterfaceClassTablePtr
                0x00001cbc       0x24 .\CortexM3\ARM_GCC_493\Debug\cfp_reader.a(USBUART_1_std.o)
                0x00001cbc                USBUART_1_GetInterfaceClassTablePtr
 .text.USBUART_1_Config
                0x00001ce0      0x1e4 .\CortexM3\ARM_GCC_493\Debug\cfp_reader.a(USBUART_1_std.o)
                0x00001ce0                USBUART_1_Config
 .text.USBUART_1_SetEndpointHalt
                0x00001ec4       0x64 .\CortexM3\ARM_GCC_493\Debug\cfp_reader.a(USBUART_1_std.o)
                0x00001ec4                USBUART_1_SetEndpointHalt
 .text.USBUART_1_ClearEndpointHalt
                0x00001f28       0xa8 .\CortexM3\ARM_GCC_493\Debug\cfp_reader.a(USBUART_1_std.o)
                0x00001f28                USBUART_1_ClearEndpointHalt
 .text.USBUART_1_ValidateAlternateSetting
                0x00001fd0       0x4c .\CortexM3\ARM_GCC_493\Debug\cfp_reader.a(USBUART_1_std.o)
                0x00001fd0                USBUART_1_ValidateAlternateSetting
 .text.USBUART_1_HandleStandardRqst
                0x0000201c      0x350 .\CortexM3\ARM_GCC_493\Debug\cfp_reader.a(USBUART_1_std.o)
                0x0000201c                USBUART_1_HandleStandardRqst
 .text.USBUART_1_HandleVendorRqst
                0x0000236c       0x18 .\CortexM3\ARM_GCC_493\Debug\cfp_reader.a(USBUART_1_vnd.o)
                0x0000236c                USBUART_1_HandleVendorRqst
 .text.USBUART_1_Dp_ClearInterrupt
                0x00002384       0x10 .\CortexM3\ARM_GCC_493\Debug\cfp_reader.a(USBUART_1_Dp.o)
                0x00002384                USBUART_1_Dp_ClearInterrupt
 .text.LCD_WrCntrlNib
                0x00002394       0x34 .\CortexM3\ARM_GCC_493\Debug\cfp_reader.a(LCD.o)
 .text.LCD_WrDatNib
                0x000023c8       0x44 .\CortexM3\ARM_GCC_493\Debug\cfp_reader.a(LCD.o)
 .text.LCD_IsReady
                0x0000240c       0xe4 .\CortexM3\ARM_GCC_493\Debug\cfp_reader.a(LCD.o)
                0x0000240c                LCD_IsReady
 .text.LCD_WriteData
                0x000024f0       0x18 .\CortexM3\ARM_GCC_493\Debug\cfp_reader.a(LCD.o)
                0x000024f0                LCD_WriteData
 .text.LCD_PrintString
                0x00002508       0x1c .\CortexM3\ARM_GCC_493\Debug\cfp_reader.a(LCD.o)
                0x00002508                LCD_PrintString
 .text.LCD_PutChar
                0x00002524        0x8 .\CortexM3\ARM_GCC_493\Debug\cfp_reader.a(LCD.o)
                0x00002524                LCD_PutChar
 .text.LCD_WriteControl
                0x0000252c       0x18 .\CortexM3\ARM_GCC_493\Debug\cfp_reader.a(LCD.o)
                0x0000252c                LCD_WriteControl
 .text.LCD_Init
                0x00002544       0x6c .\CortexM3\ARM_GCC_493\Debug\cfp_reader.a(LCD.o)
                0x00002544                LCD_Init
 .text.LCD_Enable
                0x000025b0       0x14 .\CortexM3\ARM_GCC_493\Debug\cfp_reader.a(LCD.o)
                0x000025b0                LCD_Enable
 .text.LCD_Start
                0x000025c4       0x1c .\CortexM3\ARM_GCC_493\Debug\cfp_reader.a(LCD.o)
                0x000025c4                LCD_Start
 .text.LCD_Position
                0x000025e0       0x3c .\CortexM3\ARM_GCC_493\Debug\cfp_reader.a(LCD.o)
                0x000025e0                LCD_Position
 .text.LCD_PrintInt8
                0x0000261c       0x20 .\CortexM3\ARM_GCC_493\Debug\cfp_reader.a(LCD.o)
                0x0000261c                LCD_PrintInt8
 .text.LCD_PrintInt16
                0x0000263c       0x14 .\CortexM3\ARM_GCC_493\Debug\cfp_reader.a(LCD.o)
                0x0000263c                LCD_PrintInt16
 .text.PWM_2_WriteCounter
                0x00002650        0xc .\CortexM3\ARM_GCC_493\Debug\cfp_reader.a(PWM_2.o)
                0x00002650                PWM_2_WriteCounter
 .text.PWM_2_WritePeriod
                0x0000265c        0xc .\CortexM3\ARM_GCC_493\Debug\cfp_reader.a(PWM_2.o)
                0x0000265c                PWM_2_WritePeriod
 .text.PWM_2_WriteCompare
                0x00002668        0xc .\CortexM3\ARM_GCC_493\Debug\cfp_reader.a(PWM_2.o)
                0x00002668                PWM_2_WriteCompare
 .text.PWM_2_Init
                0x00002674       0x24 .\CortexM3\ARM_GCC_493\Debug\cfp_reader.a(PWM_2.o)
                0x00002674                PWM_2_Init
 .text.PWM_2_Start
                0x00002698       0x18 .\CortexM3\ARM_GCC_493\Debug\cfp_reader.a(PWM_2.o)
                0x00002698                PWM_2_Start
 .text.MDIO_host_2_Enable
                0x000026b0       0x1c .\CortexM3\ARM_GCC_493\Debug\cfp_reader.a(MDIO_host_2_my.o)
                0x000026b0                MDIO_host_2_Enable
 .text.MDIO_host_2_ClearInternalFIFOs
                0x000026cc       0x34 .\CortexM3\ARM_GCC_493\Debug\cfp_reader.a(MDIO_host_2_my.o)
                0x000026cc                MDIO_host_2_ClearInternalFIFOs
 .text.MDIO_host_2_Init
                0x00002700        0xc .\CortexM3\ARM_GCC_493\Debug\cfp_reader.a(MDIO_host_2_my.o)
                0x00002700                MDIO_host_2_Init
 .text.MDIO_host_2_SetAddrC45
                0x0000270c       0x30 .\CortexM3\ARM_GCC_493\Debug\cfp_reader.a(MDIO_host_2_my.o)
                0x0000270c                MDIO_host_2_SetAddrC45
 .text.MDIO_host_2_WriteDataC45
                0x0000273c       0x34 .\CortexM3\ARM_GCC_493\Debug\cfp_reader.a(MDIO_host_2_my.o)
                0x0000273c                MDIO_host_2_WriteDataC45
 .text.MDIO_host_2_ReadDataC45
                0x00002770       0x5c .\CortexM3\ARM_GCC_493\Debug\cfp_reader.a(MDIO_host_2_my.o)
                0x00002770                MDIO_host_2_ReadDataC45
 .text.MDIO_host_2_PosReadDataC45
                0x000027cc       0x5c .\CortexM3\ARM_GCC_493\Debug\cfp_reader.a(MDIO_host_2_my.o)
                0x000027cc                MDIO_host_2_PosReadDataC45
 .text.ISR_Interrupt
                0x00002828       0x10 .\CortexM3\ARM_GCC_493\Debug\cfp_reader.a(ISR.o)
                0x00002828                ISR_Interrupt
 .text.ISR_SetVector
                0x00002838        0xc .\CortexM3\ARM_GCC_493\Debug\cfp_reader.a(ISR.o)
                0x00002838                ISR_SetVector
 .text.ISR_SetPriority
                0x00002844       0x10 .\CortexM3\ARM_GCC_493\Debug\cfp_reader.a(ISR.o)
                0x00002844                ISR_SetPriority
 .text.ISR_Enable
                0x00002854        0xc .\CortexM3\ARM_GCC_493\Debug\cfp_reader.a(ISR.o)
                0x00002854                ISR_Enable
 .text.ISR_Disable
                0x00002860        0xc .\CortexM3\ARM_GCC_493\Debug\cfp_reader.a(ISR.o)
                0x00002860                ISR_Disable
 .text.ISR_Start
                0x0000286c       0x1c .\CortexM3\ARM_GCC_493\Debug\cfp_reader.a(ISR.o)
                0x0000286c                ISR_Start
 .text.Clock_1_Start
                0x00002888       0x1c .\CortexM3\ARM_GCC_493\Debug\cfp_reader.a(Clock_1.o)
                0x00002888                Clock_1_Start
 .text.LED_3_Write
                0x000028a4       0x18 .\CortexM3\ARM_GCC_493\Debug\cfp_reader.a(LED_3.o)
                0x000028a4                LED_3_Write
 .text.DAT_ISR_SetVector
                0x000028bc        0xc .\CortexM3\ARM_GCC_493\Debug\cfp_reader.a(DAT_ISR.o)
                0x000028bc                DAT_ISR_SetVector
 .text.DAT_ISR_SetPriority
                0x000028c8       0x10 .\CortexM3\ARM_GCC_493\Debug\cfp_reader.a(DAT_ISR.o)
                0x000028c8                DAT_ISR_SetPriority
 .text.DAT_ISR_Enable
                0x000028d8        0xc .\CortexM3\ARM_GCC_493\Debug\cfp_reader.a(DAT_ISR.o)
                0x000028d8                DAT_ISR_Enable
 .text.DAT_ISR_Disable
                0x000028e4        0xc .\CortexM3\ARM_GCC_493\Debug\cfp_reader.a(DAT_ISR.o)
                0x000028e4                DAT_ISR_Disable
 .text.DAT_ISR_StartEx
                0x000028f0       0x1c .\CortexM3\ARM_GCC_493\Debug\cfp_reader.a(DAT_ISR.o)
                0x000028f0                DAT_ISR_StartEx
 .text.ADDR_ISR_SetVector
                0x0000290c        0xc .\CortexM3\ARM_GCC_493\Debug\cfp_reader.a(ADDR_ISR.o)
                0x0000290c                ADDR_ISR_SetVector
 .text.ADDR_ISR_SetPriority
                0x00002918       0x10 .\CortexM3\ARM_GCC_493\Debug\cfp_reader.a(ADDR_ISR.o)
                0x00002918                ADDR_ISR_SetPriority
 .text.ADDR_ISR_Enable
                0x00002928        0xc .\CortexM3\ARM_GCC_493\Debug\cfp_reader.a(ADDR_ISR.o)
                0x00002928                ADDR_ISR_Enable
 .text.ADDR_ISR_Disable
                0x00002934        0xc .\CortexM3\ARM_GCC_493\Debug\cfp_reader.a(ADDR_ISR.o)
                0x00002934                ADDR_ISR_Disable
 .text.ADDR_ISR_StartEx
                0x00002940       0x1c .\CortexM3\ARM_GCC_493\Debug\cfp_reader.a(ADDR_ISR.o)
                0x00002940                ADDR_ISR_StartEx
 .text.COR_ISR_SetVector
                0x0000295c        0xc .\CortexM3\ARM_GCC_493\Debug\cfp_reader.a(COR_ISR.o)
                0x0000295c                COR_ISR_SetVector
 .text.COR_ISR_SetPriority
                0x00002968       0x10 .\CortexM3\ARM_GCC_493\Debug\cfp_reader.a(COR_ISR.o)
                0x00002968                COR_ISR_SetPriority
 .text.COR_ISR_Enable
                0x00002978        0xc .\CortexM3\ARM_GCC_493\Debug\cfp_reader.a(COR_ISR.o)
                0x00002978                COR_ISR_Enable
 .text.COR_ISR_Disable
                0x00002984        0xc .\CortexM3\ARM_GCC_493\Debug\cfp_reader.a(COR_ISR.o)
                0x00002984                COR_ISR_Disable
 .text.COR_ISR_StartEx
                0x00002990       0x1c .\CortexM3\ARM_GCC_493\Debug\cfp_reader.a(COR_ISR.o)
                0x00002990                COR_ISR_StartEx
 .text.MDIO_Interface_DmaEnable
                0x000029ac       0x80 .\CortexM3\ARM_GCC_493\Debug\cfp_reader.a(MDIO_Interface.o)
 .text.MDIO_Interface_DmaInit
                0x00002a2c      0x370 .\CortexM3\ARM_GCC_493\Debug\cfp_reader.a(MDIO_Interface.o)
 .text.MDIO_Interface_DmaIsComplete
                0x00002d9c       0x2c .\CortexM3\ARM_GCC_493\Debug\cfp_reader.a(MDIO_Interface.o)
 .text.MDIO_Interface_EnableInt
                0x00002dc8       0x10 .\CortexM3\ARM_GCC_493\Debug\cfp_reader.a(MDIO_Interface.o)
                0x00002dc8                MDIO_Interface_EnableInt
 .text.MDIO_Interface_Enable
                0x00002dd8       0x30 .\CortexM3\ARM_GCC_493\Debug\cfp_reader.a(MDIO_Interface.o)
                0x00002dd8                MDIO_Interface_Enable
 .text.MDIO_Interface_SetDevAddress
                0x00002e08       0x20 .\CortexM3\ARM_GCC_493\Debug\cfp_reader.a(MDIO_Interface.o)
                0x00002e08                MDIO_Interface_SetDevAddress
 .text.MDIO_Interface_SetPhyAddress
                0x00002e28       0x24 .\CortexM3\ARM_GCC_493\Debug\cfp_reader.a(MDIO_Interface.o)
                0x00002e28                MDIO_Interface_SetPhyAddress
 .text.MDIO_Interface_UpdatePhyAddress
                0x00002e4c        0xc .\CortexM3\ARM_GCC_493\Debug\cfp_reader.a(MDIO_Interface.o)
                0x00002e4c                MDIO_Interface_UpdatePhyAddress
 .text.MDIO_Interface_Init
                0x00002e58       0x78 .\CortexM3\ARM_GCC_493\Debug\cfp_reader.a(MDIO_Interface.o)
                0x00002e58                MDIO_Interface_Init
 .text.MDIO_Interface_Start
                0x00002ed0       0x20 .\CortexM3\ARM_GCC_493\Debug\cfp_reader.a(MDIO_Interface.o)
                0x00002ed0                MDIO_Interface_Start
 .text.MDIO_Interface_GetAddress
                0x00002ef0        0xc .\CortexM3\ARM_GCC_493\Debug\cfp_reader.a(MDIO_Interface.o)
                0x00002ef0                MDIO_Interface_GetAddress
 .text.MDIO_Interface_GetData
                0x00002efc       0xb8 .\CortexM3\ARM_GCC_493\Debug\cfp_reader.a(MDIO_Interface.o)
                0x00002efc                MDIO_Interface_GetData
 .text.MDIO_Interface_SetData
                0x00002fb4       0xb8 .\CortexM3\ARM_GCC_493\Debug\cfp_reader.a(MDIO_Interface.o)
                0x00002fb4                MDIO_Interface_SetData
 .text.MDIO_Interface_SetBits
                0x0000306c       0xd0 .\CortexM3\ARM_GCC_493\Debug\cfp_reader.a(MDIO_Interface.o)
                0x0000306c                MDIO_Interface_SetBits
 .text.MDIO_Interface_AddrDMA_DmaInitialize
                0x0000313c       0x3c .\CortexM3\ARM_GCC_493\Debug\cfp_reader.a(MDIO_Interface_AddrDMA_dma.o)
                0x0000313c                MDIO_Interface_AddrDMA_DmaInitialize
 .text.MDIO_Interface_InfoDMA_DmaInitialize
                0x00003178       0x40 .\CortexM3\ARM_GCC_493\Debug\cfp_reader.a(MDIO_Interface_InfoDMA_dma.o)
                0x00003178                MDIO_Interface_InfoDMA_DmaInitialize
 .text.MDIO_Interface_StartAddrDMA_DmaInitialize
                0x000031b8       0x3c .\CortexM3\ARM_GCC_493\Debug\cfp_reader.a(MDIO_Interface_StartAddrDMA_dma.o)
                0x000031b8                MDIO_Interface_StartAddrDMA_DmaInitialize
 .text.MDIO_Interface_EndAddrDMA_DmaInitialize
                0x000031f4       0x3c .\CortexM3\ARM_GCC_493\Debug\cfp_reader.a(MDIO_Interface_EndAddrDMA_dma.o)
                0x000031f4                MDIO_Interface_EndAddrDMA_DmaInitialize
 .text.MDIO_Interface_WrDMA_DmaInitialize
                0x00003230       0x40 .\CortexM3\ARM_GCC_493\Debug\cfp_reader.a(MDIO_Interface_WrDMA_dma.o)
                0x00003230                MDIO_Interface_WrDMA_DmaInitialize
 .text.MDIO_Interface_RdDMA_DmaInitialize
                0x00003270       0x3c .\CortexM3\ARM_GCC_493\Debug\cfp_reader.a(MDIO_Interface_RdDMA_dma.o)
                0x00003270                MDIO_Interface_RdDMA_DmaInitialize
 .text.MDIO_Interface_CfgDMA1_DmaInitialize
                0x000032ac       0x40 .\CortexM3\ARM_GCC_493\Debug\cfp_reader.a(MDIO_Interface_CfgDMA1_dma.o)
                0x000032ac                MDIO_Interface_CfgDMA1_DmaInitialize
 .text.MDIO_Interface_CfgDMA2_DmaInitialize
                0x000032ec       0x40 .\CortexM3\ARM_GCC_493\Debug\cfp_reader.a(MDIO_Interface_CfgDMA2_dma.o)
                0x000032ec                MDIO_Interface_CfgDMA2_DmaInitialize
 .text.MDIO_Interface_FwDMA1_DmaInitialize
                0x0000332c       0x40 .\CortexM3\ARM_GCC_493\Debug\cfp_reader.a(MDIO_Interface_FwDMA1_dma.o)
                0x0000332c                MDIO_Interface_FwDMA1_DmaInitialize
 .text.MDIO_Interface_FwDMA2_DmaInitialize
                0x0000336c       0x40 .\CortexM3\ARM_GCC_493\Debug\cfp_reader.a(MDIO_Interface_FwDMA2_dma.o)
                0x0000336c                MDIO_Interface_FwDMA2_DmaInitialize
 .text.Debug_MDIO_1_Write
                0x000033ac       0x18 .\CortexM3\ARM_GCC_493\Debug\cfp_reader.a(Debug_MDIO_1.o)
                0x000033ac                Debug_MDIO_1_Write
 *fill*         0x000033c4        0x4 
 .text          0x000033c8       0x20 .\CortexM3\ARM_GCC_493\Debug\cfp_reader.a(CyBootAsmGnu.o)
                0x000033c8                CyDelayCycles
                0x000033d8                CyEnterCriticalSection
                0x000033e0                CyExitCriticalSection
 .text.USBUART_1_DispatchClassRqst
                0x000033e8       0x58 .\CortexM3\ARM_GCC_493\Debug\cfp_reader.a(USBUART_1_cls.o)
                0x000033e8                USBUART_1_DispatchClassRqst
 .text.__errno  0x00003440        0xc c:/program files (x86)/cypress/psoc creator/4.0/psoc creator/import/gnu/arm/4.9.3/bin/../lib/gcc/arm-none-eabi/4.9.3/../../../../arm-none-eabi/lib/armv7-m\libg_nano.a(lib_a-errno.o)
                0x00003440                __errno
 .text.__libc_init_array
                0x0000344c       0x4c c:/program files (x86)/cypress/psoc creator/4.0/psoc creator/import/gnu/arm/4.9.3/bin/../lib/gcc/arm-none-eabi/4.9.3/../../../../arm-none-eabi/lib/armv7-m\libg_nano.a(lib_a-init.o)
                0x0000344c                __libc_init_array
 .text.memcpy   0x00003498       0x16 c:/program files (x86)/cypress/psoc creator/4.0/psoc creator/import/gnu/arm/4.9.3/bin/../lib/gcc/arm-none-eabi/4.9.3/../../../../arm-none-eabi/lib/armv7-m\libg_nano.a(lib_a-memcpy.o)
                0x00003498                memcpy
 .text.memset   0x000034ae       0x10 c:/program files (x86)/cypress/psoc creator/4.0/psoc creator/import/gnu/arm/4.9.3/bin/../lib/gcc/arm-none-eabi/4.9.3/../../../../arm-none-eabi/lib/armv7-m\libg_nano.a(lib_a-memset.o)
                0x000034ae                memset
 *(.plt)
 *(.gnu.warning)
 *(.glue_7t)
 .glue_7t       0x00000000        0x0 linker stubs
 *(.glue_7)
 .glue_7        0x00000000        0x0 linker stubs
 *(.vfp11_veneer)
 .vfp11_veneer  0x00000000        0x0 linker stubs
 *(.bootloader)
 *(.ARM.extab* .gnu.linkonce.armextab.*)
 *(.gcc_except_table)

.v4_bx          0x000034c0        0x0
 .v4_bx         0x00000000        0x0 linker stubs

.iplt           0x000034c0        0x0
 .iplt          0x00000000        0x0 c:/program files (x86)/cypress/psoc creator/4.0/psoc creator/import/gnu/arm/4.9.3/bin/../lib/gcc/arm-none-eabi/4.9.3/armv7-m/crtbegin.o

.eh_frame_hdr
 *(.eh_frame_hdr)

.eh_frame       0x000034c0        0x4
 *(.eh_frame)
 .eh_frame      0x000034c0        0x0 c:/program files (x86)/cypress/psoc creator/4.0/psoc creator/import/gnu/arm/4.9.3/bin/../lib/gcc/arm-none-eabi/4.9.3/armv7-m/crtbegin.o
 .eh_frame      0x000034c0        0x4 c:/program files (x86)/cypress/psoc creator/4.0/psoc creator/import/gnu/arm/4.9.3/bin/../lib/gcc/arm-none-eabi/4.9.3/armv7-m/crtend.o
                0x000034c4                PROVIDE (__exidx_start, .)

.ARM.exidx
 *(.ARM.exidx* .gnu.linkonce.armexidx.*)
                0x000034c4                __exidx_end = .

.rodata         0x000034c4     0x1484
 *(.rodata .rodata.* .gnu.linkonce.r.*)
 .rodata.str1.4
                0x000034c4       0x6c .\CortexM3\ARM_GCC_493\Debug\main.o
 .rodata        0x00003530       0x38 .\CortexM3\ARM_GCC_493\Debug\cfp_reader.a(cyfitter_cfg.o)
 .rodata.str1.4
                0x00003568       0x14 .\CortexM3\ARM_GCC_493\Debug\cfp_reader.a(USBUART_1_std.o)
 .rodata        0x0000357c       0x10 .\CortexM3\ARM_GCC_493\Debug\cfp_reader.a(LCD.o)
 .rodata        0x0000358c     0x1230 .\CortexM3\ARM_GCC_493\Debug\cfp_reader.a(MDIO_Interface_REG.o)
                0x0000358c                MDIO_Interface_pageInfoPtr
                0x000035bc                MDIO_Interface_registerConfig_4
                0x000037bc                MDIO_Interface_registerConfig_3
                0x00003bbc                MDIO_Interface_registerConfig_2
                0x00003fbc                MDIO_Interface_registerConfig_1
 .rodata        0x000047bc      0x150 .\CortexM3\ARM_GCC_493\Debug\cfp_reader.a(USBUART_1_descr.o)
                0x000047bc                USBUART_1_TABLE
                0x000047c4                USBUART_1_DEVICE0_TABLE
                0x000047dc                USBUART_1_DEVICE0_CONFIGURATION0_TABLE
                0x00004804                USBUART_1_DEVICE0_CONFIGURATION0_INTERFACE_CLASS
                0x00004808                USBUART_1_DEVICE0_CONFIGURATION0_EP_SETTINGS_TABLE
                0x00004820                USBUART_1_SN_STRING_DESCRIPTOR
                0x00004824                USBUART_1_STRING_DESCRIPTORS
                0x000048b4                USBUART_1_DEVICE0_CONFIGURATION0_DESCR
                0x000048f8                USBUART_1_DEVICE0_DESCR
 .rodata.str1.1
                0x0000490c        0x2 c:/program files (x86)/cypress/psoc creator/4.0/psoc creator/import/gnu/arm/4.9.3/bin/../lib/gcc/arm-none-eabi/4.9.3/../../../../arm-none-eabi/lib/armv7-m\libg_nano.a(lib_a-impure.o)
                0x00004910                . = ALIGN (0x4)
 *fill*         0x0000490e        0x2 
 *(.init)
 .init          0x00004910        0x4 c:/program files (x86)/cypress/psoc creator/4.0/psoc creator/import/gnu/arm/4.9.3/bin/../lib/gcc/arm-none-eabi/4.9.3/armv7-m/crti.o
                0x00004910                _init
 .init          0x00004914        0x8 c:/program files (x86)/cypress/psoc creator/4.0/psoc creator/import/gnu/arm/4.9.3/bin/../lib/gcc/arm-none-eabi/4.9.3/armv7-m/crtn.o
                0x0000491c                . = ALIGN (0x4)
                0x0000491c                __preinit_array_start = .
 *(.preinit_array)
                0x0000491c                __preinit_array_end = .
                0x0000491c                . = ALIGN (0x4)
                0x0000491c                __init_array_start = .
 *(SORT(.init_array.*))
 *(.init_array)
 .init_array    0x0000491c        0x4 c:/program files (x86)/cypress/psoc creator/4.0/psoc creator/import/gnu/arm/4.9.3/bin/../lib/gcc/arm-none-eabi/4.9.3/armv7-m/crtbegin.o
 .init_array    0x00004920        0x4 .\CortexM3\ARM_GCC_493\Debug\Cm3Start.o
                0x00004924                __init_array_end = .
                0x00004924                . = ALIGN (0x4)
 *(.fini)
 .fini          0x00004924        0x4 c:/program files (x86)/cypress/psoc creator/4.0/psoc creator/import/gnu/arm/4.9.3/bin/../lib/gcc/arm-none-eabi/4.9.3/armv7-m/crti.o
                0x00004924                _fini
 .fini          0x00004928        0x8 c:/program files (x86)/cypress/psoc creator/4.0/psoc creator/import/gnu/arm/4.9.3/bin/../lib/gcc/arm-none-eabi/4.9.3/armv7-m/crtn.o
                0x00004930                . = ALIGN (0x4)
                0x00004930                __fini_array_start = .
 *(.fini_array)
 .fini_array    0x00004930        0x4 c:/program files (x86)/cypress/psoc creator/4.0/psoc creator/import/gnu/arm/4.9.3/bin/../lib/gcc/arm-none-eabi/4.9.3/armv7-m/crtbegin.o
 *(SORT(.fini_array.*))
                0x00004934                __fini_array_end = .
                0x00004934                . = ALIGN (0x4)
 *crtbegin.o(.ctors)
 *(EXCLUDE_FILE(*crtend.o) .ctors)
 *(SORT(.ctors.*))
 *crtend.o(.ctors)
                0x00004934                . = ALIGN (0x4)
 *crtbegin.o(.dtors)
 *(EXCLUDE_FILE(*crtend.o) .dtors)
 *(SORT(.dtors.*))
 *crtend.o(.dtors)
                0x00004934                . = ALIGN (0x4)
                0x00004934                __cy_regions = .
                0x00004934        0x4 LONG 0x4948 __cy_region_init_ram
                0x00004938        0x4 LONG 0x1fff8108 __cy_region_start_data
                0x0000493c        0x4 LONG 0xac8 __cy_region_init_size_ram
                0x00004940        0x4 LONG 0x598 __cy_region_zero_size_ram
                0x00004944                __cy_regions_end = .
                0x00004948                . = ALIGN (0x8)
 *fill*         0x00004944        0x4 
                0x00004948                _etext = .

.cy_checksum_exclude
                0x00004948        0x0
 *(.cy_checksum_exclude)

.ramvectors     0x1fff8000      0x100
                0x1fff8000                __cy_region_start_ram = .
 *(.ramvectors)
 .ramvectors    0x1fff8000      0x100 .\CortexM3\ARM_GCC_493\Debug\Cm3Start.o
                0x1fff8000                CyRamVectors

.noinit         0x1fff8100        0x5
 *(.noinit)
 .noinit        0x1fff8100        0x4 .\CortexM3\ARM_GCC_493\Debug\Cm3Start.o
 .noinit        0x1fff8104        0x1 .\CortexM3\ARM_GCC_493\Debug\cfp_reader.a(CyLib.o)
                0x1fff8104                CyResetStatus

.data           0x1fff8108      0xac8 load address 0x00004948
                0x1fff8108                __cy_region_start_data = .
 *(.jcr)
 .jcr           0x1fff8108        0x0 c:/program files (x86)/cypress/psoc creator/4.0/psoc creator/import/gnu/arm/4.9.3/bin/../lib/gcc/arm-none-eabi/4.9.3/armv7-m/crtbegin.o
 .jcr           0x1fff8108        0x4 c:/program files (x86)/cypress/psoc creator/4.0/psoc creator/import/gnu/arm/4.9.3/bin/../lib/gcc/arm-none-eabi/4.9.3/armv7-m/crtend.o
 *(.got.plt)
 *(.got)
 *(.shdata)
 *(.data .data.* .gnu.linkonce.d.*)
 .data          0x1fff810c        0x4 .\CortexM3\ARM_GCC_493\Debug\main.o
                0x1fff810e                HostAddress
 .data          0x1fff8110        0x8 .\CortexM3\ARM_GCC_493\Debug\cfp_reader.a(CyDmac.o)
 .data          0x1fff8118       0x10 .\CortexM3\ARM_GCC_493\Debug\cfp_reader.a(CyLib.o)
                0x1fff8118                cydelay_32k_ms
                0x1fff811c                cydelay_freq_khz
                0x1fff8120                cydelay_freq_mhz
                0x1fff8124                cydelay_freq_hz
 .data          0x1fff8128       0x1c .\CortexM3\ARM_GCC_493\Debug\cfp_reader.a(USBUART_1_cdc.o)
                0x1fff8128                USBUART_1_linesCoding
 .data          0x1fff8144       0x18 .\CortexM3\ARM_GCC_493\Debug\cfp_reader.a(MDIO_Interface.o)
 .data          0x1fff815c      0xa00 .\CortexM3\ARM_GCC_493\Debug\cfp_reader.a(MDIO_Interface_REG.o)
                0x1fff815c                MDIO_Interface_registerConfig_6
                0x1fff835c                MDIO_Interface_registerConfig_5
                0x1fff875c                MDIO_Interface_registerPage_5
                0x1fff895c                MDIO_Interface_registerPage_1
 .data          0x1fff8b5c        0x1 .\CortexM3\ARM_GCC_493\Debug\cfp_reader.a(MDIO_Interface_AddrDMA_dma.o)
                0x1fff8b5c                MDIO_Interface_AddrDMA_DmaHandle
 .data          0x1fff8b5d        0x1 .\CortexM3\ARM_GCC_493\Debug\cfp_reader.a(MDIO_Interface_InfoDMA_dma.o)
                0x1fff8b5d                MDIO_Interface_InfoDMA_DmaHandle
 .data          0x1fff8b5e        0x1 .\CortexM3\ARM_GCC_493\Debug\cfp_reader.a(MDIO_Interface_StartAddrDMA_dma.o)
                0x1fff8b5e                MDIO_Interface_StartAddrDMA_DmaHandle
 .data          0x1fff8b5f        0x1 .\CortexM3\ARM_GCC_493\Debug\cfp_reader.a(MDIO_Interface_EndAddrDMA_dma.o)
                0x1fff8b5f                MDIO_Interface_EndAddrDMA_DmaHandle
 .data          0x1fff8b60        0x1 .\CortexM3\ARM_GCC_493\Debug\cfp_reader.a(MDIO_Interface_WrDMA_dma.o)
                0x1fff8b60                MDIO_Interface_WrDMA_DmaHandle
 .data          0x1fff8b61        0x1 .\CortexM3\ARM_GCC_493\Debug\cfp_reader.a(MDIO_Interface_RdDMA_dma.o)
                0x1fff8b61                MDIO_Interface_RdDMA_DmaHandle
 .data          0x1fff8b62        0x1 .\CortexM3\ARM_GCC_493\Debug\cfp_reader.a(MDIO_Interface_CfgDMA1_dma.o)
                0x1fff8b62                MDIO_Interface_CfgDMA1_DmaHandle
 .data          0x1fff8b63        0x1 .\CortexM3\ARM_GCC_493\Debug\cfp_reader.a(MDIO_Interface_CfgDMA2_dma.o)
                0x1fff8b63                MDIO_Interface_CfgDMA2_DmaHandle
 .data          0x1fff8b64        0x1 .\CortexM3\ARM_GCC_493\Debug\cfp_reader.a(MDIO_Interface_FwDMA1_dma.o)
                0x1fff8b64                MDIO_Interface_FwDMA1_DmaHandle
 .data          0x1fff8b65        0x1 .\CortexM3\ARM_GCC_493\Debug\cfp_reader.a(MDIO_Interface_FwDMA2_dma.o)
                0x1fff8b65                MDIO_Interface_FwDMA2_DmaHandle
 *fill*         0x1fff8b66        0x2 
 .data.impure_data
                0x1fff8b68       0x60 c:/program files (x86)/cypress/psoc creator/4.0/psoc creator/import/gnu/arm/4.9.3/bin/../lib/gcc/arm-none-eabi/4.9.3/../../../../arm-none-eabi/lib/armv7-m\libg_nano.a(lib_a-impure.o)
 .data._impure_ptr
                0x1fff8bc8        0x4 c:/program files (x86)/cypress/psoc creator/4.0/psoc creator/import/gnu/arm/4.9.3/bin/../lib/gcc/arm-none-eabi/4.9.3/../../../../arm-none-eabi/lib/armv7-m\libg_nano.a(lib_a-impure.o)
                0x1fff8bc8                _impure_ptr
                0x1fff8bd0                . = ALIGN (0x8)
 *fill*         0x1fff8bcc        0x4 
 *(.ram)
                0x1fff8bd0                _edata = .

.igot.plt       0x1fff8bd0        0x0 load address 0x00005410
 .igot.plt      0x00000000        0x0 c:/program files (x86)/cypress/psoc creator/4.0/psoc creator/import/gnu/arm/4.9.3/bin/../lib/gcc/arm-none-eabi/4.9.3/armv7-m/crtbegin.o

.bss            0x1fff8bd0      0x598 load address 0x00005410
                0x1fff8bd0                PROVIDE (__bss_start__, .)
 *(.shbss)
 *(.bss .bss.* .gnu.linkonce.b.*)
 .bss           0x1fff8bd0       0x1c c:/program files (x86)/cypress/psoc creator/4.0/psoc creator/import/gnu/arm/4.9.3/bin/../lib/gcc/arm-none-eabi/4.9.3/armv7-m/crtbegin.o
 .bss           0x1fff8bec        0xc .\CortexM3\ARM_GCC_493\Debug\main.o
                0x1fff8bec                dataFlag
                0x1fff8bed                corFlag
                0x1fff8bee                myAddress
                0x1fff8bf0                HostData
                0x1fff8bf2                read_MDIO_data
                0x1fff8bf4                myData
 .bss           0x1fff8bf8        0x1 .\CortexM3\ARM_GCC_493\Debug\cfp_reader.a(VDAC8_1.o)
                0x1fff8bf8                VDAC8_1_initVar
 .bss           0x1fff8bf9        0x1 .\CortexM3\ARM_GCC_493\Debug\cfp_reader.a(Opamp_1.o)
                0x1fff8bf9                Opamp_1_initVar
 .bss           0x1fff8bfa        0x1 .\CortexM3\ARM_GCC_493\Debug\cfp_reader.a(PWM_1.o)
                0x1fff8bfa                PWM_1_initVar
 .bss           0x1fff8bfb        0x1 .\CortexM3\ARM_GCC_493\Debug\cfp_reader.a(USBUART_1.o)
                0x1fff8bfb                USBUART_1_initVar
 .bss           0x1fff8bfc        0x1 .\CortexM3\ARM_GCC_493\Debug\cfp_reader.a(USBUART_1_cdc.o)
 *fill*         0x1fff8bfd        0x3 
 .bss           0x1fff8c00        0x4 .\CortexM3\ARM_GCC_493\Debug\cfp_reader.a(USBUART_1_std.o)
 .bss           0x1fff8c04        0x2 .\CortexM3\ARM_GCC_493\Debug\cfp_reader.a(LCD.o)
                0x1fff8c04                LCD_enableState
                0x1fff8c05                LCD_initVar
 .bss           0x1fff8c06        0x1 .\CortexM3\ARM_GCC_493\Debug\cfp_reader.a(PWM_2.o)
                0x1fff8c06                PWM_2_initVar
 *fill*         0x1fff8c07        0x1 
 .bss           0x1fff8c08        0x4 .\CortexM3\ARM_GCC_493\Debug\cfp_reader.a(MDIO_host_2_my.o)
                0x1fff8c08                MDIO_host_2_StatusRegister
                0x1fff8c09                MDIO_host_2_initVar
                0x1fff8c0a                MDIO_host_2_data_bits
 .bss           0x1fff8c0c       0x88 .\CortexM3\ARM_GCC_493\Debug\cfp_reader.a(MDIO_Interface.o)
                0x1fff8c93                MDIO_Interface_initVar
 *(COMMON)
 COMMON         0x1fff8c94       0x18 .\CortexM3\ARM_GCC_493\Debug\cfp_reader.a(USBUART_1_cdc.o)
                0x1fff8c94                USBUART_1_cdcDataInEp
                0x1fff8c98                USBUART_1_cdcDataOutEp
                0x1fff8c9c                USBUART_1_cdcCommInInterruptEp
                0x1fff8ca0                USBUART_1_serialStateBitmap
                0x1fff8ca4                USBUART_1_linesChanged
                0x1fff8ca8                USBUART_1_linesControlBitmap
 COMMON         0x1fff8cac       0x97 .\CortexM3\ARM_GCC_493\Debug\cfp_reader.a(USBUART_1_drv.o)
                0x1fff8cac                USBUART_1_interfaceSettingLast
                0x1fff8cae                USBUART_1_ep0Mode
                0x1fff8caf                USBUART_1_lastPacketSize
                0x1fff8cb0                USBUART_1_configurationChanged
                0x1fff8cb1                USBUART_1_configuration
                0x1fff8cb2                USBUART_1_interfaceNumber
                0x1fff8cb3                USBUART_1_deviceStatus
                0x1fff8cb4                USBUART_1_ep0Toggle
                0x1fff8cb8                USBUART_1_interfaceClass
                0x1fff8cbc                USBUART_1_interfaceSetting
                0x1fff8cc0                USBUART_1_currentTD
                0x1fff8ccc                USBUART_1_ep0Count
                0x1fff8cd0                USBUART_1_EP
                0x1fff8d3c                USBUART_1_transferByteCount
                0x1fff8d3e                USBUART_1_transferState
                0x1fff8d3f                USBUART_1_device
                0x1fff8d40                USBUART_1_interfaceStatus
                0x1fff8d42                USBUART_1_deviceAddress
 *fill*         0x1fff8d43        0x1 
 COMMON         0x1fff8d44      0x400 .\CortexM3\ARM_GCC_493\Debug\cfp_reader.a(MDIO_Interface_REG.o)
                0x1fff8d44                MDIO_Interface_registerPage_4
                0x1fff8e44                MDIO_Interface_registerPage_6
                0x1fff8f44                MDIO_Interface_registerPage_3
                0x1fff9044                MDIO_Interface_registerPage_2
 COMMON         0x1fff9144       0x22 .\CortexM3\ARM_GCC_493\Debug\cfp_reader.a(USBUART_1_descr.o)
                0x1fff9144                USBUART_1_idSerialNumberStringDescriptor
                0x1fff9168                . = ALIGN (0x8)
 *fill*         0x1fff9166        0x2 
 *(.ram.b)
                0x1fff9168                _end = .
                0x1fff9168                __end = .
                0x1fff9168                PROVIDE (end, .)
                0x1fff9168                PROVIDE (__bss_end__, .)
                0x00004948                __cy_region_init_ram = LOADADDR (.data)
                0x00000ac8                __cy_region_init_size_ram = (_edata - ADDR (.data))
                0x00000598                __cy_region_zero_size_ram = (_end - _edata)

.heap           0x1fff9168       0x80 load address 0x00005410
                0x1fff9168                . = _end
                0x1fff91e8                . = (. + 0x80)
 *fill*         0x1fff9168       0x80 
                0x1fff91e8                __cy_heap_limit = .

.stack          0x20007800      0x800
                0x20007800                __cy_stack_limit = .
                0x20008000                . = (. + 0x800)
 *fill*         0x20007800      0x800 
                0x00000001                ASSERT ((__cy_stack_limit >= __cy_heap_limit), region RAM overflowed with stack)
                0x00000000                cy_checksum_exclude_size = (CY_APPL_LOADABLE == 0x1)?SIZEOF (.cy_checksum_exclude):0x0
                0x00000001                ASSERT ((cy_checksum_exclude_size <= CY_CHECKSUM_EXCLUDE_SIZE), CY_BOOT: Section .cy_checksum_exclude size exceedes specified limit.)

.cyloadermeta
 *(.cyloadermeta)

.cyloadablemeta
 *(.cyloadablemeta)

.cyconfigecc    0x80000000      0xf30
 *(.cyconfigecc)
 .cyconfigecc   0x80000000      0xf30 .\CortexM3\ARM_GCC_493\Debug\cymetadata.o
                0x80000000                cy_meta_configecc

.cycustnvl      0x90000000        0x4
 *(.cycustnvl)
 .cycustnvl     0x90000000        0x4 .\CortexM3\ARM_GCC_493\Debug\cymetadata.o
                0x90000000                cy_meta_custnvl

.cywolatch      0x90100000        0x4
 *(.cywolatch)
 .cywolatch     0x90100000        0x4 .\CortexM3\ARM_GCC_493\Debug\cymetadata.o
                0x90100000                cy_meta_wonvl

.cyeeprom       0x90200000        0x0
 *(.cyeeprom)
                0x00000001                ASSERT ((. <= ((0x90200000 + ee_offset) + ee_size)), .cyeeprom data will not fit in EEPROM)

.cyflashprotect
                0x90400000      0x100
 *(.cyflashprotect)
 .cyflashprotect
                0x90400000      0x100 .\CortexM3\ARM_GCC_493\Debug\cymetadata.o
                0x90400000                cy_meta_flashprotect

.cymeta         0x90500000        0xc
 *(.cymeta)
 .cymeta        0x90500000        0xc .\CortexM3\ARM_GCC_493\Debug\cymetadata.o
                0x90500000                cy_metadata

.rel.dyn        0x00005410        0x0 load address 0x9050000c
 .rel.iplt      0x00000000        0x0 c:/program files (x86)/cypress/psoc creator/4.0/psoc creator/import/gnu/arm/4.9.3/bin/../lib/gcc/arm-none-eabi/4.9.3/armv7-m/crtbegin.o

.stab
 *(.stab)

.stabstr
 *(.stabstr)

.debug
 *(.debug)

.line
 *(.line)

.debug_srcinfo
 *(.debug_srcinfo)

.debug_sfnames
 *(.debug_sfnames)

.debug_aranges  0x00000000     0x12a0
 *(.debug_aranges)
 .debug_aranges
                0x00000000       0x48 .\CortexM3\ARM_GCC_493\Debug\main.o
 .debug_aranges
                0x00000048       0x18 .\CortexM3\ARM_GCC_493\Debug\cymetadata.o
 .debug_aranges
                0x00000060       0x48 .\CortexM3\ARM_GCC_493\Debug\Cm3Start.o
 .debug_aranges
                0x000000a8       0x58 .\CortexM3\ARM_GCC_493\Debug\cfp_reader.a(cyfitter_cfg.o)
 .debug_aranges
                0x00000100       0x70 .\CortexM3\ARM_GCC_493\Debug\cfp_reader.a(Clock_3.o)
 .debug_aranges
                0x00000170       0x58 .\CortexM3\ARM_GCC_493\Debug\cfp_reader.a(VDAC8_1.o)
 .debug_aranges
                0x000001c8       0x40 .\CortexM3\ARM_GCC_493\Debug\cfp_reader.a(Opamp_1.o)
 .debug_aranges
                0x00000208       0xd8 .\CortexM3\ARM_GCC_493\Debug\cfp_reader.a(CyDmac.o)
 .debug_aranges
                0x000002e0      0x2a0 .\CortexM3\ARM_GCC_493\Debug\cfp_reader.a(CyLib.o)
 .debug_aranges
                0x00000580       0x98 .\CortexM3\ARM_GCC_493\Debug\cfp_reader.a(cyPm.o)
 .debug_aranges
                0x00000618       0x70 .\CortexM3\ARM_GCC_493\Debug\cfp_reader.a(Clock_2.o)
 .debug_aranges
                0x00000688       0x70 .\CortexM3\ARM_GCC_493\Debug\cfp_reader.a(PWM_1.o)
 .debug_aranges
                0x000006f8       0xc8 .\CortexM3\ARM_GCC_493\Debug\cfp_reader.a(USBUART_1.o)
 .debug_aranges
                0x000007c0       0xe8 .\CortexM3\ARM_GCC_493\Debug\cfp_reader.a(USBUART_1_cdc.o)
 .debug_aranges
                0x000008a8       0x98 .\CortexM3\ARM_GCC_493\Debug\cfp_reader.a(USBUART_1_drv.o)
 .debug_aranges
                0x00000940       0x40 .\CortexM3\ARM_GCC_493\Debug\cfp_reader.a(USBUART_1_episr.o)
 .debug_aranges
                0x00000980       0x40 .\CortexM3\ARM_GCC_493\Debug\cfp_reader.a(USBUART_1_pm.o)
 .debug_aranges
                0x000009c0       0x80 .\CortexM3\ARM_GCC_493\Debug\cfp_reader.a(USBUART_1_std.o)
 .debug_aranges
                0x00000a40       0x20 .\CortexM3\ARM_GCC_493\Debug\cfp_reader.a(USBUART_1_vnd.o)
 .debug_aranges
                0x00000a60       0x48 .\CortexM3\ARM_GCC_493\Debug\cfp_reader.a(USBUART_1_Dp.o)
 .debug_aranges
                0x00000aa8       0x98 .\CortexM3\ARM_GCC_493\Debug\cfp_reader.a(LCD.o)
 .debug_aranges
                0x00000b40       0x70 .\CortexM3\ARM_GCC_493\Debug\cfp_reader.a(PWM_2.o)
 .debug_aranges
                0x00000bb0       0x70 .\CortexM3\ARM_GCC_493\Debug\cfp_reader.a(MDIO_host_2_my.o)
 .debug_aranges
                0x00000c20       0x80 .\CortexM3\ARM_GCC_493\Debug\cfp_reader.a(ISR.o)
 .debug_aranges
                0x00000ca0       0x70 .\CortexM3\ARM_GCC_493\Debug\cfp_reader.a(Clock_1.o)
 .debug_aranges
                0x00000d10       0x38 .\CortexM3\ARM_GCC_493\Debug\cfp_reader.a(LED_3.o)
 .debug_aranges
                0x00000d48       0x80 .\CortexM3\ARM_GCC_493\Debug\cfp_reader.a(DAT_ISR.o)
 .debug_aranges
                0x00000dc8       0x80 .\CortexM3\ARM_GCC_493\Debug\cfp_reader.a(ADDR_ISR.o)
 .debug_aranges
                0x00000e48       0x80 .\CortexM3\ARM_GCC_493\Debug\cfp_reader.a(COR_ISR.o)
 .debug_aranges
                0x00000ec8       0xa8 .\CortexM3\ARM_GCC_493\Debug\cfp_reader.a(MDIO_Interface.o)
 .debug_aranges
                0x00000f70       0x18 .\CortexM3\ARM_GCC_493\Debug\cfp_reader.a(MDIO_Interface_REG.o)
 .debug_aranges
                0x00000f88       0x28 .\CortexM3\ARM_GCC_493\Debug\cfp_reader.a(MDIO_Interface_AddrDMA_dma.o)
 .debug_aranges
                0x00000fb0       0x28 .\CortexM3\ARM_GCC_493\Debug\cfp_reader.a(MDIO_Interface_InfoDMA_dma.o)
 .debug_aranges
                0x00000fd8       0x28 .\CortexM3\ARM_GCC_493\Debug\cfp_reader.a(MDIO_Interface_StartAddrDMA_dma.o)
 .debug_aranges
                0x00001000       0x28 .\CortexM3\ARM_GCC_493\Debug\cfp_reader.a(MDIO_Interface_EndAddrDMA_dma.o)
 .debug_aranges
                0x00001028       0x28 .\CortexM3\ARM_GCC_493\Debug\cfp_reader.a(MDIO_Interface_WrDMA_dma.o)
 .debug_aranges
                0x00001050       0x28 .\CortexM3\ARM_GCC_493\Debug\cfp_reader.a(MDIO_Interface_RdDMA_dma.o)
 .debug_aranges
                0x00001078       0x28 .\CortexM3\ARM_GCC_493\Debug\cfp_reader.a(MDIO_Interface_CfgDMA1_dma.o)
 .debug_aranges
                0x000010a0       0x28 .\CortexM3\ARM_GCC_493\Debug\cfp_reader.a(MDIO_Interface_CfgDMA2_dma.o)
 .debug_aranges
                0x000010c8       0x28 .\CortexM3\ARM_GCC_493\Debug\cfp_reader.a(MDIO_Interface_FwDMA1_dma.o)
 .debug_aranges
                0x000010f0       0x28 .\CortexM3\ARM_GCC_493\Debug\cfp_reader.a(MDIO_Interface_FwDMA2_dma.o)
 .debug_aranges
                0x00001118       0x38 .\CortexM3\ARM_GCC_493\Debug\cfp_reader.a(Debug_MDIO_1.o)
 .debug_aranges
                0x00001150       0x20 .\CortexM3\ARM_GCC_493\Debug\cfp_reader.a(CyBootAsmGnu.o)
 .debug_aranges
                0x00001170       0x80 .\CortexM3\ARM_GCC_493\Debug\cfp_reader.a(CyFlash.o)
 .debug_aranges
                0x000011f0       0x78 .\CortexM3\ARM_GCC_493\Debug\cfp_reader.a(CySpc.o)
 .debug_aranges
                0x00001268       0x20 .\CortexM3\ARM_GCC_493\Debug\cfp_reader.a(USBUART_1_cls.o)
 .debug_aranges
                0x00001288       0x18 .\CortexM3\ARM_GCC_493\Debug\cfp_reader.a(USBUART_1_descr.o)

.debug_pubnames
 *(.debug_pubnames)

.debug_info     0x00000000     0xcbc6
 *(.debug_info .gnu.linkonce.wi.*)
 .debug_info    0x00000000      0xb1b .\CortexM3\ARM_GCC_493\Debug\main.o
 .debug_info    0x00000b1b      0x13f .\CortexM3\ARM_GCC_493\Debug\cymetadata.o
 .debug_info    0x00000c5a      0x3c3 .\CortexM3\ARM_GCC_493\Debug\Cm3Start.o
 .debug_info    0x0000101d      0x7c5 .\CortexM3\ARM_GCC_493\Debug\cfp_reader.a(cyfitter_cfg.o)
 .debug_info    0x000017e2      0x283 .\CortexM3\ARM_GCC_493\Debug\cfp_reader.a(Clock_3.o)
 .debug_info    0x00001a65      0x1df .\CortexM3\ARM_GCC_493\Debug\cfp_reader.a(VDAC8_1.o)
 .debug_info    0x00001c44      0x14a .\CortexM3\ARM_GCC_493\Debug\cfp_reader.a(Opamp_1.o)
 .debug_info    0x00001d8e      0x944 .\CortexM3\ARM_GCC_493\Debug\cfp_reader.a(CyDmac.o)
 .debug_info    0x000026d2     0x1385 .\CortexM3\ARM_GCC_493\Debug\cfp_reader.a(CyLib.o)
 .debug_info    0x00003a57      0xa57 .\CortexM3\ARM_GCC_493\Debug\cfp_reader.a(cyPm.o)
 .debug_info    0x000044ae      0x283 .\CortexM3\ARM_GCC_493\Debug\cfp_reader.a(Clock_2.o)
 .debug_info    0x00004731      0x20c .\CortexM3\ARM_GCC_493\Debug\cfp_reader.a(PWM_1.o)
 .debug_info    0x0000493d      0x9c2 .\CortexM3\ARM_GCC_493\Debug\cfp_reader.a(USBUART_1.o)
 .debug_info    0x000052ff      0xb16 .\CortexM3\ARM_GCC_493\Debug\cfp_reader.a(USBUART_1_cdc.o)
 .debug_info    0x00005e15      0x649 .\CortexM3\ARM_GCC_493\Debug\cfp_reader.a(USBUART_1_drv.o)
 .debug_info    0x0000645e      0x244 .\CortexM3\ARM_GCC_493\Debug\cfp_reader.a(USBUART_1_episr.o)
 .debug_info    0x000066a2      0x2ef .\CortexM3\ARM_GCC_493\Debug\cfp_reader.a(USBUART_1_pm.o)
 .debug_info    0x00006991      0xb35 .\CortexM3\ARM_GCC_493\Debug\cfp_reader.a(USBUART_1_std.o)
 .debug_info    0x000074c6       0xe6 .\CortexM3\ARM_GCC_493\Debug\cfp_reader.a(USBUART_1_vnd.o)
 .debug_info    0x000075ac      0x174 .\CortexM3\ARM_GCC_493\Debug\cfp_reader.a(USBUART_1_Dp.o)
 .debug_info    0x00007720      0x716 .\CortexM3\ARM_GCC_493\Debug\cfp_reader.a(LCD.o)
 .debug_info    0x00007e36      0x20c .\CortexM3\ARM_GCC_493\Debug\cfp_reader.a(PWM_2.o)
 .debug_info    0x00008042      0x360 .\CortexM3\ARM_GCC_493\Debug\cfp_reader.a(MDIO_host_2_my.o)
 .debug_info    0x000083a2      0x2d6 .\CortexM3\ARM_GCC_493\Debug\cfp_reader.a(ISR.o)
 .debug_info    0x00008678      0x283 .\CortexM3\ARM_GCC_493\Debug\cfp_reader.a(Clock_1.o)
 .debug_info    0x000088fb      0x11f .\CortexM3\ARM_GCC_493\Debug\cfp_reader.a(LED_3.o)
 .debug_info    0x00008a1a      0x2cb .\CortexM3\ARM_GCC_493\Debug\cfp_reader.a(DAT_ISR.o)
 .debug_info    0x00008ce5      0x2cb .\CortexM3\ARM_GCC_493\Debug\cfp_reader.a(ADDR_ISR.o)
 .debug_info    0x00008fb0      0x2cb .\CortexM3\ARM_GCC_493\Debug\cfp_reader.a(COR_ISR.o)
 .debug_info    0x0000927b     0x120a .\CortexM3\ARM_GCC_493\Debug\cfp_reader.a(MDIO_Interface.o)
 .debug_info    0x0000a485      0x258 .\CortexM3\ARM_GCC_493\Debug\cfp_reader.a(MDIO_Interface_REG.o)
 .debug_info    0x0000a6dd      0x1fd .\CortexM3\ARM_GCC_493\Debug\cfp_reader.a(MDIO_Interface_AddrDMA_dma.o)
 .debug_info    0x0000a8da      0x1fd .\CortexM3\ARM_GCC_493\Debug\cfp_reader.a(MDIO_Interface_InfoDMA_dma.o)
 .debug_info    0x0000aad7      0x1fd .\CortexM3\ARM_GCC_493\Debug\cfp_reader.a(MDIO_Interface_StartAddrDMA_dma.o)
 .debug_info    0x0000acd4      0x1fd .\CortexM3\ARM_GCC_493\Debug\cfp_reader.a(MDIO_Interface_EndAddrDMA_dma.o)
 .debug_info    0x0000aed1      0x1fd .\CortexM3\ARM_GCC_493\Debug\cfp_reader.a(MDIO_Interface_WrDMA_dma.o)
 .debug_info    0x0000b0ce      0x1fd .\CortexM3\ARM_GCC_493\Debug\cfp_reader.a(MDIO_Interface_RdDMA_dma.o)
 .debug_info    0x0000b2cb      0x1fd .\CortexM3\ARM_GCC_493\Debug\cfp_reader.a(MDIO_Interface_CfgDMA1_dma.o)
 .debug_info    0x0000b4c8      0x1f9 .\CortexM3\ARM_GCC_493\Debug\cfp_reader.a(MDIO_Interface_CfgDMA2_dma.o)
 .debug_info    0x0000b6c1      0x1fd .\CortexM3\ARM_GCC_493\Debug\cfp_reader.a(MDIO_Interface_FwDMA1_dma.o)
 .debug_info    0x0000b8be      0x1fd .\CortexM3\ARM_GCC_493\Debug\cfp_reader.a(MDIO_Interface_FwDMA2_dma.o)
 .debug_info    0x0000babb      0x11f .\CortexM3\ARM_GCC_493\Debug\cfp_reader.a(Debug_MDIO_1.o)
 .debug_info    0x0000bbda       0x9b .\CortexM3\ARM_GCC_493\Debug\cfp_reader.a(CyBootAsmGnu.o)
 .debug_info    0x0000bc75      0x608 .\CortexM3\ARM_GCC_493\Debug\cfp_reader.a(CyFlash.o)
 .debug_info    0x0000c27d      0x4ea .\CortexM3\ARM_GCC_493\Debug\cfp_reader.a(CySpc.o)
 .debug_info    0x0000c767      0x1d2 .\CortexM3\ARM_GCC_493\Debug\cfp_reader.a(USBUART_1_cls.o)
 .debug_info    0x0000c939      0x28d .\CortexM3\ARM_GCC_493\Debug\cfp_reader.a(USBUART_1_descr.o)

.debug_abbrev   0x00000000     0x3bc5
 *(.debug_abbrev)
 .debug_abbrev  0x00000000      0x211 .\CortexM3\ARM_GCC_493\Debug\main.o
 .debug_abbrev  0x00000211       0x77 .\CortexM3\ARM_GCC_493\Debug\cymetadata.o
 .debug_abbrev  0x00000288      0x1f7 .\CortexM3\ARM_GCC_493\Debug\Cm3Start.o
 .debug_abbrev  0x0000047f      0x212 .\CortexM3\ARM_GCC_493\Debug\cfp_reader.a(cyfitter_cfg.o)
 .debug_abbrev  0x00000691      0x139 .\CortexM3\ARM_GCC_493\Debug\cfp_reader.a(Clock_3.o)
 .debug_abbrev  0x000007ca       0xf7 .\CortexM3\ARM_GCC_493\Debug\cfp_reader.a(VDAC8_1.o)
 .debug_abbrev  0x000008c1       0xb2 .\CortexM3\ARM_GCC_493\Debug\cfp_reader.a(Opamp_1.o)
 .debug_abbrev  0x00000973      0x1cc .\CortexM3\ARM_GCC_493\Debug\cfp_reader.a(CyDmac.o)
 .debug_abbrev  0x00000b3f      0x296 .\CortexM3\ARM_GCC_493\Debug\cfp_reader.a(CyLib.o)
 .debug_abbrev  0x00000dd5      0x1ed .\CortexM3\ARM_GCC_493\Debug\cfp_reader.a(cyPm.o)
 .debug_abbrev  0x00000fc2      0x139 .\CortexM3\ARM_GCC_493\Debug\cfp_reader.a(Clock_2.o)
 .debug_abbrev  0x000010fb       0xf3 .\CortexM3\ARM_GCC_493\Debug\cfp_reader.a(PWM_1.o)
 .debug_abbrev  0x000011ee      0x24d .\CortexM3\ARM_GCC_493\Debug\cfp_reader.a(USBUART_1.o)
 .debug_abbrev  0x0000143b      0x28b .\CortexM3\ARM_GCC_493\Debug\cfp_reader.a(USBUART_1_cdc.o)
 .debug_abbrev  0x000016c6      0x18b .\CortexM3\ARM_GCC_493\Debug\cfp_reader.a(USBUART_1_drv.o)
 .debug_abbrev  0x00001851      0x11b .\CortexM3\ARM_GCC_493\Debug\cfp_reader.a(USBUART_1_episr.o)
 .debug_abbrev  0x0000196c      0x146 .\CortexM3\ARM_GCC_493\Debug\cfp_reader.a(USBUART_1_pm.o)
 .debug_abbrev  0x00001ab2      0x23d .\CortexM3\ARM_GCC_493\Debug\cfp_reader.a(USBUART_1_std.o)
 .debug_abbrev  0x00001cef       0x9b .\CortexM3\ARM_GCC_493\Debug\cfp_reader.a(USBUART_1_vnd.o)
 .debug_abbrev  0x00001d8a       0x90 .\CortexM3\ARM_GCC_493\Debug\cfp_reader.a(USBUART_1_Dp.o)
 .debug_abbrev  0x00001e1a      0x171 .\CortexM3\ARM_GCC_493\Debug\cfp_reader.a(LCD.o)
 .debug_abbrev  0x00001f8b       0xf3 .\CortexM3\ARM_GCC_493\Debug\cfp_reader.a(PWM_2.o)
 .debug_abbrev  0x0000207e      0x186 .\CortexM3\ARM_GCC_493\Debug\cfp_reader.a(MDIO_host_2_my.o)
 .debug_abbrev  0x00002204      0x184 .\CortexM3\ARM_GCC_493\Debug\cfp_reader.a(ISR.o)
 .debug_abbrev  0x00002388      0x139 .\CortexM3\ARM_GCC_493\Debug\cfp_reader.a(Clock_1.o)
 .debug_abbrev  0x000024c1       0x90 .\CortexM3\ARM_GCC_493\Debug\cfp_reader.a(LED_3.o)
 .debug_abbrev  0x00002551      0x173 .\CortexM3\ARM_GCC_493\Debug\cfp_reader.a(DAT_ISR.o)
 .debug_abbrev  0x000026c4      0x173 .\CortexM3\ARM_GCC_493\Debug\cfp_reader.a(ADDR_ISR.o)
 .debug_abbrev  0x00002837      0x173 .\CortexM3\ARM_GCC_493\Debug\cfp_reader.a(COR_ISR.o)
 .debug_abbrev  0x000029aa      0x25b .\CortexM3\ARM_GCC_493\Debug\cfp_reader.a(MDIO_Interface.o)
 .debug_abbrev  0x00002c05       0xa9 .\CortexM3\ARM_GCC_493\Debug\cfp_reader.a(MDIO_Interface_REG.o)
 .debug_abbrev  0x00002cae       0xeb .\CortexM3\ARM_GCC_493\Debug\cfp_reader.a(MDIO_Interface_AddrDMA_dma.o)
 .debug_abbrev  0x00002d99       0xeb .\CortexM3\ARM_GCC_493\Debug\cfp_reader.a(MDIO_Interface_InfoDMA_dma.o)
 .debug_abbrev  0x00002e84       0xeb .\CortexM3\ARM_GCC_493\Debug\cfp_reader.a(MDIO_Interface_StartAddrDMA_dma.o)
 .debug_abbrev  0x00002f6f       0xeb .\CortexM3\ARM_GCC_493\Debug\cfp_reader.a(MDIO_Interface_EndAddrDMA_dma.o)
 .debug_abbrev  0x0000305a       0xeb .\CortexM3\ARM_GCC_493\Debug\cfp_reader.a(MDIO_Interface_WrDMA_dma.o)
 .debug_abbrev  0x00003145       0xeb .\CortexM3\ARM_GCC_493\Debug\cfp_reader.a(MDIO_Interface_RdDMA_dma.o)
 .debug_abbrev  0x00003230       0xeb .\CortexM3\ARM_GCC_493\Debug\cfp_reader.a(MDIO_Interface_CfgDMA1_dma.o)
 .debug_abbrev  0x0000331b       0xeb .\CortexM3\ARM_GCC_493\Debug\cfp_reader.a(MDIO_Interface_CfgDMA2_dma.o)
 .debug_abbrev  0x00003406       0xeb .\CortexM3\ARM_GCC_493\Debug\cfp_reader.a(MDIO_Interface_FwDMA1_dma.o)
 .debug_abbrev  0x000034f1       0xeb .\CortexM3\ARM_GCC_493\Debug\cfp_reader.a(MDIO_Interface_FwDMA2_dma.o)
 .debug_abbrev  0x000035dc       0x90 .\CortexM3\ARM_GCC_493\Debug\cfp_reader.a(Debug_MDIO_1.o)
 .debug_abbrev  0x0000366c       0x14 .\CortexM3\ARM_GCC_493\Debug\cfp_reader.a(CyBootAsmGnu.o)
 .debug_abbrev  0x00003680      0x1ed .\CortexM3\ARM_GCC_493\Debug\cfp_reader.a(CyFlash.o)
 .debug_abbrev  0x0000386d      0x1c1 .\CortexM3\ARM_GCC_493\Debug\cfp_reader.a(CySpc.o)
 .debug_abbrev  0x00003a2e       0xe3 .\CortexM3\ARM_GCC_493\Debug\cfp_reader.a(USBUART_1_cls.o)
 .debug_abbrev  0x00003b11       0xb4 .\CortexM3\ARM_GCC_493\Debug\cfp_reader.a(USBUART_1_descr.o)

.debug_line     0x00000000     0x48a4
 *(.debug_line)
 .debug_line    0x00000000      0x3e6 .\CortexM3\ARM_GCC_493\Debug\main.o
 .debug_line    0x000003e6       0x51 .\CortexM3\ARM_GCC_493\Debug\cymetadata.o
 .debug_line    0x00000437      0x25a .\CortexM3\ARM_GCC_493\Debug\Cm3Start.o
 .debug_line    0x00000691      0x231 .\CortexM3\ARM_GCC_493\Debug\cfp_reader.a(cyfitter_cfg.o)
 .debug_line    0x000008c2      0x176 .\CortexM3\ARM_GCC_493\Debug\cfp_reader.a(Clock_3.o)
 .debug_line    0x00000a38       0xe4 .\CortexM3\ARM_GCC_493\Debug\cfp_reader.a(VDAC8_1.o)
 .debug_line    0x00000b1c       0xaa .\CortexM3\ARM_GCC_493\Debug\cfp_reader.a(Opamp_1.o)
 .debug_line    0x00000bc6      0x2e3 .\CortexM3\ARM_GCC_493\Debug\cfp_reader.a(CyDmac.o)
 .debug_line    0x00000ea9      0x816 .\CortexM3\ARM_GCC_493\Debug\cfp_reader.a(CyLib.o)
 .debug_line    0x000016bf      0x364 .\CortexM3\ARM_GCC_493\Debug\cfp_reader.a(cyPm.o)
 .debug_line    0x00001a23      0x176 .\CortexM3\ARM_GCC_493\Debug\cfp_reader.a(Clock_2.o)
 .debug_line    0x00001b99      0x110 .\CortexM3\ARM_GCC_493\Debug\cfp_reader.a(PWM_1.o)
 .debug_line    0x00001ca9      0x2e4 .\CortexM3\ARM_GCC_493\Debug\cfp_reader.a(USBUART_1.o)
 .debug_line    0x00001f8d      0x2f8 .\CortexM3\ARM_GCC_493\Debug\cfp_reader.a(USBUART_1_cdc.o)
 .debug_line    0x00002285      0x227 .\CortexM3\ARM_GCC_493\Debug\cfp_reader.a(USBUART_1_drv.o)
 .debug_line    0x000024ac       0xec .\CortexM3\ARM_GCC_493\Debug\cfp_reader.a(USBUART_1_episr.o)
 .debug_line    0x00002598      0x116 .\CortexM3\ARM_GCC_493\Debug\cfp_reader.a(USBUART_1_pm.o)
 .debug_line    0x000026ae      0x3e8 .\CortexM3\ARM_GCC_493\Debug\cfp_reader.a(USBUART_1_std.o)
 .debug_line    0x00002a96       0x77 .\CortexM3\ARM_GCC_493\Debug\cfp_reader.a(USBUART_1_vnd.o)
 .debug_line    0x00002b0d       0xbd .\CortexM3\ARM_GCC_493\Debug\cfp_reader.a(USBUART_1_Dp.o)
 .debug_line    0x00002bca      0x1dc .\CortexM3\ARM_GCC_493\Debug\cfp_reader.a(LCD.o)
 .debug_line    0x00002da6      0x110 .\CortexM3\ARM_GCC_493\Debug\cfp_reader.a(PWM_2.o)
 .debug_line    0x00002eb6      0x243 .\CortexM3\ARM_GCC_493\Debug\cfp_reader.a(MDIO_host_2_my.o)
 .debug_line    0x000030f9      0x134 .\CortexM3\ARM_GCC_493\Debug\cfp_reader.a(ISR.o)
 .debug_line    0x0000322d      0x176 .\CortexM3\ARM_GCC_493\Debug\cfp_reader.a(Clock_1.o)
 .debug_line    0x000033a3       0x92 .\CortexM3\ARM_GCC_493\Debug\cfp_reader.a(LED_3.o)
 .debug_line    0x00003435      0x134 .\CortexM3\ARM_GCC_493\Debug\cfp_reader.a(DAT_ISR.o)
 .debug_line    0x00003569      0x135 .\CortexM3\ARM_GCC_493\Debug\cfp_reader.a(ADDR_ISR.o)
 .debug_line    0x0000369e      0x134 .\CortexM3\ARM_GCC_493\Debug\cfp_reader.a(COR_ISR.o)
 .debug_line    0x000037d2      0x483 .\CortexM3\ARM_GCC_493\Debug\cfp_reader.a(MDIO_Interface.o)
 .debug_line    0x00003c55       0x6d .\CortexM3\ARM_GCC_493\Debug\cfp_reader.a(MDIO_Interface_REG.o)
 .debug_line    0x00003cc2       0x93 .\CortexM3\ARM_GCC_493\Debug\cfp_reader.a(MDIO_Interface_AddrDMA_dma.o)
 .debug_line    0x00003d55       0x93 .\CortexM3\ARM_GCC_493\Debug\cfp_reader.a(MDIO_Interface_InfoDMA_dma.o)
 .debug_line    0x00003de8       0x98 .\CortexM3\ARM_GCC_493\Debug\cfp_reader.a(MDIO_Interface_StartAddrDMA_dma.o)
 .debug_line    0x00003e80       0x96 .\CortexM3\ARM_GCC_493\Debug\cfp_reader.a(MDIO_Interface_EndAddrDMA_dma.o)
 .debug_line    0x00003f16       0x91 .\CortexM3\ARM_GCC_493\Debug\cfp_reader.a(MDIO_Interface_WrDMA_dma.o)
 .debug_line    0x00003fa7       0x91 .\CortexM3\ARM_GCC_493\Debug\cfp_reader.a(MDIO_Interface_RdDMA_dma.o)
 .debug_line    0x00004038       0x93 .\CortexM3\ARM_GCC_493\Debug\cfp_reader.a(MDIO_Interface_CfgDMA1_dma.o)
 .debug_line    0x000040cb       0x93 .\CortexM3\ARM_GCC_493\Debug\cfp_reader.a(MDIO_Interface_CfgDMA2_dma.o)
 .debug_line    0x0000415e       0x92 .\CortexM3\ARM_GCC_493\Debug\cfp_reader.a(MDIO_Interface_FwDMA1_dma.o)
 .debug_line    0x000041f0       0x92 .\CortexM3\ARM_GCC_493\Debug\cfp_reader.a(MDIO_Interface_FwDMA2_dma.o)
 .debug_line    0x00004282       0x99 .\CortexM3\ARM_GCC_493\Debug\cfp_reader.a(Debug_MDIO_1.o)
 .debug_line    0x0000431b       0x66 .\CortexM3\ARM_GCC_493\Debug\cfp_reader.a(CyBootAsmGnu.o)
 .debug_line    0x00004381      0x1ea .\CortexM3\ARM_GCC_493\Debug\cfp_reader.a(CyFlash.o)
 .debug_line    0x0000456b      0x23c .\CortexM3\ARM_GCC_493\Debug\cfp_reader.a(CySpc.o)
 .debug_line    0x000047a7       0x98 .\CortexM3\ARM_GCC_493\Debug\cfp_reader.a(USBUART_1_cls.o)
 .debug_line    0x0000483f       0x65 .\CortexM3\ARM_GCC_493\Debug\cfp_reader.a(USBUART_1_descr.o)

.debug_frame    0x00000000     0x2c90
 *(.debug_frame)
 .debug_frame   0x00000000       0xb8 .\CortexM3\ARM_GCC_493\Debug\main.o
 .debug_frame   0x000000b8       0xb8 .\CortexM3\ARM_GCC_493\Debug\Cm3Start.o
 .debug_frame   0x00000170       0xe4 .\CortexM3\ARM_GCC_493\Debug\cfp_reader.a(cyfitter_cfg.o)
 .debug_frame   0x00000254       0xe0 .\CortexM3\ARM_GCC_493\Debug\cfp_reader.a(Clock_3.o)
 .debug_frame   0x00000334       0xb4 .\CortexM3\ARM_GCC_493\Debug\cfp_reader.a(VDAC8_1.o)
 .debug_frame   0x000003e8       0x78 .\CortexM3\ARM_GCC_493\Debug\cfp_reader.a(Opamp_1.o)
 .debug_frame   0x00000460      0x1f4 .\CortexM3\ARM_GCC_493\Debug\cfp_reader.a(CyDmac.o)
 .debug_frame   0x00000654      0x738 .\CortexM3\ARM_GCC_493\Debug\cfp_reader.a(CyLib.o)
 .debug_frame   0x00000d8c      0x1f8 .\CortexM3\ARM_GCC_493\Debug\cfp_reader.a(cyPm.o)
 .debug_frame   0x00000f84       0xe0 .\CortexM3\ARM_GCC_493\Debug\cfp_reader.a(Clock_2.o)
 .debug_frame   0x00001064       0xd8 .\CortexM3\ARM_GCC_493\Debug\cfp_reader.a(PWM_1.o)
 .debug_frame   0x0000113c      0x1dc .\CortexM3\ARM_GCC_493\Debug\cfp_reader.a(USBUART_1.o)
 .debug_frame   0x00001318      0x278 .\CortexM3\ARM_GCC_493\Debug\cfp_reader.a(USBUART_1_cdc.o)
 .debug_frame   0x00001590      0x194 .\CortexM3\ARM_GCC_493\Debug\cfp_reader.a(USBUART_1_drv.o)
 .debug_frame   0x00001724       0x6c .\CortexM3\ARM_GCC_493\Debug\cfp_reader.a(USBUART_1_episr.o)
 .debug_frame   0x00001790       0xa0 .\CortexM3\ARM_GCC_493\Debug\cfp_reader.a(USBUART_1_pm.o)
 .debug_frame   0x00001830      0x17c .\CortexM3\ARM_GCC_493\Debug\cfp_reader.a(USBUART_1_std.o)
 .debug_frame   0x000019ac       0x20 .\CortexM3\ARM_GCC_493\Debug\cfp_reader.a(USBUART_1_vnd.o)
 .debug_frame   0x000019cc       0x70 .\CortexM3\ARM_GCC_493\Debug\cfp_reader.a(USBUART_1_Dp.o)
 .debug_frame   0x00001a3c      0x1e4 .\CortexM3\ARM_GCC_493\Debug\cfp_reader.a(LCD.o)
 .debug_frame   0x00001c20       0xd8 .\CortexM3\ARM_GCC_493\Debug\cfp_reader.a(PWM_2.o)
 .debug_frame   0x00001cf8      0x108 .\CortexM3\ARM_GCC_493\Debug\cfp_reader.a(MDIO_host_2_my.o)
 .debug_frame   0x00001e00      0x104 .\CortexM3\ARM_GCC_493\Debug\cfp_reader.a(ISR.o)
 .debug_frame   0x00001f04       0xe0 .\CortexM3\ARM_GCC_493\Debug\cfp_reader.a(Clock_1.o)
 .debug_frame   0x00001fe4       0x50 .\CortexM3\ARM_GCC_493\Debug\cfp_reader.a(LED_3.o)
 .debug_frame   0x00002034      0x104 .\CortexM3\ARM_GCC_493\Debug\cfp_reader.a(DAT_ISR.o)
 .debug_frame   0x00002138      0x104 .\CortexM3\ARM_GCC_493\Debug\cfp_reader.a(ADDR_ISR.o)
 .debug_frame   0x0000223c      0x104 .\CortexM3\ARM_GCC_493\Debug\cfp_reader.a(COR_ISR.o)
 .debug_frame   0x00002340      0x1fc .\CortexM3\ARM_GCC_493\Debug\cfp_reader.a(MDIO_Interface.o)
 .debug_frame   0x0000253c       0x54 .\CortexM3\ARM_GCC_493\Debug\cfp_reader.a(MDIO_Interface_AddrDMA_dma.o)
 .debug_frame   0x00002590       0x54 .\CortexM3\ARM_GCC_493\Debug\cfp_reader.a(MDIO_Interface_InfoDMA_dma.o)
 .debug_frame   0x000025e4       0x54 .\CortexM3\ARM_GCC_493\Debug\cfp_reader.a(MDIO_Interface_StartAddrDMA_dma.o)
 .debug_frame   0x00002638       0x54 .\CortexM3\ARM_GCC_493\Debug\cfp_reader.a(MDIO_Interface_EndAddrDMA_dma.o)
 .debug_frame   0x0000268c       0x54 .\CortexM3\ARM_GCC_493\Debug\cfp_reader.a(MDIO_Interface_WrDMA_dma.o)
 .debug_frame   0x000026e0       0x54 .\CortexM3\ARM_GCC_493\Debug\cfp_reader.a(MDIO_Interface_RdDMA_dma.o)
 .debug_frame   0x00002734       0x54 .\CortexM3\ARM_GCC_493\Debug\cfp_reader.a(MDIO_Interface_CfgDMA1_dma.o)
 .debug_frame   0x00002788       0x54 .\CortexM3\ARM_GCC_493\Debug\cfp_reader.a(MDIO_Interface_CfgDMA2_dma.o)
 .debug_frame   0x000027dc       0x54 .\CortexM3\ARM_GCC_493\Debug\cfp_reader.a(MDIO_Interface_FwDMA1_dma.o)
 .debug_frame   0x00002830       0x54 .\CortexM3\ARM_GCC_493\Debug\cfp_reader.a(MDIO_Interface_FwDMA2_dma.o)
 .debug_frame   0x00002884       0x50 .\CortexM3\ARM_GCC_493\Debug\cfp_reader.a(Debug_MDIO_1.o)
 .debug_frame   0x000028d4      0x174 .\CortexM3\ARM_GCC_493\Debug\cfp_reader.a(CyFlash.o)
 .debug_frame   0x00002a48      0x160 .\CortexM3\ARM_GCC_493\Debug\cfp_reader.a(CySpc.o)
 .debug_frame   0x00002ba8       0x2c .\CortexM3\ARM_GCC_493\Debug\cfp_reader.a(USBUART_1_cls.o)
 .debug_frame   0x00002bd4       0x20 c:/program files (x86)/cypress/psoc creator/4.0/psoc creator/import/gnu/arm/4.9.3/bin/../lib/gcc/arm-none-eabi/4.9.3/../../../../arm-none-eabi/lib/armv7-m\libg_nano.a(lib_a-errno.o)
 .debug_frame   0x00002bf4       0x28 c:/program files (x86)/cypress/psoc creator/4.0/psoc creator/import/gnu/arm/4.9.3/bin/../lib/gcc/arm-none-eabi/4.9.3/../../../../arm-none-eabi/lib/armv7-m\libg_nano.a(lib_a-exit.o)
 .debug_frame   0x00002c1c       0x2c c:/program files (x86)/cypress/psoc creator/4.0/psoc creator/import/gnu/arm/4.9.3/bin/../lib/gcc/arm-none-eabi/4.9.3/../../../../arm-none-eabi/lib/armv7-m\libg_nano.a(lib_a-init.o)
 .debug_frame   0x00002c48       0x28 c:/program files (x86)/cypress/psoc creator/4.0/psoc creator/import/gnu/arm/4.9.3/bin/../lib/gcc/arm-none-eabi/4.9.3/../../../../arm-none-eabi/lib/armv7-m\libg_nano.a(lib_a-memcpy.o)
 .debug_frame   0x00002c70       0x20 c:/program files (x86)/cypress/psoc creator/4.0/psoc creator/import/gnu/arm/4.9.3/bin/../lib/gcc/arm-none-eabi/4.9.3/../../../../arm-none-eabi/lib/armv7-m\libg_nano.a(lib_a-memset.o)

.debug_str      0x00000000     0x4535
 *(.debug_str)
 .debug_str     0x00000000      0x59b .\CortexM3\ARM_GCC_493\Debug\main.o
                                0x605 (size before relaxing)
 .debug_str     0x0000059b       0x75 .\CortexM3\ARM_GCC_493\Debug\cymetadata.o
                                0x1f5 (size before relaxing)
 .debug_str     0x00000610      0x160 .\CortexM3\ARM_GCC_493\Debug\Cm3Start.o
                                0x319 (size before relaxing)
 .debug_str     0x00000770      0x189 .\CortexM3\ARM_GCC_493\Debug\cfp_reader.a(cyfitter_cfg.o)
                                0x343 (size before relaxing)
 .debug_str     0x000008f9      0x154 .\CortexM3\ARM_GCC_493\Debug\cfp_reader.a(Clock_3.o)
                                0x2f9 (size before relaxing)
 .debug_str     0x00000a4d       0xae .\CortexM3\ARM_GCC_493\Debug\cfp_reader.a(VDAC8_1.o)
                                0x23e (size before relaxing)
 .debug_str     0x00000afb       0x71 .\CortexM3\ARM_GCC_493\Debug\cfp_reader.a(Opamp_1.o)
                                0x204 (size before relaxing)
 .debug_str     0x00000b6c      0x37e .\CortexM3\ARM_GCC_493\Debug\cfp_reader.a(CyDmac.o)
                                0x549 (size before relaxing)
 .debug_str     0x00000eea      0x7e2 .\CortexM3\ARM_GCC_493\Debug\cfp_reader.a(CyLib.o)
                                0xa46 (size before relaxing)
 .debug_str     0x000016cc      0x359 .\CortexM3\ARM_GCC_493\Debug\cfp_reader.a(cyPm.o)
                                0x726 (size before relaxing)
 .debug_str     0x00001a25      0x109 .\CortexM3\ARM_GCC_493\Debug\cfp_reader.a(Clock_2.o)
                                0x2f9 (size before relaxing)
 .debug_str     0x00001b2e       0xe6 .\CortexM3\ARM_GCC_493\Debug\cfp_reader.a(PWM_1.o)
                                0x277 (size before relaxing)
 .debug_str     0x00001c14      0x43f .\CortexM3\ARM_GCC_493\Debug\cfp_reader.a(USBUART_1.o)
                                0x6c6 (size before relaxing)
 .debug_str     0x00002053      0x4da .\CortexM3\ARM_GCC_493\Debug\cfp_reader.a(USBUART_1_cdc.o)
                                0x83a (size before relaxing)
 .debug_str     0x0000252d      0x2c1 .\CortexM3\ARM_GCC_493\Debug\cfp_reader.a(USBUART_1_drv.o)
                                0x69b (size before relaxing)
 .debug_str     0x000027ee       0x8c .\CortexM3\ARM_GCC_493\Debug\cfp_reader.a(USBUART_1_episr.o)
                                0x2f4 (size before relaxing)
 .debug_str     0x0000287a       0xda .\CortexM3\ARM_GCC_493\Debug\cfp_reader.a(USBUART_1_pm.o)
                                0x30e (size before relaxing)
 .debug_str     0x00002954      0x27b .\CortexM3\ARM_GCC_493\Debug\cfp_reader.a(USBUART_1_std.o)
                                0x810 (size before relaxing)
 .debug_str     0x00002bcf       0x27 .\CortexM3\ARM_GCC_493\Debug\cfp_reader.a(USBUART_1_vnd.o)
                                0x1f2 (size before relaxing)
 .debug_str     0x00002bf6       0xb0 .\CortexM3\ARM_GCC_493\Debug\cfp_reader.a(USBUART_1_Dp.o)
                                0x25a (size before relaxing)
 .debug_str     0x00002ca6      0x114 .\CortexM3\ARM_GCC_493\Debug\cfp_reader.a(LCD.o)
                                0x32a (size before relaxing)
 .debug_str     0x00002dba       0xcf .\CortexM3\ARM_GCC_493\Debug\cfp_reader.a(PWM_2.o)
                                0x277 (size before relaxing)
 .debug_str     0x00002e89      0x12b .\CortexM3\ARM_GCC_493\Debug\cfp_reader.a(MDIO_host_2_my.o)
                                0x350 (size before relaxing)
 .debug_str     0x00002fb4       0x1d .\CortexM3\ARM_GCC_493\Debug\cfp_reader.a(ISR.o)
                                0x2a4 (size before relaxing)
 .debug_str     0x00002fd1      0x109 .\CortexM3\ARM_GCC_493\Debug\cfp_reader.a(Clock_1.o)
                                0x2f9 (size before relaxing)
 .debug_str     0x000030da       0x4f .\CortexM3\ARM_GCC_493\Debug\cfp_reader.a(LED_3.o)
                                0x1ed (size before relaxing)
 .debug_str     0x00003129       0xf2 .\CortexM3\ARM_GCC_493\Debug\cfp_reader.a(DAT_ISR.o)
                                0x2c1 (size before relaxing)
 .debug_str     0x0000321b       0xff .\CortexM3\ARM_GCC_493\Debug\cfp_reader.a(ADDR_ISR.o)
                                0x2cf (size before relaxing)
 .debug_str     0x0000331a       0xf2 .\CortexM3\ARM_GCC_493\Debug\cfp_reader.a(COR_ISR.o)
                                0x2c1 (size before relaxing)
 .debug_str     0x0000340c      0x694 .\CortexM3\ARM_GCC_493\Debug\cfp_reader.a(MDIO_Interface.o)
                                0xa12 (size before relaxing)
 .debug_str     0x00003aa0      0x1c9 .\CortexM3\ARM_GCC_493\Debug\cfp_reader.a(MDIO_Interface_REG.o)
                                0x379 (size before relaxing)
 .debug_str     0x00003c69       0xb2 .\CortexM3\ARM_GCC_493\Debug\cfp_reader.a(MDIO_Interface_AddrDMA_dma.o)
                                0x2b8 (size before relaxing)
 .debug_str     0x00003d1b       0x77 .\CortexM3\ARM_GCC_493\Debug\cfp_reader.a(MDIO_Interface_InfoDMA_dma.o)
                                0x2b8 (size before relaxing)
 .debug_str     0x00003d92       0x86 .\CortexM3\ARM_GCC_493\Debug\cfp_reader.a(MDIO_Interface_StartAddrDMA_dma.o)
                                0x2cc (size before relaxing)
 .debug_str     0x00003e18       0x80 .\CortexM3\ARM_GCC_493\Debug\cfp_reader.a(MDIO_Interface_EndAddrDMA_dma.o)
                                0x2c4 (size before relaxing)
 .debug_str     0x00003e98       0x71 .\CortexM3\ARM_GCC_493\Debug\cfp_reader.a(MDIO_Interface_WrDMA_dma.o)
                                0x2b0 (size before relaxing)
 .debug_str     0x00003f09       0x71 .\CortexM3\ARM_GCC_493\Debug\cfp_reader.a(MDIO_Interface_RdDMA_dma.o)
                                0x2b0 (size before relaxing)
 .debug_str     0x00003f7a       0x77 .\CortexM3\ARM_GCC_493\Debug\cfp_reader.a(MDIO_Interface_CfgDMA1_dma.o)
                                0x2b8 (size before relaxing)
 .debug_str     0x00003ff1       0x77 .\CortexM3\ARM_GCC_493\Debug\cfp_reader.a(MDIO_Interface_CfgDMA2_dma.o)
                                0x2b8 (size before relaxing)
 .debug_str     0x00004068       0x74 .\CortexM3\ARM_GCC_493\Debug\cfp_reader.a(MDIO_Interface_FwDMA1_dma.o)
                                0x2b4 (size before relaxing)
 .debug_str     0x000040dc       0x74 .\CortexM3\ARM_GCC_493\Debug\cfp_reader.a(MDIO_Interface_FwDMA2_dma.o)
                                0x2b4 (size before relaxing)
 .debug_str     0x00004150       0x6b .\CortexM3\ARM_GCC_493\Debug\cfp_reader.a(Debug_MDIO_1.o)
                                0x210 (size before relaxing)
 .debug_str     0x000041bb      0x195 .\CortexM3\ARM_GCC_493\Debug\cfp_reader.a(CyFlash.o)
                                0x3a0 (size before relaxing)
 .debug_str     0x00004350       0xac .\CortexM3\ARM_GCC_493\Debug\cfp_reader.a(CySpc.o)
                                0x329 (size before relaxing)
 .debug_str     0x000043fc       0x27 .\CortexM3\ARM_GCC_493\Debug\cfp_reader.a(USBUART_1_cls.o)
                                0x2b9 (size before relaxing)
 .debug_str     0x00004423      0x112 .\CortexM3\ARM_GCC_493\Debug\cfp_reader.a(USBUART_1_descr.o)
                                0x372 (size before relaxing)

.debug_loc      0x00000000     0x5160
 *(.debug_loc)
 .debug_loc     0x00000000      0x281 .\CortexM3\ARM_GCC_493\Debug\main.o
 .debug_loc     0x00000281      0x144 .\CortexM3\ARM_GCC_493\Debug\Cm3Start.o
 .debug_loc     0x000003c5      0x2a1 .\CortexM3\ARM_GCC_493\Debug\cfp_reader.a(cyfitter_cfg.o)
 .debug_loc     0x00000666      0x12c .\CortexM3\ARM_GCC_493\Debug\cfp_reader.a(Clock_3.o)
 .debug_loc     0x00000792       0x79 .\CortexM3\ARM_GCC_493\Debug\cfp_reader.a(VDAC8_1.o)
 .debug_loc     0x0000080b       0x21 .\CortexM3\ARM_GCC_493\Debug\cfp_reader.a(Opamp_1.o)
 .debug_loc     0x0000082c      0xb83 .\CortexM3\ARM_GCC_493\Debug\cfp_reader.a(CyDmac.o)
 .debug_loc     0x000013af      0xa11 .\CortexM3\ARM_GCC_493\Debug\cfp_reader.a(CyLib.o)
 .debug_loc     0x00001dc0      0x1e4 .\CortexM3\ARM_GCC_493\Debug\cfp_reader.a(cyPm.o)
 .debug_loc     0x00001fa4      0x128 .\CortexM3\ARM_GCC_493\Debug\cfp_reader.a(Clock_2.o)
 .debug_loc     0x000020cc      0x3e1 .\CortexM3\ARM_GCC_493\Debug\cfp_reader.a(USBUART_1.o)
 .debug_loc     0x000024ad      0x56b .\CortexM3\ARM_GCC_493\Debug\cfp_reader.a(USBUART_1_cdc.o)
 .debug_loc     0x00002a18      0x171 .\CortexM3\ARM_GCC_493\Debug\cfp_reader.a(USBUART_1_drv.o)
 .debug_loc     0x00002b89       0x26 .\CortexM3\ARM_GCC_493\Debug\cfp_reader.a(USBUART_1_pm.o)
 .debug_loc     0x00002baf      0x93f .\CortexM3\ARM_GCC_493\Debug\cfp_reader.a(USBUART_1_std.o)
 .debug_loc     0x000034ee       0x84 .\CortexM3\ARM_GCC_493\Debug\cfp_reader.a(USBUART_1_Dp.o)
 .debug_loc     0x00003572      0x3c6 .\CortexM3\ARM_GCC_493\Debug\cfp_reader.a(LCD.o)
 .debug_loc     0x00003938      0x141 .\CortexM3\ARM_GCC_493\Debug\cfp_reader.a(MDIO_host_2_my.o)
 .debug_loc     0x00003a79       0x56 .\CortexM3\ARM_GCC_493\Debug\cfp_reader.a(ISR.o)
 .debug_loc     0x00003acf      0x128 .\CortexM3\ARM_GCC_493\Debug\cfp_reader.a(Clock_1.o)
 .debug_loc     0x00003bf7       0x42 .\CortexM3\ARM_GCC_493\Debug\cfp_reader.a(LED_3.o)
 .debug_loc     0x00003c39       0x56 .\CortexM3\ARM_GCC_493\Debug\cfp_reader.a(DAT_ISR.o)
 .debug_loc     0x00003c8f       0x56 .\CortexM3\ARM_GCC_493\Debug\cfp_reader.a(ADDR_ISR.o)
 .debug_loc     0x00003ce5       0x56 .\CortexM3\ARM_GCC_493\Debug\cfp_reader.a(COR_ISR.o)
 .debug_loc     0x00003d3b      0x527 .\CortexM3\ARM_GCC_493\Debug\cfp_reader.a(MDIO_Interface.o)
 .debug_loc     0x00004262       0x84 .\CortexM3\ARM_GCC_493\Debug\cfp_reader.a(MDIO_Interface_AddrDMA_dma.o)
 .debug_loc     0x000042e6       0x84 .\CortexM3\ARM_GCC_493\Debug\cfp_reader.a(MDIO_Interface_InfoDMA_dma.o)
 .debug_loc     0x0000436a       0x84 .\CortexM3\ARM_GCC_493\Debug\cfp_reader.a(MDIO_Interface_StartAddrDMA_dma.o)
 .debug_loc     0x000043ee       0x84 .\CortexM3\ARM_GCC_493\Debug\cfp_reader.a(MDIO_Interface_EndAddrDMA_dma.o)
 .debug_loc     0x00004472       0x84 .\CortexM3\ARM_GCC_493\Debug\cfp_reader.a(MDIO_Interface_WrDMA_dma.o)
 .debug_loc     0x000044f6       0x84 .\CortexM3\ARM_GCC_493\Debug\cfp_reader.a(MDIO_Interface_RdDMA_dma.o)
 .debug_loc     0x0000457a       0x84 .\CortexM3\ARM_GCC_493\Debug\cfp_reader.a(MDIO_Interface_CfgDMA1_dma.o)
 .debug_loc     0x000045fe       0x84 .\CortexM3\ARM_GCC_493\Debug\cfp_reader.a(MDIO_Interface_CfgDMA2_dma.o)
 .debug_loc     0x00004682       0x84 .\CortexM3\ARM_GCC_493\Debug\cfp_reader.a(MDIO_Interface_FwDMA1_dma.o)
 .debug_loc     0x00004706       0x84 .\CortexM3\ARM_GCC_493\Debug\cfp_reader.a(MDIO_Interface_FwDMA2_dma.o)
 .debug_loc     0x0000478a       0x42 .\CortexM3\ARM_GCC_493\Debug\cfp_reader.a(Debug_MDIO_1.o)
 .debug_loc     0x000047cc      0x300 .\CortexM3\ARM_GCC_493\Debug\cfp_reader.a(CyFlash.o)
 .debug_loc     0x00004acc      0x64d .\CortexM3\ARM_GCC_493\Debug\cfp_reader.a(CySpc.o)
 .debug_loc     0x00005119       0x47 .\CortexM3\ARM_GCC_493\Debug\cfp_reader.a(USBUART_1_cls.o)

.debug_macinfo
 *(.debug_macinfo)

.debug_ranges   0x00000000      0xfa0
 *(.debug_ranges)
 .debug_ranges  0x00000000       0x38 .\CortexM3\ARM_GCC_493\Debug\main.o
 .debug_ranges  0x00000038       0x38 .\CortexM3\ARM_GCC_493\Debug\Cm3Start.o
 .debug_ranges  0x00000070       0x48 .\CortexM3\ARM_GCC_493\Debug\cfp_reader.a(cyfitter_cfg.o)