Archive member included because of file (symbol)

.\CortexM3\ARM_GCC_493\Debug\cfp_reader.a(cyfitter_cfg.o)
                              .\CortexM3\ARM_GCC_493\Debug\Cm3Start.o (cyfitter_cfg)
.\CortexM3\ARM_GCC_493\Debug\cfp_reader.a(Clock_3.o)
                              .\CortexM3\ARM_GCC_493\Debug\main.o (Clock_3_Start)
.\CortexM3\ARM_GCC_493\Debug\cfp_reader.a(VDAC8_1.o)
                              .\CortexM3\ARM_GCC_493\Debug\main.o (VDAC8_1_Start)
.\CortexM3\ARM_GCC_493\Debug\cfp_reader.a(Opamp_1.o)
                              .\CortexM3\ARM_GCC_493\Debug\main.o (Opamp_1_Start)
.\CortexM3\ARM_GCC_493\Debug\cfp_reader.a(CyDmac.o)
                              .\CortexM3\ARM_GCC_493\Debug\Cm3Start.o (CyDmacConfigure)
.\CortexM3\ARM_GCC_493\Debug\cfp_reader.a(CyLib.o)
                              .\CortexM3\ARM_GCC_493\Debug\Cm3Start.o (CyHalt)
.\CortexM3\ARM_GCC_493\Debug\cfp_reader.a(cyPm.o)
                              .\CortexM3\ARM_GCC_493\Debug\cfp_reader.a(CyLib.o) (CyPmReadStatus)
.\CortexM3\ARM_GCC_493\Debug\cfp_reader.a(Clock_2.o)
                              .\CortexM3\ARM_GCC_493\Debug\main.o (Clock_2_Start)
.\CortexM3\ARM_GCC_493\Debug\cfp_reader.a(PWM_1.o)
                              .\CortexM3\ARM_GCC_493\Debug\main.o (PWM_1_Start)
.\CortexM3\ARM_GCC_493\Debug\cfp_reader.a(USBUART_1.o)
                              .\CortexM3\ARM_GCC_493\Debug\main.o (USBUART_1_Start)
.\CortexM3\ARM_GCC_493\Debug\cfp_reader.a(USBUART_1_cdc.o)
                              .\CortexM3\ARM_GCC_493\Debug\main.o (USBUART_1_CDC_Init)
.\CortexM3\ARM_GCC_493\Debug\cfp_reader.a(USBUART_1_drv.o)
                              .\CortexM3\ARM_GCC_493\Debug\cfp_reader.a(USBUART_1.o) (USBUART_1_lastPacketSize)
.\CortexM3\ARM_GCC_493\Debug\cfp_reader.a(USBUART_1_episr.o)
                              .\CortexM3\ARM_GCC_493\Debug\cfp_reader.a(USBUART_1.o) (USBUART_1_EP_1_ISR)
.\CortexM3\ARM_GCC_493\Debug\cfp_reader.a(USBUART_1_pm.o)
                              .\CortexM3\ARM_GCC_493\Debug\cfp_reader.a(USBUART_1.o) (USBUART_1_DP_ISR)
.\CortexM3\ARM_GCC_493\Debug\cfp_reader.a(USBUART_1_std.o)
                              .\CortexM3\ARM_GCC_493\Debug\cfp_reader.a(USBUART_1_pm.o) (USBUART_1_ConfigReg)
.\CortexM3\ARM_GCC_493\Debug\cfp_reader.a(USBUART_1_vnd.o)
                              .\CortexM3\ARM_GCC_493\Debug\cfp_reader.a(USBUART_1_drv.o) (USBUART_1_HandleVendorRqst)
.\CortexM3\ARM_GCC_493\Debug\cfp_reader.a(USBUART_1_Dp.o)
                              .\CortexM3\ARM_GCC_493\Debug\cfp_reader.a(USBUART_1.o) (USBUART_1_Dp_ClearInterrupt)
.\CortexM3\ARM_GCC_493\Debug\cfp_reader.a(LCD.o)
                              .\CortexM3\ARM_GCC_493\Debug\main.o (LCD_PrintString)
.\CortexM3\ARM_GCC_493\Debug\cfp_reader.a(PWM_2.o)
                              .\CortexM3\ARM_GCC_493\Debug\main.o (PWM_2_Start)
.\CortexM3\ARM_GCC_493\Debug\cfp_reader.a(MDIO_host_2_my.o)
                              .\CortexM3\ARM_GCC_493\Debug\main.o (MDIO_host_2_Init)
.\CortexM3\ARM_GCC_493\Debug\cfp_reader.a(ISR.o)
                              .\CortexM3\ARM_GCC_493\Debug\main.o (ISR_Start)
.\CortexM3\ARM_GCC_493\Debug\cfp_reader.a(Clock_1.o)
                              .\CortexM3\ARM_GCC_493\Debug\main.o (Clock_1_Start)
.\CortexM3\ARM_GCC_493\Debug\cfp_reader.a(LED_3.o)
                              .\CortexM3\ARM_GCC_493\Debug\cfp_reader.a(MDIO_host_2_my.o) (LED_3_Write)
.\CortexM3\ARM_GCC_493\Debug\cfp_reader.a(DAT_ISR.o)
                              .\CortexM3\ARM_GCC_493\Debug\main.o (DAT_ISR_StartEx)
.\CortexM3\ARM_GCC_493\Debug\cfp_reader.a(ADDR_ISR.o)
                              .\CortexM3\ARM_GCC_493\Debug\main.o (ADDR_ISR_StartEx)
.\CortexM3\ARM_GCC_493\Debug\cfp_reader.a(COR_ISR.o)
                              .\CortexM3\ARM_GCC_493\Debug\main.o (COR_ISR_StartEx)
.\CortexM3\ARM_GCC_493\Debug\cfp_reader.a(MDIO_Interface.o)
                              .\CortexM3\ARM_GCC_493\Debug\main.o (MDIO_Interface_Start)
.\CortexM3\ARM_GCC_493\Debug\cfp_reader.a(MDIO_Interface_REG.o)
                              .\CortexM3\ARM_GCC_493\Debug\cfp_reader.a(MDIO_Interface.o) (MDIO_Interface_pageInfoPtr)
.\CortexM3\ARM_GCC_493\Debug\cfp_reader.a(MDIO_Interface_AddrDMA_dma.o)
                              .\CortexM3\ARM_GCC_493\Debug\cfp_reader.a(MDIO_Interface.o) (MDIO_Interface_AddrDMA_DmaInitialize)
.\CortexM3\ARM_GCC_493\Debug\cfp_reader.a(MDIO_Interface_InfoDMA_dma.o)
                              .\CortexM3\ARM_GCC_493\Debug\cfp_reader.a(MDIO_Interface.o) (MDIO_Interface_InfoDMA_DmaInitialize)
.\CortexM3\ARM_GCC_493\Debug\cfp_reader.a(MDIO_Interface_StartAddrDMA_dma.o)
                              .\CortexM3\ARM_GCC_493\Debug\cfp_reader.a(MDIO_Interface.o) (MDIO_Interface_StartAddrDMA_DmaInitialize)
.\CortexM3\ARM_GCC_493\Debug\cfp_reader.a(MDIO_Interface_EndAddrDMA_dma.o)
                              .\CortexM3\ARM_GCC_493\Debug\cfp_reader.a(MDIO_Interface.o) (MDIO_Interface_EndAddrDMA_DmaInitialize)
[...]
Memory Configuration

Name             Origin             Length             Attributes
rom              0x00000000         0x00040000         xr
ram              0x1fff8000         0x00010000         xrw
*default*        0x00000000         0xffffffff

Linker script and memory map

LOAD c:/program files (x86)/cypress/psoc creator/4.0/psoc creator/import/gnu/arm/4.9.3/bin/../lib/gcc/arm-none-eabi/4.9.3/armv7-m/crti.o
LOAD c:/program files (x86)/cypress/psoc creator/4.0/psoc creator/import/gnu/arm/4.9.3/bin/../lib/gcc/arm-none-eabi/4.9.3/armv7-m/crtbegin.o
LOAD c:/program files (x86)/cypress/psoc creator/4.0/psoc creator/import/gnu/arm/4.9.3/bin/../lib/gcc/arm-none-eabi/4.9.3/../../../../arm-none-eabi/lib/armv7-m/crt0.o
START GROUP
LOAD .\CortexM3\ARM_GCC_493\Debug\main.o
LOAD .\CortexM3\ARM_GCC_493\Debug\cymetadata.o
LOAD .\CortexM3\ARM_GCC_493\Debug\Cm3Start.o
LOAD .\CortexM3\ARM_GCC_493\Debug\cfp_reader.a
LOAD C:\Program Files (x86)\Cypress\PSoC Creator\4.0\PSoC Creator\psoc\content\cycomponentlibrary\CyComponentLibrary.cylib\CortexM3\ARM_GCC_493\Debug\CyComponentLibrary.a
END GROUP
START GROUP
LOAD c:/program files (x86)/cypress/psoc creator/4.0/psoc creator/import/gnu/arm/4.9.3/bin/../lib/gcc/arm-none-eabi/4.9.3/armv7-m\libgcc.a
LOAD c:/program files (x86)/cypress/psoc creator/4.0/psoc creator/import/gnu/arm/4.9.3/bin/../lib/gcc/arm-none-eabi/4.9.3/../../../../arm-none-eabi/lib/armv7-m\libg_nano.a
LOAD c:/program files (x86)/cypress/psoc creator/4.0/psoc creator/import/gnu/arm/4.9.3/bin/../lib/gcc/arm-none-eabi/4.9.3/../../../../arm-none-eabi/lib/armv7-m\libc_nano.a
END GROUP
START GROUP
LOAD c:/program files (x86)/cypress/psoc creator/4.0/psoc creator/import/gnu/arm/4.9.3/bin/../lib/gcc/arm-none-eabi/4.9.3/armv7-m\libgcc.a
LOAD c:/program files (x86)/cypress/psoc creator/4.0/psoc creator/import/gnu/arm/4.9.3/bin/../lib/gcc/arm-none-eabi/4.9.3/../../../../arm-none-eabi/lib/armv7-m\libc_nano.a
END GROUP
LOAD c:/program files (x86)/cypress/psoc creator/4.0/psoc creator/import/gnu/arm/4.9.3/bin/../lib/gcc/arm-none-eabi/4.9.3/armv7-m/crtend.o
LOAD c:/program files (x86)/cypress/psoc creator/4.0/psoc creator/import/gnu/arm/4.9.3/bin/../lib/gcc/arm-none-eabi/4.9.3/armv7-m/crtn.o
START GROUP
LOAD c:/program files (x86)/cypress/psoc creator/4.0/psoc creator/import/gnu/arm/4.9.3/bin/../lib/gcc/arm-none-eabi/4.9.3/armv7-m\libgcc.a
LOAD c:/program files (x86)/cypress/psoc creator/4.0/psoc creator/import/gnu/arm/4.9.3/bin/../lib/gcc/arm-none-eabi/4.9.3/../../../../arm-none-eabi/lib/armv7-m\libc.a
LOAD c:/program files (x86)/cypress/psoc creator/4.0/psoc creator/import/gnu/arm/4.9.3/bin/../lib/gcc/arm-none-eabi/4.9.3/../../../../arm-none-eabi/lib/armv7-m\libnosys.a
END GROUP
                0x00000000                CY_APPL_ORIGIN = 0x0
                0x00000100                CY_FLASH_ROW_SIZE = 0x100
                0x00000020                CY_ECC_ROW_SIZE = 0x20
                0x00000000                CY_EE_IN_BTLDR = 0x0
                0x00000000                CY_APPL_LOADABLE = 0x0
                0x00000800                CY_EE_SIZE = 0x800
                0x00000001                CY_APPL_NUM = 0x1
                0x00000001                CY_APPL_MAX = 0x1
                0x00000040                CY_METADATA_SIZE = 0x40
                0x00000000                CY_APPL_LOADABLE = 0x0
                0x00000000                CY_CHECKSUM_EXCLUDE_SIZE = ALIGN (0x0, CY_FLASH_ROW_SIZE)
                0x1fff9178                PROVIDE (__cy_heap_start, _end)
                0x00000001                PROVIDE (__cy_region_num, ((__cy_regions_end - __cy_regions) / 0x10))
                0x20008000                PROVIDE (__cy_stack, (ORIGIN (ram) + 0x10000))
                0x20007800                PROVIDE (__cy_heap_end, (__cy_stack - 0x800))

.cybootloader   0x00000000        0x0
 *(.cybootloader)
                0x00000000                appl1_start = CY_APPL_ORIGIN?CY_APPL_ORIGIN:ALIGN (CY_FLASH_ROW_SIZE)
                0x0001ff00                appl2_start = (appl1_start + ALIGN ((((0x40000 - appl1_start) - (0x2 * CY_FLASH_ROW_SIZE)) / 0x2), CY_FLASH_ROW_SIZE))
                0x00000000                appl_start = (CY_APPL_NUM == 0x1)?appl1_start:appl2_start
                0x00000000                ecc_offset = ((appl_start / CY_FLASH_ROW_SIZE) * CY_ECC_ROW_SIZE)
                0x00000000                ee_offset = (CY_APPL_LOADABLE && ! (CY_EE_IN_BTLDR))?((CY_EE_SIZE / CY_APPL_MAX) * (CY_APPL_NUM - 0x1)):0x0
                0x00000800                ee_size = (CY_APPL_LOADABLE && ! (CY_EE_IN_BTLDR))?(CY_EE_SIZE / CY_APPL_MAX):CY_EE_SIZE
                0x00000000                PROVIDE (CY_ECC_OFFSET, ecc_offset)

.text           0x00000000     0x3b24
 CREATE_OBJECT_SYMBOLS
                0x00000000                PROVIDE (__cy_interrupt_vector, RomVectors)
 *(.romvectors)
 .romvectors    0x00000000       0x10 .\CortexM3\ARM_GCC_493\Debug\Cm3Start.o
                0x00000000                RomVectors
                0x00000001                ASSERT ((. != __cy_interrupt_vector), No interrupt vector)
                0x00000001                ASSERT (CY_APPL_ORIGIN?(SIZEOF (.cybootloader) <= CY_APPL_ORIGIN):0x1, Wrong image location)
                0x00000010                PROVIDE (__cy_reset, Reset)
 *(.text.Reset)
 .text.Reset    0x00000010       0x18 .\CortexM3\ARM_GCC_493\Debug\Cm3Start.o
                0x00000010                Reset
                0x00000001                ASSERT ((. != __cy_reset), No reset code)
 *(.dma_init)
                0x00000001                ASSERT ((((appl_start + .) <= 0x10000) || 0x1), DMA Init must be within the first 64k of flash)
 *(.text .text.* .gnu.linkonce.t.*)
 .text          0x00000028       0x5c c:/program files (x86)/cypress/psoc creator/4.0/psoc creator/import/gnu/arm/4.9.3/bin/../lib/gcc/arm-none-eabi/4.9.3/armv7-m/crtbegin.o
 .text.DAT_ISR_Handler
                0x00000084        0xc .\CortexM3\ARM_GCC_493\Debug\main.o
                0x00000084                DAT_ISR_Handler
 .text.COR_ISR_Handler
                0x00000090        0xc .\CortexM3\ARM_GCC_493\Debug\main.o
                0x00000090                COR_ISR_Handler
 .text.ADDR_ISR_Handler
                0x0000009c       0x10 .\CortexM3\ARM_GCC_493\Debug\main.o
                0x0000009c                ADDR_ISR_Handler
 .text.fillUpReadOnlyRegisters
                0x000000ac       0x68 .\CortexM3\ARM_GCC_493\Debug\main.o
                0x000000ac                fillUpReadOnlyRegisters
 .text.main     0x00000114      0x288 .\CortexM3\ARM_GCC_493\Debug\main.o
                0x00000114                main
 .text.IntDefaultHandler
                0x0000039c       0x10 .\CortexM3\ARM_GCC_493\Debug\Cm3Start.o
                0x0000039c                IntDefaultHandler
 .text._sbrk    0x000003ac       0x30 .\CortexM3\ARM_GCC_493\Debug\Cm3Start.o
                0x000003ac                _sbrk
 .text.Start_c  0x000003dc       0x4c .\CortexM3\ARM_GCC_493\Debug\Cm3Start.o
                0x000003dc                Start_c
 .text.initialize_psoc
                0x00000428       0x78 .\CortexM3\ARM_GCC_493\Debug\Cm3Start.o
                0x00000428                initialize_psoc
 .text.CyClockStartupError
                0x000004a0        0x4 .\CortexM3\ARM_GCC_493\Debug\cfp_reader.a(cyfitter_cfg.o)
 .text.cfg_write_bytes32
                0x000004a4       0x34 .\CortexM3\ARM_GCC_493\Debug\cfp_reader.a(cyfitter_cfg.o)
 .text.AnalogSetDefault
                0x000004d8       0x58 .\CortexM3\ARM_GCC_493\Debug\cfp_reader.a(cyfitter_cfg.o)
 .text.CYMEMZERO
                0x00000530        0xc .\CortexM3\ARM_GCC_493\Debug\cfp_reader.a(cyfitter_cfg.o)
 .text.ClockSetup
                0x0000053c      0x108 .\CortexM3\ARM_GCC_493\Debug\cfp_reader.a(cyfitter_cfg.o)
 .text.CYCONFIGCPY
                0x00000644        0x8 .\CortexM3\ARM_GCC_493\Debug\cfp_reader.a(cyfitter_cfg.o)
 .text.cyfitter_cfg
                0x0000064c      0x1fc .\CortexM3\ARM_GCC_493\Debug\cfp_reader.a(cyfitter_cfg.o)
                0x0000064c                cyfitter_cfg
 .text.Clock_3_Start
                0x00000848       0x1c .\CortexM3\ARM_GCC_493\Debug\cfp_reader.a(Clock_3.o)
                0x00000848                Clock_3_Start
 .text.VDAC8_1_Enable
                0x00000864       0x1c .\CortexM3\ARM_GCC_493\Debug\cfp_reader.a(VDAC8_1.o)
                0x00000864                VDAC8_1_Enable
 .text.VDAC8_1_SetSpeed
                0x00000880       0x1c .\CortexM3\ARM_GCC_493\Debug\cfp_reader.a(VDAC8_1.o)
                0x00000880                VDAC8_1_SetSpeed
 .text.VDAC8_1_SetValue
                0x0000089c        0xc .\CortexM3\ARM_GCC_493\Debug\cfp_reader.a(VDAC8_1.o)
                0x0000089c                VDAC8_1_SetValue
 .text.VDAC8_1_DacTrim
                0x000008a8       0x24 .\CortexM3\ARM_GCC_493\Debug\cfp_reader.a(VDAC8_1.o)
                0x000008a8                VDAC8_1_DacTrim
 .text.VDAC8_1_SetRange
                0x000008cc       0x20 .\CortexM3\ARM_GCC_493\Debug\cfp_reader.a(VDAC8_1.o)
                0x000008cc                VDAC8_1_SetRange
 .text.VDAC8_1_Init
                0x000008ec       0x20 .\CortexM3\ARM_GCC_493\Debug\cfp_reader.a(VDAC8_1.o)
                0x000008ec                VDAC8_1_Init
 .text.VDAC8_1_Start
                0x0000090c       0x24 .\CortexM3\ARM_GCC_493\Debug\cfp_reader.a(VDAC8_1.o)
                0x0000090c                VDAC8_1_Start
 .text.Opamp_1_Enable
                0x00000930       0x28 .\CortexM3\ARM_GCC_493\Debug\cfp_reader.a(Opamp_1.o)
                0x00000930                Opamp_1_Enable
 .text.Opamp_1_SetPower
                0x00000958       0x1c .\CortexM3\ARM_GCC_493\Debug\cfp_reader.a(Opamp_1.o)
                0x00000958                Opamp_1_SetPower
 .text.Opamp_1_Init
                0x00000974        0xc .\CortexM3\ARM_GCC_493\Debug\cfp_reader.a(Opamp_1.o)
                0x00000974                Opamp_1_Init
 .text.Opamp_1_Start
                0x00000980       0x1c .\CortexM3\ARM_GCC_493\Debug\cfp_reader.a(Opamp_1.o)
                0x00000980                Opamp_1_Start
 .text.CyDmacConfigure
                0x0000099c       0x34 .\CortexM3\ARM_GCC_493\Debug\cfp_reader.a(CyDmac.o)
                0x0000099c                CyDmacConfigure
 .text.CyDmaChEnable
                0x000009d0       0x38 .\CortexM3\ARM_GCC_493\Debug\cfp_reader.a(CyDmac.o)
                0x000009d0                CyDmaChEnable
 .text.CyDmaChPriority
                0x00000a08       0x24 .\CortexM3\ARM_GCC_493\Debug\cfp_reader.a(CyDmac.o)
                0x00000a08                CyDmaChPriority
 .text.CyDmaChSetExtendedAddress
                0x00000a2c       0x34 .\CortexM3\ARM_GCC_493\Debug\cfp_reader.a(CyDmac.o)
                0x00000a2c                CyDmaChSetExtendedAddress
 .text.CyDmaChSetInitialTd
                0x00000a60       0x18 .\CortexM3\ARM_GCC_493\Debug\cfp_reader.a(CyDmac.o)
                0x00000a60                CyDmaChSetInitialTd
 .text.CyDmaChSetRequest
                0x00000a78       0x20 .\CortexM3\ARM_GCC_493\Debug\cfp_reader.a(CyDmac.o)
                0x00000a78                CyDmaChSetRequest
 .text.CyDmaChSetConfiguration
                0x00000a98       0x48 .\CortexM3\ARM_GCC_493\Debug\cfp_reader.a(CyDmac.o)
                0x00000a98                CyDmaChSetConfiguration
 .text.CyDmaTdAllocate
                0x00000ae0       0x34 .\CortexM3\ARM_GCC_493\Debug\cfp_reader.a(CyDmac.o)
                0x00000ae0                CyDmaTdAllocate
 .text.CyDmaTdSetConfiguration
                0x00000b14       0x28 .\CortexM3\ARM_GCC_493\Debug\cfp_reader.a(CyDmac.o)
                0x00000b14                CyDmaTdSetConfiguration
 .text.CyDmaTdSetAddress
                0x00000b3c       0x1c .\CortexM3\ARM_GCC_493\Debug\cfp_reader.a(CyDmac.o)
                0x00000b3c                CyDmaTdSetAddress
 .text.CyHalt   0x00000b58        0x4 .\CortexM3\ARM_GCC_493\Debug\cfp_reader.a(CyLib.o)
                0x00000b58                CyHalt
 .text.CyDelay  0x00000b5c       0x2c .\CortexM3\ARM_GCC_493\Debug\cfp_reader.a(CyLib.o)
                0x00000b5c                CyDelay
 .text.CyDelayUs
                0x00000b88       0x14 .\CortexM3\ARM_GCC_493\Debug\cfp_reader.a(CyLib.o)
                0x00000b88                CyDelayUs
 .text.CyIntSetVector
                0x00000b9c       0x28 .\CortexM3\ARM_GCC_493\Debug\cfp_reader.a(CyLib.o)
                0x00000b9c                CyIntSetVector
 .text.CyIntSetPriority
                0x00000bc4       0x30 .\CortexM3\ARM_GCC_493\Debug\cfp_reader.a(CyLib.o)
                0x00000bc4                CyIntSetPriority
 .text.CyGetUniqueId
                0x00000bf4       0x70 .\CortexM3\ARM_GCC_493\Debug\cfp_reader.a(CyLib.o)
                0x00000bf4                CyGetUniqueId
 .text.Clock_2_Start
                0x00000c64       0x1c .\CortexM3\ARM_GCC_493\Debug\cfp_reader.a(Clock_2.o)
                0x00000c64                Clock_2_Start
 .text.PWM_1_WriteCounter
                0x00000c80        0xc .\CortexM3\ARM_GCC_493\Debug\cfp_reader.a(PWM_1.o)
                0x00000c80                PWM_1_WriteCounter
 .text.PWM_1_WritePeriod
                0x00000c8c        0xc .\CortexM3\ARM_GCC_493\Debug\cfp_reader.a(PWM_1.o)
                0x00000c8c                PWM_1_WritePeriod
 .text.PWM_1_WriteCompare
                0x00000c98        0xc .\CortexM3\ARM_GCC_493\Debug\cfp_reader.a(PWM_1.o)
                0x00000c98                PWM_1_WriteCompare
 .text.PWM_1_Init
                0x00000ca4       0x24 .\CortexM3\ARM_GCC_493\Debug\cfp_reader.a(PWM_1.o)
                0x00000ca4                PWM_1_Init
 .text.PWM_1_Start
                0x00000cc8       0x18 .\CortexM3\ARM_GCC_493\Debug\cfp_reader.a(PWM_1.o)
                0x00000cc8                PWM_1_Start
 .text.USBUART_1_Init
                0x00000ce0      0x140 .\CortexM3\ARM_GCC_493\Debug\cfp_reader.a(USBUART_1.o)
                0x00000ce0                USBUART_1_Init
 .text.USBUART_1_InitComponent
                0x00000e20       0xb8 .\CortexM3\ARM_GCC_493\Debug\cfp_reader.a(USBUART_1.o)
                0x00000e20                USBUART_1_InitComponent
 .text.USBUART_1_Start
                0x00000ed8       0x24 .\CortexM3\ARM_GCC_493\Debug\cfp_reader.a(USBUART_1.o)
                0x00000ed8                USBUART_1_Start
 .text.USBUART_1_ReInitComponent
                0x00000efc       0x4c .\CortexM3\ARM_GCC_493\Debug\cfp_reader.a(USBUART_1.o)
                0x00000efc                USBUART_1_ReInitComponent
 .text.USBUART_1_GetConfiguration
                0x00000f48        0xc .\CortexM3\ARM_GCC_493\Debug\cfp_reader.a(USBUART_1.o)
                0x00000f48                USBUART_1_GetConfiguration
 .text.USBUART_1_IsConfigurationChanged
                0x00000f54       0x20 .\CortexM3\ARM_GCC_493\Debug\cfp_reader.a(USBUART_1.o)
                0x00000f54                USBUART_1_IsConfigurationChanged
 .text.USBUART_1_GetEPState
                0x00000f74       0x14 .\CortexM3\ARM_GCC_493\Debug\cfp_reader.a(USBUART_1.o)
                0x00000f74                USBUART_1_GetEPState
 .text.USBUART_1_GetEPCount
                0x00000f88       0x28 .\CortexM3\ARM_GCC_493\Debug\cfp_reader.a(USBUART_1.o)
                0x00000f88                USBUART_1_GetEPCount
 .text.USBUART_1_LoadInEP
                0x00000fb0       0x94 .\CortexM3\ARM_GCC_493\Debug\cfp_reader.a(USBUART_1.o)
                0x00000fb0                USBUART_1_LoadInEP
 .text.USBUART_1_EnableOutEP
                0x00001044       0x2c .\CortexM3\ARM_GCC_493\Debug\cfp_reader.a(USBUART_1.o)
                0x00001044                USBUART_1_EnableOutEP
 .text.USBUART_1_ReadOutEP
                0x00001070       0x50 .\CortexM3\ARM_GCC_493\Debug\cfp_reader.a(USBUART_1.o)
                0x00001070                USBUART_1_ReadOutEP
 .text.USBUART_1_StrLen
                0x000010c0       0x14 .\CortexM3\ARM_GCC_493\Debug\cfp_reader.a(USBUART_1_cdc.o)
 .text.USBUART_1_GetInterfaceComPort
                0x000010d4       0x3c .\CortexM3\ARM_GCC_493\Debug\cfp_reader.a(USBUART_1_cdc.o)
                0x000010d4                USBUART_1_GetInterfaceComPort
 .text.USBUART_1_DispatchCDCClassRqst
                0x00001110       0x98 .\CortexM3\ARM_GCC_493\Debug\cfp_reader.a(USBUART_1_cdc.o)
                0x00001110                USBUART_1_DispatchCDCClassRqst
 .text.USBUART_1_CDC_Init
                0x000011a8       0x98 .\CortexM3\ARM_GCC_493\Debug\cfp_reader.a(USBUART_1_cdc.o)
                0x000011a8                USBUART_1_CDC_Init
 .text.USBUART_1_PutData
                0x00001240       0x4c .\CortexM3\ARM_GCC_493\Debug\cfp_reader.a(USBUART_1_cdc.o)
                0x00001240                USBUART_1_PutData
 .text.USBUART_1_PutString
                0x0000128c       0x9c .\CortexM3\ARM_GCC_493\Debug\cfp_reader.a(USBUART_1_cdc.o)
                0x0000128c                USBUART_1_PutString
 .text.USBUART_1_DataIsReady
                0x00001328       0x18 .\CortexM3\ARM_GCC_493\Debug\cfp_reader.a(USBUART_1_cdc.o)
                0x00001328                USBUART_1_DataIsReady
 .text.USBUART_1_CDCIsReady
                0x00001340       0x18 .\CortexM3\ARM_GCC_493\Debug\cfp_reader.a(USBUART_1_cdc.o)
                0x00001340                USBUART_1_CDCIsReady
 .text.USBUART_1_GetAll
                0x00001358       0x30 .\CortexM3\ARM_GCC_493\Debug\cfp_reader.a(USBUART_1_cdc.o)
                0x00001358                USBUART_1_GetAll
 .text.USBUART_1_IsLineChanged
                0x00001388       0x38 .\CortexM3\ARM_GCC_493\Debug\cfp_reader.a(USBUART_1_cdc.o)
                0x00001388                USBUART_1_IsLineChanged
 .text.USBUART_1_GetLineControl
                0x000013c0       0x18 .\CortexM3\ARM_GCC_493\Debug\cfp_reader.a(USBUART_1_cdc.o)
                0x000013c0                USBUART_1_GetLineControl
 .text.USBUART_1_Cdc_EpInit
                0x000013d8       0x50 .\CortexM3\ARM_GCC_493\Debug\cfp_reader.a(USBUART_1_cdc.o)
                0x000013d8                USBUART_1_Cdc_EpInit
 .text.USBUART_1_LoadEP0
                0x00001428       0x94 .\CortexM3\ARM_GCC_493\Debug\cfp_reader.a(USBUART_1_drv.o)
                0x00001428                USBUART_1_LoadEP0
 .text.USBUART_1_InitZeroLengthControlTransfer
                0x000014bc       0x34 .\CortexM3\ARM_GCC_493\Debug\cfp_reader.a(USBUART_1_drv.o)
                0x000014bc                USBUART_1_InitZeroLengthControlTransfer
 .text.USBUART_1_ControlReadDataStage
                0x000014f0        0x8 .\CortexM3\ARM_GCC_493\Debug\cfp_reader.a(USBUART_1_drv.o)
                0x000014f0                USBUART_1_ControlReadDataStage
 .text.USBUART_1_ControlWriteDataStage
                0x000014f8       0x80 .\CortexM3\ARM_GCC_493\Debug\cfp_reader.a(USBUART_1_drv.o)
                0x000014f8                USBUART_1_ControlWriteDataStage
 .text.USBUART_1_InitNoDataControlTransfer
                0x00001578       0x2c .\CortexM3\ARM_GCC_493\Debug\cfp_reader.a(USBUART_1_drv.o)
                0x00001578                USBUART_1_InitNoDataControlTransfer
 .text.USBUART_1_UpdateStatusBlock
                0x000015a4       0x24 .\CortexM3\ARM_GCC_493\Debug\cfp_reader.a(USBUART_1_drv.o)
                0x000015a4                USBUART_1_UpdateStatusBlock
 .text.USBUART_1_HandleSetup
                0x000015c8       0x5c .\CortexM3\ARM_GCC_493\Debug\cfp_reader.a(USBUART_1_drv.o)
                0x000015c8                USBUART_1_HandleSetup
 .text.USBUART_1_ControlReadStatusStage
                0x00001624       0x34 .\CortexM3\ARM_GCC_493\Debug\cfp_reader.a(USBUART_1_drv.o)
                0x00001624                USBUART_1_ControlReadStatusStage
 .text.USBUART_1_HandleOUT
                0x00001658       0x38 .\CortexM3\ARM_GCC_493\Debug\cfp_reader.a(USBUART_1_drv.o)
                0x00001658                USBUART_1_HandleOUT
 .text.USBUART_1_ControlWriteStatusStage
                0x00001690       0x20 .\CortexM3\ARM_GCC_493\Debug\cfp_reader.a(USBUART_1_drv.o)
                0x00001690                USBUART_1_ControlWriteStatusStage
 .text.USBUART_1_NoDataControlStatusStage
                0x000016b0       0x40 .\CortexM3\ARM_GCC_493\Debug\cfp_reader.a(USBUART_1_drv.o)
                0x000016b0                USBUART_1_NoDataControlStatusStage
 .text.USBUART_1_HandleIN
                0x000016f0       0x2c .\CortexM3\ARM_GCC_493\Debug\cfp_reader.a(USBUART_1_drv.o)
                0x000016f0                USBUART_1_HandleIN
 .text.USBUART_1_EP_0_ISR
                0x0000171c       0xb8 .\CortexM3\ARM_GCC_493\Debug\cfp_reader.a(USBUART_1_drv.o)
                0x0000171c                USBUART_1_EP_0_ISR
 .text.USBUART_1_InitializeStatusBlock
                0x000017d4       0x24 .\CortexM3\ARM_GCC_493\Debug\cfp_reader.a(USBUART_1_drv.o)
                0x000017d4                USBUART_1_InitializeStatusBlock
 .text.USBUART_1_InitControlRead
                0x000017f8       0x50 .\CortexM3\ARM_GCC_493\Debug\cfp_reader.a(USBUART_1_drv.o)
                0x000017f8                USBUART_1_InitControlRead
 .text.USBUART_1_InitControlWrite
                0x00001848       0x48 .\CortexM3\ARM_GCC_493\Debug\cfp_reader.a(USBUART_1_drv.o)
                0x00001848                USBUART_1_InitControlWrite
 .text.USBUART_1_EP_1_ISR
                0x00001890       0x30 .\CortexM3\ARM_GCC_493\Debug\cfp_reader.a(USBUART_1_episr.o)
                0x00001890                USBUART_1_EP_1_ISR
 .text.USBUART_1_EP_2_ISR
                0x000018c0       0x34 .\CortexM3\ARM_GCC_493\Debug\cfp_reader.a(USBUART_1_episr.o)
                0x000018c0                USBUART_1_EP_2_ISR
 .text.USBUART_1_EP_3_ISR
                0x000018f4       0x3c .\CortexM3\ARM_GCC_493\Debug\cfp_reader.a(USBUART_1_episr.o)
                0x000018f4                USBUART_1_EP_3_ISR
 .text.USBUART_1_SOF_ISR
                0x00001930        0x4 .\CortexM3\ARM_GCC_493\Debug\cfp_reader.a(USBUART_1_episr.o)
                0x00001930                USBUART_1_SOF_ISR
 .text.USBUART_1_BUS_RESET_ISR
                0x00001934        0x8 .\CortexM3\ARM_GCC_493\Debug\cfp_reader.a(USBUART_1_episr.o)
                0x00001934                USBUART_1_BUS_RESET_ISR
 .text.USBUART_1_DP_ISR
                0x0000193c        0x8 .\CortexM3\ARM_GCC_493\Debug\cfp_reader.a(USBUART_1_pm.o)
                0x0000193c                USBUART_1_DP_ISR
 .text.USBUART_1_ReadDieID
                0x00001944       0x6c .\CortexM3\ARM_GCC_493\Debug\cfp_reader.a(USBUART_1_std.o)
                0x00001944                USBUART_1_ReadDieID
 .text.USBUART_1_ConfigReg
                0x000019b0       0xa4 .\CortexM3\ARM_GCC_493\Debug\cfp_reader.a(USBUART_1_std.o)
                0x000019b0                USBUART_1_ConfigReg
 .text.USBUART_1_GetConfigTablePtr
                0x00001a54       0x28 .\CortexM3\ARM_GCC_493\Debug\cfp_reader.a(USBUART_1_std.o)
                0x00001a54                USBUART_1_GetConfigTablePtr
 .text.USBUART_1_ConfigAltChanged
                0x00001a7c      0x11c .\CortexM3\ARM_GCC_493\Debug\cfp_reader.a(USBUART_1_std.o)
                0x00001a7c                USBUART_1_ConfigAltChanged
 .text.USBUART_1_GetDeviceTablePtr
                0x00001b98       0x18 .\CortexM3\ARM_GCC_493\Debug\cfp_reader.a(USBUART_1_std.o)
                0x00001b98                USBUART_1_GetDeviceTablePtr
 .text.USBUART_1_GetInterfaceClassTablePtr
                0x00001bb0       0x24 .\CortexM3\ARM_GCC_493\Debug\cfp_reader.a(USBUART_1_std.o)
                0x00001bb0                USBUART_1_GetInterfaceClassTablePtr
 .text.USBUART_1_Config
                0x00001bd4      0x1e4 .\CortexM3\ARM_GCC_493\Debug\cfp_reader.a(USBUART_1_std.o)
                0x00001bd4                USBUART_1_Config
 .text.USBUART_1_SetEndpointHalt
                0x00001db8       0x64 .\CortexM3\ARM_GCC_493\Debug\cfp_reader.a(USBUART_1_std.o)
                0x00001db8                USBUART_1_SetEndpointHalt
 .text.USBUART_1_ClearEndpointHalt
                0x00001e1c       0xa8 .\CortexM3\ARM_GCC_493\Debug\cfp_reader.a(USBUART_1_std.o)
                0x00001e1c                USBUART_1_ClearEndpointHalt
 .text.USBUART_1_ValidateAlternateSetting
                0x00001ec4       0x4c .\CortexM3\ARM_GCC_493\Debug\cfp_reader.a(USBUART_1_std.o)
                0x00001ec4                USBUART_1_ValidateAlternateSetting
 .text.USBUART_1_HandleStandardRqst
                0x00001f10      0x350 .\CortexM3\ARM_GCC_493\Debug\cfp_reader.a(USBUART_1_std.o)
                0x00001f10                USBUART_1_HandleStandardRqst
 .text.USBUART_1_HandleVendorRqst
                0x00002260       0x18 .\CortexM3\ARM_GCC_493\Debug\cfp_reader.a(USBUART_1_vnd.o)
                0x00002260                USBUART_1_HandleVendorRqst
 .text.USBUART_1_Dp_ClearInterrupt
                0x00002278       0x10 .\CortexM3\ARM_GCC_493\Debug\cfp_reader.a(USBUART_1_Dp.o)
                0x00002278                USBUART_1_Dp_ClearInterrupt
 .text.LCD_WrCntrlNib
                0x00002288       0x34 .\CortexM3\ARM_GCC_493\Debug\cfp_reader.a(LCD.o)
 .text.LCD_WrDatNib
                0x000022bc       0x44 .\CortexM3\ARM_GCC_493\Debug\cfp_reader.a(LCD.o)
 .text.LCD_IsReady
                0x00002300       0xe4 .\CortexM3\ARM_GCC_493\Debug\cfp_reader.a(LCD.o)
                0x00002300                LCD_IsReady
 .text.LCD_WriteData
                0x000023e4       0x18 .\CortexM3\ARM_GCC_493\Debug\cfp_reader.a(LCD.o)
                0x000023e4                LCD_WriteData
 .text.LCD_PrintString
                0x000023fc       0x1c .\CortexM3\ARM_GCC_493\Debug\cfp_reader.a(LCD.o)
                0x000023fc                LCD_PrintString
 .text.LCD_PutChar
                0x00002418        0x8 .\CortexM3\ARM_GCC_493\Debug\cfp_reader.a(LCD.o)
                0x00002418                LCD_PutChar
 .text.LCD_WriteControl
                0x00002420       0x18 .\CortexM3\ARM_GCC_493\Debug\cfp_reader.a(LCD.o)
                0x00002420                LCD_WriteControl
 .text.LCD_Init
                0x00002438       0x6c .\CortexM3\ARM_GCC_493\Debug\cfp_reader.a(LCD.o)
                0x00002438                LCD_Init
 .text.LCD_Enable
                0x000024a4       0x14 .\CortexM3\ARM_GCC_493\Debug\cfp_reader.a(LCD.o)
                0x000024a4                LCD_Enable
 .text.LCD_Start
                0x000024b8       0x1c .\CortexM3\ARM_GCC_493\Debug\cfp_reader.a(LCD.o)
                0x000024b8                LCD_Start
 .text.LCD_Position
                0x000024d4       0x3c .\CortexM3\ARM_GCC_493\Debug\cfp_reader.a(LCD.o)
                0x000024d4                LCD_Position
 .text.LCD_PrintInt8
                0x00002510       0x20 .\CortexM3\ARM_GCC_493\Debug\cfp_reader.a(LCD.o)
                0x00002510                LCD_PrintInt8
 .text.LCD_PrintInt16
                0x00002530       0x14 .\CortexM3\ARM_GCC_493\Debug\cfp_reader.a(LCD.o)
                0x00002530                LCD_PrintInt16
 .text.PWM_2_WriteCounter
                0x00002544        0xc .\CortexM3\ARM_GCC_493\Debug\cfp_reader.a(PWM_2.o)
                0x00002544                PWM_2_WriteCounter
 .text.PWM_2_WritePeriod
                0x00002550        0xc .\CortexM3\ARM_GCC_493\Debug\cfp_reader.a(PWM_2.o)
                0x00002550                PWM_2_WritePeriod
 .text.PWM_2_WriteCompare
                0x0000255c        0xc .\CortexM3\ARM_GCC_493\Debug\cfp_reader.a(PWM_2.o)
                0x0000255c                PWM_2_WriteCompare
 .text.PWM_2_Init
                0x00002568       0x24 .\CortexM3\ARM_GCC_493\Debug\cfp_reader.a(PWM_2.o)
                0x00002568                PWM_2_Init
 .text.PWM_2_Start
                0x0000258c       0x18 .\CortexM3\ARM_GCC_493\Debug\cfp_reader.a(PWM_2.o)
                0x0000258c                PWM_2_Start
 .text.MDIO_host_2_Enable
                0x000025a4       0x1c .\CortexM3\ARM_GCC_493\Debug\cfp_reader.a(MDIO_host_2_my.o)
                0x000025a4                MDIO_host_2_Enable
 .text.MDIO_host_2_ClearInternalFIFOs
                0x000025c0       0x34 .\CortexM3\ARM_GCC_493\Debug\cfp_reader.a(MDIO_host_2_my.o)
                0x000025c0                MDIO_host_2_ClearInternalFIFOs
 .text.MDIO_host_2_Init
                0x000025f4        0xc .\CortexM3\ARM_GCC_493\Debug\cfp_reader.a(MDIO_host_2_my.o)
                0x000025f4                MDIO_host_2_Init
 .text.MDIO_host_2_SetAddrC45
                0x00002600       0x30 .\CortexM3\ARM_GCC_493\Debug\cfp_reader.a(MDIO_host_2_my.o)
                0x00002600                MDIO_host_2_SetAddrC45
 .text.MDIO_host_2_ReadDataC45
                0x00002630       0x64 .\CortexM3\ARM_GCC_493\Debug\cfp_reader.a(MDIO_host_2_my.o)
                0x00002630                MDIO_host_2_ReadDataC45
 .text.ISR_Interrupt
                0x00002694       0x10 .\CortexM3\ARM_GCC_493\Debug\cfp_reader.a(ISR.o)
                0x00002694                ISR_Interrupt
 .text.ISR_SetVector
                0x000026a4        0xc .\CortexM3\ARM_GCC_493\Debug\cfp_reader.a(ISR.o)
                0x000026a4                ISR_SetVector
 .text.ISR_SetPriority
                0x000026b0       0x10 .\CortexM3\ARM_GCC_493\Debug\cfp_reader.a(ISR.o)
                0x000026b0                ISR_SetPriority
 .text.ISR_Enable
                0x000026c0        0xc .\CortexM3\ARM_GCC_493\Debug\cfp_reader.a(ISR.o)
                0x000026c0                ISR_Enable
 .text.ISR_Disable
                0x000026cc        0xc .\CortexM3\ARM_GCC_493\Debug\cfp_reader.a(ISR.o)
                0x000026cc                ISR_Disable
 .text.ISR_Start
                0x000026d8       0x1c .\CortexM3\ARM_GCC_493\Debug\cfp_reader.a(ISR.o)
                0x000026d8                ISR_Start
 .text.Clock_1_Start
                0x000026f4       0x1c .\CortexM3\ARM_GCC_493\Debug\cfp_reader.a(Clock_1.o)
                0x000026f4                Clock_1_Start
 .text.LED_3_Write
                0x00002710       0x18 .\CortexM3\ARM_GCC_493\Debug\cfp_reader.a(LED_3.o)
                0x00002710                LED_3_Write
 .text.DAT_ISR_SetVector
                0x00002728        0xc .\CortexM3\ARM_GCC_493\Debug\cfp_reader.a(DAT_ISR.o)
                0x00002728                DAT_ISR_SetVector
 .text.DAT_ISR_SetPriority
                0x00002734       0x10 .\CortexM3\ARM_GCC_493\Debug\cfp_reader.a(DAT_ISR.o)
                0x00002734                DAT_ISR_SetPriority
 .text.DAT_ISR_Enable
                0x00002744        0xc .\CortexM3\ARM_GCC_493\Debug\cfp_reader.a(DAT_ISR.o)
                0x00002744                DAT_ISR_Enable
 .text.DAT_ISR_Disable
                0x00002750        0xc .\CortexM3\ARM_GCC_493\Debug\cfp_reader.a(DAT_ISR.o)
                0x00002750                DAT_ISR_Disable
 .text.DAT_ISR_StartEx
                0x0000275c       0x1c .\CortexM3\ARM_GCC_493\Debug\cfp_reader.a(DAT_ISR.o)
                0x0000275c                DAT_ISR_StartEx
 .text.ADDR_ISR_SetVector
                0x00002778        0xc .\CortexM3\ARM_GCC_493\Debug\cfp_reader.a(ADDR_ISR.o)
                0x00002778                ADDR_ISR_SetVector
 .text.ADDR_ISR_SetPriority
                0x00002784       0x10 .\CortexM3\ARM_GCC_493\Debug\cfp_reader.a(ADDR_ISR.o)
                0x00002784                ADDR_ISR_SetPriority
 .text.ADDR_ISR_Enable
                0x00002794        0xc .\CortexM3\ARM_GCC_493\Debug\cfp_reader.a(ADDR_ISR.o)
                0x00002794                ADDR_ISR_Enable
 .text.ADDR_ISR_Disable
                0x000027a0        0xc .\CortexM3\ARM_GCC_493\Debug\cfp_reader.a(ADDR_ISR.o)
                0x000027a0                ADDR_ISR_Disable
 .text.ADDR_ISR_StartEx
                0x000027ac       0x1c .\CortexM3\ARM_GCC_493\Debug\cfp_reader.a(ADDR_ISR.o)
                0x000027ac                ADDR_ISR_StartEx
 .text.COR_ISR_SetVector
                0x000027c8        0xc .\CortexM3\ARM_GCC_493\Debug\cfp_reader.a(COR_ISR.o)
                0x000027c8                COR_ISR_SetVector
 .text.COR_ISR_SetPriority
                0x000027d4       0x10 .\CortexM3\ARM_GCC_493\Debug\cfp_reader.a(COR_ISR.o)
                0x000027d4                COR_ISR_SetPriority
 .text.COR_ISR_Enable
                0x000027e4        0xc .\CortexM3\ARM_GCC_493\Debug\cfp_reader.a(COR_ISR.o)
                0x000027e4                COR_ISR_Enable
 .text.COR_ISR_Disable
                0x000027f0        0xc .\CortexM3\ARM_GCC_493\Debug\cfp_reader.a(COR_ISR.o)
                0x000027f0                COR_ISR_Disable
 .text.COR_ISR_StartEx
                0x000027fc       0x1c .\CortexM3\ARM_GCC_493\Debug\cfp_reader.a(COR_ISR.o)
                0x000027fc                COR_ISR_StartEx
 .text.MDIO_Interface_DmaEnable
                0x00002818       0x80 .\CortexM3\ARM_GCC_493\Debug\cfp_reader.a(MDIO_Interface.o)
 .text.MDIO_Interface_DmaInit
                0x00002898      0x370 .\CortexM3\ARM_GCC_493\Debug\cfp_reader.a(MDIO_Interface.o)
 .text.MDIO_Interface_DmaIsComplete
                0x00002c08       0x2c .\CortexM3\ARM_GCC_493\Debug\cfp_reader.a(MDIO_Interface.o)
 .text.MDIO_Interface_EnableInt
                0x00002c34       0x10 .\CortexM3\ARM_GCC_493\Debug\cfp_reader.a(MDIO_Interface.o)
                0x00002c34                MDIO_Interface_EnableInt
 .text.MDIO_Interface_Enable
                0x00002c44       0x30 .\CortexM3\ARM_GCC_493\Debug\cfp_reader.a(MDIO_Interface.o)
                0x00002c44                MDIO_Interface_Enable
 .text.MDIO_Interface_SetDevAddress
                0x00002c74       0x20 .\CortexM3\ARM_GCC_493\Debug\cfp_reader.a(MDIO_Interface.o)
                0x00002c74                MDIO_Interface_SetDevAddress
 .text.MDIO_Interface_SetPhyAddress
                0x00002c94       0x24 .\CortexM3\ARM_GCC_493\Debug\cfp_reader.a(MDIO_Interface.o)
                0x00002c94                MDIO_Interface_SetPhyAddress
 .text.MDIO_Interface_UpdatePhyAddress
                0x00002cb8        0xc .\CortexM3\ARM_GCC_493\Debug\cfp_reader.a(MDIO_Interface.o)
                0x00002cb8                MDIO_Interface_UpdatePhyAddress
 .text.MDIO_Interface_Init
                0x00002cc4       0x78 .\CortexM3\ARM_GCC_493\Debug\cfp_reader.a(MDIO_Interface.o)
                0x00002cc4                MDIO_Interface_Init
 .text.MDIO_Interface_Start
                0x00002d3c       0x20 .\CortexM3\ARM_GCC_493\Debug\cfp_reader.a(MDIO_Interface.o)
                0x00002d3c                MDIO_Interface_Start
 .text.MDIO_Interface_GetAddress
                0x00002d5c        0xc .\CortexM3\ARM_GCC_493\Debug\cfp_reader.a(MDIO_Interface.o)
                0x00002d5c                MDIO_Interface_GetAddress
 .text.MDIO_Interface_GetData
                0x00002d68       0xb8 .\CortexM3\ARM_GCC_493\Debug\cfp_reader.a(MDIO_Interface.o)
                0x00002d68                MDIO_Interface_GetData
 .text.MDIO_Interface_SetData
                0x00002e20       0xb8 .\CortexM3\ARM_GCC_493\Debug\cfp_reader.a(MDIO_Interface.o)
                0x00002e20                MDIO_Interface_SetData
 .text.MDIO_Interface_SetBits
                0x00002ed8       0xd0 .\CortexM3\ARM_GCC_493\Debug\cfp_reader.a(MDIO_Interface.o)
                0x00002ed8                MDIO_Interface_SetBits
 .text.MDIO_Interface_AddrDMA_DmaInitialize
                0x00002fa8       0x3c .\CortexM3\ARM_GCC_493\Debug\cfp_reader.a(MDIO_Interface_AddrDMA_dma.o)
                0x00002fa8                MDIO_Interface_AddrDMA_DmaInitialize
 .text.MDIO_Interface_InfoDMA_DmaInitialize
                0x00002fe4       0x40 .\CortexM3\ARM_GCC_493\Debug\cfp_reader.a(MDIO_Interface_InfoDMA_dma.o)
                0x00002fe4                MDIO_Interface_InfoDMA_DmaInitialize
 .text.MDIO_Interface_StartAddrDMA_DmaInitialize
                0x00003024       0x3c .\CortexM3\ARM_GCC_493\Debug\cfp_reader.a(MDIO_Interface_StartAddrDMA_dma.o)
                0x00003024                MDIO_Interface_StartAddrDMA_DmaInitialize
 .text.MDIO_Interface_EndAddrDMA_DmaInitialize
                0x00003060       0x3c .\CortexM3\ARM_GCC_493\Debug\cfp_reader.a(MDIO_Interface_EndAddrDMA_dma.o)
                0x00003060                MDIO_Interface_EndAddrDMA_DmaInitialize
 .text.MDIO_Interface_WrDMA_DmaInitialize
                0x0000309c       0x40 .\CortexM3\ARM_GCC_493\Debug\cfp_reader.a(MDIO_Interface_WrDMA_dma.o)
                0x0000309c                MDIO_Interface_WrDMA_DmaInitialize
 .text.MDIO_Interface_RdDMA_DmaInitialize
                0x000030dc       0x3c .\CortexM3\ARM_GCC_493\Debug\cfp_reader.a(MDIO_Interface_RdDMA_dma.o)
                0x000030dc                MDIO_Interface_RdDMA_DmaInitialize
 .text.MDIO_Interface_CfgDMA1_DmaInitialize
                0x00003118       0x40 .\CortexM3\ARM_GCC_493\Debug\cfp_reader.a(MDIO_Interface_CfgDMA1_dma.o)
                0x00003118                MDIO_Interface_CfgDMA1_DmaInitialize
 .text.MDIO_Interface_CfgDMA2_DmaInitialize
                0x00003158       0x40 .\CortexM3\ARM_GCC_493\Debug\cfp_reader.a(MDIO_Interface_CfgDMA2_dma.o)
                0x00003158                MDIO_Interface_CfgDMA2_DmaInitialize
 .text.MDIO_Interface_FwDMA1_DmaInitialize
                0x00003198       0x40 .\CortexM3\ARM_GCC_493\Debug\cfp_reader.a(MDIO_Interface_FwDMA1_dma.o)
                0x00003198                MDIO_Interface_FwDMA1_DmaInitialize
 .text.MDIO_Interface_FwDMA2_DmaInitialize
                0x000031d8       0x40 .\CortexM3\ARM_GCC_493\Debug\cfp_reader.a(MDIO_Interface_FwDMA2_dma.o)
                0x000031d8                MDIO_Interface_FwDMA2_DmaInitialize
 .text          0x00003218       0x20 .\CortexM3\ARM_GCC_493\Debug\cfp_reader.a(CyBootAsmGnu.o)
                0x00003218                CyDelayCycles
                0x00003228                CyEnterCriticalSection
                0x00003230                CyExitCriticalSection
 .text.USBUART_1_DispatchClassRqst
                0x00003238       0x58 .\CortexM3\ARM_GCC_493\Debug\cfp_reader.a(USBUART_1_cls.o)
                0x00003238                USBUART_1_DispatchClassRqst
 .text.__errno  0x00003290        0xc c:/program files (x86)/cypress/psoc creator/4.0/psoc creator/import/gnu/arm/4.9.3/bin/../lib/gcc/arm-none-eabi/4.9.3/../../../../arm-none-eabi/lib/armv7-m\libg_nano.a(lib_a-errno.o)
                0x00003290                __errno
 .text.__libc_init_array
                0x0000329c       0x4c c:/program files (x86)/cypress/psoc creator/4.0/psoc creator/import/gnu/arm/4.9.3/bin/../lib/gcc/arm-none-eabi/4.9.3/../../../../arm-none-eabi/lib/armv7-m\libg_nano.a(lib_a-init.o)
                0x0000329c                __libc_init_array
 .text.memcpy   0x000032e8       0x16 c:/program files (x86)/cypress/psoc creator/4.0/psoc creator/import/gnu/arm/4.9.3/bin/../lib/gcc/arm-none-eabi/4.9.3/../../../../arm-none-eabi/lib/armv7-m\libg_nano.a(lib_a-memcpy.o)
                0x000032e8                memcpy
 .text.memset   0x000032fe       0x10 c:/program files (x86)/cypress/psoc creator/4.0/psoc creator/import/gnu/arm/4.9.3/bin/../lib/gcc/arm-none-eabi/4.9.3/../../../../arm-none-eabi/lib/armv7-m\libg_nano.a(lib_a-memset.o)
                0x000032fe                memset
 *fill*         0x0000330e        0x2 
 .text.sprintf  0x00003310       0x48 c:/program files (x86)/cypress/psoc creator/4.0/psoc creator/import/gnu/arm/4.9.3/bin/../lib/gcc/arm-none-eabi/4.9.3/../../../../arm-none-eabi/lib/armv7-m\libg_nano.a(lib_a-sprintf.o)
                0x00003310                siprintf
                0x00003310                sprintf
 .text.__ssputs_r
                0x00003358       0xb2 c:/program files (x86)/cypress/psoc creator/4.0/psoc creator/import/gnu/arm/4.9.3/bin/../lib/gcc/arm-none-eabi/4.9.3/../../../../arm-none-eabi/lib/armv7-m\libg_nano.a(lib_a-nano-svfprintf.o)
                0x00003358                __ssputs_r
 *fill*         0x0000340a        0x2 
 .text._svfprintf_r
                0x0000340c      0x1e4 c:/program files (x86)/cypress/psoc creator/4.0/psoc creator/import/gnu/arm/4.9.3/bin/../lib/gcc/arm-none-eabi/4.9.3/../../../../arm-none-eabi/lib/armv7-m\libg_nano.a(lib_a-nano-svfprintf.o)
                0x0000340c                _svfiprintf_r
                0x0000340c                _svfprintf_r
 .text._printf_common
                0x000035f0       0xea c:/program files (x86)/cypress/psoc creator/4.0/psoc creator/import/gnu/arm/4.9.3/bin/../lib/gcc/arm-none-eabi/4.9.3/../../../../arm-none-eabi/lib/armv7-m\libg_nano.a(lib_a-nano-vfprintf_i.o)
                0x000035f0                _printf_common
 *fill*         0x000036da        0x2 
 .text._printf_i
                0x000036dc      0x240 c:/program files (x86)/cypress/psoc creator/4.0/psoc creator/import/gnu/arm/4.9.3/bin/../lib/gcc/arm-none-eabi/4.9.3/../../../../arm-none-eabi/lib/armv7-m\libg_nano.a(lib_a-nano-vfprintf_i.o)
                0x000036dc                _printf_i
 .text.memchr   0x0000391c       0x1c c:/program files (x86)/cypress/psoc creator/4.0/psoc creator/import/gnu/arm/4.9.3/bin/../lib/gcc/arm-none-eabi/4.9.3/../../../../arm-none-eabi/lib/armv7-m\libg_nano.a(lib_a-memchr.o)
                0x0000391c                memchr
 .text.memmove  0x00003938       0x36 c:/program files (x86)/cypress/psoc creator/4.0/psoc creator/import/gnu/arm/4.9.3/bin/../lib/gcc/arm-none-eabi/4.9.3/../../../../arm-none-eabi/lib/armv7-m\libg_nano.a(lib_a-memmove.o)
                0x00003938                memmove
 *fill*         0x0000396e        0x2 
 .text._free_r  0x00003970       0x88 c:/program files (x86)/cypress/psoc creator/4.0/psoc creator/import/gnu/arm/4.9.3/bin/../lib/gcc/arm-none-eabi/4.9.3/../../../../arm-none-eabi/lib/armv7-m\libg_nano.a(lib_a-nano-freer.o)
                0x00003970                _free_r
 .text._malloc_r
                0x000039f8       0xac c:/program files (x86)/cypress/psoc creator/4.0/psoc creator/import/gnu/arm/4.9.3/bin/../lib/gcc/arm-none-eabi/4.9.3/../../../../arm-none-eabi/lib/armv7-m\libg_nano.a(lib_a-nano-mallocr.o)
                0x000039f8                _malloc_r
 .text._realloc_r
                0x00003aa4       0x4c c:/program files (x86)/cypress/psoc creator/4.0/psoc creator/import/gnu/arm/4.9.3/bin/../lib/gcc/arm-none-eabi/4.9.3/../../../../arm-none-eabi/lib/armv7-m\libg_nano.a(lib_a-nano-reallocr.o)
                0x00003aa4                _realloc_r
 .text._sbrk_r  0x00003af0       0x20 c:/program files (x86)/cypress/psoc creator/4.0/psoc creator/import/gnu/arm/4.9.3/bin/../lib/gcc/arm-none-eabi/4.9.3/../../../../arm-none-eabi/lib/armv7-m\libg_nano.a(lib_a-sbrkr.o)
                0x00003af0                _sbrk_r
 .text._malloc_usable_size_r
                0x00003b10       0x14 c:/program files (x86)/cypress/psoc creator/4.0/psoc creator/import/gnu/arm/4.9.3/bin/../lib/gcc/arm-none-eabi/4.9.3/../../../../arm-none-eabi/lib/armv7-m\libg_nano.a(lib_a-nano-msizer.o)
                0x00003b10                _malloc_usable_size_r
 *(.plt)
 *(.gnu.warning)
 *(.glue_7t)
 .glue_7t       0x00000000        0x0 linker stubs
 *(.glue_7)
 .glue_7        0x00000000        0x0 linker stubs
 *(.vfp11_veneer)
 .vfp11_veneer  0x00000000        0x0 linker stubs
 *(.bootloader)
 *(.ARM.extab* .gnu.linkonce.armextab.*)
 *(.gcc_except_table)

.v4_bx          0x00003b24        0x0
 .v4_bx         0x00000000        0x0 linker stubs

.iplt           0x00003b24        0x0
 .iplt          0x00000000        0x0 c:/program files (x86)/cypress/psoc creator/4.0/psoc creator/import/gnu/arm/4.9.3/bin/../lib/gcc/arm-none-eabi/4.9.3/armv7-m/crtbegin.o

.eh_frame_hdr
 *(.eh_frame_hdr)

.eh_frame       0x00003b24        0x4
 *(.eh_frame)
 .eh_frame      0x00003b24        0x0 c:/program files (x86)/cypress/psoc creator/4.0/psoc creator/import/gnu/arm/4.9.3/bin/../lib/gcc/arm-none-eabi/4.9.3/armv7-m/crtbegin.o
 .eh_frame      0x00003b24        0x4 c:/program files (x86)/cypress/psoc creator/4.0/psoc creator/import/gnu/arm/4.9.3/bin/../lib/gcc/arm-none-eabi/4.9.3/armv7-m/crtend.o
                0x00003b28                PROVIDE (__exidx_start, .)

.ARM.exidx
 *(.ARM.exidx* .gnu.linkonce.armexidx.*)
                0x00003b28                __exidx_end = .

.rodata         0x00003b28     0x1528
 *(.rodata .rodata.* .gnu.linkonce.r.*)
 .rodata.str1.4
                0x00003b28       0xcc .\CortexM3\ARM_GCC_493\Debug\main.o
 .rodata        0x00003bf4       0x38 .\CortexM3\ARM_GCC_493\Debug\cfp_reader.a(cyfitter_cfg.o)
 .rodata.str1.4
                0x00003c2c       0x14 .\CortexM3\ARM_GCC_493\Debug\cfp_reader.a(USBUART_1_std.o)
 .rodata        0x00003c40       0x10 .\CortexM3\ARM_GCC_493\Debug\cfp_reader.a(LCD.o)
 .rodata        0x00003c50     0x1230 .\CortexM3\ARM_GCC_493\Debug\cfp_reader.a(MDIO_Interface_REG.o)
                0x00003c50                MDIO_Interface_pageInfoPtr
                0x00003c80                MDIO_Interface_registerConfig_4
                0x00003e80                MDIO_Interface_registerConfig_3
                0x00004280                MDIO_Interface_registerConfig_2
                0x00004680                MDIO_Interface_registerConfig_1
 .rodata        0x00004e80      0x160 .\CortexM3\ARM_GCC_493\Debug\cfp_reader.a(USBUART_1_descr.o)
                0x00004e80                USBUART_1_TABLE
                0x00004e88                USBUART_1_DEVICE0_TABLE
                0x00004ea0                USBUART_1_DEVICE0_CONFIGURATION0_TABLE
                0x00004ec8                USBUART_1_DEVICE0_CONFIGURATION0_INTERFACE_CLASS
                0x00004ecc                USBUART_1_DEVICE0_CONFIGURATION0_EP_SETTINGS_TABLE
                0x00004ee4                USBUART_1_SN_STRING_DESCRIPTOR
                0x00004ee8                USBUART_1_STRING_DESCRIPTORS
                0x00004f88                USBUART_1_DEVICE0_CONFIGURATION0_DESCR
                0x00004fcc                USBUART_1_DEVICE0_DESCR
 .rodata.str1.1
                0x00004fe0        0x2 c:/program files (x86)/cypress/psoc creator/4.0/psoc creator/import/gnu/arm/4.9.3/bin/../lib/gcc/arm-none-eabi/4.9.3/../../../../arm-none-eabi/lib/armv7-m\libg_nano.a(lib_a-impure.o)
 .rodata.str1.1
                0x00004fe2       0x11 c:/program files (x86)/cypress/psoc creator/4.0/psoc creator/import/gnu/arm/4.9.3/bin/../lib/gcc/arm-none-eabi/4.9.3/../../../../arm-none-eabi/lib/armv7-m\libg_nano.a(lib_a-nano-svfprintf.o)
 .rodata.str1.1
                0x00004ff3       0x22 c:/program files (x86)/cypress/psoc creator/4.0/psoc creator/import/gnu/arm/4.9.3/bin/../lib/gcc/arm-none-eabi/4.9.3/../../../../arm-none-eabi/lib/armv7-m\libg_nano.a(lib_a-nano-vfprintf_i.o)
                0x00005018                . = ALIGN (0x4)
 *fill*         0x00005015        0x3 
 *(.init)
 .init          0x00005018        0x4 c:/program files (x86)/cypress/psoc creator/4.0/psoc creator/import/gnu/arm/4.9.3/bin/../lib/gcc/arm-none-eabi/4.9.3/armv7-m/crti.o
                0x00005018                _init
 .init          0x0000501c        0x8 c:/program files (x86)/cypress/psoc creator/4.0/psoc creator/import/gnu/arm/4.9.3/bin/../lib/gcc/arm-none-eabi/4.9.3/armv7-m/crtn.o
                0x00005024                . = ALIGN (0x4)
                0x00005024                __preinit_array_start = .
 *(.preinit_array)
                0x00005024                __preinit_array_end = .
                0x00005024                . = ALIGN (0x4)
                0x00005024                __init_array_start = .
 *(SORT(.init_array.*))
 *(.init_array)
 .init_array    0x00005024        0x4 c:/program files (x86)/cypress/psoc creator/4.0/psoc creator/import/gnu/arm/4.9.3/bin/../lib/gcc/arm-none-eabi/4.9.3/armv7-m/crtbegin.o
 .init_array    0x00005028        0x4 .\CortexM3\ARM_GCC_493\Debug\Cm3Start.o
                0x0000502c                __init_array_end = .
                0x0000502c                . = ALIGN (0x4)
 *(.fini)
 .fini          0x0000502c        0x4 c:/program files (x86)/cypress/psoc creator/4.0/psoc creator/import/gnu/arm/4.9.3/bin/../lib/gcc/arm-none-eabi/4.9.3/armv7-m/crti.o
                0x0000502c                _fini
 .fini          0x00005030        0x8 c:/program files (x86)/cypress/psoc creator/4.0/psoc creator/import/gnu/arm/4.9.3/bin/../lib/gcc/arm-none-eabi/4.9.3/armv7-m/crtn.o
                0x00005038                . = ALIGN (0x4)
                0x00005038                __fini_array_start = .
 *(.fini_array)
 .fini_array    0x00005038        0x4 c:/program files (x86)/cypress/psoc creator/4.0/psoc creator/import/gnu/arm/4.9.3/bin/../lib/gcc/arm-none-eabi/4.9.3/armv7-m/crtbegin.o
 *(SORT(.fini_array.*))
                0x0000503c                __fini_array_end = .
                0x0000503c                . = ALIGN (0x4)
 *crtbegin.o(.ctors)
 *(EXCLUDE_FILE(*crtend.o) .ctors)
 *(SORT(.ctors.*))
 *crtend.o(.ctors)
                0x0000503c                . = ALIGN (0x4)
 *crtbegin.o(.dtors)
 *(EXCLUDE_FILE(*crtend.o) .dtors)
 *(SORT(.dtors.*))
 *crtend.o(.dtors)
                0x0000503c                . = ALIGN (0x4)
                0x0000503c                __cy_regions = .
                0x0000503c        0x4 LONG 0x5050 __cy_region_init_ram
                0x00005040        0x4 LONG 0x1fff8108 __cy_region_start_data
                0x00005044        0x4 LONG 0x6c8 __cy_region_init_size_ram
                0x00005048        0x4 LONG 0x9a8 __cy_region_zero_size_ram
                0x0000504c                __cy_regions_end = .
                0x00005050                . = ALIGN (0x8)
 *fill*         0x0000504c        0x4 
                0x00005050                _etext = .

.cy_checksum_exclude
                0x00005050        0x0
 *(.cy_checksum_exclude)

.ramvectors     0x1fff8000      0x100
                0x1fff8000                __cy_region_start_ram = .
 *(.ramvectors)
 .ramvectors    0x1fff8000      0x100 .\CortexM3\ARM_GCC_493\Debug\Cm3Start.o
                0x1fff8000                CyRamVectors

.noinit         0x1fff8100        0x5
 *(.noinit)
 .noinit        0x1fff8100        0x4 .\CortexM3\ARM_GCC_493\Debug\Cm3Start.o
 .noinit        0x1fff8104        0x1 .\CortexM3\ARM_GCC_493\Debug\cfp_reader.a(CyLib.o)
                0x1fff8104                CyResetStatus

.data           0x1fff8108      0x6c8 load address 0x00005050
                0x1fff8108                __cy_region_start_data = .
 *(.jcr)
 .jcr           0x1fff8108        0x0 c:/program files (x86)/cypress/psoc creator/4.0/psoc creator/import/gnu/arm/4.9.3/bin/../lib/gcc/arm-none-eabi/4.9.3/armv7-m/crtbegin.o
 .jcr           0x1fff8108        0x4 c:/program files (x86)/cypress/psoc creator/4.0/psoc creator/import/gnu/arm/4.9.3/bin/../lib/gcc/arm-none-eabi/4.9.3/armv7-m/crtend.o
 *(.got.plt)
 *(.got)
 *(.shdata)
 *(.data .data.* .gnu.linkonce.d.*)
 .data          0x1fff810c        0x4 .\CortexM3\ARM_GCC_493\Debug\Cm3Start.o
 .data          0x1fff8110        0x8 .\CortexM3\ARM_GCC_493\Debug\cfp_reader.a(CyDmac.o)
 .data          0x1fff8118       0x10 .\CortexM3\ARM_GCC_493\Debug\cfp_reader.a(CyLib.o)
                0x1fff8118                cydelay_32k_ms
                0x1fff811c                cydelay_freq_khz
                0x1fff8120                cydelay_freq_mhz
                0x1fff8124                cydelay_freq_hz
 .data          0x1fff8128       0x1c .\CortexM3\ARM_GCC_493\Debug\cfp_reader.a(USBUART_1_cdc.o)
                0x1fff8128                USBUART_1_linesCoding
 .data          0x1fff8144       0x18 .\CortexM3\ARM_GCC_493\Debug\cfp_reader.a(MDIO_Interface.o)
 .data          0x1fff815c      0x600 .\CortexM3\ARM_GCC_493\Debug\cfp_reader.a(MDIO_Interface_REG.o)
                0x1fff815c                MDIO_Interface_registerConfig_6
                0x1fff835c                MDIO_Interface_registerConfig_5
 .data          0x1fff875c        0x1 .\CortexM3\ARM_GCC_493\Debug\cfp_reader.a(MDIO_Interface_AddrDMA_dma.o)
                0x1fff875c                MDIO_Interface_AddrDMA_DmaHandle
 .data          0x1fff875d        0x1 .\CortexM3\ARM_GCC_493\Debug\cfp_reader.a(MDIO_Interface_InfoDMA_dma.o)
                0x1fff875d                MDIO_Interface_InfoDMA_DmaHandle
 .data          0x1fff875e        0x1 .\CortexM3\ARM_GCC_493\Debug\cfp_reader.a(MDIO_Interface_StartAddrDMA_dma.o)
                0x1fff875e                MDIO_Interface_StartAddrDMA_DmaHandle
 .data          0x1fff875f        0x1 .\CortexM3\ARM_GCC_493\Debug\cfp_reader.a(MDIO_Interface_EndAddrDMA_dma.o)
                0x1fff875f                MDIO_Interface_EndAddrDMA_DmaHandle
 .data          0x1fff8760        0x1 .\CortexM3\ARM_GCC_493\Debug\cfp_reader.a(MDIO_Interface_WrDMA_dma.o)
                0x1fff8760                MDIO_Interface_WrDMA_DmaHandle
 .data          0x1fff8761        0x1 .\CortexM3\ARM_GCC_493\Debug\cfp_reader.a(MDIO_Interface_RdDMA_dma.o)
                0x1fff8761                MDIO_Interface_RdDMA_DmaHandle
 .data          0x1fff8762        0x1 .\CortexM3\ARM_GCC_493\Debug\cfp_reader.a(MDIO_Interface_CfgDMA1_dma.o)
                0x1fff8762                MDIO_Interface_CfgDMA1_DmaHandle
 .data          0x1fff8763        0x1 .\CortexM3\ARM_GCC_493\Debug\cfp_reader.a(MDIO_Interface_CfgDMA2_dma.o)
                0x1fff8763                MDIO_Interface_CfgDMA2_DmaHandle
 .data          0x1fff8764        0x1 .\CortexM3\ARM_GCC_493\Debug\cfp_reader.a(MDIO_Interface_FwDMA1_dma.o)
                0x1fff8764                MDIO_Interface_FwDMA1_DmaHandle
 .data          0x1fff8765        0x1 .\CortexM3\ARM_GCC_493\Debug\cfp_reader.a(MDIO_Interface_FwDMA2_dma.o)
                0x1fff8765                MDIO_Interface_FwDMA2_DmaHandle
 *fill*         0x1fff8766        0x2 
 .data.impure_data
                0x1fff8768       0x60 c:/program files (x86)/cypress/psoc creator/4.0/psoc creator/import/gnu/arm/4.9.3/bin/../lib/gcc/arm-none-eabi/4.9.3/../../../../arm-none-eabi/lib/armv7-m\libg_nano.a(lib_a-impure.o)
 .data._impure_ptr
                0x1fff87c8        0x4 c:/program files (x86)/cypress/psoc creator/4.0/psoc creator/import/gnu/arm/4.9.3/bin/../lib/gcc/arm-none-eabi/4.9.3/../../../../arm-none-eabi/lib/armv7-m\libg_nano.a(lib_a-impure.o)
                0x1fff87c8                _impure_ptr
                0x1fff87d0                . = ALIGN (0x8)
 *fill*         0x1fff87cc        0x4 
 *(.ram)
                0x1fff87d0                _edata = .

.igot.plt       0x1fff87d0        0x0 load address 0x00005718
 .igot.plt      0x00000000        0x0 c:/program files (x86)/cypress/psoc creator/4.0/psoc creator/import/gnu/arm/4.9.3/bin/../lib/gcc/arm-none-eabi/4.9.3/armv7-m/crtbegin.o

.bss            0x1fff87d0      0x9a8 load address 0x00005718
                0x1fff87d0                PROVIDE (__bss_start__, .)
 *(.shbss)
 *(.bss .bss.* .gnu.linkonce.b.*)
 .bss           0x1fff87d0       0x1c c:/program files (x86)/cypress/psoc creator/4.0/psoc creator/import/gnu/arm/4.9.3/bin/../lib/gcc/arm-none-eabi/4.9.3/armv7-m/crtbegin.o
 .bss           0x1fff87ec        0xc .\CortexM3\ARM_GCC_493\Debug\main.o
                0x1fff87ec                dataFlag
                0x1fff87ed                corFlag
                0x1fff87ee                myAddress
                0x1fff87f0                myData
                0x1fff87f4                read_MDIO_data
                0x1fff87f6                HostData
 .bss           0x1fff87f8        0x1 .\CortexM3\ARM_GCC_493\Debug\cfp_reader.a(VDAC8_1.o)
                0x1fff87f8                VDAC8_1_initVar
 .bss           0x1fff87f9        0x1 .\CortexM3\ARM_GCC_493\Debug\cfp_reader.a(Opamp_1.o)
                0x1fff87f9                Opamp_1_initVar
 .bss           0x1fff87fa        0x1 .\CortexM3\ARM_GCC_493\Debug\cfp_reader.a(PWM_1.o)
                0x1fff87fa                PWM_1_initVar
 .bss           0x1fff87fb        0x1 .\CortexM3\ARM_GCC_493\Debug\cfp_reader.a(USBUART_1.o)
                0x1fff87fb                USBUART_1_initVar
 .bss           0x1fff87fc        0x1 .\CortexM3\ARM_GCC_493\Debug\cfp_reader.a(USBUART_1_cdc.o)
 *fill*         0x1fff87fd        0x3 
 .bss           0x1fff8800        0x4 .\CortexM3\ARM_GCC_493\Debug\cfp_reader.a(USBUART_1_std.o)
 .bss           0x1fff8804        0x2 .\CortexM3\ARM_GCC_493\Debug\cfp_reader.a(LCD.o)
                0x1fff8804                LCD_enableState
                0x1fff8805                LCD_initVar
 .bss           0x1fff8806        0x1 .\CortexM3\ARM_GCC_493\Debug\cfp_reader.a(PWM_2.o)
                0x1fff8806                PWM_2_initVar
 *fill*         0x1fff8807        0x1 
 .bss           0x1fff8808        0x4 .\CortexM3\ARM_GCC_493\Debug\cfp_reader.a(MDIO_host_2_my.o)
                0x1fff8808                MDIO_host_2_StatusRegister
                0x1fff8809                MDIO_host_2_initVar
                0x1fff880a                MDIO_host_2_data_bits
 .bss           0x1fff880c       0x88 .\CortexM3\ARM_GCC_493\Debug\cfp_reader.a(MDIO_Interface.o)
                0x1fff8893                MDIO_Interface_initVar
 .bss.__malloc_sbrk_start
                0x1fff8894        0x4 c:/program files (x86)/cypress/psoc creator/4.0/psoc creator/import/gnu/arm/4.9.3/bin/../lib/gcc/arm-none-eabi/4.9.3/../../../../arm-none-eabi/lib/armv7-m\libg_nano.a(lib_a-nano-mallocr.o)
                0x1fff8894                __malloc_sbrk_start
 .bss.__malloc_free_list
                0x1fff8898        0x4 c:/program files (x86)/cypress/psoc creator/4.0/psoc creator/import/gnu/arm/4.9.3/bin/../lib/gcc/arm-none-eabi/4.9.3/../../../../arm-none-eabi/lib/armv7-m\libg_nano.a(lib_a-nano-mallocr.o)
                0x1fff8898                __malloc_free_list
 *(COMMON)
 COMMON         0x1fff889c       0x18 .\CortexM3\ARM_GCC_493\Debug\cfp_reader.a(USBUART_1_cdc.o)
                0x1fff889c                USBUART_1_cdcDataInEp
                0x1fff88a0                USBUART_1_cdcDataOutEp
                0x1fff88a4                USBUART_1_cdcCommInInterruptEp
                0x1fff88a8                USBUART_1_serialStateBitmap
                0x1fff88ac                USBUART_1_linesChanged
                0x1fff88b0                USBUART_1_linesControlBitmap
 COMMON         0x1fff88b4       0x97 .\CortexM3\ARM_GCC_493\Debug\cfp_reader.a(USBUART_1_drv.o)
                0x1fff88b4                USBUART_1_interfaceSettingLast
                0x1fff88b6                USBUART_1_ep0Mode
                0x1fff88b7                USBUART_1_lastPacketSize
                0x1fff88b8                USBUART_1_configurationChanged
                0x1fff88b9                USBUART_1_configuration
                0x1fff88ba                USBUART_1_interfaceNumber
                0x1fff88bb                USBUART_1_deviceStatus
                0x1fff88bc                USBUART_1_ep0Toggle
                0x1fff88c0                USBUART_1_interfaceClass
                0x1fff88c4                USBUART_1_interfaceSetting
                0x1fff88c8                USBUART_1_currentTD
                0x1fff88d4                USBUART_1_ep0Count
                0x1fff88d8                USBUART_1_EP
                0x1fff8944                USBUART_1_transferByteCount
                0x1fff8946                USBUART_1_transferState
                0x1fff8947                USBUART_1_device
                0x1fff8948                USBUART_1_interfaceStatus
                0x1fff894a                USBUART_1_deviceAddress
 *fill*         0x1fff894b        0x1 
 COMMON         0x1fff894c      0x800 .\CortexM3\ARM_GCC_493\Debug\cfp_reader.a(MDIO_Interface_REG.o)
                0x1fff894c                MDIO_Interface_registerPage_4
                0x1fff8a4c                MDIO_Interface_registerPage_5
                0x1fff8c4c                MDIO_Interface_registerPage_6
                0x1fff8d4c                MDIO_Interface_registerPage_3
                0x1fff8e4c                MDIO_Interface_registerPage_2
                0x1fff8f4c                MDIO_Interface_registerPage_1
 COMMON         0x1fff914c       0x22 .\CortexM3\ARM_GCC_493\Debug\cfp_reader.a(USBUART_1_descr.o)
                0x1fff914c                USBUART_1_idSerialNumberStringDescriptor
 *fill*         0x1fff916e        0x2 
 COMMON         0x1fff9170        0x4 c:/program files (x86)/cypress/psoc creator/4.0/psoc creator/import/gnu/arm/4.9.3/bin/../lib/gcc/arm-none-eabi/4.9.3/../../../../arm-none-eabi/lib/armv7-m\libg_nano.a(lib_a-reent.o)
                0x1fff9170                errno
                0x1fff9178                . = ALIGN (0x8)
 *fill*         0x1fff9174        0x4 
 *(.ram.b)
                0x1fff9178                _end = .
                0x1fff9178                __end = .
                0x1fff9178                PROVIDE (end, .)
                0x1fff9178                PROVIDE (__bss_end__, .)
                0x00005050                __cy_region_init_ram = LOADADDR (.data)
                0x000006c8                __cy_region_init_size_ram = (_edata - ADDR (.data))
                0x000009a8                __cy_region_zero_size_ram = (_end - _edata)

.heap           0x1fff9178       0x80 load address 0x00005718
                0x1fff9178                . = _end
                0x1fff91f8                . = (. + 0x80)
 *fill*         0x1fff9178       0x80 
                0x1fff91f8                __cy_heap_limit = .

.stack          0x20007800      0x800
                0x20007800                __cy_stack_limit = .
                0x20008000                . = (. + 0x800)
 *fill*         0x20007800      0x800 
                0x00000001                ASSERT ((__cy_stack_limit >= __cy_heap_limit), region RAM overflowed with stack)
                0x00000000                cy_checksum_exclude_size = (CY_APPL_LOADABLE == 0x1)?SIZEOF (.cy_checksum_exclude):0x0
                0x00000001                ASSERT ((cy_checksum_exclude_size <= CY_CHECKSUM_EXCLUDE_SIZE), CY_BOOT: Section .cy_checksum_exclude size exceedes specified limit.)

.cyloadermeta
 *(.cyloadermeta)

.cyloadablemeta
 *(.cyloadablemeta)

.cyconfigecc    0x80000000      0xf0c
 *(.cyconfigecc)
 .cyconfigecc   0x80000000      0xf0c .\CortexM3\ARM_GCC_493\Debug\cymetadata.o
                0x80000000                cy_meta_configecc

.cycustnvl      0x90000000        0x4
 *(.cycustnvl)
 .cycustnvl     0x90000000        0x4 .\CortexM3\ARM_GCC_493\Debug\cymetadata.o
                0x90000000                cy_meta_custnvl

.cywolatch      0x90100000        0x4
 *(.cywolatch)
 .cywolatch     0x90100000        0x4 .\CortexM3\ARM_GCC_493\Debug\cymetadata.o
                0x90100000                cy_meta_wonvl

.cyeeprom       0x90200000        0x0
 *(.cyeeprom)
                0x00000001                ASSERT ((. <= ((0x90200000 + ee_offset) + ee_size)), .cyeeprom data will not fit in EEPROM)

.cyflashprotect
                0x90400000      0x100
 *(.cyflashprotect)
 .cyflashprotect
                0x90400000      0x100 .\CortexM3\ARM_GCC_493\Debug\cymetadata.o
                0x90400000                cy_meta_flashprotect

.cymeta         0x90500000        0xc
 *(.cymeta)
 .cymeta        0x90500000        0xc .\CortexM3\ARM_GCC_493\Debug\cymetadata.o
                0x90500000                cy_metadata

.rel.dyn        0x00005718        0x0 load address 0x9050000c
 .rel.iplt      0x00000000        0x0 c:/program files (x86)/cypress/psoc creator/4.0/psoc creator/import/gnu/arm/4.9.3/bin/../lib/gcc/arm-none-eabi/4.9.3/armv7-m/crtbegin.o

.stab
 *(.stab)

.stabstr
 *(.stabstr)

.debug
 *(.debug)

.line
 *(.line)

.debug_srcinfo
 *(.debug_srcinfo)

.debug_sfnames
 *(.debug_sfnames)

.debug_aranges  0x00000000     0x1258
 *(.debug_aranges)
 .debug_aranges
                0x00000000       0x40 .\CortexM3\ARM_GCC_493\Debug\main.o
 .debug_aranges
                0x00000040       0x18 .\CortexM3\ARM_GCC_493\Debug\cymetadata.o
 .debug_aranges
                0x00000058       0x48 .\CortexM3\ARM_GCC_493\Debug\Cm3Start.o
 .debug_aranges
                0x000000a0       0x58 .\CortexM3\ARM_GCC_493\Debug\cfp_reader.a(cyfitter_cfg.o)
 .debug_aranges
                0x000000f8       0x70 .\CortexM3\ARM_GCC_493\Debug\cfp_reader.a(Clock_3.o)
 .debug_aranges
                0x00000168       0x58 .\CortexM3\ARM_GCC_493\Debug\cfp_reader.a(VDAC8_1.o)
 .debug_aranges
                0x000001c0       0x40 .\CortexM3\ARM_GCC_493\Debug\cfp_reader.a(Opamp_1.o)
 .debug_aranges
                0x00000200       0xd8 .\CortexM3\ARM_GCC_493\Debug\cfp_reader.a(CyDmac.o)
 .debug_aranges
                0x000002d8      0x2a0 .\CortexM3\ARM_GCC_493\Debug\cfp_reader.a(CyLib.o)
 .debug_aranges
                0x00000578       0x98 .\CortexM3\ARM_GCC_493\Debug\cfp_reader.a(cyPm.o)
 .debug_aranges
                0x00000610       0x70 .\CortexM3\ARM_GCC_493\Debug\cfp_reader.a(Clock_2.o)
 .debug_aranges
                0x00000680       0x70 .\CortexM3\ARM_GCC_493\Debug\cfp_reader.a(PWM_1.o)
 .debug_aranges
                0x000006f0       0xc8 .\CortexM3\ARM_GCC_493\Debug\cfp_reader.a(USBUART_1.o)
 .debug_aranges
                0x000007b8       0xe8 .\CortexM3\ARM_GCC_493\Debug\cfp_reader.a(USBUART_1_cdc.o)
 .debug_aranges
                0x000008a0       0x98 .\CortexM3\ARM_GCC_493\Debug\cfp_reader.a(USBUART_1_drv.o)
 .debug_aranges
                0x00000938       0x40 .\CortexM3\ARM_GCC_493\Debug\cfp_reader.a(USBUART_1_episr.o)
 .debug_aranges
                0x00000978       0x40 .\CortexM3\ARM_GCC_493\Debug\cfp_reader.a(USBUART_1_pm.o)
 .debug_aranges
                0x000009b8       0x80 .\CortexM3\ARM_GCC_493\Debug\cfp_reader.a(USBUART_1_std.o)
 .debug_aranges
                0x00000a38       0x20 .\CortexM3\ARM_GCC_493\Debug\cfp_reader.a(USBUART_1_vnd.o)
 .debug_aranges
                0x00000a58       0x48 .\CortexM3\ARM_GCC_493\Debug\cfp_reader.a(USBUART_1_Dp.o)
 .debug_aranges
                0x00000aa0       0x98 .\CortexM3\ARM_GCC_493\Debug\cfp_reader.a(LCD.o)
 .debug_aranges
                0x00000b38       0x70 .\CortexM3\ARM_GCC_493\Debug\cfp_reader.a(PWM_2.o)
 .debug_aranges
                0x00000ba8       0x68 .\CortexM3\ARM_GCC_493\Debug\cfp_reader.a(MDIO_host_2_my.o)
 .debug_aranges
                0x00000c10       0x80 .\CortexM3\ARM_GCC_493\Debug\cfp_reader.a(ISR.o)
 .debug_aranges
                0x00000c90       0x70 .\CortexM3\ARM_GCC_493\Debug\cfp_reader.a(Clock_1.o)
 .debug_aranges
                0x00000d00       0x38 .\CortexM3\ARM_GCC_493\Debug\cfp_reader.a(LED_3.o)
 .debug_aranges
                0x00000d38       0x80 .\CortexM3\ARM_GCC_493\Debug\cfp_reader.a(DAT_ISR.o)
 .debug_aranges
                0x00000db8       0x80 .\CortexM3\ARM_GCC_493\Debug\cfp_reader.a(ADDR_ISR.o)
 .debug_aranges
                0x00000e38       0x80 .\CortexM3\ARM_GCC_493\Debug\cfp_reader.a(COR_ISR.o)
 .debug_aranges
                0x00000eb8       0xa8 .\CortexM3\ARM_GCC_493\Debug\cfp_reader.a(MDIO_Interface.o)
 .debug_aranges
                0x00000f60       0x18 .\CortexM3\ARM_GCC_493\Debug\cfp_reader.a(MDIO_Interface_REG.o)
 .debug_aranges
                0x00000f78       0x28 .\CortexM3\ARM_GCC_493\Debug\cfp_reader.a(MDIO_Interface_AddrDMA_dma.o)
 .debug_aranges
                0x00000fa0       0x28 .\CortexM3\ARM_GCC_493\Debug\cfp_reader.a(MDIO_Interface_InfoDMA_dma.o)
 .debug_aranges
                0x00000fc8       0x28 .\CortexM3\ARM_GCC_493\Debug\cfp_reader.a(MDIO_Interface_StartAddrDMA_dma.o)
 .debug_aranges
                0x00000ff0       0x28 .\CortexM3\ARM_GCC_493\Debug\cfp_reader.a(MDIO_Interface_EndAddrDMA_dma.o)
 .debug_aranges
                0x00001018       0x28 .\CortexM3\ARM_GCC_493\Debug\cfp_reader.a(MDIO_Interface_WrDMA_dma.o)
 .debug_aranges
                0x00001040       0x28 .\CortexM3\ARM_GCC_493\Debug\cfp_reader.a(MDIO_Interface_RdDMA_dma.o)
 .debug_aranges
                0x00001068       0x28 .\CortexM3\ARM_GCC_493\Debug\cfp_reader.a(MDIO_Interface_CfgDMA1_dma.o)
 .debug_aranges
                0x00001090       0x28 .\CortexM3\ARM_GCC_493\Debug\cfp_reader.a(MDIO_Interface_CfgDMA2_dma.o)
 .debug_aranges
                0x000010b8       0x28 .\CortexM3\ARM_GCC_493\Debug\cfp_reader.a(MDIO_Interface_FwDMA1_dma.o)
 .debug_aranges
                0x000010e0       0x28 .\CortexM3\ARM_GCC_493\Debug\cfp_reader.a(MDIO_Interface_FwDMA2_dma.o)
 .debug_aranges
                0x00001108       0x20 .\CortexM3\ARM_GCC_493\Debug\cfp_reader.a(CyBootAsmGnu.o)
 .debug_aranges
                0x00001128       0x80 .\CortexM3\ARM_GCC_493\Debug\cfp_reader.a(CyFlash.o)
 .debug_aranges
                0x000011a8       0x78 .\CortexM3\ARM_GCC_493\Debug\cfp_reader.a(CySpc.o)
 .debug_aranges
                0x00001220       0x20 .\CortexM3\ARM_GCC_493\Debug\cfp_reader.a(USBUART_1_cls.o)
 .debug_aranges
                0x00001240       0x18 .\CortexM3\ARM_GCC_493\Debug\cfp_reader.a(USBUART_1_descr.o)

.debug_pubnames
 *(.debug_pubnames)

.debug_info     0x00000000     0xc898
 *(.debug_info .gnu.linkonce.wi.*)
 .debug_info    0x00000000      0x943 .\CortexM3\ARM_GCC_493\Debug\main.o
 .debug_info    0x00000943      0x13f .\CortexM3\ARM_GCC_493\Debug\cymetadata.o
 .debug_info    0x00000a82      0x3c3 .\CortexM3\ARM_GCC_493\Debug\Cm3Start.o
 .debug_info    0x00000e45      0x7c5 .\CortexM3\ARM_GCC_493\Debug\cfp_reader.a(cyfitter_cfg.o)
 .debug_info    0x0000160a      0x283 .\CortexM3\ARM_GCC_493\Debug\cfp_reader.a(Clock_3.o)
 .debug_info    0x0000188d      0x1df .\CortexM3\ARM_GCC_493\Debug\cfp_reader.a(VDAC8_1.o)
 .debug_info    0x00001a6c      0x14a .\CortexM3\ARM_GCC_493\Debug\cfp_reader.a(Opamp_1.o)
 .debug_info    0x00001bb6      0x944 .\CortexM3\ARM_GCC_493\Debug\cfp_reader.a(CyDmac.o)
 .debug_info    0x000024fa     0x1385 .\CortexM3\ARM_GCC_493\Debug\cfp_reader.a(CyLib.o)
 .debug_info    0x0000387f      0xa57 .\CortexM3\ARM_GCC_493\Debug\cfp_reader.a(cyPm.o)
 .debug_info    0x000042d6      0x283 .\CortexM3\ARM_GCC_493\Debug\cfp_reader.a(Clock_2.o)
 .debug_info    0x00004559      0x20c .\CortexM3\ARM_GCC_493\Debug\cfp_reader.a(PWM_1.o)
 .debug_info    0x00004765      0x9c2 .\CortexM3\ARM_GCC_493\Debug\cfp_reader.a(USBUART_1.o)
 .debug_info    0x00005127      0xb16 .\CortexM3\ARM_GCC_493\Debug\cfp_reader.a(USBUART_1_cdc.o)
 .debug_info    0x00005c3d      0x649 .\CortexM3\ARM_GCC_493\Debug\cfp_reader.a(USBUART_1_drv.o)
 .debug_info    0x00006286      0x244 .\CortexM3\ARM_GCC_493\Debug\cfp_reader.a(USBUART_1_episr.o)
 .debug_info    0x000064ca      0x2ef .\CortexM3\ARM_GCC_493\Debug\cfp_reader.a(USBUART_1_pm.o)
 .debug_info    0x000067b9      0xb35 .\CortexM3\ARM_GCC_493\Debug\cfp_reader.a(USBUART_1_std.o)
 .debug_info    0x000072ee       0xe6 .\CortexM3\ARM_GCC_493\Debug\cfp_reader.a(USBUART_1_vnd.o)
 .debug_info    0x000073d4      0x174 .\CortexM3\ARM_GCC_493\Debug\cfp_reader.a(USBUART_1_Dp.o)
 .debug_info    0x00007548      0x716 .\CortexM3\ARM_GCC_493\Debug\cfp_reader.a(LCD.o)
 .debug_info    0x00007c5e      0x20c .\CortexM3\ARM_GCC_493\Debug\cfp_reader.a(PWM_2.o)
 .debug_info    0x00007e6a      0x32a .\CortexM3\ARM_GCC_493\Debug\cfp_reader.a(MDIO_host_2_my.o)
 .debug_info    0x00008194      0x2d6 .\CortexM3\ARM_GCC_493\Debug\cfp_reader.a(ISR.o)
 .debug_info    0x0000846a      0x283 .\CortexM3\ARM_GCC_493\Debug\cfp_reader.a(Clock_1.o)
 .debug_info    0x000086ed      0x11f .\CortexM3\ARM_GCC_493\Debug\cfp_reader.a(LED_3.o)
 .debug_info    0x0000880c      0x2cb .\CortexM3\ARM_GCC_493\Debug\cfp_reader.a(DAT_ISR.o)
 .debug_info    0x00008ad7      0x2cb .\CortexM3\ARM_GCC_493\Debug\cfp_reader.a(ADDR_ISR.o)
 .debug_info    0x00008da2      0x2cb .\CortexM3\ARM_GCC_493\Debug\cfp_reader.a(COR_ISR.o)
 .debug_info    0x0000906d     0x120a .\CortexM3\ARM_GCC_493\Debug\cfp_reader.a(MDIO_Interface.o)
 .debug_info    0x0000a277      0x257 .\CortexM3\ARM_GCC_493\Debug\cfp_reader.a(MDIO_Interface_REG.o)
 .debug_info    0x0000a4ce      0x1fd .\CortexM3\ARM_GCC_493\Debug\cfp_reader.a(MDIO_Interface_AddrDMA_dma.o)
 .debug_info    0x0000a6cb      0x1fd .\CortexM3\ARM_GCC_493\Debug\cfp_reader.a(MDIO_Interface_InfoDMA_dma.o)
 .debug_info    0x0000a8c8      0x1fd .\CortexM3\ARM_GCC_493\Debug\cfp_reader.a(MDIO_Interface_StartAddrDMA_dma.o)
 .debug_info    0x0000aac5      0x1fd .\CortexM3\ARM_GCC_493\Debug\cfp_reader.a(MDIO_Interface_EndAddrDMA_dma.o)
 .debug_info    0x0000acc2      0x1fd .\CortexM3\ARM_GCC_493\Debug\cfp_reader.a(MDIO_Interface_WrDMA_dma.o)
 .debug_info    0x0000aebf      0x1fd .\CortexM3\ARM_GCC_493\Debug\cfp_reader.a(MDIO_Interface_RdDMA_dma.o)
 .debug_info    0x0000b0bc      0x1fd .\CortexM3\ARM_GCC_493\Debug\cfp_reader.a(MDIO_Interface_CfgDMA1_dma.o)
 .debug_info    0x0000b2b9      0x1f9 .\CortexM3\ARM_GCC_493\Debug\cfp_reader.a(MDIO_Interface_CfgDMA2_dma.o)
 .debug_info    0x0000b4b2      0x1fd .\CortexM3\ARM_GCC_493\Debug\cfp_reader.a(MDIO_Interface_FwDMA1_dma.o)
 .debug_info    0x0000b6af      0x1fd .\CortexM3\ARM_GCC_493\Debug\cfp_reader.a(MDIO_Interface_FwDMA2_dma.o)
 .debug_info    0x0000b8ac       0x9b .\CortexM3\ARM_GCC_493\Debug\cfp_reader.a(CyBootAsmGnu.o)
 .debug_info    0x0000b947      0x608 .\CortexM3\ARM_GCC_493\Debug\cfp_reader.a(CyFlash.o)
 .debug_info    0x0000bf4f      0x4ea .\CortexM3\ARM_GCC_493\Debug\cfp_reader.a(CySpc.o)
 .debug_info    0x0000c439      0x1d2 .\CortexM3\ARM_GCC_493\Debug\cfp_reader.a(USBUART_1_cls.o)
 .debug_info    0x0000c60b      0x28d .\CortexM3\ARM_GCC_493\Debug\cfp_reader.a(USBUART_1_descr.o)

.debug_abbrev   0x00000000     0x3b4d
 *(.debug_abbrev)
 .debug_abbrev  0x00000000      0x1ed .\CortexM3\ARM_GCC_493\Debug\main.o
 .debug_abbrev  0x000001ed       0x77 .\CortexM3\ARM_GCC_493\Debug\cymetadata.o
 .debug_abbrev  0x00000264      0x1f7 .\CortexM3\ARM_GCC_493\Debug\Cm3Start.o
 .debug_abbrev  0x0000045b      0x212 .\CortexM3\ARM_GCC_493\Debug\cfp_reader.a(cyfitter_cfg.o)
 .debug_abbrev  0x0000066d      0x139 .\CortexM3\ARM_GCC_493\Debug\cfp_reader.a(Clock_3.o)
 .debug_abbrev  0x000007a6       0xf7 .\CortexM3\ARM_GCC_493\Debug\cfp_reader.a(VDAC8_1.o)
 .debug_abbrev  0x0000089d       0xb2 .\CortexM3\ARM_GCC_493\Debug\cfp_reader.a(Opamp_1.o)
 .debug_abbrev  0x0000094f      0x1cc .\CortexM3\ARM_GCC_493\Debug\cfp_reader.a(CyDmac.o)
 .debug_abbrev  0x00000b1b      0x296 .\CortexM3\ARM_GCC_493\Debug\cfp_reader.a(CyLib.o)
 .debug_abbrev  0x00000db1      0x1ed .\CortexM3\ARM_GCC_493\Debug\cfp_reader.a(cyPm.o)
 .debug_abbrev  0x00000f9e      0x139 .\CortexM3\ARM_GCC_493\Debug\cfp_reader.a(Clock_2.o)
 .debug_abbrev  0x000010d7       0xf3 .\CortexM3\ARM_GCC_493\Debug\cfp_reader.a(PWM_1.o)
 .debug_abbrev  0x000011ca      0x24d .\CortexM3\ARM_GCC_493\Debug\cfp_reader.a(USBUART_1.o)
 .debug_abbrev  0x00001417      0x28b .\CortexM3\ARM_GCC_493\Debug\cfp_reader.a(USBUART_1_cdc.o)
 .debug_abbrev  0x000016a2      0x18b .\CortexM3\ARM_GCC_493\Debug\cfp_reader.a(USBUART_1_drv.o)
 .debug_abbrev  0x0000182d      0x11b .\CortexM3\ARM_GCC_493\Debug\cfp_reader.a(USBUART_1_episr.o)
 .debug_abbrev  0x00001948      0x146 .\CortexM3\ARM_GCC_493\Debug\cfp_reader.a(USBUART_1_pm.o)
 .debug_abbrev  0x00001a8e      0x23d .\CortexM3\ARM_GCC_493\Debug\cfp_reader.a(USBUART_1_std.o)
 .debug_abbrev  0x00001ccb       0x9b .\CortexM3\ARM_GCC_493\Debug\cfp_reader.a(USBUART_1_vnd.o)
 .debug_abbrev  0x00001d66       0x90 .\CortexM3\ARM_GCC_493\Debug\cfp_reader.a(USBUART_1_Dp.o)
 .debug_abbrev  0x00001df6      0x171 .\CortexM3\ARM_GCC_493\Debug\cfp_reader.a(LCD.o)
 .debug_abbrev  0x00001f67       0xf3 .\CortexM3\ARM_GCC_493\Debug\cfp_reader.a(PWM_2.o)
 .debug_abbrev  0x0000205a      0x1c2 .\CortexM3\ARM_GCC_493\Debug\cfp_reader.a(MDIO_host_2_my.o)
 .debug_abbrev  0x0000221c      0x184 .\CortexM3\ARM_GCC_493\Debug\cfp_reader.a(ISR.o)
 .debug_abbrev  0x000023a0      0x139 .\CortexM3\ARM_GCC_493\Debug\cfp_reader.a(Clock_1.o)
 .debug_abbrev  0x000024d9       0x90 .\CortexM3\ARM_GCC_493\Debug\cfp_reader.a(LED_3.o)
 .debug_abbrev  0x00002569      0x173 .\CortexM3\ARM_GCC_493\Debug\cfp_reader.a(DAT_ISR.o)
 .debug_abbrev  0x000026dc      0x173 .\CortexM3\ARM_GCC_493\Debug\cfp_reader.a(ADDR_ISR.o)
 .debug_abbrev  0x0000284f      0x173 .\CortexM3\ARM_GCC_493\Debug\cfp_reader.a(COR_ISR.o)
 .debug_abbrev  0x000029c2      0x25b .\CortexM3\ARM_GCC_493\Debug\cfp_reader.a(MDIO_Interface.o)
 .debug_abbrev  0x00002c1d       0xa9 .\CortexM3\ARM_GCC_493\Debug\cfp_reader.a(MDIO_Interface_REG.o)
 .debug_abbrev  0x00002cc6       0xeb .\CortexM3\ARM_GCC_493\Debug\cfp_reader.a(MDIO_Interface_AddrDMA_dma.o)
 .debug_abbrev  0x00002db1       0xeb .\CortexM3\ARM_GCC_493\Debug\cfp_reader.a(MDIO_Interface_InfoDMA_dma.o)
 .debug_abbrev  0x00002e9c       0xeb .\CortexM3\ARM_GCC_493\Debug\cfp_reader.a(MDIO_Interface_StartAddrDMA_dma.o)
 .debug_abbrev  0x00002f87       0xeb .\CortexM3\ARM_GCC_493\Debug\cfp_reader.a(MDIO_Interface_EndAddrDMA_dma.o)
 .debug_abbrev  0x00003072       0xeb .\CortexM3\ARM_GCC_493\Debug\cfp_reader.a(MDIO_Interface_WrDMA_dma.o)
 .debug_abbrev  0x0000315d       0xeb .\CortexM3\ARM_GCC_493\Debug\cfp_reader.a(MDIO_Interface_RdDMA_dma.o)
 .debug_abbrev  0x00003248       0xeb .\CortexM3\ARM_GCC_493\Debug\cfp_reader.a(MDIO_Interface_CfgDMA1_dma.o)
 .debug_abbrev  0x00003333       0xeb .\CortexM3\ARM_GCC_493\Debug\cfp_reader.a(MDIO_Interface_CfgDMA2_dma.o)
 .debug_abbrev  0x0000341e       0xeb .\CortexM3\ARM_GCC_493\Debug\cfp_reader.a(MDIO_Interface_FwDMA1_dma.o)
 .debug_abbrev  0x00003509       0xeb .\CortexM3\ARM_GCC_493\Debug\cfp_reader.a(MDIO_Interface_FwDMA2_dma.o)
 .debug_abbrev  0x000035f4       0x14 .\CortexM3\ARM_GCC_493\Debug\cfp_reader.a(CyBootAsmGnu.o)
 .debug_abbrev  0x00003608      0x1ed .\CortexM3\ARM_GCC_493\Debug\cfp_reader.a(CyFlash.o)
 .debug_abbrev  0x000037f5      0x1c1 .\CortexM3\ARM_GCC_493\Debug\cfp_reader.a(CySpc.o)
 .debug_abbrev  0x000039b6       0xe3 .\CortexM3\ARM_GCC_493\Debug\cfp_reader.a(USBUART_1_cls.o)
 .debug_abbrev  0x00003a99       0xb4 .\CortexM3\ARM_GCC_493\Debug\cfp_reader.a(USBUART_1_descr.o)

.debug_line     0x00000000     0x475d
 *(.debug_line)
 .debug_line    0x00000000      0x349 .\CortexM3\ARM_GCC_493\Debug\main.o
 .debug_line    0x00000349       0x51 .\CortexM3\ARM_GCC_493\Debug\cymetadata.o
 .debug_line    0x0000039a      0x25a .\CortexM3\ARM_GCC_493\Debug\Cm3Start.o
 .debug_line    0x000005f4      0x231 .\CortexM3\ARM_GCC_493\Debug\cfp_reader.a(cyfitter_cfg.o)
 .debug_line    0x00000825      0x176 .\CortexM3\ARM_GCC_493\Debug\cfp_reader.a(Clock_3.o)
 .debug_line    0x0000099b       0xe4 .\CortexM3\ARM_GCC_493\Debug\cfp_reader.a(VDAC8_1.o)
 .debug_line    0x00000a7f       0xaa .\CortexM3\ARM_GCC_493\Debug\cfp_reader.a(Opamp_1.o)
 .debug_line    0x00000b29      0x2e3 .\CortexM3\ARM_GCC_493\Debug\cfp_reader.a(CyDmac.o)
 .debug_line    0x00000e0c      0x816 .\CortexM3\ARM_GCC_493\Debug\cfp_reader.a(CyLib.o)
 .debug_line    0x00001622      0x364 .\CortexM3\ARM_GCC_493\Debug\cfp_reader.a(cyPm.o)
 .debug_line    0x00001986      0x176 .\CortexM3\ARM_GCC_493\Debug\cfp_reader.a(Clock_2.o)
 .debug_line    0x00001afc      0x110 .\CortexM3\ARM_GCC_493\Debug\cfp_reader.a(PWM_1.o)
 .debug_line    0x00001c0c      0x2e4 .\CortexM3\ARM_GCC_493\Debug\cfp_reader.a(USBUART_1.o)
 .debug_line    0x00001ef0      0x2f8 .\CortexM3\ARM_GCC_493\Debug\cfp_reader.a(USBUART_1_cdc.o)
 .debug_line    0x000021e8      0x227 .\CortexM3\ARM_GCC_493\Debug\cfp_reader.a(USBUART_1_drv.o)
 .debug_line    0x0000240f       0xec .\CortexM3\ARM_GCC_493\Debug\cfp_reader.a(USBUART_1_episr.o)
 .debug_line    0x000024fb      0x116 .\CortexM3\ARM_GCC_493\Debug\cfp_reader.a(USBUART_1_pm.o)
 .debug_line    0x00002611      0x3e8 .\CortexM3\ARM_GCC_493\Debug\cfp_reader.a(USBUART_1_std.o)
 .debug_line    0x000029f9       0x77 .\CortexM3\ARM_GCC_493\Debug\cfp_reader.a(USBUART_1_vnd.o)
 .debug_line    0x00002a70       0xbd .\CortexM3\ARM_GCC_493\Debug\cfp_reader.a(USBUART_1_Dp.o)
 .debug_line    0x00002b2d      0x1dc .\CortexM3\ARM_GCC_493\Debug\cfp_reader.a(LCD.o)
 .debug_line    0x00002d09      0x110 .\CortexM3\ARM_GCC_493\Debug\cfp_reader.a(PWM_2.o)
 .debug_line    0x00002e19      0x232 .\CortexM3\ARM_GCC_493\Debug\cfp_reader.a(MDIO_host_2_my.o)
 .debug_line    0x0000304b      0x134 .\CortexM3\ARM_GCC_493\Debug\cfp_reader.a(ISR.o)
 .debug_line    0x0000317f      0x176 .\CortexM3\ARM_GCC_493\Debug\cfp_reader.a(Clock_1.o)
 .debug_line    0x000032f5       0x92 .\CortexM3\ARM_GCC_493\Debug\cfp_reader.a(LED_3.o)
 .debug_line    0x00003387      0x134 .\CortexM3\ARM_GCC_493\Debug\cfp_reader.a(DAT_ISR.o)
 .debug_line    0x000034bb      0x135 .\CortexM3\ARM_GCC_493\Debug\cfp_reader.a(ADDR_ISR.o)
 .debug_line    0x000035f0      0x134 .\CortexM3\ARM_GCC_493\Debug\cfp_reader.a(COR_ISR.o)
 .debug_line    0x00003724      0x483 .\CortexM3\ARM_GCC_493\Debug\cfp_reader.a(MDIO_Interface.o)
 .debug_line    0x00003ba7       0x6d .\CortexM3\ARM_GCC_493\Debug\cfp_reader.a(MDIO_Interface_REG.o)
 .debug_line    0x00003c14       0x93 .\CortexM3\ARM_GCC_493\Debug\cfp_reader.a(MDIO_Interface_AddrDMA_dma.o)
 .debug_line    0x00003ca7       0x93 .\CortexM3\ARM_GCC_493\Debug\cfp_reader.a(MDIO_Interface_InfoDMA_dma.o)
 .debug_line    0x00003d3a       0x98 .\CortexM3\ARM_GCC_493\Debug\cfp_reader.a(MDIO_Interface_StartAddrDMA_dma.o)
 .debug_line    0x00003dd2       0x96 .\CortexM3\ARM_GCC_493\Debug\cfp_reader.a(MDIO_Interface_EndAddrDMA_dma.o)
 .debug_line    0x00003e68       0x91 .\CortexM3\ARM_GCC_493\Debug\cfp_reader.a(MDIO_Interface_WrDMA_dma.o)
 .debug_line    0x00003ef9       0x91 .\CortexM3\ARM_GCC_493\Debug\cfp_reader.a(MDIO_Interface_RdDMA_dma.o)
 .debug_line    0x00003f8a       0x93 .\CortexM3\ARM_GCC_493\Debug\cfp_reader.a(MDIO_Interface_CfgDMA1_dma.o)
 .debug_line    0x0000401d       0x93 .\CortexM3\ARM_GCC_493\Debug\cfp_reader.a(MDIO_Interface_CfgDMA2_dma.o)
 .debug_line    0x000040b0       0x92 .\CortexM3\ARM_GCC_493\Debug\cfp_reader.a(MDIO_Interface_FwDMA1_dma.o)
 .debug_line    0x00004142       0x92 .\CortexM3\ARM_GCC_493\Debug\cfp_reader.a(MDIO_Interface_FwDMA2_dma.o)
 .debug_line    0x000041d4       0x66 .\CortexM3\ARM_GCC_493\Debug\cfp_reader.a(CyBootAsmGnu.o)
 .debug_line    0x0000423a      0x1ea .\CortexM3\ARM_GCC_493\Debug\cfp_reader.a(CyFlash.o)
 .debug_line    0x00004424      0x23c .\CortexM3\ARM_GCC_493\Debug\cfp_reader.a(CySpc.o)
 .debug_line    0x00004660       0x98 .\CortexM3\ARM_GCC_493\Debug\cfp_reader.a(USBUART_1_cls.o)
 .debug_line    0x000046f8       0x65 .\CortexM3\ARM_GCC_493\Debug\cfp_reader.a(USBUART_1_descr.o)

.debug_frame    0x00000000     0x2edc
 *(.debug_frame)
 .debug_frame   0x00000000       0x90 .\CortexM3\ARM_GCC_493\Debug\main.o
 .debug_frame   0x00000090       0xb8 .\CortexM3\ARM_GCC_493\Debug\Cm3Start.o
 .debug_frame   0x00000148       0xe4 .\CortexM3\ARM_GCC_493\Debug\cfp_reader.a(cyfitter_cfg.o)
 .debug_frame   0x0000022c       0xe0 .\CortexM3\ARM_GCC_493\Debug\cfp_reader.a(Clock_3.o)
 .debug_frame   0x0000030c       0xb4 .\CortexM3\ARM_GCC_493\Debug\cfp_reader.a(VDAC8_1.o)
 .debug_frame   0x000003c0       0x78 .\CortexM3\ARM_GCC_493\Debug\cfp_reader.a(Opamp_1.o)
 .debug_frame   0x00000438      0x1f4 .\CortexM3\ARM_GCC_493\Debug\cfp_reader.a(CyDmac.o)
 .debug_frame   0x0000062c      0x738 .\CortexM3\ARM_GCC_493\Debug\cfp_reader.a(CyLib.o)
 .debug_frame   0x00000d64      0x1f8 .\CortexM3\ARM_GCC_493\Debug\cfp_reader.a(cyPm.o)
 .debug_frame   0x00000f5c       0xe0 .\CortexM3\ARM_GCC_493\Debug\cfp_reader.a(Clock_2.o)
 .debug_frame   0x0000103c       0xd8 .\CortexM3\ARM_GCC_493\Debug\cfp_reader.a(PWM_1.o)
 .debug_frame   0x00001114      0x1dc .\CortexM3\ARM_GCC_493\Debug\cfp_reader.a(USBUART_1.o)
 .debug_frame   0x000012f0      0x278 .\CortexM3\ARM_GCC_493\Debug\cfp_reader.a(USBUART_1_cdc.o)
 .debug_frame   0x00001568      0x194 .\CortexM3\ARM_GCC_493\Debug\cfp_reader.a(USBUART_1_drv.o)
 .debug_frame   0x000016fc       0x6c .\CortexM3\ARM_GCC_493\Debug\cfp_reader.a(USBUART_1_episr.o)
 .debug_frame   0x00001768       0xa0 .\CortexM3\ARM_GCC_493\Debug\cfp_reader.a(USBUART_1_pm.o)
 .debug_frame   0x00001808      0x17c .\CortexM3\ARM_GCC_493\Debug\cfp_reader.a(USBUART_1_std.o)
 .debug_frame   0x00001984       0x20 .\CortexM3\ARM_GCC_493\Debug\cfp_reader.a(USBUART_1_vnd.o)
 .debug_frame   0x000019a4       0x70 .\CortexM3\ARM_GCC_493\Debug\cfp_reader.a(USBUART_1_Dp.o)
 .debug_frame   0x00001a14      0x1e4 .\CortexM3\ARM_GCC_493\Debug\cfp_reader.a(LCD.o)
 .debug_frame   0x00001bf8       0xd8 .\CortexM3\ARM_GCC_493\Debug\cfp_reader.a(PWM_2.o)
 .debug_frame   0x00001cd0       0xec .\CortexM3\ARM_GCC_493\Debug\cfp_reader.a(MDIO_host_2_my.o)
 .debug_frame   0x00001dbc      0x104 .\CortexM3\ARM_GCC_493\Debug\cfp_reader.a(ISR.o)
 .debug_frame   0x00001ec0       0xe0 .\CortexM3\ARM_GCC_493\Debug\cfp_reader.a(Clock_1.o)
 .debug_frame   0x00001fa0       0x50 .\CortexM3\ARM_GCC_493\Debug\cfp_reader.a(LED_3.o)
 .debug_frame   0x00001ff0      0x104 .\CortexM3\ARM_GCC_493\Debug\cfp_reader.a(DAT_ISR.o)
 .debug_frame   0x000020f4      0x104 .\CortexM3\ARM_GCC_493\Debug\cfp_reader.a(ADDR_ISR.o)
 .debug_frame   0x000021f8      0x104 .\CortexM3\ARM_GCC_493\Debug\cfp_reader.a(COR_ISR.o)
 .debug_frame   0x000022fc      0x1fc .\CortexM3\ARM_GCC_493\Debug\cfp_reader.a(MDIO_Interface.o)
 .debug_frame   0x000024f8       0x54 .\CortexM3\ARM_GCC_493\Debug\cfp_reader.a(MDIO_Interface_AddrDMA_dma.o)
 .debug_frame   0x0000254c       0x54 .\CortexM3\ARM_GCC_493\Debug\cfp_reader.a(MDIO_Interface_InfoDMA_dma.o)
 .debug_frame   0x000025a0       0x54 .\CortexM3\ARM_GCC_493\Debug\cfp_reader.a(MDIO_Interface_StartAddrDMA_dma.o)
 .debug_frame   0x000025f4       0x54 .\CortexM3\ARM_GCC_493\Debug\cfp_reader.a(MDIO_Interface_EndAddrDMA_dma.o)
 .debug_frame   0x00002648       0x54 .\CortexM3\ARM_GCC_493\Debug\cfp_reader.a(MDIO_Interface_WrDMA_dma.o)
 .debug_frame   0x0000269c       0x54 .\CortexM3\ARM_GCC_493\Debug\cfp_reader.a(MDIO_Interface_RdDMA_dma.o)
 .debug_frame   0x000026f0       0x54 .\CortexM3\ARM_GCC_493\Debug\cfp_reader.a(MDIO_Interface_CfgDMA1_dma.o)
 .debug_frame   0x00002744       0x54 .\CortexM3\ARM_GCC_493\Debug\cfp_reader.a(MDIO_Interface_CfgDMA2_dma.o)
 .debug_frame   0x00002798       0x54 .\CortexM3\ARM_GCC_493\Debug\cfp_reader.a(MDIO_Interface_FwDMA1_dma.o)
 .debug_frame   0x000027ec       0x54 .\CortexM3\ARM_GCC_493\Debug\cfp_reader.a(MDIO_Interface_FwDMA2_dma.o)
 .debug_frame   0x00002840      0x174 .\CortexM3\ARM_GCC_493\Debug\cfp_reader.a(CyFlash.o)
 .debug_frame   0x000029b4      0x160 .\CortexM3\ARM_GCC_493\Debug\cfp_reader.a(CySpc.o)
 .debug_frame   0x00002b14       0x2c .\CortexM3\ARM_GCC_493\Debug\cfp_reader.a(USBUART_1_cls.o)
 .debug_frame   0x00002b40       0x20 c:/program files (x86)/cypress/psoc creator/4.0/psoc creator/import/gnu/arm/4.9.3/bin/../lib/gcc/arm-none-eabi/4.9.3/../../../../arm-none-eabi/lib/armv7-m\libg_nano.a(lib_a-errno.o)
 .debug_frame   0x00002b60       0x28 c:/program files (x86)/cypress/psoc creator/4.0/psoc creator/import/gnu/arm/4.9.3/bin/../lib/gcc/arm-none-eabi/4.9.3/../../../../arm-none-eabi/lib/armv7-m\libg_nano.a(lib_a-exit.o)
 .debug_frame   0x00002b88       0x2c c:/program files (x86)/cypress/psoc creator/4.0/psoc creator/import/gnu/arm/4.9.3/bin/../lib/gcc/arm-none-eabi/4.9.3/../../../../arm-none-eabi/lib/armv7-m\libg_nano.a(lib_a-init.o)
 .debug_frame   0x00002bb4       0x28 c:/program files (x86)/cypress/psoc creator/4.0/psoc creator/import/gnu/arm/4.9.3/bin/../lib/gcc/arm-none-eabi/4.9.3/../../../../arm-none-eabi/lib/armv7-m\libg_nano.a(lib_a-memcpy.o)
 .debug_frame   0x00002bdc       0x20 c:/program files (x86)/cypress/psoc creator/4.0/psoc creator/import/gnu/arm/4.9.3/bin/../lib/gcc/arm-none-eabi/4.9.3/../../../../arm-none-eabi/lib/armv7-m\libg_nano.a(lib_a-memset.o)
 .debug_frame   0x00002bfc       0x70 c:/program files (x86)/cypress/psoc creator/4.0/psoc creator/import/gnu/arm/4.9.3/bin/../lib/gcc/arm-none-eabi/4.9.3/../../../../arm-none-eabi/lib/armv7-m\libg_nano.a(lib_a-sprintf.o)
 .debug_frame   0x00002c6c       0x8c c:/program files (x86)/cypress/psoc creator/4.0/psoc creator/import/gnu/arm/4.9.3/bin/../lib/gcc/arm-none-eabi/4.9.3/../../../../arm-none-eabi/lib/armv7-m\libg_nano.a(lib_a-nano-svfprintf.o)
 .debug_frame   0x00002cf8       0x58 c:/program files (x86)/cypress/psoc creator/4.0/psoc creator/import/gnu/arm/4.9.3/bin/../lib/gcc/arm-none-eabi/4.9.3/../../../../arm-none-eabi/lib/armv7-m\libg_nano.a(lib_a-nano-vfprintf_i.o)
 .debug_frame   0x00002d50       0x28 c:/program files (x86)/cypress/psoc creator/4.0/psoc creator/import/gnu/arm/4.9.3/bin/../lib/gcc/arm-none-eabi/4.9.3/../../../../arm-none-eabi/lib/armv7-m\libg_nano.a(lib_a-memchr.o)
 .debug_frame   0x00002d78       0x28 c:/program files (x86)/cypress/psoc creator/4.0/psoc creator/import/gnu/arm/4.9.3/bin/../lib/gcc/arm-none-eabi/4.9.3/../../../../arm-none-eabi/lib/armv7-m\libg_nano.a(lib_a-memmove.o)
 .debug_frame   0x00002da0       0x2c c:/program files (x86)/cypress/psoc creator/4.0/psoc creator/import/gnu/arm/4.9.3/bin/../lib/gcc/arm-none-eabi/4.9.3/../../../../arm-none-eabi/lib/armv7-m\libg_nano.a(lib_a-nano-freer.o)
 .debug_frame   0x00002dcc       0x2c c:/program files (x86)/cypress/psoc creator/4.0/psoc creator/import/gnu/arm/4.9.3/bin/../lib/gcc/arm-none-eabi/4.9.3/../../../../arm-none-eabi/lib/armv7-m\libg_nano.a(lib_a-nano-mallocr.o)
 .debug_frame   0x00002df8       0x3c c:/program files (x86)/cypress/psoc creator/4.0/psoc creator/import/gnu/arm/4.9.3/bin/../lib/gcc/arm-none-eabi/4.9.3/../../../../arm-none-eabi/lib/armv7-m\libg_nano.a(lib_a-nano-reallocr.o)
 .debug_frame   0x00002e34       0x2c c:/program files (x86)/cypress/psoc creator/4.0/psoc creator/import/gnu/arm/4.9.3/bin/../lib/gcc/arm-none-eabi/4.9.3/../../../../arm-none-eabi/lib/armv7-m\libg_nano.a(lib_a-sbrkr.o)
 .debug_frame   0x00002e60       0x20 c:/program files (x86)/cypress/psoc creator/4.0/psoc creator/import/gnu/arm/4.9.3/bin/../lib/gcc/arm-none-eabi/4.9.3/../../../../arm-none-eabi/lib/armv7-m\libg_nano.a(lib_a-nano-msizer.o)
 .debug_frame   0x00002e80       0x5c c:/program files (x86)/cypress/psoc creator/4.0/psoc creator/import/gnu/arm/4.9.3/bin/../lib/gcc/arm-none-eabi/4.9.3/../../../../arm-none-eabi/lib/armv7-m\libg_nano.a(lib_a-reent.o)

.debug_str      0x00000000     0x4456
 *(.debug_str)
 .debug_str     0x00000000      0x502 .\CortexM3\ARM_GCC_493\Debug\main.o
                                0x554 (size before relaxing)
 .debug_str     0x00000502       0x75 .\CortexM3\ARM_GCC_493\Debug\cymetadata.o
                                0x1f5 (size before relaxing)
 .debug_str     0x00000577      0x160 .\CortexM3\ARM_GCC_493\Debug\Cm3Start.o
                                0x319 (size before relaxing)
 .debug_str     0x000006d7      0x189 .\CortexM3\ARM_GCC_493\Debug\cfp_reader.a(cyfitter_cfg.o)
                                0x343 (size before relaxing)
 .debug_str     0x00000860      0x154 .\CortexM3\ARM_GCC_493\Debug\cfp_reader.a(Clock_3.o)
                                0x2f9 (size before relaxing)
 .debug_str     0x000009b4       0xae .\CortexM3\ARM_GCC_493\Debug\cfp_reader.a(VDAC8_1.o)
                                0x23e (size before relaxing)
 .debug_str     0x00000a62       0x71 .\CortexM3\ARM_GCC_493\Debug\cfp_reader.a(Opamp_1.o)
                                0x204 (size before relaxing)
 .debug_str     0x00000ad3      0x37e .\CortexM3\ARM_GCC_493\Debug\cfp_reader.a(CyDmac.o)
                                0x549 (size before relaxing)
 .debug_str     0x00000e51      0x7e2 .\CortexM3\ARM_GCC_493\Debug\cfp_reader.a(CyLib.o)
                                0xa46 (size before relaxing)
 .debug_str     0x00001633      0x359 .\CortexM3\ARM_GCC_493\Debug\cfp_reader.a(cyPm.o)
                                0x726 (size before relaxing)
 .debug_str     0x0000198c      0x109 .\CortexM3\ARM_GCC_493\Debug\cfp_reader.a(Clock_2.o)
                                0x2f9 (size before relaxing)
 .debug_str     0x00001a95       0xe6 .\CortexM3\ARM_GCC_493\Debug\cfp_reader.a(PWM_1.o)
                                0x277 (size before relaxing)
 .debug_str     0x00001b7b      0x43f .\CortexM3\ARM_GCC_493\Debug\cfp_reader.a(USBUART_1.o)
                                0x6c6 (size before relaxing)
 .debug_str     0x00001fba      0x4da .\CortexM3\ARM_GCC_493\Debug\cfp_reader.a(USBUART_1_cdc.o)
                                0x83a (size before relaxing)
 .debug_str     0x00002494      0x2c1 .\CortexM3\ARM_GCC_493\Debug\cfp_reader.a(USBUART_1_drv.o)
                                0x69b (size before relaxing)
 .debug_str     0x00002755       0x8c .\CortexM3\ARM_GCC_493\Debug\cfp_reader.a(USBUART_1_episr.o)
                                0x2f4 (size before relaxing)
 .debug_str     0x000027e1       0xda .\CortexM3\ARM_GCC_493\Debug\cfp_reader.a(USBUART_1_pm.o)
                                0x30e (size before relaxing)
 .debug_str     0x000028bb      0x27b .\CortexM3\ARM_GCC_493\Debug\cfp_reader.a(USBUART_1_std.o)
                                0x810 (size before relaxing)
 .debug_str     0x00002b36       0x27 .\CortexM3\ARM_GCC_493\Debug\cfp_reader.a(USBUART_1_vnd.o)
                                0x1f2 (size before relaxing)
 .debug_str     0x00002b5d       0xb0 .\CortexM3\ARM_GCC_493\Debug\cfp_reader.a(USBUART_1_Dp.o)
                                0x25a (size before relaxing)
 .debug_str     0x00002c0d      0x114 .\CortexM3\ARM_GCC_493\Debug\cfp_reader.a(LCD.o)
                                0x32a (size before relaxing)
 .debug_str     0x00002d21       0xcf .\CortexM3\ARM_GCC_493\Debug\cfp_reader.a(PWM_2.o)
                                0x277 (size before relaxing)
 .debug_str     0x00002df0      0x150 .\CortexM3\ARM_GCC_493\Debug\cfp_reader.a(MDIO_host_2_my.o)
                                0x341 (size before relaxing)
 .debug_str     0x00002f40       0x1d .\CortexM3\ARM_GCC_493\Debug\cfp_reader.a(ISR.o)
                                0x2a4 (size before relaxing)
 .debug_str     0x00002f5d      0x109 .\CortexM3\ARM_GCC_493\Debug\cfp_reader.a(Clock_1.o)
                                0x2f9 (size before relaxing)
 .debug_str     0x00003066       0x4f .\CortexM3\ARM_GCC_493\Debug\cfp_reader.a(LED_3.o)
                                0x1ed (size before relaxing)
 .debug_str     0x000030b5       0xf2 .\CortexM3\ARM_GCC_493\Debug\cfp_reader.a(DAT_ISR.o)
                                0x2c1 (size before relaxing)
 .debug_str     0x000031a7       0xff .\CortexM3\ARM_GCC_493\Debug\cfp_reader.a(ADDR_ISR.o)
                                0x2cf (size before relaxing)
 .debug_str     0x000032a6       0xf2 .\CortexM3\ARM_GCC_493\Debug\cfp_reader.a(COR_ISR.o)
                                0x2c1 (size before relaxing)
 .debug_str     0x00003398      0x694 .\CortexM3\ARM_GCC_493\Debug\cfp_reader.a(MDIO_Interface.o)
                                0xa12 (size before relaxing)
 .debug_str     0x00003a2c      0x1c9 .\CortexM3\ARM_GCC_493\Debug\cfp_reader.a(MDIO_Interface_REG.o)
                                0x379 (size before relaxing)
 .debug_str     0x00003bf5       0xb2 .\CortexM3\ARM_GCC_493\Debug\cfp_reader.a(MDIO_Interface_AddrDMA_dma.o)
                                0x2b8 (size before relaxing)