Archive member included because of file (symbol)

.\CortexM3\ARM_GCC_493\Debug\cfp_reader.a(cyfitter_cfg.o)
                              .\CortexM3\ARM_GCC_493\Debug\Cm3Start.o (cyfitter_cfg)
.\CortexM3\ARM_GCC_493\Debug\cfp_reader.a(Clock_3.o)
                              .\CortexM3\ARM_GCC_493\Debug\main.o (Clock_3_Start)
.\CortexM3\ARM_GCC_493\Debug\cfp_reader.a(VDAC8_1.o)
                              .\CortexM3\ARM_GCC_493\Debug\main.o (VDAC8_1_Start)
.\CortexM3\ARM_GCC_493\Debug\cfp_reader.a(Opamp_1.o)
                              .\CortexM3\ARM_GCC_493\Debug\main.o (Opamp_1_Start)
.\CortexM3\ARM_GCC_493\Debug\cfp_reader.a(CyDmac.o)
                              .\CortexM3\ARM_GCC_493\Debug\Cm3Start.o (CyDmacConfigure)
.\CortexM3\ARM_GCC_493\Debug\cfp_reader.a(CyLib.o)
                              .\CortexM3\ARM_GCC_493\Debug\Cm3Start.o (CyHalt)
.\CortexM3\ARM_GCC_493\Debug\cfp_reader.a(cyPm.o)
                              .\CortexM3\ARM_GCC_493\Debug\cfp_reader.a(CyLib.o) (CyPmReadStatus)
.\CortexM3\ARM_GCC_493\Debug\cfp_reader.a(Clock_2.o)
                              .\CortexM3\ARM_GCC_493\Debug\main.o (Clock_2_Start)
.\CortexM3\ARM_GCC_493\Debug\cfp_reader.a(PWM_1.o)
                              .\CortexM3\ARM_GCC_493\Debug\main.o (PWM_1_Start)
.\CortexM3\ARM_GCC_493\Debug\cfp_reader.a(USBUART_1.o)
                              .\CortexM3\ARM_GCC_493\Debug\main.o (USBUART_1_Start)
.\CortexM3\ARM_GCC_493\Debug\cfp_reader.a(USBUART_1_cdc.o)
                              .\CortexM3\ARM_GCC_493\Debug\main.o (USBUART_1_CDC_Init)
.\CortexM3\ARM_GCC_493\Debug\cfp_reader.a(USBUART_1_drv.o)
                              .\CortexM3\ARM_GCC_493\Debug\cfp_reader.a(USBUART_1.o) (USBUART_1_lastPacketSize)
.\CortexM3\ARM_GCC_493\Debug\cfp_reader.a(USBUART_1_episr.o)
                              .\CortexM3\ARM_GCC_493\Debug\cfp_reader.a(USBUART_1.o) (USBUART_1_EP_1_ISR)
.\CortexM3\ARM_GCC_493\Debug\cfp_reader.a(USBUART_1_pm.o)
                              .\CortexM3\ARM_GCC_493\Debug\cfp_reader.a(USBUART_1.o) (USBUART_1_DP_ISR)
.\CortexM3\ARM_GCC_493\Debug\cfp_reader.a(USBUART_1_std.o)
                              .\CortexM3\ARM_GCC_493\Debug\cfp_reader.a(USBUART_1_pm.o) (USBUART_1_ConfigReg)
.\CortexM3\ARM_GCC_493\Debug\cfp_reader.a(USBUART_1_vnd.o)
                              .\CortexM3\ARM_GCC_493\Debug\cfp_reader.a(USBUART_1_drv.o) (USBUART_1_HandleVendorRqst)
.\CortexM3\ARM_GCC_493\Debug\cfp_reader.a(USBUART_1_Dp.o)
                              .\CortexM3\ARM_GCC_493\Debug\cfp_reader.a(USBUART_1.o) (USBUART_1_Dp_ClearInterrupt)
.\CortexM3\ARM_GCC_493\Debug\cfp_reader.a(LCD.o)
                              .\CortexM3\ARM_GCC_493\Debug\main.o (LCD_PrintString)
.\CortexM3\ARM_GCC_493\Debug\cfp_reader.a(PWM_2.o)
                              .\CortexM3\ARM_GCC_493\Debug\main.o (PWM_2_Start)
.\CortexM3\ARM_GCC_493\Debug\cfp_reader.a(MDIO_host_2_my.o)
                              .\CortexM3\ARM_GCC_493\Debug\main.o (MDIO_host_2_Init)
.\CortexM3\ARM_GCC_493\Debug\cfp_reader.a(Clock_1.o)
                              .\CortexM3\ARM_GCC_493\Debug\main.o (Clock_1_Start)
.\CortexM3\ARM_GCC_493\Debug\cfp_reader.a(MDIO_Interface.o)
                              .\CortexM3\ARM_GCC_493\Debug\main.o (MDIO_Interface_Start)
.\CortexM3\ARM_GCC_493\Debug\cfp_reader.a(MDIO_Interface_REG.o)
                              .\CortexM3\ARM_GCC_493\Debug\cfp_reader.a(MDIO_Interface.o) (MDIO_Interface_pageInfoPtr)
.\CortexM3\ARM_GCC_493\Debug\cfp_reader.a(MDIO_Interface_AddrDMA_dma.o)
                              .\CortexM3\ARM_GCC_493\Debug\cfp_reader.a(MDIO_Interface.o) (MDIO_Interface_AddrDMA_DmaInitialize)
.\CortexM3\ARM_GCC_493\Debug\cfp_reader.a(MDIO_Interface_InfoDMA_dma.o)
                              .\CortexM3\ARM_GCC_493\Debug\cfp_reader.a(MDIO_Interface.o) (MDIO_Interface_InfoDMA_DmaInitialize)
.\CortexM3\ARM_GCC_493\Debug\cfp_reader.a(MDIO_Interface_StartAddrDMA_dma.o)
                              .\CortexM3\ARM_GCC_493\Debug\cfp_reader.a(MDIO_Interface.o) (MDIO_Interface_StartAddrDMA_DmaInitialize)
.\CortexM3\ARM_GCC_493\Debug\cfp_reader.a(MDIO_Interface_EndAddrDMA_dma.o)
                              .\CortexM3\ARM_GCC_493\Debug\cfp_reader.a(MDIO_Interface.o) (MDIO_Interface_EndAddrDMA_DmaInitialize)
.\CortexM3\ARM_GCC_493\Debug\cfp_reader.a(MDIO_Interface_WrDMA_dma.o)
                              .\CortexM3\ARM_GCC_493\Debug\cfp_reader.a(MDIO_Interface.o) (MDIO_Interface_WrDMA_DmaInitialize)
.\CortexM3\ARM_GCC_493\Debug\cfp_reader.a(MDIO_Interface_RdDMA_dma.o)
                              .\CortexM3\ARM_GCC_493\Debug\cfp_reader.a(MDIO_Interface.o) (MDIO_Interface_RdDMA_DmaInitialize)
.\CortexM3\ARM_GCC_493\Debug\cfp_reader.a(MDIO_Interface_CfgDMA1_dma.o)
                              .\CortexM3\ARM_GCC_493\Debug\cfp_reader.a(MDIO_Interface.o) (MDIO_Interface_CfgDMA1_DmaInitialize)
.\CortexM3\ARM_GCC_493\Debug\cfp_reader.a(MDIO_Interface_CfgDMA2_dma.o)
[...]
Memory Configuration

Name             Origin             Length             Attributes
rom              0x00000000         0x00040000         xr
ram              0x1fff8000         0x00010000         xrw
*default*        0x00000000         0xffffffff

Linker script and memory map

LOAD c:/program files (x86)/cypress/psoc creator/4.0/psoc creator/import/gnu/arm/4.9.3/bin/../lib/gcc/arm-none-eabi/4.9.3/armv7-m/crti.o
LOAD c:/program files (x86)/cypress/psoc creator/4.0/psoc creator/import/gnu/arm/4.9.3/bin/../lib/gcc/arm-none-eabi/4.9.3/armv7-m/crtbegin.o
LOAD c:/program files (x86)/cypress/psoc creator/4.0/psoc creator/import/gnu/arm/4.9.3/bin/../lib/gcc/arm-none-eabi/4.9.3/../../../../arm-none-eabi/lib/armv7-m/crt0.o
START GROUP
LOAD .\CortexM3\ARM_GCC_493\Debug\main.o
LOAD .\CortexM3\ARM_GCC_493\Debug\cymetadata.o
LOAD .\CortexM3\ARM_GCC_493\Debug\Cm3Start.o
LOAD .\CortexM3\ARM_GCC_493\Debug\cfp_reader.a
LOAD C:\Program Files (x86)\Cypress\PSoC Creator\4.0\PSoC Creator\psoc\content\cycomponentlibrary\CyComponentLibrary.cylib\CortexM3\ARM_GCC_493\Debug\CyComponentLibrary.a
END GROUP
START GROUP
LOAD c:/program files (x86)/cypress/psoc creator/4.0/psoc creator/import/gnu/arm/4.9.3/bin/../lib/gcc/arm-none-eabi/4.9.3/armv7-m\libgcc.a
LOAD c:/program files (x86)/cypress/psoc creator/4.0/psoc creator/import/gnu/arm/4.9.3/bin/../lib/gcc/arm-none-eabi/4.9.3/../../../../arm-none-eabi/lib/armv7-m\libg_nano.a
LOAD c:/program files (x86)/cypress/psoc creator/4.0/psoc creator/import/gnu/arm/4.9.3/bin/../lib/gcc/arm-none-eabi/4.9.3/../../../../arm-none-eabi/lib/armv7-m\libc_nano.a
END GROUP
START GROUP
LOAD c:/program files (x86)/cypress/psoc creator/4.0/psoc creator/import/gnu/arm/4.9.3/bin/../lib/gcc/arm-none-eabi/4.9.3/armv7-m\libgcc.a
LOAD c:/program files (x86)/cypress/psoc creator/4.0/psoc creator/import/gnu/arm/4.9.3/bin/../lib/gcc/arm-none-eabi/4.9.3/../../../../arm-none-eabi/lib/armv7-m\libc_nano.a
END GROUP
LOAD c:/program files (x86)/cypress/psoc creator/4.0/psoc creator/import/gnu/arm/4.9.3/bin/../lib/gcc/arm-none-eabi/4.9.3/armv7-m/crtend.o
LOAD c:/program files (x86)/cypress/psoc creator/4.0/psoc creator/import/gnu/arm/4.9.3/bin/../lib/gcc/arm-none-eabi/4.9.3/armv7-m/crtn.o
START GROUP
LOAD c:/program files (x86)/cypress/psoc creator/4.0/psoc creator/import/gnu/arm/4.9.3/bin/../lib/gcc/arm-none-eabi/4.9.3/armv7-m\libgcc.a
LOAD c:/program files (x86)/cypress/psoc creator/4.0/psoc creator/import/gnu/arm/4.9.3/bin/../lib/gcc/arm-none-eabi/4.9.3/../../../../arm-none-eabi/lib/armv7-m\libc.a
LOAD c:/program files (x86)/cypress/psoc creator/4.0/psoc creator/import/gnu/arm/4.9.3/bin/../lib/gcc/arm-none-eabi/4.9.3/../../../../arm-none-eabi/lib/armv7-m\libnosys.a
END GROUP
                0x00000000                CY_APPL_ORIGIN = 0x0
                0x00000100                CY_FLASH_ROW_SIZE = 0x100
                0x00000020                CY_ECC_ROW_SIZE = 0x20
                0x00000000                CY_EE_IN_BTLDR = 0x0
                0x00000000                CY_APPL_LOADABLE = 0x0
                0x00000800                CY_EE_SIZE = 0x800
                0x00000001                CY_APPL_NUM = 0x1
                0x00000001                CY_APPL_MAX = 0x1
                0x00000040                CY_METADATA_SIZE = 0x40
                0x00000000                CY_APPL_LOADABLE = 0x0
                0x00000000                CY_CHECKSUM_EXCLUDE_SIZE = ALIGN (0x0, CY_FLASH_ROW_SIZE)
                0x1fff9170                PROVIDE (__cy_heap_start, _end)
                0x00000001                PROVIDE (__cy_region_num, ((__cy_regions_end - __cy_regions) / 0x10))
                0x20008000                PROVIDE (__cy_stack, (ORIGIN (ram) + 0x10000))
                0x20007800                PROVIDE (__cy_heap_end, (__cy_stack - 0x800))

.cybootloader   0x00000000        0x0
 *(.cybootloader)
                0x00000000                appl1_start = CY_APPL_ORIGIN?CY_APPL_ORIGIN:ALIGN (CY_FLASH_ROW_SIZE)
                0x0001ff00                appl2_start = (appl1_start + ALIGN ((((0x40000 - appl1_start) - (0x2 * CY_FLASH_ROW_SIZE)) / 0x2), CY_FLASH_ROW_SIZE))
                0x00000000                appl_start = (CY_APPL_NUM == 0x1)?appl1_start:appl2_start
                0x00000000                ecc_offset = ((appl_start / CY_FLASH_ROW_SIZE) * CY_ECC_ROW_SIZE)
                0x00000000                ee_offset = (CY_APPL_LOADABLE && ! (CY_EE_IN_BTLDR))?((CY_EE_SIZE / CY_APPL_MAX) * (CY_APPL_NUM - 0x1)):0x0
                0x00000800                ee_size = (CY_APPL_LOADABLE && ! (CY_EE_IN_BTLDR))?(CY_EE_SIZE / CY_APPL_MAX):CY_EE_SIZE
                0x00000000                PROVIDE (CY_ECC_OFFSET, ecc_offset)

.text           0x00000000     0x377c
 CREATE_OBJECT_SYMBOLS
                0x00000000                PROVIDE (__cy_interrupt_vector, RomVectors)
 *(.romvectors)
 .romvectors    0x00000000       0x10 .\CortexM3\ARM_GCC_493\Debug\Cm3Start.o
                0x00000000                RomVectors
                0x00000001                ASSERT ((. != __cy_interrupt_vector), No interrupt vector)
                0x00000001                ASSERT (CY_APPL_ORIGIN?(SIZEOF (.cybootloader) <= CY_APPL_ORIGIN):0x1, Wrong image location)
                0x00000010                PROVIDE (__cy_reset, Reset)
 *(.text.Reset)
 .text.Reset    0x00000010       0x18 .\CortexM3\ARM_GCC_493\Debug\Cm3Start.o
                0x00000010                Reset
                0x00000001                ASSERT ((. != __cy_reset), No reset code)
 *(.dma_init)
                0x00000001                ASSERT ((((appl_start + .) <= 0x10000) || 0x1), DMA Init must be within the first 64k of flash)
 *(.text .text.* .gnu.linkonce.t.*)
 .text          0x00000028       0x5c c:/program files (x86)/cypress/psoc creator/4.0/psoc creator/import/gnu/arm/4.9.3/bin/../lib/gcc/arm-none-eabi/4.9.3/armv7-m/crtbegin.o
 .text.fillUpReadOnlyRegisters
                0x00000084       0x68 .\CortexM3\ARM_GCC_493\Debug\main.o
                0x00000084                fillUpReadOnlyRegisters
 .text.main     0x000000ec      0x178 .\CortexM3\ARM_GCC_493\Debug\main.o
                0x000000ec                main
 .text.IntDefaultHandler
                0x00000264       0x10 .\CortexM3\ARM_GCC_493\Debug\Cm3Start.o
                0x00000264                IntDefaultHandler
 .text._sbrk    0x00000274       0x30 .\CortexM3\ARM_GCC_493\Debug\Cm3Start.o
                0x00000274                _sbrk
 .text.Start_c  0x000002a4       0x4c .\CortexM3\ARM_GCC_493\Debug\Cm3Start.o
                0x000002a4                Start_c
 .text.initialize_psoc
                0x000002f0       0x78 .\CortexM3\ARM_GCC_493\Debug\Cm3Start.o
                0x000002f0                initialize_psoc
 .text.CyClockStartupError
                0x00000368        0x4 .\CortexM3\ARM_GCC_493\Debug\cfp_reader.a(cyfitter_cfg.o)
 .text.cfg_write_bytes32
                0x0000036c       0x34 .\CortexM3\ARM_GCC_493\Debug\cfp_reader.a(cyfitter_cfg.o)
 .text.AnalogSetDefault
                0x000003a0       0x58 .\CortexM3\ARM_GCC_493\Debug\cfp_reader.a(cyfitter_cfg.o)
 .text.CYMEMZERO
                0x000003f8        0xc .\CortexM3\ARM_GCC_493\Debug\cfp_reader.a(cyfitter_cfg.o)
 .text.ClockSetup
                0x00000404      0x108 .\CortexM3\ARM_GCC_493\Debug\cfp_reader.a(cyfitter_cfg.o)
 .text.CYCONFIGCPY
                0x0000050c        0x8 .\CortexM3\ARM_GCC_493\Debug\cfp_reader.a(cyfitter_cfg.o)
 .text.cyfitter_cfg
                0x00000514      0x1fc .\CortexM3\ARM_GCC_493\Debug\cfp_reader.a(cyfitter_cfg.o)
                0x00000514                cyfitter_cfg
 .text.Clock_3_Start
                0x00000710       0x1c .\CortexM3\ARM_GCC_493\Debug\cfp_reader.a(Clock_3.o)
                0x00000710                Clock_3_Start
 .text.VDAC8_1_Enable
                0x0000072c       0x1c .\CortexM3\ARM_GCC_493\Debug\cfp_reader.a(VDAC8_1.o)
                0x0000072c                VDAC8_1_Enable
 .text.VDAC8_1_SetSpeed
                0x00000748       0x1c .\CortexM3\ARM_GCC_493\Debug\cfp_reader.a(VDAC8_1.o)
                0x00000748                VDAC8_1_SetSpeed
 .text.VDAC8_1_SetValue
                0x00000764        0xc .\CortexM3\ARM_GCC_493\Debug\cfp_reader.a(VDAC8_1.o)
                0x00000764                VDAC8_1_SetValue
 .text.VDAC8_1_DacTrim
                0x00000770       0x24 .\CortexM3\ARM_GCC_493\Debug\cfp_reader.a(VDAC8_1.o)
                0x00000770                VDAC8_1_DacTrim
 .text.VDAC8_1_SetRange
                0x00000794       0x20 .\CortexM3\ARM_GCC_493\Debug\cfp_reader.a(VDAC8_1.o)
                0x00000794                VDAC8_1_SetRange
 .text.VDAC8_1_Init
                0x000007b4       0x20 .\CortexM3\ARM_GCC_493\Debug\cfp_reader.a(VDAC8_1.o)
                0x000007b4                VDAC8_1_Init
 .text.VDAC8_1_Start
                0x000007d4       0x24 .\CortexM3\ARM_GCC_493\Debug\cfp_reader.a(VDAC8_1.o)
                0x000007d4                VDAC8_1_Start
 .text.Opamp_1_Enable
                0x000007f8       0x28 .\CortexM3\ARM_GCC_493\Debug\cfp_reader.a(Opamp_1.o)
                0x000007f8                Opamp_1_Enable
 .text.Opamp_1_SetPower
                0x00000820       0x1c .\CortexM3\ARM_GCC_493\Debug\cfp_reader.a(Opamp_1.o)
                0x00000820                Opamp_1_SetPower
 .text.Opamp_1_Init
                0x0000083c        0xc .\CortexM3\ARM_GCC_493\Debug\cfp_reader.a(Opamp_1.o)
                0x0000083c                Opamp_1_Init
 .text.Opamp_1_Start
                0x00000848       0x1c .\CortexM3\ARM_GCC_493\Debug\cfp_reader.a(Opamp_1.o)
                0x00000848                Opamp_1_Start
 .text.CyDmacConfigure
                0x00000864       0x34 .\CortexM3\ARM_GCC_493\Debug\cfp_reader.a(CyDmac.o)
                0x00000864                CyDmacConfigure
 .text.CyDmaChEnable
                0x00000898       0x38 .\CortexM3\ARM_GCC_493\Debug\cfp_reader.a(CyDmac.o)
                0x00000898                CyDmaChEnable
 .text.CyDmaChPriority
                0x000008d0       0x24 .\CortexM3\ARM_GCC_493\Debug\cfp_reader.a(CyDmac.o)
                0x000008d0                CyDmaChPriority
 .text.CyDmaChSetExtendedAddress
                0x000008f4       0x34 .\CortexM3\ARM_GCC_493\Debug\cfp_reader.a(CyDmac.o)
                0x000008f4                CyDmaChSetExtendedAddress
 .text.CyDmaChSetInitialTd
                0x00000928       0x18 .\CortexM3\ARM_GCC_493\Debug\cfp_reader.a(CyDmac.o)
                0x00000928                CyDmaChSetInitialTd
 .text.CyDmaChSetRequest
                0x00000940       0x20 .\CortexM3\ARM_GCC_493\Debug\cfp_reader.a(CyDmac.o)
                0x00000940                CyDmaChSetRequest
 .text.CyDmaChSetConfiguration
                0x00000960       0x48 .\CortexM3\ARM_GCC_493\Debug\cfp_reader.a(CyDmac.o)
                0x00000960                CyDmaChSetConfiguration
 .text.CyDmaTdAllocate
                0x000009a8       0x34 .\CortexM3\ARM_GCC_493\Debug\cfp_reader.a(CyDmac.o)
                0x000009a8                CyDmaTdAllocate
 .text.CyDmaTdSetConfiguration
                0x000009dc       0x28 .\CortexM3\ARM_GCC_493\Debug\cfp_reader.a(CyDmac.o)
                0x000009dc                CyDmaTdSetConfiguration
 .text.CyDmaTdSetAddress
                0x00000a04       0x1c .\CortexM3\ARM_GCC_493\Debug\cfp_reader.a(CyDmac.o)
                0x00000a04                CyDmaTdSetAddress
 .text.CyHalt   0x00000a20        0x4 .\CortexM3\ARM_GCC_493\Debug\cfp_reader.a(CyLib.o)
                0x00000a20                CyHalt
 .text.CyDelay  0x00000a24       0x2c .\CortexM3\ARM_GCC_493\Debug\cfp_reader.a(CyLib.o)
                0x00000a24                CyDelay
 .text.CyDelayUs
                0x00000a50       0x14 .\CortexM3\ARM_GCC_493\Debug\cfp_reader.a(CyLib.o)
                0x00000a50                CyDelayUs
 .text.CyIntSetVector
                0x00000a64       0x28 .\CortexM3\ARM_GCC_493\Debug\cfp_reader.a(CyLib.o)
                0x00000a64                CyIntSetVector
 .text.CyIntSetPriority
                0x00000a8c       0x30 .\CortexM3\ARM_GCC_493\Debug\cfp_reader.a(CyLib.o)
                0x00000a8c                CyIntSetPriority
 .text.CyGetUniqueId
                0x00000abc       0x70 .\CortexM3\ARM_GCC_493\Debug\cfp_reader.a(CyLib.o)
                0x00000abc                CyGetUniqueId
 .text.Clock_2_Start
                0x00000b2c       0x1c .\CortexM3\ARM_GCC_493\Debug\cfp_reader.a(Clock_2.o)
                0x00000b2c                Clock_2_Start
 .text.PWM_1_WriteCounter
                0x00000b48        0xc .\CortexM3\ARM_GCC_493\Debug\cfp_reader.a(PWM_1.o)
                0x00000b48                PWM_1_WriteCounter
 .text.PWM_1_WritePeriod
                0x00000b54        0xc .\CortexM3\ARM_GCC_493\Debug\cfp_reader.a(PWM_1.o)
                0x00000b54                PWM_1_WritePeriod
 .text.PWM_1_WriteCompare
                0x00000b60        0xc .\CortexM3\ARM_GCC_493\Debug\cfp_reader.a(PWM_1.o)
                0x00000b60                PWM_1_WriteCompare
 .text.PWM_1_Init
                0x00000b6c       0x24 .\CortexM3\ARM_GCC_493\Debug\cfp_reader.a(PWM_1.o)
                0x00000b6c                PWM_1_Init
 .text.PWM_1_Start
                0x00000b90       0x18 .\CortexM3\ARM_GCC_493\Debug\cfp_reader.a(PWM_1.o)
                0x00000b90                PWM_1_Start
 .text.USBUART_1_Init
                0x00000ba8      0x140 .\CortexM3\ARM_GCC_493\Debug\cfp_reader.a(USBUART_1.o)
                0x00000ba8                USBUART_1_Init
 .text.USBUART_1_InitComponent
                0x00000ce8       0xb8 .\CortexM3\ARM_GCC_493\Debug\cfp_reader.a(USBUART_1.o)
                0x00000ce8                USBUART_1_InitComponent
 .text.USBUART_1_Start
                0x00000da0       0x24 .\CortexM3\ARM_GCC_493\Debug\cfp_reader.a(USBUART_1.o)
                0x00000da0                USBUART_1_Start
 .text.USBUART_1_ReInitComponent
                0x00000dc4       0x4c .\CortexM3\ARM_GCC_493\Debug\cfp_reader.a(USBUART_1.o)
                0x00000dc4                USBUART_1_ReInitComponent
 .text.USBUART_1_GetConfiguration
                0x00000e10        0xc .\CortexM3\ARM_GCC_493\Debug\cfp_reader.a(USBUART_1.o)
                0x00000e10                USBUART_1_GetConfiguration
 .text.USBUART_1_IsConfigurationChanged
                0x00000e1c       0x20 .\CortexM3\ARM_GCC_493\Debug\cfp_reader.a(USBUART_1.o)
                0x00000e1c                USBUART_1_IsConfigurationChanged
 .text.USBUART_1_GetEPState
                0x00000e3c       0x14 .\CortexM3\ARM_GCC_493\Debug\cfp_reader.a(USBUART_1.o)
                0x00000e3c                USBUART_1_GetEPState
 .text.USBUART_1_GetEPCount
                0x00000e50       0x28 .\CortexM3\ARM_GCC_493\Debug\cfp_reader.a(USBUART_1.o)
                0x00000e50                USBUART_1_GetEPCount
 .text.USBUART_1_LoadInEP
                0x00000e78       0x94 .\CortexM3\ARM_GCC_493\Debug\cfp_reader.a(USBUART_1.o)
                0x00000e78                USBUART_1_LoadInEP
 .text.USBUART_1_EnableOutEP
                0x00000f0c       0x2c .\CortexM3\ARM_GCC_493\Debug\cfp_reader.a(USBUART_1.o)
                0x00000f0c                USBUART_1_EnableOutEP
 .text.USBUART_1_ReadOutEP
                0x00000f38       0x50 .\CortexM3\ARM_GCC_493\Debug\cfp_reader.a(USBUART_1.o)
                0x00000f38                USBUART_1_ReadOutEP
 .text.USBUART_1_StrLen
                0x00000f88       0x14 .\CortexM3\ARM_GCC_493\Debug\cfp_reader.a(USBUART_1_cdc.o)
 .text.USBUART_1_GetInterfaceComPort
                0x00000f9c       0x3c .\CortexM3\ARM_GCC_493\Debug\cfp_reader.a(USBUART_1_cdc.o)
                0x00000f9c                USBUART_1_GetInterfaceComPort
 .text.USBUART_1_DispatchCDCClassRqst
                0x00000fd8       0x98 .\CortexM3\ARM_GCC_493\Debug\cfp_reader.a(USBUART_1_cdc.o)
                0x00000fd8                USBUART_1_DispatchCDCClassRqst
 .text.USBUART_1_CDC_Init
                0x00001070       0x98 .\CortexM3\ARM_GCC_493\Debug\cfp_reader.a(USBUART_1_cdc.o)
                0x00001070                USBUART_1_CDC_Init
 .text.USBUART_1_PutData
                0x00001108       0x4c .\CortexM3\ARM_GCC_493\Debug\cfp_reader.a(USBUART_1_cdc.o)
                0x00001108                USBUART_1_PutData
 .text.USBUART_1_PutString
                0x00001154       0x9c .\CortexM3\ARM_GCC_493\Debug\cfp_reader.a(USBUART_1_cdc.o)
                0x00001154                USBUART_1_PutString
 .text.USBUART_1_DataIsReady
                0x000011f0       0x18 .\CortexM3\ARM_GCC_493\Debug\cfp_reader.a(USBUART_1_cdc.o)
                0x000011f0                USBUART_1_DataIsReady
 .text.USBUART_1_CDCIsReady
                0x00001208       0x18 .\CortexM3\ARM_GCC_493\Debug\cfp_reader.a(USBUART_1_cdc.o)
                0x00001208                USBUART_1_CDCIsReady
 .text.USBUART_1_GetAll
                0x00001220       0x30 .\CortexM3\ARM_GCC_493\Debug\cfp_reader.a(USBUART_1_cdc.o)
                0x00001220                USBUART_1_GetAll
 .text.USBUART_1_IsLineChanged
                0x00001250       0x38 .\CortexM3\ARM_GCC_493\Debug\cfp_reader.a(USBUART_1_cdc.o)
                0x00001250                USBUART_1_IsLineChanged
 .text.USBUART_1_GetLineControl
                0x00001288       0x18 .\CortexM3\ARM_GCC_493\Debug\cfp_reader.a(USBUART_1_cdc.o)
                0x00001288                USBUART_1_GetLineControl
 .text.USBUART_1_Cdc_EpInit
                0x000012a0       0x50 .\CortexM3\ARM_GCC_493\Debug\cfp_reader.a(USBUART_1_cdc.o)
                0x000012a0                USBUART_1_Cdc_EpInit
 .text.USBUART_1_LoadEP0
                0x000012f0       0x94 .\CortexM3\ARM_GCC_493\Debug\cfp_reader.a(USBUART_1_drv.o)
                0x000012f0                USBUART_1_LoadEP0
 .text.USBUART_1_InitZeroLengthControlTransfer
                0x00001384       0x34 .\CortexM3\ARM_GCC_493\Debug\cfp_reader.a(USBUART_1_drv.o)
                0x00001384                USBUART_1_InitZeroLengthControlTransfer
 .text.USBUART_1_ControlReadDataStage
                0x000013b8        0x8 .\CortexM3\ARM_GCC_493\Debug\cfp_reader.a(USBUART_1_drv.o)
                0x000013b8                USBUART_1_ControlReadDataStage
 .text.USBUART_1_ControlWriteDataStage
                0x000013c0       0x80 .\CortexM3\ARM_GCC_493\Debug\cfp_reader.a(USBUART_1_drv.o)
                0x000013c0                USBUART_1_ControlWriteDataStage
 .text.USBUART_1_InitNoDataControlTransfer
                0x00001440       0x2c .\CortexM3\ARM_GCC_493\Debug\cfp_reader.a(USBUART_1_drv.o)
                0x00001440                USBUART_1_InitNoDataControlTransfer
 .text.USBUART_1_UpdateStatusBlock
                0x0000146c       0x24 .\CortexM3\ARM_GCC_493\Debug\cfp_reader.a(USBUART_1_drv.o)
                0x0000146c                USBUART_1_UpdateStatusBlock
 .text.USBUART_1_HandleSetup
                0x00001490       0x5c .\CortexM3\ARM_GCC_493\Debug\cfp_reader.a(USBUART_1_drv.o)
                0x00001490                USBUART_1_HandleSetup
 .text.USBUART_1_ControlReadStatusStage
                0x000014ec       0x34 .\CortexM3\ARM_GCC_493\Debug\cfp_reader.a(USBUART_1_drv.o)
                0x000014ec                USBUART_1_ControlReadStatusStage
 .text.USBUART_1_HandleOUT
                0x00001520       0x38 .\CortexM3\ARM_GCC_493\Debug\cfp_reader.a(USBUART_1_drv.o)
                0x00001520                USBUART_1_HandleOUT
 .text.USBUART_1_ControlWriteStatusStage
                0x00001558       0x20 .\CortexM3\ARM_GCC_493\Debug\cfp_reader.a(USBUART_1_drv.o)
                0x00001558                USBUART_1_ControlWriteStatusStage
 .text.USBUART_1_NoDataControlStatusStage
                0x00001578       0x40 .\CortexM3\ARM_GCC_493\Debug\cfp_reader.a(USBUART_1_drv.o)
                0x00001578                USBUART_1_NoDataControlStatusStage
 .text.USBUART_1_HandleIN
                0x000015b8       0x2c .\CortexM3\ARM_GCC_493\Debug\cfp_reader.a(USBUART_1_drv.o)
                0x000015b8                USBUART_1_HandleIN
 .text.USBUART_1_EP_0_ISR
                0x000015e4       0xb8 .\CortexM3\ARM_GCC_493\Debug\cfp_reader.a(USBUART_1_drv.o)
                0x000015e4                USBUART_1_EP_0_ISR
 .text.USBUART_1_InitializeStatusBlock
                0x0000169c       0x24 .\CortexM3\ARM_GCC_493\Debug\cfp_reader.a(USBUART_1_drv.o)
                0x0000169c                USBUART_1_InitializeStatusBlock
 .text.USBUART_1_InitControlRead
                0x000016c0       0x50 .\CortexM3\ARM_GCC_493\Debug\cfp_reader.a(USBUART_1_drv.o)
                0x000016c0                USBUART_1_InitControlRead
 .text.USBUART_1_InitControlWrite
                0x00001710       0x48 .\CortexM3\ARM_GCC_493\Debug\cfp_reader.a(USBUART_1_drv.o)
                0x00001710                USBUART_1_InitControlWrite
 .text.USBUART_1_EP_1_ISR
                0x00001758       0x30 .\CortexM3\ARM_GCC_493\Debug\cfp_reader.a(USBUART_1_episr.o)
                0x00001758                USBUART_1_EP_1_ISR
 .text.USBUART_1_EP_2_ISR
                0x00001788       0x34 .\CortexM3\ARM_GCC_493\Debug\cfp_reader.a(USBUART_1_episr.o)
                0x00001788                USBUART_1_EP_2_ISR
 .text.USBUART_1_EP_3_ISR
                0x000017bc       0x3c .\CortexM3\ARM_GCC_493\Debug\cfp_reader.a(USBUART_1_episr.o)
                0x000017bc                USBUART_1_EP_3_ISR
 .text.USBUART_1_SOF_ISR
                0x000017f8        0x4 .\CortexM3\ARM_GCC_493\Debug\cfp_reader.a(USBUART_1_episr.o)
                0x000017f8                USBUART_1_SOF_ISR
 .text.USBUART_1_BUS_RESET_ISR
                0x000017fc        0x8 .\CortexM3\ARM_GCC_493\Debug\cfp_reader.a(USBUART_1_episr.o)
                0x000017fc                USBUART_1_BUS_RESET_ISR
 .text.USBUART_1_DP_ISR
                0x00001804        0x8 .\CortexM3\ARM_GCC_493\Debug\cfp_reader.a(USBUART_1_pm.o)
                0x00001804                USBUART_1_DP_ISR
 .text.USBUART_1_ReadDieID
                0x0000180c       0x6c .\CortexM3\ARM_GCC_493\Debug\cfp_reader.a(USBUART_1_std.o)
                0x0000180c                USBUART_1_ReadDieID
 .text.USBUART_1_ConfigReg
                0x00001878       0xa4 .\CortexM3\ARM_GCC_493\Debug\cfp_reader.a(USBUART_1_std.o)
                0x00001878                USBUART_1_ConfigReg
 .text.USBUART_1_GetConfigTablePtr
                0x0000191c       0x28 .\CortexM3\ARM_GCC_493\Debug\cfp_reader.a(USBUART_1_std.o)
                0x0000191c                USBUART_1_GetConfigTablePtr
 .text.USBUART_1_ConfigAltChanged
                0x00001944      0x11c .\CortexM3\ARM_GCC_493\Debug\cfp_reader.a(USBUART_1_std.o)
                0x00001944                USBUART_1_ConfigAltChanged
 .text.USBUART_1_GetDeviceTablePtr
                0x00001a60       0x18 .\CortexM3\ARM_GCC_493\Debug\cfp_reader.a(USBUART_1_std.o)
                0x00001a60                USBUART_1_GetDeviceTablePtr
 .text.USBUART_1_GetInterfaceClassTablePtr
                0x00001a78       0x24 .\CortexM3\ARM_GCC_493\Debug\cfp_reader.a(USBUART_1_std.o)
                0x00001a78                USBUART_1_GetInterfaceClassTablePtr
 .text.USBUART_1_Config
                0x00001a9c      0x1e4 .\CortexM3\ARM_GCC_493\Debug\cfp_reader.a(USBUART_1_std.o)
                0x00001a9c                USBUART_1_Config
 .text.USBUART_1_SetEndpointHalt
                0x00001c80       0x64 .\CortexM3\ARM_GCC_493\Debug\cfp_reader.a(USBUART_1_std.o)
                0x00001c80                USBUART_1_SetEndpointHalt
 .text.USBUART_1_ClearEndpointHalt
                0x00001ce4       0xa8 .\CortexM3\ARM_GCC_493\Debug\cfp_reader.a(USBUART_1_std.o)
                0x00001ce4                USBUART_1_ClearEndpointHalt
 .text.USBUART_1_ValidateAlternateSetting
                0x00001d8c       0x4c .\CortexM3\ARM_GCC_493\Debug\cfp_reader.a(USBUART_1_std.o)
                0x00001d8c                USBUART_1_ValidateAlternateSetting
 .text.USBUART_1_HandleStandardRqst
                0x00001dd8      0x350 .\CortexM3\ARM_GCC_493\Debug\cfp_reader.a(USBUART_1_std.o)
                0x00001dd8                USBUART_1_HandleStandardRqst
 .text.USBUART_1_HandleVendorRqst
                0x00002128       0x18 .\CortexM3\ARM_GCC_493\Debug\cfp_reader.a(USBUART_1_vnd.o)
                0x00002128                USBUART_1_HandleVendorRqst
 .text.USBUART_1_Dp_ClearInterrupt
                0x00002140       0x10 .\CortexM3\ARM_GCC_493\Debug\cfp_reader.a(USBUART_1_Dp.o)
                0x00002140                USBUART_1_Dp_ClearInterrupt
 .text.LCD_WrCntrlNib
                0x00002150       0x34 .\CortexM3\ARM_GCC_493\Debug\cfp_reader.a(LCD.o)
 .text.LCD_WrDatNib
                0x00002184       0x44 .\CortexM3\ARM_GCC_493\Debug\cfp_reader.a(LCD.o)
 .text.LCD_IsReady
                0x000021c8       0xe4 .\CortexM3\ARM_GCC_493\Debug\cfp_reader.a(LCD.o)
                0x000021c8                LCD_IsReady
 .text.LCD_WriteData
                0x000022ac       0x18 .\CortexM3\ARM_GCC_493\Debug\cfp_reader.a(LCD.o)
                0x000022ac                LCD_WriteData
 .text.LCD_PrintString
                0x000022c4       0x1c .\CortexM3\ARM_GCC_493\Debug\cfp_reader.a(LCD.o)
                0x000022c4                LCD_PrintString
 .text.LCD_PutChar
                0x000022e0        0x8 .\CortexM3\ARM_GCC_493\Debug\cfp_reader.a(LCD.o)
                0x000022e0                LCD_PutChar
 .text.LCD_WriteControl
                0x000022e8       0x18 .\CortexM3\ARM_GCC_493\Debug\cfp_reader.a(LCD.o)
                0x000022e8                LCD_WriteControl
 .text.LCD_Init
                0x00002300       0x6c .\CortexM3\ARM_GCC_493\Debug\cfp_reader.a(LCD.o)
                0x00002300                LCD_Init
 .text.LCD_Enable
                0x0000236c       0x14 .\CortexM3\ARM_GCC_493\Debug\cfp_reader.a(LCD.o)
                0x0000236c                LCD_Enable
 .text.LCD_Start
                0x00002380       0x1c .\CortexM3\ARM_GCC_493\Debug\cfp_reader.a(LCD.o)
                0x00002380                LCD_Start
 .text.LCD_Position
                0x0000239c       0x3c .\CortexM3\ARM_GCC_493\Debug\cfp_reader.a(LCD.o)
                0x0000239c                LCD_Position
 .text.LCD_PrintInt8
                0x000023d8       0x20 .\CortexM3\ARM_GCC_493\Debug\cfp_reader.a(LCD.o)
                0x000023d8                LCD_PrintInt8
 .text.LCD_PrintInt16
                0x000023f8       0x14 .\CortexM3\ARM_GCC_493\Debug\cfp_reader.a(LCD.o)
                0x000023f8                LCD_PrintInt16
 .text.PWM_2_WriteCounter
                0x0000240c        0xc .\CortexM3\ARM_GCC_493\Debug\cfp_reader.a(PWM_2.o)
                0x0000240c                PWM_2_WriteCounter
 .text.PWM_2_WritePeriod
                0x00002418        0xc .\CortexM3\ARM_GCC_493\Debug\cfp_reader.a(PWM_2.o)
                0x00002418                PWM_2_WritePeriod
 .text.PWM_2_WriteCompare
                0x00002424        0xc .\CortexM3\ARM_GCC_493\Debug\cfp_reader.a(PWM_2.o)
                0x00002424                PWM_2_WriteCompare
 .text.PWM_2_Init
                0x00002430       0x24 .\CortexM3\ARM_GCC_493\Debug\cfp_reader.a(PWM_2.o)
                0x00002430                PWM_2_Init
 .text.PWM_2_Start
                0x00002454       0x18 .\CortexM3\ARM_GCC_493\Debug\cfp_reader.a(PWM_2.o)
                0x00002454                PWM_2_Start
 .text.MDIO_host_2_Enable
                0x0000246c       0x1c .\CortexM3\ARM_GCC_493\Debug\cfp_reader.a(MDIO_host_2_my.o)
                0x0000246c                MDIO_host_2_Enable
 .text.MDIO_host_2_ClearInternalFIFOs
                0x00002488       0x34 .\CortexM3\ARM_GCC_493\Debug\cfp_reader.a(MDIO_host_2_my.o)
                0x00002488                MDIO_host_2_ClearInternalFIFOs
 .text.MDIO_host_2_Init
                0x000024bc        0xc .\CortexM3\ARM_GCC_493\Debug\cfp_reader.a(MDIO_host_2_my.o)
                0x000024bc                MDIO_host_2_Init
 .text.MDIO_host_2_SetAddrC45
                0x000024c8       0x30 .\CortexM3\ARM_GCC_493\Debug\cfp_reader.a(MDIO_host_2_my.o)
                0x000024c8                MDIO_host_2_SetAddrC45
 .text.MDIO_host_2_ReadDataC45
                0x000024f8       0x38 .\CortexM3\ARM_GCC_493\Debug\cfp_reader.a(MDIO_host_2_my.o)
                0x000024f8                MDIO_host_2_ReadDataC45
 .text.Clock_1_Start
                0x00002530       0x1c .\CortexM3\ARM_GCC_493\Debug\cfp_reader.a(Clock_1.o)
                0x00002530                Clock_1_Start
 .text.MDIO_Interface_DmaEnable
                0x0000254c       0x80 .\CortexM3\ARM_GCC_493\Debug\cfp_reader.a(MDIO_Interface.o)
 .text.MDIO_Interface_DmaInit
                0x000025cc      0x370 .\CortexM3\ARM_GCC_493\Debug\cfp_reader.a(MDIO_Interface.o)
 .text.MDIO_Interface_DmaIsComplete
                0x0000293c       0x2c .\CortexM3\ARM_GCC_493\Debug\cfp_reader.a(MDIO_Interface.o)
 .text.MDIO_Interface_EnableInt
                0x00002968       0x10 .\CortexM3\ARM_GCC_493\Debug\cfp_reader.a(MDIO_Interface.o)
                0x00002968                MDIO_Interface_EnableInt
 .text.MDIO_Interface_Enable
                0x00002978       0x30 .\CortexM3\ARM_GCC_493\Debug\cfp_reader.a(MDIO_Interface.o)
                0x00002978                MDIO_Interface_Enable
 .text.MDIO_Interface_SetDevAddress
                0x000029a8       0x20 .\CortexM3\ARM_GCC_493\Debug\cfp_reader.a(MDIO_Interface.o)
                0x000029a8                MDIO_Interface_SetDevAddress
 .text.MDIO_Interface_SetPhyAddress
                0x000029c8       0x24 .\CortexM3\ARM_GCC_493\Debug\cfp_reader.a(MDIO_Interface.o)
                0x000029c8                MDIO_Interface_SetPhyAddress
 .text.MDIO_Interface_UpdatePhyAddress
                0x000029ec        0xc .\CortexM3\ARM_GCC_493\Debug\cfp_reader.a(MDIO_Interface.o)
                0x000029ec                MDIO_Interface_UpdatePhyAddress
 .text.MDIO_Interface_Init
                0x000029f8       0x78 .\CortexM3\ARM_GCC_493\Debug\cfp_reader.a(MDIO_Interface.o)
                0x000029f8                MDIO_Interface_Init
 .text.MDIO_Interface_Start
                0x00002a70       0x20 .\CortexM3\ARM_GCC_493\Debug\cfp_reader.a(MDIO_Interface.o)
                0x00002a70                MDIO_Interface_Start
 .text.MDIO_Interface_GetData
                0x00002a90       0xb8 .\CortexM3\ARM_GCC_493\Debug\cfp_reader.a(MDIO_Interface.o)
                0x00002a90                MDIO_Interface_GetData
 .text.MDIO_Interface_SetData
                0x00002b48       0xb8 .\CortexM3\ARM_GCC_493\Debug\cfp_reader.a(MDIO_Interface.o)
                0x00002b48                MDIO_Interface_SetData
 .text.MDIO_Interface_AddrDMA_DmaInitialize
                0x00002c00       0x3c .\CortexM3\ARM_GCC_493\Debug\cfp_reader.a(MDIO_Interface_AddrDMA_dma.o)
                0x00002c00                MDIO_Interface_AddrDMA_DmaInitialize
 .text.MDIO_Interface_InfoDMA_DmaInitialize
                0x00002c3c       0x40 .\CortexM3\ARM_GCC_493\Debug\cfp_reader.a(MDIO_Interface_InfoDMA_dma.o)
                0x00002c3c                MDIO_Interface_InfoDMA_DmaInitialize
 .text.MDIO_Interface_StartAddrDMA_DmaInitialize
                0x00002c7c       0x3c .\CortexM3\ARM_GCC_493\Debug\cfp_reader.a(MDIO_Interface_StartAddrDMA_dma.o)
                0x00002c7c                MDIO_Interface_StartAddrDMA_DmaInitialize
 .text.MDIO_Interface_EndAddrDMA_DmaInitialize
                0x00002cb8       0x3c .\CortexM3\ARM_GCC_493\Debug\cfp_reader.a(MDIO_Interface_EndAddrDMA_dma.o)
                0x00002cb8                MDIO_Interface_EndAddrDMA_DmaInitialize
 .text.MDIO_Interface_WrDMA_DmaInitialize
                0x00002cf4       0x40 .\CortexM3\ARM_GCC_493\Debug\cfp_reader.a(MDIO_Interface_WrDMA_dma.o)
                0x00002cf4                MDIO_Interface_WrDMA_DmaInitialize
 .text.MDIO_Interface_RdDMA_DmaInitialize
                0x00002d34       0x3c .\CortexM3\ARM_GCC_493\Debug\cfp_reader.a(MDIO_Interface_RdDMA_dma.o)
                0x00002d34                MDIO_Interface_RdDMA_DmaInitialize
 .text.MDIO_Interface_CfgDMA1_DmaInitialize
                0x00002d70       0x40 .\CortexM3\ARM_GCC_493\Debug\cfp_reader.a(MDIO_Interface_CfgDMA1_dma.o)
                0x00002d70                MDIO_Interface_CfgDMA1_DmaInitialize
 .text.MDIO_Interface_CfgDMA2_DmaInitialize
                0x00002db0       0x40 .\CortexM3\ARM_GCC_493\Debug\cfp_reader.a(MDIO_Interface_CfgDMA2_dma.o)
                0x00002db0                MDIO_Interface_CfgDMA2_DmaInitialize
 .text.MDIO_Interface_FwDMA1_DmaInitialize
                0x00002df0       0x40 .\CortexM3\ARM_GCC_493\Debug\cfp_reader.a(MDIO_Interface_FwDMA1_dma.o)
                0x00002df0                MDIO_Interface_FwDMA1_DmaInitialize
 .text.MDIO_Interface_FwDMA2_DmaInitialize
                0x00002e30       0x40 .\CortexM3\ARM_GCC_493\Debug\cfp_reader.a(MDIO_Interface_FwDMA2_dma.o)
                0x00002e30                MDIO_Interface_FwDMA2_DmaInitialize
 .text          0x00002e70       0x20 .\CortexM3\ARM_GCC_493\Debug\cfp_reader.a(CyBootAsmGnu.o)
                0x00002e70                CyDelayCycles
                0x00002e80                CyEnterCriticalSection
                0x00002e88                CyExitCriticalSection
 .text.USBUART_1_DispatchClassRqst
                0x00002e90       0x58 .\CortexM3\ARM_GCC_493\Debug\cfp_reader.a(USBUART_1_cls.o)
                0x00002e90                USBUART_1_DispatchClassRqst
 .text.__errno  0x00002ee8        0xc c:/program files (x86)/cypress/psoc creator/4.0/psoc creator/import/gnu/arm/4.9.3/bin/../lib/gcc/arm-none-eabi/4.9.3/../../../../arm-none-eabi/lib/armv7-m\libg_nano.a(lib_a-errno.o)
                0x00002ee8                __errno
 .text.__libc_init_array
                0x00002ef4       0x4c c:/program files (x86)/cypress/psoc creator/4.0/psoc creator/import/gnu/arm/4.9.3/bin/../lib/gcc/arm-none-eabi/4.9.3/../../../../arm-none-eabi/lib/armv7-m\libg_nano.a(lib_a-init.o)
                0x00002ef4                __libc_init_array
 .text.memcpy   0x00002f40       0x16 c:/program files (x86)/cypress/psoc creator/4.0/psoc creator/import/gnu/arm/4.9.3/bin/../lib/gcc/arm-none-eabi/4.9.3/../../../../arm-none-eabi/lib/armv7-m\libg_nano.a(lib_a-memcpy.o)
                0x00002f40                memcpy
 .text.memset   0x00002f56       0x10 c:/program files (x86)/cypress/psoc creator/4.0/psoc creator/import/gnu/arm/4.9.3/bin/../lib/gcc/arm-none-eabi/4.9.3/../../../../arm-none-eabi/lib/armv7-m\libg_nano.a(lib_a-memset.o)
                0x00002f56                memset
 *fill*         0x00002f66        0x2 
 .text.sprintf  0x00002f68       0x48 c:/program files (x86)/cypress/psoc creator/4.0/psoc creator/import/gnu/arm/4.9.3/bin/../lib/gcc/arm-none-eabi/4.9.3/../../../../arm-none-eabi/lib/armv7-m\libg_nano.a(lib_a-sprintf.o)
                0x00002f68                siprintf
                0x00002f68                sprintf
 .text.__ssputs_r
                0x00002fb0       0xb2 c:/program files (x86)/cypress/psoc creator/4.0/psoc creator/import/gnu/arm/4.9.3/bin/../lib/gcc/arm-none-eabi/4.9.3/../../../../arm-none-eabi/lib/armv7-m\libg_nano.a(lib_a-nano-svfprintf.o)
                0x00002fb0                __ssputs_r
 *fill*         0x00003062        0x2 
 .text._svfprintf_r
                0x00003064      0x1e4 c:/program files (x86)/cypress/psoc creator/4.0/psoc creator/import/gnu/arm/4.9.3/bin/../lib/gcc/arm-none-eabi/4.9.3/../../../../arm-none-eabi/lib/armv7-m\libg_nano.a(lib_a-nano-svfprintf.o)
                0x00003064                _svfiprintf_r
                0x00003064                _svfprintf_r
 .text._printf_common
                0x00003248       0xea c:/program files (x86)/cypress/psoc creator/4.0/psoc creator/import/gnu/arm/4.9.3/bin/../lib/gcc/arm-none-eabi/4.9.3/../../../../arm-none-eabi/lib/armv7-m\libg_nano.a(lib_a-nano-vfprintf_i.o)
                0x00003248                _printf_common
 *fill*         0x00003332        0x2 
 .text._printf_i
                0x00003334      0x240 c:/program files (x86)/cypress/psoc creator/4.0/psoc creator/import/gnu/arm/4.9.3/bin/../lib/gcc/arm-none-eabi/4.9.3/../../../../arm-none-eabi/lib/armv7-m\libg_nano.a(lib_a-nano-vfprintf_i.o)
                0x00003334                _printf_i
 .text.memchr   0x00003574       0x1c c:/program files (x86)/cypress/psoc creator/4.0/psoc creator/import/gnu/arm/4.9.3/bin/../lib/gcc/arm-none-eabi/4.9.3/../../../../arm-none-eabi/lib/armv7-m\libg_nano.a(lib_a-memchr.o)
                0x00003574                memchr
 .text.memmove  0x00003590       0x36 c:/program files (x86)/cypress/psoc creator/4.0/psoc creator/import/gnu/arm/4.9.3/bin/../lib/gcc/arm-none-eabi/4.9.3/../../../../arm-none-eabi/lib/armv7-m\libg_nano.a(lib_a-memmove.o)
                0x00003590                memmove
 *fill*         0x000035c6        0x2 
 .text._free_r  0x000035c8       0x88 c:/program files (x86)/cypress/psoc creator/4.0/psoc creator/import/gnu/arm/4.9.3/bin/../lib/gcc/arm-none-eabi/4.9.3/../../../../arm-none-eabi/lib/armv7-m\libg_nano.a(lib_a-nano-freer.o)
                0x000035c8                _free_r
 .text._malloc_r
                0x00003650       0xac c:/program files (x86)/cypress/psoc creator/4.0/psoc creator/import/gnu/arm/4.9.3/bin/../lib/gcc/arm-none-eabi/4.9.3/../../../../arm-none-eabi/lib/armv7-m\libg_nano.a(lib_a-nano-mallocr.o)
                0x00003650                _malloc_r
 .text._realloc_r
                0x000036fc       0x4c c:/program files (x86)/cypress/psoc creator/4.0/psoc creator/import/gnu/arm/4.9.3/bin/../lib/gcc/arm-none-eabi/4.9.3/../../../../arm-none-eabi/lib/armv7-m\libg_nano.a(lib_a-nano-reallocr.o)
                0x000036fc                _realloc_r
 .text._sbrk_r  0x00003748       0x20 c:/program files (x86)/cypress/psoc creator/4.0/psoc creator/import/gnu/arm/4.9.3/bin/../lib/gcc/arm-none-eabi/4.9.3/../../../../arm-none-eabi/lib/armv7-m\libg_nano.a(lib_a-sbrkr.o)
                0x00003748                _sbrk_r
 .text._malloc_usable_size_r
                0x00003768       0x14 c:/program files (x86)/cypress/psoc creator/4.0/psoc creator/import/gnu/arm/4.9.3/bin/../lib/gcc/arm-none-eabi/4.9.3/../../../../arm-none-eabi/lib/armv7-m\libg_nano.a(lib_a-nano-msizer.o)
                0x00003768                _malloc_usable_size_r
 *(.plt)
 *(.gnu.warning)
 *(.glue_7t)
 .glue_7t       0x00000000        0x0 linker stubs
 *(.glue_7)
 .glue_7        0x00000000        0x0 linker stubs
 *(.vfp11_veneer)
 .vfp11_veneer  0x00000000        0x0 linker stubs
 *(.bootloader)
 *(.ARM.extab* .gnu.linkonce.armextab.*)
 *(.gcc_except_table)

.v4_bx          0x0000377c        0x0
 .v4_bx         0x00000000        0x0 linker stubs

.iplt           0x0000377c        0x0
 .iplt          0x00000000        0x0 c:/program files (x86)/cypress/psoc creator/4.0/psoc creator/import/gnu/arm/4.9.3/bin/../lib/gcc/arm-none-eabi/4.9.3/armv7-m/crtbegin.o

.eh_frame_hdr
 *(.eh_frame_hdr)

.eh_frame       0x0000377c        0x4
 *(.eh_frame)
 .eh_frame      0x0000377c        0x0 c:/program files (x86)/cypress/psoc creator/4.0/psoc creator/import/gnu/arm/4.9.3/bin/../lib/gcc/arm-none-eabi/4.9.3/armv7-m/crtbegin.o
 .eh_frame      0x0000377c        0x4 c:/program files (x86)/cypress/psoc creator/4.0/psoc creator/import/gnu/arm/4.9.3/bin/../lib/gcc/arm-none-eabi/4.9.3/armv7-m/crtend.o
                0x00003780                PROVIDE (__exidx_start, .)

.ARM.exidx
 *(.ARM.exidx* .gnu.linkonce.armexidx.*)
                0x00003780                __exidx_end = .

.rodata         0x00003780     0x1508
 *(.rodata .rodata.* .gnu.linkonce.r.*)
 .rodata.str1.4
                0x00003780       0x98 .\CortexM3\ARM_GCC_493\Debug\main.o
 .rodata        0x00003818       0x4c .\CortexM3\ARM_GCC_493\Debug\cfp_reader.a(cyfitter_cfg.o)
 .rodata.str1.4
                0x00003864       0x14 .\CortexM3\ARM_GCC_493\Debug\cfp_reader.a(USBUART_1_std.o)
 .rodata        0x00003878       0x10 .\CortexM3\ARM_GCC_493\Debug\cfp_reader.a(LCD.o)
 .rodata        0x00003888     0x1230 .\CortexM3\ARM_GCC_493\Debug\cfp_reader.a(MDIO_Interface_REG.o)
                0x00003888                MDIO_Interface_pageInfoPtr
                0x000038b8                MDIO_Interface_registerConfig_4
                0x00003ab8                MDIO_Interface_registerConfig_3
                0x00003eb8                MDIO_Interface_registerConfig_2
                0x000042b8                MDIO_Interface_registerConfig_1
 .rodata        0x00004ab8      0x160 .\CortexM3\ARM_GCC_493\Debug\cfp_reader.a(USBUART_1_descr.o)
                0x00004ab8                USBUART_1_TABLE
                0x00004ac0                USBUART_1_DEVICE0_TABLE
                0x00004ad8                USBUART_1_DEVICE0_CONFIGURATION0_TABLE
                0x00004b00                USBUART_1_DEVICE0_CONFIGURATION0_INTERFACE_CLASS
                0x00004b04                USBUART_1_DEVICE0_CONFIGURATION0_EP_SETTINGS_TABLE
                0x00004b1c                USBUART_1_SN_STRING_DESCRIPTOR
                0x00004b20                USBUART_1_STRING_DESCRIPTORS
                0x00004bc0                USBUART_1_DEVICE0_CONFIGURATION0_DESCR
                0x00004c04                USBUART_1_DEVICE0_DESCR
 .rodata.str1.1
                0x00004c18        0x2 c:/program files (x86)/cypress/psoc creator/4.0/psoc creator/import/gnu/arm/4.9.3/bin/../lib/gcc/arm-none-eabi/4.9.3/../../../../arm-none-eabi/lib/armv7-m\libg_nano.a(lib_a-impure.o)
 .rodata.str1.1
                0x00004c1a       0x11 c:/program files (x86)/cypress/psoc creator/4.0/psoc creator/import/gnu/arm/4.9.3/bin/../lib/gcc/arm-none-eabi/4.9.3/../../../../arm-none-eabi/lib/armv7-m\libg_nano.a(lib_a-nano-svfprintf.o)
 .rodata.str1.1
                0x00004c2b       0x22 c:/program files (x86)/cypress/psoc creator/4.0/psoc creator/import/gnu/arm/4.9.3/bin/../lib/gcc/arm-none-eabi/4.9.3/../../../../arm-none-eabi/lib/armv7-m\libg_nano.a(lib_a-nano-vfprintf_i.o)
                0x00004c50                . = ALIGN (0x4)
 *fill*         0x00004c4d        0x3 
 *(.init)
 .init          0x00004c50        0x4 c:/program files (x86)/cypress/psoc creator/4.0/psoc creator/import/gnu/arm/4.9.3/bin/../lib/gcc/arm-none-eabi/4.9.3/armv7-m/crti.o
                0x00004c50                _init
 .init          0x00004c54        0x8 c:/program files (x86)/cypress/psoc creator/4.0/psoc creator/import/gnu/arm/4.9.3/bin/../lib/gcc/arm-none-eabi/4.9.3/armv7-m/crtn.o
                0x00004c5c                . = ALIGN (0x4)
                0x00004c5c                __preinit_array_start = .
 *(.preinit_array)
                0x00004c5c                __preinit_array_end = .
                0x00004c5c                . = ALIGN (0x4)
                0x00004c5c                __init_array_start = .
 *(SORT(.init_array.*))
 *(.init_array)
 .init_array    0x00004c5c        0x4 c:/program files (x86)/cypress/psoc creator/4.0/psoc creator/import/gnu/arm/4.9.3/bin/../lib/gcc/arm-none-eabi/4.9.3/armv7-m/crtbegin.o
 .init_array    0x00004c60        0x4 .\CortexM3\ARM_GCC_493\Debug\Cm3Start.o
                0x00004c64                __init_array_end = .
                0x00004c64                . = ALIGN (0x4)
 *(.fini)
 .fini          0x00004c64        0x4 c:/program files (x86)/cypress/psoc creator/4.0/psoc creator/import/gnu/arm/4.9.3/bin/../lib/gcc/arm-none-eabi/4.9.3/armv7-m/crti.o
                0x00004c64                _fini
 .fini          0x00004c68        0x8 c:/program files (x86)/cypress/psoc creator/4.0/psoc creator/import/gnu/arm/4.9.3/bin/../lib/gcc/arm-none-eabi/4.9.3/armv7-m/crtn.o
                0x00004c70                . = ALIGN (0x4)
                0x00004c70                __fini_array_start = .
 *(.fini_array)
 .fini_array    0x00004c70        0x4 c:/program files (x86)/cypress/psoc creator/4.0/psoc creator/import/gnu/arm/4.9.3/bin/../lib/gcc/arm-none-eabi/4.9.3/armv7-m/crtbegin.o
 *(SORT(.fini_array.*))
                0x00004c74                __fini_array_end = .
                0x00004c74                . = ALIGN (0x4)
 *crtbegin.o(.ctors)
 *(EXCLUDE_FILE(*crtend.o) .ctors)
 *(SORT(.ctors.*))
 *crtend.o(.ctors)
                0x00004c74                . = ALIGN (0x4)
 *crtbegin.o(.dtors)
 *(EXCLUDE_FILE(*crtend.o) .dtors)
 *(SORT(.dtors.*))
 *crtend.o(.dtors)
                0x00004c74                . = ALIGN (0x4)
                0x00004c74                __cy_regions = .
                0x00004c74        0x4 LONG 0x4c88 __cy_region_init_ram
                0x00004c78        0x4 LONG 0x1fff8108 __cy_region_start_data
                0x00004c7c        0x4 LONG 0x6c8 __cy_region_init_size_ram
                0x00004c80        0x4 LONG 0x9a0 __cy_region_zero_size_ram
                0x00004c84                __cy_regions_end = .
                0x00004c88                . = ALIGN (0x8)
 *fill*         0x00004c84        0x4 
                0x00004c88                _etext = .

.cy_checksum_exclude
                0x00004c88        0x0
 *(.cy_checksum_exclude)

.ramvectors     0x1fff8000      0x100
                0x1fff8000                __cy_region_start_ram = .
 *(.ramvectors)
 .ramvectors    0x1fff8000      0x100 .\CortexM3\ARM_GCC_493\Debug\Cm3Start.o
                0x1fff8000                CyRamVectors

.noinit         0x1fff8100        0x5
 *(.noinit)
 .noinit        0x1fff8100        0x4 .\CortexM3\ARM_GCC_493\Debug\Cm3Start.o
 .noinit        0x1fff8104        0x1 .\CortexM3\ARM_GCC_493\Debug\cfp_reader.a(CyLib.o)
                0x1fff8104                CyResetStatus

.data           0x1fff8108      0x6c8 load address 0x00004c88
                0x1fff8108                __cy_region_start_data = .
 *(.jcr)
 .jcr           0x1fff8108        0x0 c:/program files (x86)/cypress/psoc creator/4.0/psoc creator/import/gnu/arm/4.9.3/bin/../lib/gcc/arm-none-eabi/4.9.3/armv7-m/crtbegin.o
 .jcr           0x1fff8108        0x4 c:/program files (x86)/cypress/psoc creator/4.0/psoc creator/import/gnu/arm/4.9.3/bin/../lib/gcc/arm-none-eabi/4.9.3/armv7-m/crtend.o
 *(.got.plt)
 *(.got)
 *(.shdata)
 *(.data .data.* .gnu.linkonce.d.*)
 .data          0x1fff810c        0x4 .\CortexM3\ARM_GCC_493\Debug\Cm3Start.o
 .data          0x1fff8110        0x8 .\CortexM3\ARM_GCC_493\Debug\cfp_reader.a(CyDmac.o)
 .data          0x1fff8118       0x10 .\CortexM3\ARM_GCC_493\Debug\cfp_reader.a(CyLib.o)
                0x1fff8118                cydelay_32k_ms
                0x1fff811c                cydelay_freq_khz
                0x1fff8120                cydelay_freq_mhz
                0x1fff8124                cydelay_freq_hz
 .data          0x1fff8128       0x1c .\CortexM3\ARM_GCC_493\Debug\cfp_reader.a(USBUART_1_cdc.o)
                0x1fff8128                USBUART_1_linesCoding
 .data          0x1fff8144       0x18 .\CortexM3\ARM_GCC_493\Debug\cfp_reader.a(MDIO_Interface.o)
 .data          0x1fff815c      0x600 .\CortexM3\ARM_GCC_493\Debug\cfp_reader.a(MDIO_Interface_REG.o)
                0x1fff815c                MDIO_Interface_registerConfig_6
                0x1fff835c                MDIO_Interface_registerConfig_5
 .data          0x1fff875c        0x1 .\CortexM3\ARM_GCC_493\Debug\cfp_reader.a(MDIO_Interface_AddrDMA_dma.o)
                0x1fff875c                MDIO_Interface_AddrDMA_DmaHandle
 .data          0x1fff875d        0x1 .\CortexM3\ARM_GCC_493\Debug\cfp_reader.a(MDIO_Interface_InfoDMA_dma.o)
                0x1fff875d                MDIO_Interface_InfoDMA_DmaHandle
 .data          0x1fff875e        0x1 .\CortexM3\ARM_GCC_493\Debug\cfp_reader.a(MDIO_Interface_StartAddrDMA_dma.o)
                0x1fff875e                MDIO_Interface_StartAddrDMA_DmaHandle
 .data          0x1fff875f        0x1 .\CortexM3\ARM_GCC_493\Debug\cfp_reader.a(MDIO_Interface_EndAddrDMA_dma.o)
                0x1fff875f                MDIO_Interface_EndAddrDMA_DmaHandle
 .data          0x1fff8760        0x1 .\CortexM3\ARM_GCC_493\Debug\cfp_reader.a(MDIO_Interface_WrDMA_dma.o)
                0x1fff8760                MDIO_Interface_WrDMA_DmaHandle
 .data          0x1fff8761        0x1 .\CortexM3\ARM_GCC_493\Debug\cfp_reader.a(MDIO_Interface_RdDMA_dma.o)
                0x1fff8761                MDIO_Interface_RdDMA_DmaHandle
 .data          0x1fff8762        0x1 .\CortexM3\ARM_GCC_493\Debug\cfp_reader.a(MDIO_Interface_CfgDMA1_dma.o)
                0x1fff8762                MDIO_Interface_CfgDMA1_DmaHandle
 .data          0x1fff8763        0x1 .\CortexM3\ARM_GCC_493\Debug\cfp_reader.a(MDIO_Interface_CfgDMA2_dma.o)
                0x1fff8763                MDIO_Interface_CfgDMA2_DmaHandle
 .data          0x1fff8764        0x1 .\CortexM3\ARM_GCC_493\Debug\cfp_reader.a(MDIO_Interface_FwDMA1_dma.o)
                0x1fff8764                MDIO_Interface_FwDMA1_DmaHandle
 .data          0x1fff8765        0x1 .\CortexM3\ARM_GCC_493\Debug\cfp_reader.a(MDIO_Interface_FwDMA2_dma.o)
                0x1fff8765                MDIO_Interface_FwDMA2_DmaHandle
 *fill*         0x1fff8766        0x2 
 .data.impure_data
                0x1fff8768       0x60 c:/program files (x86)/cypress/psoc creator/4.0/psoc creator/import/gnu/arm/4.9.3/bin/../lib/gcc/arm-none-eabi/4.9.3/../../../../arm-none-eabi/lib/armv7-m\libg_nano.a(lib_a-impure.o)
 .data._impure_ptr
                0x1fff87c8        0x4 c:/program files (x86)/cypress/psoc creator/4.0/psoc creator/import/gnu/arm/4.9.3/bin/../lib/gcc/arm-none-eabi/4.9.3/../../../../arm-none-eabi/lib/armv7-m\libg_nano.a(lib_a-impure.o)
                0x1fff87c8                _impure_ptr
                0x1fff87d0                . = ALIGN (0x8)
 *fill*         0x1fff87cc        0x4 
 *(.ram)
                0x1fff87d0                _edata = .

.igot.plt       0x1fff87d0        0x0 load address 0x00005350
 .igot.plt      0x00000000        0x0 c:/program files (x86)/cypress/psoc creator/4.0/psoc creator/import/gnu/arm/4.9.3/bin/../lib/gcc/arm-none-eabi/4.9.3/armv7-m/crtbegin.o

.bss            0x1fff87d0      0x9a0 load address 0x00005350
                0x1fff87d0                PROVIDE (__bss_start__, .)
 *(.shbss)
 *(.bss .bss.* .gnu.linkonce.b.*)
 .bss           0x1fff87d0       0x1c c:/program files (x86)/cypress/psoc creator/4.0/psoc creator/import/gnu/arm/4.9.3/bin/../lib/gcc/arm-none-eabi/4.9.3/armv7-m/crtbegin.o
 .bss           0x1fff87ec        0xc .\CortexM3\ARM_GCC_493\Debug\main.o
                0x1fff87ec                myAddress
                0x1fff87ee                myData
                0x1fff87f2                read_MDIO_data
                0x1fff87f4                dataFlag
                0x1fff87f5                corFlag
                0x1fff87f6                HostData
 .bss           0x1fff87f8        0x1 .\CortexM3\ARM_GCC_493\Debug\cfp_reader.a(VDAC8_1.o)
                0x1fff87f8                VDAC8_1_initVar
 .bss           0x1fff87f9        0x1 .\CortexM3\ARM_GCC_493\Debug\cfp_reader.a(Opamp_1.o)
                0x1fff87f9                Opamp_1_initVar
 .bss           0x1fff87fa        0x1 .\CortexM3\ARM_GCC_493\Debug\cfp_reader.a(PWM_1.o)
                0x1fff87fa                PWM_1_initVar
 .bss           0x1fff87fb        0x1 .\CortexM3\ARM_GCC_493\Debug\cfp_reader.a(USBUART_1.o)
                0x1fff87fb                USBUART_1_initVar
 .bss           0x1fff87fc        0x1 .\CortexM3\ARM_GCC_493\Debug\cfp_reader.a(USBUART_1_cdc.o)
 *fill*         0x1fff87fd        0x3 
 .bss           0x1fff8800        0x4 .\CortexM3\ARM_GCC_493\Debug\cfp_reader.a(USBUART_1_std.o)
 .bss           0x1fff8804        0x2 .\CortexM3\ARM_GCC_493\Debug\cfp_reader.a(LCD.o)
                0x1fff8804                LCD_enableState
                0x1fff8805                LCD_initVar
 .bss           0x1fff8806        0x1 .\CortexM3\ARM_GCC_493\Debug\cfp_reader.a(PWM_2.o)
                0x1fff8806                PWM_2_initVar
 *fill*         0x1fff8807        0x1 
 .bss           0x1fff8808       0x88 .\CortexM3\ARM_GCC_493\Debug\cfp_reader.a(MDIO_Interface.o)
                0x1fff888f                MDIO_Interface_initVar
 .bss.__malloc_sbrk_start
                0x1fff8890        0x4 c:/program files (x86)/cypress/psoc creator/4.0/psoc creator/import/gnu/arm/4.9.3/bin/../lib/gcc/arm-none-eabi/4.9.3/../../../../arm-none-eabi/lib/armv7-m\libg_nano.a(lib_a-nano-mallocr.o)
                0x1fff8890                __malloc_sbrk_start
 .bss.__malloc_free_list
                0x1fff8894        0x4 c:/program files (x86)/cypress/psoc creator/4.0/psoc creator/import/gnu/arm/4.9.3/bin/../lib/gcc/arm-none-eabi/4.9.3/../../../../arm-none-eabi/lib/armv7-m\libg_nano.a(lib_a-nano-mallocr.o)
                0x1fff8894                __malloc_free_list
 *(COMMON)
 COMMON         0x1fff8898       0x18 .\CortexM3\ARM_GCC_493\Debug\cfp_reader.a(USBUART_1_cdc.o)
                0x1fff8898                USBUART_1_cdcDataInEp
                0x1fff889c                USBUART_1_cdcDataOutEp
                0x1fff88a0                USBUART_1_cdcCommInInterruptEp
                0x1fff88a4                USBUART_1_serialStateBitmap
                0x1fff88a8                USBUART_1_linesChanged
                0x1fff88ac                USBUART_1_linesControlBitmap
 COMMON         0x1fff88b0       0x97 .\CortexM3\ARM_GCC_493\Debug\cfp_reader.a(USBUART_1_drv.o)
                0x1fff88b0                USBUART_1_interfaceSettingLast
                0x1fff88b2                USBUART_1_ep0Mode
                0x1fff88b3                USBUART_1_lastPacketSize
                0x1fff88b4                USBUART_1_configurationChanged
                0x1fff88b5                USBUART_1_configuration
                0x1fff88b6                USBUART_1_interfaceNumber
                0x1fff88b7                USBUART_1_deviceStatus
                0x1fff88b8                USBUART_1_ep0Toggle
                0x1fff88bc                USBUART_1_interfaceClass
                0x1fff88c0                USBUART_1_interfaceSetting
                0x1fff88c4                USBUART_1_currentTD
                0x1fff88d0                USBUART_1_ep0Count
                0x1fff88d4                USBUART_1_EP
                0x1fff8940                USBUART_1_transferByteCount
                0x1fff8942                USBUART_1_transferState
                0x1fff8943                USBUART_1_device
                0x1fff8944                USBUART_1_interfaceStatus
                0x1fff8946                USBUART_1_deviceAddress
 *fill*         0x1fff8947        0x1 
 COMMON         0x1fff8948      0x800 .\CortexM3\ARM_GCC_493\Debug\cfp_reader.a(MDIO_Interface_REG.o)
                0x1fff8948                MDIO_Interface_registerPage_4
                0x1fff8a48                MDIO_Interface_registerPage_5
                0x1fff8c48                MDIO_Interface_registerPage_6
                0x1fff8d48                MDIO_Interface_registerPage_3
                0x1fff8e48                MDIO_Interface_registerPage_2
                0x1fff8f48                MDIO_Interface_registerPage_1
 COMMON         0x1fff9148       0x22 .\CortexM3\ARM_GCC_493\Debug\cfp_reader.a(USBUART_1_descr.o)
                0x1fff9148                USBUART_1_idSerialNumberStringDescriptor
 *fill*         0x1fff916a        0x2 
 COMMON         0x1fff916c        0x4 c:/program files (x86)/cypress/psoc creator/4.0/psoc creator/import/gnu/arm/4.9.3/bin/../lib/gcc/arm-none-eabi/4.9.3/../../../../arm-none-eabi/lib/armv7-m\libg_nano.a(lib_a-reent.o)
                0x1fff916c                errno
                0x1fff9170                . = ALIGN (0x8)
 *(.ram.b)
                0x1fff9170                _end = .
                0x1fff9170                __end = .
                0x1fff9170                PROVIDE (end, .)
                0x1fff9170                PROVIDE (__bss_end__, .)
                0x00004c88                __cy_region_init_ram = LOADADDR (.data)
                0x000006c8                __cy_region_init_size_ram = (_edata - ADDR (.data))
                0x000009a0                __cy_region_zero_size_ram = (_end - _edata)

.heap           0x1fff9170       0x80 load address 0x00005350
                0x1fff9170                . = _end
                0x1fff91f0                . = (. + 0x80)
 *fill*         0x1fff9170       0x80 
                0x1fff91f0                __cy_heap_limit = .

.stack          0x20007800      0x800
                0x20007800                __cy_stack_limit = .
                0x20008000                . = (. + 0x800)
 *fill*         0x20007800      0x800 
                0x00000001                ASSERT ((__cy_stack_limit >= __cy_heap_limit), region RAM overflowed with stack)
                0x00000000                cy_checksum_exclude_size = (CY_APPL_LOADABLE == 0x1)?SIZEOF (.cy_checksum_exclude):0x0
                0x00000001                ASSERT ((cy_checksum_exclude_size <= CY_CHECKSUM_EXCLUDE_SIZE), CY_BOOT: Section .cy_checksum_exclude size exceedes specified limit.)

.cyloadermeta
 *(.cyloadermeta)

.cyloadablemeta
 *(.cyloadablemeta)

.cyconfigecc    0x80000000      0xf28
 *(.cyconfigecc)
 .cyconfigecc   0x80000000      0xf28 .\CortexM3\ARM_GCC_493\Debug\cymetadata.o
                0x80000000                cy_meta_configecc

.cycustnvl      0x90000000        0x4
 *(.cycustnvl)
 .cycustnvl     0x90000000        0x4 .\CortexM3\ARM_GCC_493\Debug\cymetadata.o
                0x90000000                cy_meta_custnvl

.cywolatch      0x90100000        0x4
 *(.cywolatch)
 .cywolatch     0x90100000        0x4 .\CortexM3\ARM_GCC_493\Debug\cymetadata.o
                0x90100000                cy_meta_wonvl

.cyeeprom       0x90200000        0x0
 *(.cyeeprom)
                0x00000001                ASSERT ((. <= ((0x90200000 + ee_offset) + ee_size)), .cyeeprom data will not fit in EEPROM)

.cyflashprotect
                0x90400000      0x100
 *(.cyflashprotect)
 .cyflashprotect
                0x90400000      0x100 .\CortexM3\ARM_GCC_493\Debug\cymetadata.o
                0x90400000                cy_meta_flashprotect

.cymeta         0x90500000        0xc
 *(.cymeta)
 .cymeta        0x90500000        0xc .\CortexM3\ARM_GCC_493\Debug\cymetadata.o
                0x90500000                cy_metadata

.rel.dyn        0x00005350        0x0 load address 0x9050000c
 .rel.iplt      0x00000000        0x0 c:/program files (x86)/cypress/psoc creator/4.0/psoc creator/import/gnu/arm/4.9.3/bin/../lib/gcc/arm-none-eabi/4.9.3/armv7-m/crtbegin.o

.stab
 *(.stab)

.stabstr
 *(.stabstr)

.debug
 *(.debug)

.line
 *(.line)

.debug_srcinfo
 *(.debug_srcinfo)

.debug_sfnames
 *(.debug_sfnames)

.debug_aranges  0x00000000     0x1020
 *(.debug_aranges)
 .debug_aranges
                0x00000000       0x40 .\CortexM3\ARM_GCC_493\Debug\main.o
 .debug_aranges
                0x00000040       0x18 .\CortexM3\ARM_GCC_493\Debug\cymetadata.o
 .debug_aranges
                0x00000058       0x48 .\CortexM3\ARM_GCC_493\Debug\Cm3Start.o
 .debug_aranges
                0x000000a0       0x58 .\CortexM3\ARM_GCC_493\Debug\cfp_reader.a(cyfitter_cfg.o)
 .debug_aranges
                0x000000f8       0x70 .\CortexM3\ARM_GCC_493\Debug\cfp_reader.a(Clock_3.o)
 .debug_aranges
                0x00000168       0x58 .\CortexM3\ARM_GCC_493\Debug\cfp_reader.a(VDAC8_1.o)
 .debug_aranges
                0x000001c0       0x40 .\CortexM3\ARM_GCC_493\Debug\cfp_reader.a(Opamp_1.o)
 .debug_aranges
                0x00000200       0xd8 .\CortexM3\ARM_GCC_493\Debug\cfp_reader.a(CyDmac.o)
 .debug_aranges
                0x000002d8      0x2a0 .\CortexM3\ARM_GCC_493\Debug\cfp_reader.a(CyLib.o)
 .debug_aranges
                0x00000578       0x98 .\CortexM3\ARM_GCC_493\Debug\cfp_reader.a(cyPm.o)
 .debug_aranges
                0x00000610       0x70 .\CortexM3\ARM_GCC_493\Debug\cfp_reader.a(Clock_2.o)
 .debug_aranges
                0x00000680       0x70 .\CortexM3\ARM_GCC_493\Debug\cfp_reader.a(PWM_1.o)
 .debug_aranges
                0x000006f0       0xc8 .\CortexM3\ARM_GCC_493\Debug\cfp_reader.a(USBUART_1.o)
 .debug_aranges
                0x000007b8       0xe8 .\CortexM3\ARM_GCC_493\Debug\cfp_reader.a(USBUART_1_cdc.o)
 .debug_aranges
                0x000008a0       0x98 .\CortexM3\ARM_GCC_493\Debug\cfp_reader.a(USBUART_1_drv.o)
 .debug_aranges
                0x00000938       0x40 .\CortexM3\ARM_GCC_493\Debug\cfp_reader.a(USBUART_1_episr.o)
 .debug_aranges
                0x00000978       0x40 .\CortexM3\ARM_GCC_493\Debug\cfp_reader.a(USBUART_1_pm.o)
 .debug_aranges
                0x000009b8       0x80 .\CortexM3\ARM_GCC_493\Debug\cfp_reader.a(USBUART_1_std.o)
 .debug_aranges
                0x00000a38       0x20 .\CortexM3\ARM_GCC_493\Debug\cfp_reader.a(USBUART_1_vnd.o)
 .debug_aranges
                0x00000a58       0x48 .\CortexM3\ARM_GCC_493\Debug\cfp_reader.a(USBUART_1_Dp.o)
 .debug_aranges
                0x00000aa0       0x98 .\CortexM3\ARM_GCC_493\Debug\cfp_reader.a(LCD.o)
 .debug_aranges
                0x00000b38       0x70 .\CortexM3\ARM_GCC_493\Debug\cfp_reader.a(PWM_2.o)
 .debug_aranges
                0x00000ba8       0x68 .\CortexM3\ARM_GCC_493\Debug\cfp_reader.a(MDIO_host_2_my.o)
 .debug_aranges
                0x00000c10       0x70 .\CortexM3\ARM_GCC_493\Debug\cfp_reader.a(Clock_1.o)
 .debug_aranges
                0x00000c80       0xa8 .\CortexM3\ARM_GCC_493\Debug\cfp_reader.a(MDIO_Interface.o)
 .debug_aranges
                0x00000d28       0x18 .\CortexM3\ARM_GCC_493\Debug\cfp_reader.a(MDIO_Interface_REG.o)
 .debug_aranges
                0x00000d40       0x28 .\CortexM3\ARM_GCC_493\Debug\cfp_reader.a(MDIO_Interface_AddrDMA_dma.o)
 .debug_aranges
                0x00000d68       0x28 .\CortexM3\ARM_GCC_493\Debug\cfp_reader.a(MDIO_Interface_InfoDMA_dma.o)
 .debug_aranges
                0x00000d90       0x28 .\CortexM3\ARM_GCC_493\Debug\cfp_reader.a(MDIO_Interface_StartAddrDMA_dma.o)
 .debug_aranges
                0x00000db8       0x28 .\CortexM3\ARM_GCC_493\Debug\cfp_reader.a(MDIO_Interface_EndAddrDMA_dma.o)
 .debug_aranges
                0x00000de0       0x28 .\CortexM3\ARM_GCC_493\Debug\cfp_reader.a(MDIO_Interface_WrDMA_dma.o)
 .debug_aranges
                0x00000e08       0x28 .\CortexM3\ARM_GCC_493\Debug\cfp_reader.a(MDIO_Interface_RdDMA_dma.o)
 .debug_aranges
                0x00000e30       0x28 .\CortexM3\ARM_GCC_493\Debug\cfp_reader.a(MDIO_Interface_CfgDMA1_dma.o)
 .debug_aranges
                0x00000e58       0x28 .\CortexM3\ARM_GCC_493\Debug\cfp_reader.a(MDIO_Interface_CfgDMA2_dma.o)
 .debug_aranges
                0x00000e80       0x28 .\CortexM3\ARM_GCC_493\Debug\cfp_reader.a(MDIO_Interface_FwDMA1_dma.o)
 .debug_aranges
                0x00000ea8       0x28 .\CortexM3\ARM_GCC_493\Debug\cfp_reader.a(MDIO_Interface_FwDMA2_dma.o)
 .debug_aranges
                0x00000ed0       0x20 .\CortexM3\ARM_GCC_493\Debug\cfp_reader.a(CyBootAsmGnu.o)
 .debug_aranges
                0x00000ef0       0x80 .\CortexM3\ARM_GCC_493\Debug\cfp_reader.a(CyFlash.o)
 .debug_aranges
                0x00000f70       0x78 .\CortexM3\ARM_GCC_493\Debug\cfp_reader.a(CySpc.o)
 .debug_aranges
                0x00000fe8       0x20 .\CortexM3\ARM_GCC_493\Debug\cfp_reader.a(USBUART_1_cls.o)
 .debug_aranges
                0x00001008       0x18 .\CortexM3\ARM_GCC_493\Debug\cfp_reader.a(USBUART_1_descr.o)

.debug_pubnames
 *(.debug_pubnames)

.debug_info     0x00000000     0xba69
 *(.debug_info .gnu.linkonce.wi.*)
 .debug_info    0x00000000      0x79b .\CortexM3\ARM_GCC_493\Debug\main.o
 .debug_info    0x0000079b      0x13f .\CortexM3\ARM_GCC_493\Debug\cymetadata.o
 .debug_info    0x000008da      0x3c3 .\CortexM3\ARM_GCC_493\Debug\Cm3Start.o
 .debug_info    0x00000c9d      0x7c5 .\CortexM3\ARM_GCC_493\Debug\cfp_reader.a(cyfitter_cfg.o)
 .debug_info    0x00001462      0x283 .\CortexM3\ARM_GCC_493\Debug\cfp_reader.a(Clock_3.o)
 .debug_info    0x000016e5      0x1df .\CortexM3\ARM_GCC_493\Debug\cfp_reader.a(VDAC8_1.o)
 .debug_info    0x000018c4      0x14a .\CortexM3\ARM_GCC_493\Debug\cfp_reader.a(Opamp_1.o)
 .debug_info    0x00001a0e      0x944 .\CortexM3\ARM_GCC_493\Debug\cfp_reader.a(CyDmac.o)
 .debug_info    0x00002352     0x1385 .\CortexM3\ARM_GCC_493\Debug\cfp_reader.a(CyLib.o)
 .debug_info    0x000036d7      0xa57 .\CortexM3\ARM_GCC_493\Debug\cfp_reader.a(cyPm.o)
 .debug_info    0x0000412e      0x283 .\CortexM3\ARM_GCC_493\Debug\cfp_reader.a(Clock_2.o)
 .debug_info    0x000043b1      0x20c .\CortexM3\ARM_GCC_493\Debug\cfp_reader.a(PWM_1.o)
 .debug_info    0x000045bd      0x9c2 .\CortexM3\ARM_GCC_493\Debug\cfp_reader.a(USBUART_1.o)
 .debug_info    0x00004f7f      0xb16 .\CortexM3\ARM_GCC_493\Debug\cfp_reader.a(USBUART_1_cdc.o)
 .debug_info    0x00005a95      0x649 .\CortexM3\ARM_GCC_493\Debug\cfp_reader.a(USBUART_1_drv.o)
 .debug_info    0x000060de      0x244 .\CortexM3\ARM_GCC_493\Debug\cfp_reader.a(USBUART_1_episr.o)
 .debug_info    0x00006322      0x2ef .\CortexM3\ARM_GCC_493\Debug\cfp_reader.a(USBUART_1_pm.o)
 .debug_info    0x00006611      0xb35 .\CortexM3\ARM_GCC_493\Debug\cfp_reader.a(USBUART_1_std.o)
 .debug_info    0x00007146       0xe6 .\CortexM3\ARM_GCC_493\Debug\cfp_reader.a(USBUART_1_vnd.o)
 .debug_info    0x0000722c      0x174 .\CortexM3\ARM_GCC_493\Debug\cfp_reader.a(USBUART_1_Dp.o)
 .debug_info    0x000073a0      0x716 .\CortexM3\ARM_GCC_493\Debug\cfp_reader.a(LCD.o)
 .debug_info    0x00007ab6      0x20c .\CortexM3\ARM_GCC_493\Debug\cfp_reader.a(PWM_2.o)
 .debug_info    0x00007cc2      0x2f9 .\CortexM3\ARM_GCC_493\Debug\cfp_reader.a(MDIO_host_2_my.o)
 .debug_info    0x00007fbb      0x283 .\CortexM3\ARM_GCC_493\Debug\cfp_reader.a(Clock_1.o)
 .debug_info    0x0000823e     0x120a .\CortexM3\ARM_GCC_493\Debug\cfp_reader.a(MDIO_Interface.o)
 .debug_info    0x00009448      0x257 .\CortexM3\ARM_GCC_493\Debug\cfp_reader.a(MDIO_Interface_REG.o)
 .debug_info    0x0000969f      0x1fd .\CortexM3\ARM_GCC_493\Debug\cfp_reader.a(MDIO_Interface_AddrDMA_dma.o)
 .debug_info    0x0000989c      0x1fd .\CortexM3\ARM_GCC_493\Debug\cfp_reader.a(MDIO_Interface_InfoDMA_dma.o)
 .debug_info    0x00009a99      0x1fd .\CortexM3\ARM_GCC_493\Debug\cfp_reader.a(MDIO_Interface_StartAddrDMA_dma.o)
 .debug_info    0x00009c96      0x1fd .\CortexM3\ARM_GCC_493\Debug\cfp_reader.a(MDIO_Interface_EndAddrDMA_dma.o)
 .debug_info    0x00009e93      0x1fd .\CortexM3\ARM_GCC_493\Debug\cfp_reader.a(MDIO_Interface_WrDMA_dma.o)
 .debug_info    0x0000a090      0x1fd .\CortexM3\ARM_GCC_493\Debug\cfp_reader.a(MDIO_Interface_RdDMA_dma.o)
 .debug_info    0x0000a28d      0x1fd .\CortexM3\ARM_GCC_493\Debug\cfp_reader.a(MDIO_Interface_CfgDMA1_dma.o)
 .debug_info    0x0000a48a      0x1f9 .\CortexM3\ARM_GCC_493\Debug\cfp_reader.a(MDIO_Interface_CfgDMA2_dma.o)
 .debug_info    0x0000a683      0x1fd .\CortexM3\ARM_GCC_493\Debug\cfp_reader.a(MDIO_Interface_FwDMA1_dma.o)
 .debug_info    0x0000a880      0x1fd .\CortexM3\ARM_GCC_493\Debug\cfp_reader.a(MDIO_Interface_FwDMA2_dma.o)
 .debug_info    0x0000aa7d       0x9b .\CortexM3\ARM_GCC_493\Debug\cfp_reader.a(CyBootAsmGnu.o)
 .debug_info    0x0000ab18      0x608 .\CortexM3\ARM_GCC_493\Debug\cfp_reader.a(CyFlash.o)
 .debug_info    0x0000b120      0x4ea .\CortexM3\ARM_GCC_493\Debug\cfp_reader.a(CySpc.o)
 .debug_info    0x0000b60a      0x1d2 .\CortexM3\ARM_GCC_493\Debug\cfp_reader.a(USBUART_1_cls.o)
 .debug_info    0x0000b7dc      0x28d .\CortexM3\ARM_GCC_493\Debug\cfp_reader.a(USBUART_1_descr.o)

.debug_abbrev   0x00000000     0x348c
 *(.debug_abbrev)
 .debug_abbrev  0x00000000      0x1d5 .\CortexM3\ARM_GCC_493\Debug\main.o
 .debug_abbrev  0x000001d5       0x77 .\CortexM3\ARM_GCC_493\Debug\cymetadata.o
 .debug_abbrev  0x0000024c      0x1f7 .\CortexM3\ARM_GCC_493\Debug\Cm3Start.o
 .debug_abbrev  0x00000443      0x212 .\CortexM3\ARM_GCC_493\Debug\cfp_reader.a(cyfitter_cfg.o)
 .debug_abbrev  0x00000655      0x139 .\CortexM3\ARM_GCC_493\Debug\cfp_reader.a(Clock_3.o)
 .debug_abbrev  0x0000078e       0xf7 .\CortexM3\ARM_GCC_493\Debug\cfp_reader.a(VDAC8_1.o)
 .debug_abbrev  0x00000885       0xb2 .\CortexM3\ARM_GCC_493\Debug\cfp_reader.a(Opamp_1.o)
 .debug_abbrev  0x00000937      0x1cc .\CortexM3\ARM_GCC_493\Debug\cfp_reader.a(CyDmac.o)
 .debug_abbrev  0x00000b03      0x296 .\CortexM3\ARM_GCC_493\Debug\cfp_reader.a(CyLib.o)
 .debug_abbrev  0x00000d99      0x1ed .\CortexM3\ARM_GCC_493\Debug\cfp_reader.a(cyPm.o)
 .debug_abbrev  0x00000f86      0x139 .\CortexM3\ARM_GCC_493\Debug\cfp_reader.a(Clock_2.o)
 .debug_abbrev  0x000010bf       0xf3 .\CortexM3\ARM_GCC_493\Debug\cfp_reader.a(PWM_1.o)
 .debug_abbrev  0x000011b2      0x24d .\CortexM3\ARM_GCC_493\Debug\cfp_reader.a(USBUART_1.o)
 .debug_abbrev  0x000013ff      0x28b .\CortexM3\ARM_GCC_493\Debug\cfp_reader.a(USBUART_1_cdc.o)
 .debug_abbrev  0x0000168a      0x18b .\CortexM3\ARM_GCC_493\Debug\cfp_reader.a(USBUART_1_drv.o)
 .debug_abbrev  0x00001815      0x11b .\CortexM3\ARM_GCC_493\Debug\cfp_reader.a(USBUART_1_episr.o)
 .debug_abbrev  0x00001930      0x146 .\CortexM3\ARM_GCC_493\Debug\cfp_reader.a(USBUART_1_pm.o)
 .debug_abbrev  0x00001a76      0x23d .\CortexM3\ARM_GCC_493\Debug\cfp_reader.a(USBUART_1_std.o)
 .debug_abbrev  0x00001cb3       0x9b .\CortexM3\ARM_GCC_493\Debug\cfp_reader.a(USBUART_1_vnd.o)
 .debug_abbrev  0x00001d4e       0x90 .\CortexM3\ARM_GCC_493\Debug\cfp_reader.a(USBUART_1_Dp.o)
 .debug_abbrev  0x00001dde      0x171 .\CortexM3\ARM_GCC_493\Debug\cfp_reader.a(LCD.o)
 .debug_abbrev  0x00001f4f       0xf3 .\CortexM3\ARM_GCC_493\Debug\cfp_reader.a(PWM_2.o)
 .debug_abbrev  0x00002042      0x186 .\CortexM3\ARM_GCC_493\Debug\cfp_reader.a(MDIO_host_2_my.o)
 .debug_abbrev  0x000021c8      0x139 .\CortexM3\ARM_GCC_493\Debug\cfp_reader.a(Clock_1.o)
 .debug_abbrev  0x00002301      0x25b .\CortexM3\ARM_GCC_493\Debug\cfp_reader.a(MDIO_Interface.o)
 .debug_abbrev  0x0000255c       0xa9 .\CortexM3\ARM_GCC_493\Debug\cfp_reader.a(MDIO_Interface_REG.o)
 .debug_abbrev  0x00002605       0xeb .\CortexM3\ARM_GCC_493\Debug\cfp_reader.a(MDIO_Interface_AddrDMA_dma.o)
 .debug_abbrev  0x000026f0       0xeb .\CortexM3\ARM_GCC_493\Debug\cfp_reader.a(MDIO_Interface_InfoDMA_dma.o)
 .debug_abbrev  0x000027db       0xeb .\CortexM3\ARM_GCC_493\Debug\cfp_reader.a(MDIO_Interface_StartAddrDMA_dma.o)
 .debug_abbrev  0x000028c6       0xeb .\CortexM3\ARM_GCC_493\Debug\cfp_reader.a(MDIO_Interface_EndAddrDMA_dma.o)
 .debug_abbrev  0x000029b1       0xeb .\CortexM3\ARM_GCC_493\Debug\cfp_reader.a(MDIO_Interface_WrDMA_dma.o)
 .debug_abbrev  0x00002a9c       0xeb .\CortexM3\ARM_GCC_493\Debug\cfp_reader.a(MDIO_Interface_RdDMA_dma.o)
 .debug_abbrev  0x00002b87       0xeb .\CortexM3\ARM_GCC_493\Debug\cfp_reader.a(MDIO_Interface_CfgDMA1_dma.o)
 .debug_abbrev  0x00002c72       0xeb .\CortexM3\ARM_GCC_493\Debug\cfp_reader.a(MDIO_Interface_CfgDMA2_dma.o)
 .debug_abbrev  0x00002d5d       0xeb .\CortexM3\ARM_GCC_493\Debug\cfp_reader.a(MDIO_Interface_FwDMA1_dma.o)
 .debug_abbrev  0x00002e48       0xeb .\CortexM3\ARM_GCC_493\Debug\cfp_reader.a(MDIO_Interface_FwDMA2_dma.o)
 .debug_abbrev  0x00002f33       0x14 .\CortexM3\ARM_GCC_493\Debug\cfp_reader.a(CyBootAsmGnu.o)
 .debug_abbrev  0x00002f47      0x1ed .\CortexM3\ARM_GCC_493\Debug\cfp_reader.a(CyFlash.o)
 .debug_abbrev  0x00003134      0x1c1 .\CortexM3\ARM_GCC_493\Debug\cfp_reader.a(CySpc.o)
 .debug_abbrev  0x000032f5       0xe3 .\CortexM3\ARM_GCC_493\Debug\cfp_reader.a(USBUART_1_cls.o)
 .debug_abbrev  0x000033d8       0xb4 .\CortexM3\ARM_GCC_493\Debug\cfp_reader.a(USBUART_1_descr.o)

.debug_line     0x00000000     0x418a
 *(.debug_line)
 .debug_line    0x00000000      0x2eb .\CortexM3\ARM_GCC_493\Debug\main.o
 .debug_line    0x000002eb       0x51 .\CortexM3\ARM_GCC_493\Debug\cymetadata.o
 .debug_line    0x0000033c      0x25a .\CortexM3\ARM_GCC_493\Debug\Cm3Start.o
 .debug_line    0x00000596      0x231 .\CortexM3\ARM_GCC_493\Debug\cfp_reader.a(cyfitter_cfg.o)
 .debug_line    0x000007c7      0x176 .\CortexM3\ARM_GCC_493\Debug\cfp_reader.a(Clock_3.o)
 .debug_line    0x0000093d       0xe4 .\CortexM3\ARM_GCC_493\Debug\cfp_reader.a(VDAC8_1.o)
 .debug_line    0x00000a21       0xaa .\CortexM3\ARM_GCC_493\Debug\cfp_reader.a(Opamp_1.o)
 .debug_line    0x00000acb      0x2e3 .\CortexM3\ARM_GCC_493\Debug\cfp_reader.a(CyDmac.o)
 .debug_line    0x00000dae      0x816 .\CortexM3\ARM_GCC_493\Debug\cfp_reader.a(CyLib.o)
 .debug_line    0x000015c4      0x364 .\CortexM3\ARM_GCC_493\Debug\cfp_reader.a(cyPm.o)
 .debug_line    0x00001928      0x176 .\CortexM3\ARM_GCC_493\Debug\cfp_reader.a(Clock_2.o)
 .debug_line    0x00001a9e      0x110 .\CortexM3\ARM_GCC_493\Debug\cfp_reader.a(PWM_1.o)
 .debug_line    0x00001bae      0x2e4 .\CortexM3\ARM_GCC_493\Debug\cfp_reader.a(USBUART_1.o)
 .debug_line    0x00001e92      0x2f8 .\CortexM3\ARM_GCC_493\Debug\cfp_reader.a(USBUART_1_cdc.o)
 .debug_line    0x0000218a      0x227 .\CortexM3\ARM_GCC_493\Debug\cfp_reader.a(USBUART_1_drv.o)
 .debug_line    0x000023b1       0xec .\CortexM3\ARM_GCC_493\Debug\cfp_reader.a(USBUART_1_episr.o)
 .debug_line    0x0000249d      0x116 .\CortexM3\ARM_GCC_493\Debug\cfp_reader.a(USBUART_1_pm.o)
 .debug_line    0x000025b3      0x3e8 .\CortexM3\ARM_GCC_493\Debug\cfp_reader.a(USBUART_1_std.o)
 .debug_line    0x0000299b       0x77 .\CortexM3\ARM_GCC_493\Debug\cfp_reader.a(USBUART_1_vnd.o)
 .debug_line    0x00002a12       0xbd .\CortexM3\ARM_GCC_493\Debug\cfp_reader.a(USBUART_1_Dp.o)
 .debug_line    0x00002acf      0x1dc .\CortexM3\ARM_GCC_493\Debug\cfp_reader.a(LCD.o)
 .debug_line    0x00002cab      0x110 .\CortexM3\ARM_GCC_493\Debug\cfp_reader.a(PWM_2.o)
 .debug_line    0x00002dbb      0x220 .\CortexM3\ARM_GCC_493\Debug\cfp_reader.a(MDIO_host_2_my.o)
 .debug_line    0x00002fdb      0x176 .\CortexM3\ARM_GCC_493\Debug\cfp_reader.a(Clock_1.o)
 .debug_line    0x00003151      0x483 .\CortexM3\ARM_GCC_493\Debug\cfp_reader.a(MDIO_Interface.o)
 .debug_line    0x000035d4       0x6d .\CortexM3\ARM_GCC_493\Debug\cfp_reader.a(MDIO_Interface_REG.o)
 .debug_line    0x00003641       0x93 .\CortexM3\ARM_GCC_493\Debug\cfp_reader.a(MDIO_Interface_AddrDMA_dma.o)
 .debug_line    0x000036d4       0x93 .\CortexM3\ARM_GCC_493\Debug\cfp_reader.a(MDIO_Interface_InfoDMA_dma.o)
 .debug_line    0x00003767       0x98 .\CortexM3\ARM_GCC_493\Debug\cfp_reader.a(MDIO_Interface_StartAddrDMA_dma.o)
 .debug_line    0x000037ff       0x96 .\CortexM3\ARM_GCC_493\Debug\cfp_reader.a(MDIO_Interface_EndAddrDMA_dma.o)
 .debug_line    0x00003895       0x91 .\CortexM3\ARM_GCC_493\Debug\cfp_reader.a(MDIO_Interface_WrDMA_dma.o)
 .debug_line    0x00003926       0x91 .\CortexM3\ARM_GCC_493\Debug\cfp_reader.a(MDIO_Interface_RdDMA_dma.o)
 .debug_line    0x000039b7       0x93 .\CortexM3\ARM_GCC_493\Debug\cfp_reader.a(MDIO_Interface_CfgDMA1_dma.o)
 .debug_line    0x00003a4a       0x93 .\CortexM3\ARM_GCC_493\Debug\cfp_reader.a(MDIO_Interface_CfgDMA2_dma.o)
 .debug_line    0x00003add       0x92 .\CortexM3\ARM_GCC_493\Debug\cfp_reader.a(MDIO_Interface_FwDMA1_dma.o)
 .debug_line    0x00003b6f       0x92 .\CortexM3\ARM_GCC_493\Debug\cfp_reader.a(MDIO_Interface_FwDMA2_dma.o)
 .debug_line    0x00003c01       0x66 .\CortexM3\ARM_GCC_493\Debug\cfp_reader.a(CyBootAsmGnu.o)
 .debug_line    0x00003c67      0x1ea .\CortexM3\ARM_GCC_493\Debug\cfp_reader.a(CyFlash.o)
 .debug_line    0x00003e51      0x23c .\CortexM3\ARM_GCC_493\Debug\cfp_reader.a(CySpc.o)
 .debug_line    0x0000408d       0x98 .\CortexM3\ARM_GCC_493\Debug\cfp_reader.a(USBUART_1_cls.o)
 .debug_line    0x00004125       0x65 .\CortexM3\ARM_GCC_493\Debug\cfp_reader.a(USBUART_1_descr.o)

.debug_frame    0x00000000     0x2a70
 *(.debug_frame)
 .debug_frame   0x00000000       0x90 .\CortexM3\ARM_GCC_493\Debug\main.o
 .debug_frame   0x00000090       0xb8 .\CortexM3\ARM_GCC_493\Debug\Cm3Start.o
 .debug_frame   0x00000148       0xe4 .\CortexM3\ARM_GCC_493\Debug\cfp_reader.a(cyfitter_cfg.o)
 .debug_frame   0x0000022c       0xe0 .\CortexM3\ARM_GCC_493\Debug\cfp_reader.a(Clock_3.o)
 .debug_frame   0x0000030c       0xb4 .\CortexM3\ARM_GCC_493\Debug\cfp_reader.a(VDAC8_1.o)
 .debug_frame   0x000003c0       0x78 .\CortexM3\ARM_GCC_493\Debug\cfp_reader.a(Opamp_1.o)
 .debug_frame   0x00000438      0x1f4 .\CortexM3\ARM_GCC_493\Debug\cfp_reader.a(CyDmac.o)
 .debug_frame   0x0000062c      0x738 .\CortexM3\ARM_GCC_493\Debug\cfp_reader.a(CyLib.o)
 .debug_frame   0x00000d64      0x1f8 .\CortexM3\ARM_GCC_493\Debug\cfp_reader.a(cyPm.o)
 .debug_frame   0x00000f5c       0xe0 .\CortexM3\ARM_GCC_493\Debug\cfp_reader.a(Clock_2.o)
 .debug_frame   0x0000103c       0xd8 .\CortexM3\ARM_GCC_493\Debug\cfp_reader.a(PWM_1.o)
 .debug_frame   0x00001114      0x1dc .\CortexM3\ARM_GCC_493\Debug\cfp_reader.a(USBUART_1.o)
 .debug_frame   0x000012f0      0x278 .\CortexM3\ARM_GCC_493\Debug\cfp_reader.a(USBUART_1_cdc.o)
 .debug_frame   0x00001568      0x194 .\CortexM3\ARM_GCC_493\Debug\cfp_reader.a(USBUART_1_drv.o)
 .debug_frame   0x000016fc       0x6c .\CortexM3\ARM_GCC_493\Debug\cfp_reader.a(USBUART_1_episr.o)
 .debug_frame   0x00001768       0xa0 .\CortexM3\ARM_GCC_493\Debug\cfp_reader.a(USBUART_1_pm.o)
 .debug_frame   0x00001808      0x17c .\CortexM3\ARM_GCC_493\Debug\cfp_reader.a(USBUART_1_std.o)
 .debug_frame   0x00001984       0x20 .\CortexM3\ARM_GCC_493\Debug\cfp_reader.a(USBUART_1_vnd.o)
 .debug_frame   0x000019a4       0x70 .\CortexM3\ARM_GCC_493\Debug\cfp_reader.a(USBUART_1_Dp.o)
 .debug_frame   0x00001a14      0x1e4 .\CortexM3\ARM_GCC_493\Debug\cfp_reader.a(LCD.o)
 .debug_frame   0x00001bf8       0xd8 .\CortexM3\ARM_GCC_493\Debug\cfp_reader.a(PWM_2.o)
 .debug_frame   0x00001cd0       0xe0 .\CortexM3\ARM_GCC_493\Debug\cfp_reader.a(MDIO_host_2_my.o)
 .debug_frame   0x00001db0       0xe0 .\CortexM3\ARM_GCC_493\Debug\cfp_reader.a(Clock_1.o)
 .debug_frame   0x00001e90      0x1fc .\CortexM3\ARM_GCC_493\Debug\cfp_reader.a(MDIO_Interface.o)
 .debug_frame   0x0000208c       0x54 .\CortexM3\ARM_GCC_493\Debug\cfp_reader.a(MDIO_Interface_AddrDMA_dma.o)
 .debug_frame   0x000020e0       0x54 .\CortexM3\ARM_GCC_493\Debug\cfp_reader.a(MDIO_Interface_InfoDMA_dma.o)
 .debug_frame   0x00002134       0x54 .\CortexM3\ARM_GCC_493\Debug\cfp_reader.a(MDIO_Interface_StartAddrDMA_dma.o)
 .debug_frame   0x00002188       0x54 .\CortexM3\ARM_GCC_493\Debug\cfp_reader.a(MDIO_Interface_EndAddrDMA_dma.o)
 .debug_frame   0x000021dc       0x54 .\CortexM3\ARM_GCC_493\Debug\cfp_reader.a(MDIO_Interface_WrDMA_dma.o)
 .debug_frame   0x00002230       0x54 .\CortexM3\ARM_GCC_493\Debug\cfp_reader.a(MDIO_Interface_RdDMA_dma.o)
 .debug_frame   0x00002284       0x54 .\CortexM3\ARM_GCC_493\Debug\cfp_reader.a(MDIO_Interface_CfgDMA1_dma.o)
 .debug_frame   0x000022d8       0x54 .\CortexM3\ARM_GCC_493\Debug\cfp_reader.a(MDIO_Interface_CfgDMA2_dma.o)
 .debug_frame   0x0000232c       0x54 .\CortexM3\ARM_GCC_493\Debug\cfp_reader.a(MDIO_Interface_FwDMA1_dma.o)
 .debug_frame   0x00002380       0x54 .\CortexM3\ARM_GCC_493\Debug\cfp_reader.a(MDIO_Interface_FwDMA2_dma.o)
 .debug_frame   0x000023d4      0x174 .\CortexM3\ARM_GCC_493\Debug\cfp_reader.a(CyFlash.o)
 .debug_frame   0x00002548      0x160 .\CortexM3\ARM_GCC_493\Debug\cfp_reader.a(CySpc.o)
 .debug_frame   0x000026a8       0x2c .\CortexM3\ARM_GCC_493\Debug\cfp_reader.a(USBUART_1_cls.o)
 .debug_frame   0x000026d4       0x20 c:/program files (x86)/cypress/psoc creator/4.0/psoc creator/import/gnu/arm/4.9.3/bin/../lib/gcc/arm-none-eabi/4.9.3/../../../../arm-none-eabi/lib/armv7-m\libg_nano.a(lib_a-errno.o)
 .debug_frame   0x000026f4       0x28 c:/program files (x86)/cypress/psoc creator/4.0/psoc creator/import/gnu/arm/4.9.3/bin/../lib/gcc/arm-none-eabi/4.9.3/../../../../arm-none-eabi/lib/armv7-m\libg_nano.a(lib_a-exit.o)
 .debug_frame   0x0000271c       0x2c c:/program files (x86)/cypress/psoc creator/4.0/psoc creator/import/gnu/arm/4.9.3/bin/../lib/gcc/arm-none-eabi/4.9.3/../../../../arm-none-eabi/lib/armv7-m\libg_nano.a(lib_a-init.o)
 .debug_frame   0x00002748       0x28 c:/program files (x86)/cypress/psoc creator/4.0/psoc creator/import/gnu/arm/4.9.3/bin/../lib/gcc/arm-none-eabi/4.9.3/../../../../arm-none-eabi/lib/armv7-m\libg_nano.a(lib_a-memcpy.o)
 .debug_frame   0x00002770       0x20 c:/program files (x86)/cypress/psoc creator/4.0/psoc creator/import/gnu/arm/4.9.3/bin/../lib/gcc/arm-none-eabi/4.9.3/../../../../arm-none-eabi/lib/armv7-m\libg_nano.a(lib_a-memset.o)
 .debug_frame   0x00002790       0x70 c:/program files (x86)/cypress/psoc creator/4.0/psoc creator/import/gnu/arm/4.9.3/bin/../lib/gcc/arm-none-eabi/4.9.3/../../../../arm-none-eabi/lib/armv7-m\libg_nano.a(lib_a-sprintf.o)
 .debug_frame   0x00002800       0x8c c:/program files (x86)/cypress/psoc creator/4.0/psoc creator/import/gnu/arm/4.9.3/bin/../lib/gcc/arm-none-eabi/4.9.3/../../../../arm-none-eabi/lib/armv7-m\libg_nano.a(lib_a-nano-svfprintf.o)
 .debug_frame   0x0000288c       0x58 c:/program files (x86)/cypress/psoc creator/4.0/psoc creator/import/gnu/arm/4.9.3/bin/../lib/gcc/arm-none-eabi/4.9.3/../../../../arm-none-eabi/lib/armv7-m\libg_nano.a(lib_a-nano-vfprintf_i.o)
 .debug_frame   0x000028e4       0x28 c:/program files (x86)/cypress/psoc creator/4.0/psoc creator/import/gnu/arm/4.9.3/bin/../lib/gcc/arm-none-eabi/4.9.3/../../../../arm-none-eabi/lib/armv7-m\libg_nano.a(lib_a-memchr.o)
 .debug_frame   0x0000290c       0x28 c:/program files (x86)/cypress/psoc creator/4.0/psoc creator/import/gnu/arm/4.9.3/bin/../lib/gcc/arm-none-eabi/4.9.3/../../../../arm-none-eabi/lib/armv7-m\libg_nano.a(lib_a-memmove.o)
 .debug_frame   0x00002934       0x2c c:/program files (x86)/cypress/psoc creator/4.0/psoc creator/import/gnu/arm/4.9.3/bin/../lib/gcc/arm-none-eabi/4.9.3/../../../../arm-none-eabi/lib/armv7-m\libg_nano.a(lib_a-nano-freer.o)
 .debug_frame   0x00002960       0x2c c:/program files (x86)/cypress/psoc creator/4.0/psoc creator/import/gnu/arm/4.9.3/bin/../lib/gcc/arm-none-eabi/4.9.3/../../../../arm-none-eabi/lib/armv7-m\libg_nano.a(lib_a-nano-mallocr.o)
 .debug_frame   0x0000298c       0x3c c:/program files (x86)/cypress/psoc creator/4.0/psoc creator/import/gnu/arm/4.9.3/bin/../lib/gcc/arm-none-eabi/4.9.3/../../../../arm-none-eabi/lib/armv7-m\libg_nano.a(lib_a-nano-reallocr.o)
 .debug_frame   0x000029c8       0x2c c:/program files (x86)/cypress/psoc creator/4.0/psoc creator/import/gnu/arm/4.9.3/bin/../lib/gcc/arm-none-eabi/4.9.3/../../../../arm-none-eabi/lib/armv7-m\libg_nano.a(lib_a-sbrkr.o)
 .debug_frame   0x000029f4       0x20 c:/program files (x86)/cypress/psoc creator/4.0/psoc creator/import/gnu/arm/4.9.3/bin/../lib/gcc/arm-none-eabi/4.9.3/../../../../arm-none-eabi/lib/armv7-m\libg_nano.a(lib_a-nano-msizer.o)
 .debug_frame   0x00002a14       0x5c c:/program files (x86)/cypress/psoc creator/4.0/psoc creator/import/gnu/arm/4.9.3/bin/../lib/gcc/arm-none-eabi/4.9.3/../../../../arm-none-eabi/lib/armv7-m\libg_nano.a(lib_a-reent.o)

.debug_str      0x00000000     0x40ca
 *(.debug_str)
 .debug_str     0x00000000      0x48d .\CortexM3\ARM_GCC_493\Debug\main.o
                                0x4d5 (size before relaxing)
 .debug_str     0x0000048d       0x75 .\CortexM3\ARM_GCC_493\Debug\cymetadata.o
                                0x1f5 (size before relaxing)
 .debug_str     0x00000502      0x174 .\CortexM3\ARM_GCC_493\Debug\Cm3Start.o
                                0x319 (size before relaxing)
 .debug_str     0x00000676      0x189 .\CortexM3\ARM_GCC_493\Debug\cfp_reader.a(cyfitter_cfg.o)
                                0x343 (size before relaxing)
 .debug_str     0x000007ff      0x154 .\CortexM3\ARM_GCC_493\Debug\cfp_reader.a(Clock_3.o)
                                0x2f9 (size before relaxing)
 .debug_str     0x00000953       0xae .\CortexM3\ARM_GCC_493\Debug\cfp_reader.a(VDAC8_1.o)
                                0x23e (size before relaxing)
 .debug_str     0x00000a01       0x71 .\CortexM3\ARM_GCC_493\Debug\cfp_reader.a(Opamp_1.o)
                                0x204 (size before relaxing)
 .debug_str     0x00000a72      0x37e .\CortexM3\ARM_GCC_493\Debug\cfp_reader.a(CyDmac.o)
                                0x549 (size before relaxing)
 .debug_str     0x00000df0      0x7ea .\CortexM3\ARM_GCC_493\Debug\cfp_reader.a(CyLib.o)
                                0xa46 (size before relaxing)
 .debug_str     0x000015da      0x359 .\CortexM3\ARM_GCC_493\Debug\cfp_reader.a(cyPm.o)
                                0x726 (size before relaxing)
 .debug_str     0x00001933      0x109 .\CortexM3\ARM_GCC_493\Debug\cfp_reader.a(Clock_2.o)
                                0x2f9 (size before relaxing)
 .debug_str     0x00001a3c       0xe6 .\CortexM3\ARM_GCC_493\Debug\cfp_reader.a(PWM_1.o)
                                0x277 (size before relaxing)
 .debug_str     0x00001b22      0x43f .\CortexM3\ARM_GCC_493\Debug\cfp_reader.a(USBUART_1.o)
                                0x6c6 (size before relaxing)
 .debug_str     0x00001f61      0x4da .\CortexM3\ARM_GCC_493\Debug\cfp_reader.a(USBUART_1_cdc.o)
                                0x83a (size before relaxing)
 .debug_str     0x0000243b      0x2c1 .\CortexM3\ARM_GCC_493\Debug\cfp_reader.a(USBUART_1_drv.o)
                                0x69b (size before relaxing)
 .debug_str     0x000026fc       0x8c .\CortexM3\ARM_GCC_493\Debug\cfp_reader.a(USBUART_1_episr.o)
                                0x2f4 (size before relaxing)
 .debug_str     0x00002788       0xda .\CortexM3\ARM_GCC_493\Debug\cfp_reader.a(USBUART_1_pm.o)
                                0x30e (size before relaxing)
 .debug_str     0x00002862      0x27b .\CortexM3\ARM_GCC_493\Debug\cfp_reader.a(USBUART_1_std.o)
                                0x810 (size before relaxing)
 .debug_str     0x00002add       0x27 .\CortexM3\ARM_GCC_493\Debug\cfp_reader.a(USBUART_1_vnd.o)
                                0x1f2 (size before relaxing)
 .debug_str     0x00002b04       0xb0 .\CortexM3\ARM_GCC_493\Debug\cfp_reader.a(USBUART_1_Dp.o)
                                0x25a (size before relaxing)
 .debug_str     0x00002bb4      0x125 .\CortexM3\ARM_GCC_493\Debug\cfp_reader.a(LCD.o)
                                0x32a (size before relaxing)
 .debug_str     0x00002cd9       0xcf .\CortexM3\ARM_GCC_493\Debug\cfp_reader.a(PWM_2.o)
                                0x277 (size before relaxing)
 .debug_str     0x00002da8      0x144 .\CortexM3\ARM_GCC_493\Debug\cfp_reader.a(MDIO_host_2_my.o)
                                0x335 (size before relaxing)
 .debug_str     0x00002eec      0x109 .\CortexM3\ARM_GCC_493\Debug\cfp_reader.a(Clock_1.o)
                                0x2f9 (size before relaxing)
 .debug_str     0x00002ff5      0x6ab .\CortexM3\ARM_GCC_493\Debug\cfp_reader.a(MDIO_Interface.o)
                                0xa12 (size before relaxing)
 .debug_str     0x000036a0      0x1c9 .\CortexM3\ARM_GCC_493\Debug\cfp_reader.a(MDIO_Interface_REG.o)
                                0x379 (size before relaxing)
 .debug_str     0x00003869       0xb2 .\CortexM3\ARM_GCC_493\Debug\cfp_reader.a(MDIO_Interface_AddrDMA_dma.o)
                                0x2b8 (size before relaxing)
 .debug_str     0x0000391b       0x77 .\CortexM3\ARM_GCC_493\Debug\cfp_reader.a(MDIO_Interface_InfoDMA_dma.o)
                                0x2b8 (size before relaxing)
 .debug_str     0x00003992       0x86 .\CortexM3\ARM_GCC_493\Debug\cfp_reader.a(MDIO_Interface_StartAddrDMA_dma.o)
                                0x2cc (size before relaxing)
 .debug_str     0x00003a18       0x80 .\CortexM3\ARM_GCC_493\Debug\cfp_reader.a(MDIO_Interface_EndAddrDMA_dma.o)
                                0x2c4 (size before relaxing)
 .debug_str     0x00003a98       0x71 .\CortexM3\ARM_GCC_493\Debug\cfp_reader.a(MDIO_Interface_WrDMA_dma.o)
                                0x2b0 (size before relaxing)
 .debug_str     0x00003b09       0x71 .\CortexM3\ARM_GCC_493\Debug\cfp_reader.a(MDIO_Interface_RdDMA_dma.o)
                                0x2b0 (size before relaxing)
 .debug_str     0x00003b7a       0x77 .\CortexM3\ARM_GCC_493\Debug\cfp_reader.a(MDIO_Interface_CfgDMA1_dma.o)
                                0x2b8 (size before relaxing)
 .debug_str     0x00003bf1       0x77 .\CortexM3\ARM_GCC_493\Debug\cfp_reader.a(MDIO_Interface_CfgDMA2_dma.o)
                                0x2b8 (size before relaxing)
 .debug_str     0x00003c68       0x74 .\CortexM3\ARM_GCC_493\Debug\cfp_reader.a(MDIO_Interface_FwDMA1_dma.o)
                                0x2b4 (size before relaxing)
 .debug_str     0x00003cdc       0x74 .\CortexM3\ARM_GCC_493\Debug\cfp_reader.a(MDIO_Interface_FwDMA2_dma.o)
                                0x2b4 (size before relaxing)
 .debug_str     0x00003d50      0x195 .\CortexM3\ARM_GCC_493\Debug\cfp_reader.a(CyFlash.o)
                                0x3a0 (size before relaxing)
 .debug_str     0x00003ee5       0xac .\CortexM3\ARM_GCC_493\Debug\cfp_reader.a(CySpc.o)
                                0x329 (size before relaxing)
 .debug_str     0x00003f91       0x27 .\CortexM3\ARM_GCC_493\Debug\cfp_reader.a(USBUART_1_cls.o)
                                0x2b9 (size before relaxing)
 .debug_str     0x00003fb8      0x112 .\CortexM3\ARM_GCC_493\Debug\cfp_reader.a(USBUART_1_descr.o)
                                0x372 (size before relaxing)

.debug_loc      0x00000000     0x4d55
 *(.debug_loc)
 .debug_loc     0x00000000       0xa7 .\CortexM3\ARM_GCC_493\Debug\main.o
 .debug_loc     0x000000a7      0x144 .\CortexM3\ARM_GCC_493\Debug\Cm3Start.o
 .debug_loc     0x000001eb      0x2a1 .\CortexM3\ARM_GCC_493\Debug\cfp_reader.a(cyfitter_cfg.o)
 .debug_loc     0x0000048c      0x128 .\CortexM3\ARM_GCC_493\Debug\cfp_reader.a(Clock_3.o)
 .debug_loc     0x000005b4       0x79 .\CortexM3\ARM_GCC_493\Debug\cfp_reader.a(VDAC8_1.o)
 .debug_loc     0x0000062d       0x21 .\CortexM3\ARM_GCC_493\Debug\cfp_reader.a(Opamp_1.o)
 .debug_loc     0x0000064e      0xb83 .\CortexM3\ARM_GCC_493\Debug\cfp_reader.a(CyDmac.o)
 .debug_loc     0x000011d1      0xa11 .\CortexM3\ARM_GCC_493\Debug\cfp_reader.a(CyLib.o)
 .debug_loc     0x00001be2      0x1e4 .\CortexM3\ARM_GCC_493\Debug\cfp_reader.a(cyPm.o)
 .debug_loc     0x00001dc6      0x128 .\CortexM3\ARM_GCC_493\Debug\cfp_reader.a(Clock_2.o)
 .debug_loc     0x00001eee      0x3e1 .\CortexM3\ARM_GCC_493\Debug\cfp_reader.a(USBUART_1.o)
 .debug_loc     0x000022cf      0x56b .\CortexM3\ARM_GCC_493\Debug\cfp_reader.a(USBUART_1_cdc.o)
 .debug_loc     0x0000283a      0x171 .\CortexM3\ARM_GCC_493\Debug\cfp_reader.a(USBUART_1_drv.o)
 .debug_loc     0x000029ab       0x26 .\CortexM3\ARM_GCC_493\Debug\cfp_reader.a(USBUART_1_pm.o)
 .debug_loc     0x000029d1      0x93f .\CortexM3\ARM_GCC_493\Debug\cfp_reader.a(USBUART_1_std.o)
 .debug_loc     0x00003310       0x84 .\CortexM3\ARM_GCC_493\Debug\cfp_reader.a(USBUART_1_Dp.o)
 .debug_loc     0x00003394      0x3c6 .\CortexM3\ARM_GCC_493\Debug\cfp_reader.a(LCD.o)
 .debug_loc     0x0000375a       0xec .\CortexM3\ARM_GCC_493\Debug\cfp_reader.a(MDIO_host_2_my.o)
 .debug_loc     0x00003846      0x12c .\CortexM3\ARM_GCC_493\Debug\cfp_reader.a(Clock_1.o)
 .debug_loc     0x00003972      0x527 .\CortexM3\ARM_GCC_493\Debug\cfp_reader.a(MDIO_Interface.o)
 .debug_loc     0x00003e99       0x84 .\CortexM3\ARM_GCC_493\Debug\cfp_reader.a(MDIO_Interface_AddrDMA_dma.o)
 .debug_loc     0x00003f1d       0x84 .\CortexM3\ARM_GCC_493\Debug\cfp_reader.a(MDIO_Interface_InfoDMA_dma.o)
 .debug_loc     0x00003fa1       0x84 .\CortexM3\ARM_GCC_493\Debug\cfp_reader.a(MDIO_Interface_StartAddrDMA_dma.o)
 .debug_loc     0x00004025       0x84 .\CortexM3\ARM_GCC_493\Debug\cfp_reader.a(MDIO_Interface_EndAddrDMA_dma.o)
 .debug_loc     0x000040a9       0x84 .\CortexM3\ARM_GCC_493\Debug\cfp_reader.a(MDIO_Interface_WrDMA_dma.o)
 .debug_loc     0x0000412d       0x84 .\CortexM3\ARM_GCC_493\Debug\cfp_reader.a(MDIO_Interface_RdDMA_dma.o)
 .debug_loc     0x000041b1       0x84 .\CortexM3\ARM_GCC_493\Debug\cfp_reader.a(MDIO_Interface_CfgDMA1_dma.o)
 .debug_loc     0x00004235       0x84 .\CortexM3\ARM_GCC_493\Debug\cfp_reader.a(MDIO_Interface_CfgDMA2_dma.o)
 .debug_loc     0x000042b9       0x84 .\CortexM3\ARM_GCC_493\Debug\cfp_reader.a(MDIO_Interface_FwDMA1_dma.o)
 .debug_loc     0x0000433d       0x84 .\CortexM3\ARM_GCC_493\Debug\cfp_reader.a(MDIO_Interface_FwDMA2_dma.o)
 .debug_loc     0x000043c1      0x300 .\CortexM3\ARM_GCC_493\Debug\cfp_reader.a(CyFlash.o)
 .debug_loc     0x000046c1      0x64d .\CortexM3\ARM_GCC_493\Debug\cfp_reader.a(CySpc.o)
 .debug_loc     0x00004d0e       0x47 .\CortexM3\ARM_GCC_493\Debug\cfp_reader.a(USBUART_1_cls.o)

.debug_macinfo
 *(.debug_macinfo)

.debug_ranges   0x00000000      0xd80
 *(.debug_ranges)
 .debug_ranges  0x00000000       0x30 .\CortexM3\ARM_GCC_493\Debug\main.o
 .debug_ranges  0x00000030       0x38 .\CortexM3\ARM_GCC_493\Debug\Cm3Start.o
 .debug_ranges  0x00000068       0x48 .\CortexM3\ARM_GCC_493\Debug\cfp_reader.a(cyfitter_cfg.o)
 .debug_ranges  0x000000b0       0x60 .\CortexM3\ARM_GCC_493\Debug\cfp_reader.a(Clock_3.o)
 .debug_ranges  0x00000110       0x48 .\CortexM3\ARM_GCC_493\Debug\cfp_reader.a(VDAC8_1.o)
 .debug_ranges  0x00000158       0x30 .\CortexM3\ARM_GCC_493\Debug\cfp_reader.a(Opamp_1.o)
 .debug_ranges  0x00000188       0xc8 .\CortexM3\ARM_GCC_493\Debug\cfp_reader.a(CyDmac.o)
 .debug_ranges  0x00000250      0x290 .\CortexM3\ARM_GCC_493\Debug\cfp_reader.a(CyLib.o)
 .debug_ranges  0x000004e0       0x88 .\CortexM3\ARM_GCC_493\Debug\cfp_reader.a(cyPm.o)
 .debug_ranges  0x00000568       0x60 .\CortexM3\ARM_GCC_493\Debug\cfp_reader.a(Clock_2.o)
 .debug_ranges  0x000005c8       0x60 .\CortexM3\ARM_GCC_493\Debug\cfp_reader.a(PWM_1.o)
 .debug_ranges  0x00000628       0xd0 .\CortexM3\ARM_GCC_493\Debug\cfp_reader.a(USBUART_1.o)
 .debug_ranges  0x000006f8       0xd8 .\CortexM3\ARM_GCC_493\Debug\cfp_reader.a(USBUART_1_cdc.o)
 .debug_ranges  0x000007d0       0x88 .\CortexM3\ARM_GCC_493\Debug\cfp_reader.a(USBUART_1_drv.o)
 .debug_ranges  0x00000858       0x30 .\CortexM3\ARM_GCC_493\Debug\cfp_reader.a(USBUART_1_episr.o)
 .debug_ranges  0x00000888       0x30 .\CortexM3\ARM_GCC_493\Debug\cfp_reader.a(USBUART_1_pm.o)
 .debug_ranges  0x000008b8       0x70 .\CortexM3\ARM_GCC_493\Debug\cfp_reader.a(USBUART_1_std.o)
 .debug_ranges  0x00000928       0x10 .\CortexM3\ARM_GCC_493\Debug\cfp_reader.a(USBUART_1_vnd.o)
 .debug_ranges  0x00000938       0x38 .\CortexM3\ARM_GCC_493\Debug\cfp_reader.a(USBUART_1_Dp.o)
 .debug_ranges  0x00000970       0x88 .\CortexM3\ARM_GCC_493\Debug\cfp_reader.a(LCD.o)
 .debug_ranges  0x000009f8       0x60 .\CortexM3\ARM_GCC_493\Debug\cfp_reader.a(PWM_2.o)
 .debug_ranges  0x00000a58       0x58 .\CortexM3\ARM_GCC_493\Debug\cfp_reader.a(MDIO_host_2_my.o)
 .debug_ranges  0x00000ab0       0x60 .\CortexM3\ARM_GCC_493\Debug\cfp_reader.a(Clock_1.o)
 .debug_ranges  0x00000b10       0x98 .\CortexM3\ARM_GCC_493\Debug\cfp_reader.a(MDIO_Interface.o)
 .debug_ranges  0x00000ba8       0x18 .\CortexM3\ARM_GCC_493\Debug\cfp_reader.a(MDIO_Interface_AddrDMA_dma.o)
 .debug_ranges  0x00000bc0       0x18 .\CortexM3\ARM_GCC_493\Debug\cfp_reader.a(MDIO_Interface_InfoDMA_dma.o)