ARM GAS  C:\Users\kopusov.FT\AppData\Local\Temp\ccYZzYXp.s 			page 1


   1              		.syntax unified
   2              		.cpu cortex-m3
   3              		.fpu softvfp
   4              		.eabi_attribute 20, 1
   5              		.eabi_attribute 21, 1
   6              		.eabi_attribute 23, 3
   7              		.eabi_attribute 24, 1
   8              		.eabi_attribute 25, 1
   9              		.eabi_attribute 26, 1
  10              		.eabi_attribute 30, 1
  11              		.eabi_attribute 34, 1
  12              		.eabi_attribute 18, 4
  13              		.thumb
  14              		.file	"MDIO_host_2_my.c"
  15              		.text
  16              	.Ltext0:
  17              		.cfi_sections	.debug_frame
  18              		.section	.text.MDIO_host_2_Stop,"ax",%progbits
  19              		.align	2
  20              		.global	MDIO_host_2_Stop
  21              		.thumb
  22              		.thumb_func
  23              		.type	MDIO_host_2_Stop, %function
  24              	MDIO_host_2_Stop:
  25              	.LFB64:
  26              		.file 1 "Generated_Source\\PSoC5\\MDIO_host_2_my.c"
   1:Generated_Source\PSoC5/MDIO_host_2_my.c **** /* ========================================
   2:Generated_Source\PSoC5/MDIO_host_2_my.c ****  *
   3:Generated_Source\PSoC5/MDIO_host_2_my.c ****  * Copyright FiberTreid, 2017
   4:Generated_Source\PSoC5/MDIO_host_2_my.c ****  * All Rights Reserved
   5:Generated_Source\PSoC5/MDIO_host_2_my.c ****  * UNPUBLISHED, LICENSED SOFTWARE.
   6:Generated_Source\PSoC5/MDIO_host_2_my.c ****  *
   7:Generated_Source\PSoC5/MDIO_host_2_my.c ****  * CONFIDENTIAL AND PROPRIETARY INFORMATION
   8:Generated_Source\PSoC5/MDIO_host_2_my.c ****  * WHICH IS THE PROPERTY OF your company.
   9:Generated_Source\PSoC5/MDIO_host_2_my.c ****  *
  10:Generated_Source\PSoC5/MDIO_host_2_my.c ****  * ========================================
  11:Generated_Source\PSoC5/MDIO_host_2_my.c **** */
  12:Generated_Source\PSoC5/MDIO_host_2_my.c **** 
  13:Generated_Source\PSoC5/MDIO_host_2_my.c **** //#include <device.h>
  14:Generated_Source\PSoC5/MDIO_host_2_my.c **** #include <project.h>
  15:Generated_Source\PSoC5/MDIO_host_2_my.c **** #include "cytypes.h"
  16:Generated_Source\PSoC5/MDIO_host_2_my.c **** #include "cyfitter.h"
  17:Generated_Source\PSoC5/MDIO_host_2_my.c **** #include "cypins.h"
  18:Generated_Source\PSoC5/MDIO_host_2_my.c **** #include "MDIO_host_2_my.h"
  19:Generated_Source\PSoC5/MDIO_host_2_my.c **** 
  20:Generated_Source\PSoC5/MDIO_host_2_my.c **** /*******************************************************************************
  21:Generated_Source\PSoC5/MDIO_host_2_my.c **** * Variables
  22:Generated_Source\PSoC5/MDIO_host_2_my.c **** ********************************************************************************/
  23:Generated_Source\PSoC5/MDIO_host_2_my.c **** uint8 MDIO_host_2_initVar = 0u;
  24:Generated_Source\PSoC5/MDIO_host_2_my.c **** 
  25:Generated_Source\PSoC5/MDIO_host_2_my.c **** /* Data received MDIO Host */
  26:Generated_Source\PSoC5/MDIO_host_2_my.c **** volatile uint16 MDIO_host_2_data_bits=0u;	 
  27:Generated_Source\PSoC5/MDIO_host_2_my.c **** 
  28:Generated_Source\PSoC5/MDIO_host_2_my.c **** /* Internal Status Register */
  29:Generated_Source\PSoC5/MDIO_host_2_my.c **** volatile uint8  MDIO_host_2_StatusRegister=0u;
  30:Generated_Source\PSoC5/MDIO_host_2_my.c **** 
  31:Generated_Source\PSoC5/MDIO_host_2_my.c **** /*******************************************************************************
ARM GAS  C:\Users\kopusov.FT\AppData\Local\Temp\ccYZzYXp.s 			page 2


  32:Generated_Source\PSoC5/MDIO_host_2_my.c **** * Function Name: MDIO_host_2_Start
  33:Generated_Source\PSoC5/MDIO_host_2_my.c **** ********************************************************************************
  34:Generated_Source\PSoC5/MDIO_host_2_my.c **** * Summary:
  35:Generated_Source\PSoC5/MDIO_host_2_my.c **** *  Initializes the MDIO Host component.
  36:Generated_Source\PSoC5/MDIO_host_2_my.c **** * 
  37:Generated_Source\PSoC5/MDIO_host_2_my.c **** * Parameters:
  38:Generated_Source\PSoC5/MDIO_host_2_my.c **** *  None
  39:Generated_Source\PSoC5/MDIO_host_2_my.c **** *
  40:Generated_Source\PSoC5/MDIO_host_2_my.c **** * Return:
  41:Generated_Source\PSoC5/MDIO_host_2_my.c **** *  None
  42:Generated_Source\PSoC5/MDIO_host_2_my.c **** * 
  43:Generated_Source\PSoC5/MDIO_host_2_my.c **** * Side Effects:
  44:Generated_Source\PSoC5/MDIO_host_2_my.c **** *
  45:Generated_Source\PSoC5/MDIO_host_2_my.c **** ********************************************************************************/
  46:Generated_Source\PSoC5/MDIO_host_2_my.c **** void MDIO_host_2_Start(void)
  47:Generated_Source\PSoC5/MDIO_host_2_my.c **** { 
  48:Generated_Source\PSoC5/MDIO_host_2_my.c ****     /* If not already initialized, then initialize hardware and software */
  49:Generated_Source\PSoC5/MDIO_host_2_my.c ****     if(MDIO_host_2_initVar == 0u)
  50:Generated_Source\PSoC5/MDIO_host_2_my.c ****     {
  51:Generated_Source\PSoC5/MDIO_host_2_my.c ****         MDIO_host_2_Init();
  52:Generated_Source\PSoC5/MDIO_host_2_my.c ****         MDIO_host_2_initVar = 1u;
  53:Generated_Source\PSoC5/MDIO_host_2_my.c ****     }
  54:Generated_Source\PSoC5/MDIO_host_2_my.c ****     MDIO_host_2_Enable();
  55:Generated_Source\PSoC5/MDIO_host_2_my.c **** }
  56:Generated_Source\PSoC5/MDIO_host_2_my.c **** 
  57:Generated_Source\PSoC5/MDIO_host_2_my.c **** /*******************************************************************************
  58:Generated_Source\PSoC5/MDIO_host_2_my.c **** * Function Name: MDIO_host_2_Stop
  59:Generated_Source\PSoC5/MDIO_host_2_my.c **** ********************************************************************************
  60:Generated_Source\PSoC5/MDIO_host_2_my.c **** * Summary:
  61:Generated_Source\PSoC5/MDIO_host_2_my.c **** *  Disable the MDIO Host component and the internal interrupt
  62:Generated_Source\PSoC5/MDIO_host_2_my.c **** * 
  63:Generated_Source\PSoC5/MDIO_host_2_my.c **** * Parameters:
  64:Generated_Source\PSoC5/MDIO_host_2_my.c **** *  None
  65:Generated_Source\PSoC5/MDIO_host_2_my.c **** * 
  66:Generated_Source\PSoC5/MDIO_host_2_my.c **** * Return:
  67:Generated_Source\PSoC5/MDIO_host_2_my.c **** *  None
  68:Generated_Source\PSoC5/MDIO_host_2_my.c **** * 
  69:Generated_Source\PSoC5/MDIO_host_2_my.c **** * Side Effects:
  70:Generated_Source\PSoC5/MDIO_host_2_my.c **** *  
  71:Generated_Source\PSoC5/MDIO_host_2_my.c **** ********************************************************************************/
  72:Generated_Source\PSoC5/MDIO_host_2_my.c **** void MDIO_host_2_Stop(void)
  73:Generated_Source\PSoC5/MDIO_host_2_my.c **** {
  27              		.loc 1 73 0
  28              		.cfi_startproc
  29              		@ args = 0, pretend = 0, frame = 0
  30              		@ frame_needed = 0, uses_anonymous_args = 0
  31              		@ link register save eliminated.
  74:Generated_Source\PSoC5/MDIO_host_2_my.c **** 	/* Disable the hardware component */
  75:Generated_Source\PSoC5/MDIO_host_2_my.c ****  //   MDIO_host_2_CONTROL_REG = 0u;	// Set Enable and Valid bits to zero
  76:Generated_Source\PSoC5/MDIO_host_2_my.c **** 	
  77:Generated_Source\PSoC5/MDIO_host_2_my.c **** 	/* Disable Count7 hardware block */
  78:Generated_Source\PSoC5/MDIO_host_2_my.c ****     MDIO_host_2_CNT7_AUX_CTL_REG &= ~MDIO_host_2_COUNT7_EN;
  32              		.loc 1 78 0
  33 0000 024A     		ldr	r2, .L2
  34 0002 1378     		ldrb	r3, [r2]	@ zero_extendqisi2
  35 0004 03F0DF03 		and	r3, r3, #223
  36 0008 1370     		strb	r3, [r2]
ARM GAS  C:\Users\kopusov.FT\AppData\Local\Temp\ccYZzYXp.s 			page 3


  37 000a 7047     		bx	lr
  38              	.L3:
  39              		.align	2
  40              	.L2:
  41 000c 92640040 		.word	1073767570
  42              		.cfi_endproc
  43              	.LFE64:
  44              		.size	MDIO_host_2_Stop, .-MDIO_host_2_Stop
  45              		.section	.text.MDIO_host_2_Enable,"ax",%progbits
  46              		.align	2
  47              		.global	MDIO_host_2_Enable
  48              		.thumb
  49              		.thumb_func
  50              		.type	MDIO_host_2_Enable, %function
  51              	MDIO_host_2_Enable:
  52              	.LFB66:
  79:Generated_Source\PSoC5/MDIO_host_2_my.c **** 	
  80:Generated_Source\PSoC5/MDIO_host_2_my.c **** 	/* Disable Interrupt */
  81:Generated_Source\PSoC5/MDIO_host_2_my.c **** //	MDIO_host_2_DisableInt();
  82:Generated_Source\PSoC5/MDIO_host_2_my.c **** }
  83:Generated_Source\PSoC5/MDIO_host_2_my.c **** 
  84:Generated_Source\PSoC5/MDIO_host_2_my.c **** /*******************************************************************************
  85:Generated_Source\PSoC5/MDIO_host_2_my.c **** * Function Name: MDIO_host_2_Init
  86:Generated_Source\PSoC5/MDIO_host_2_my.c **** ********************************************************************************
  87:Generated_Source\PSoC5/MDIO_host_2_my.c **** * Summary:
  88:Generated_Source\PSoC5/MDIO_host_2_my.c **** *  Initializes internal variables and resets the datapath FIFO.
  89:Generated_Source\PSoC5/MDIO_host_2_my.c **** * 
  90:Generated_Source\PSoC5/MDIO_host_2_my.c **** * Parameters:
  91:Generated_Source\PSoC5/MDIO_host_2_my.c **** *  None
  92:Generated_Source\PSoC5/MDIO_host_2_my.c **** *
  93:Generated_Source\PSoC5/MDIO_host_2_my.c **** * Return:
  94:Generated_Source\PSoC5/MDIO_host_2_my.c **** *  None
  95:Generated_Source\PSoC5/MDIO_host_2_my.c **** * 
  96:Generated_Source\PSoC5/MDIO_host_2_my.c **** * Side Effects:
  97:Generated_Source\PSoC5/MDIO_host_2_my.c **** *  
  98:Generated_Source\PSoC5/MDIO_host_2_my.c **** ********************************************************************************/
  99:Generated_Source\PSoC5/MDIO_host_2_my.c **** void MDIO_host_2_Init(void)
 100:Generated_Source\PSoC5/MDIO_host_2_my.c **** { 	
 101:Generated_Source\PSoC5/MDIO_host_2_my.c ****     MDIO_host_2_Enable();
 102:Generated_Source\PSoC5/MDIO_host_2_my.c **** 	
 103:Generated_Source\PSoC5/MDIO_host_2_my.c **** 	/* Reset Internal FIFOs */
 104:Generated_Source\PSoC5/MDIO_host_2_my.c **** 	MDIO_host_2_ClearInternalFIFOs();
 105:Generated_Source\PSoC5/MDIO_host_2_my.c **** 
 106:Generated_Source\PSoC5/MDIO_host_2_my.c ****     /* Initialize interrupts */
 107:Generated_Source\PSoC5/MDIO_host_2_my.c **** //	MDIO_host_2_EnableInt();
 108:Generated_Source\PSoC5/MDIO_host_2_my.c **** }
 109:Generated_Source\PSoC5/MDIO_host_2_my.c **** 
 110:Generated_Source\PSoC5/MDIO_host_2_my.c **** /*******************************************************************************
 111:Generated_Source\PSoC5/MDIO_host_2_my.c **** * Function Name: MDIO_host_2_Enable()
 112:Generated_Source\PSoC5/MDIO_host_2_my.c **** ********************************************************************************
 113:Generated_Source\PSoC5/MDIO_host_2_my.c **** * Summary:
 114:Generated_Source\PSoC5/MDIO_host_2_my.c **** *  Enables the hardware and internal interrupt.
 115:Generated_Source\PSoC5/MDIO_host_2_my.c **** * 
 116:Generated_Source\PSoC5/MDIO_host_2_my.c **** * Parameters:
 117:Generated_Source\PSoC5/MDIO_host_2_my.c **** *  None
 118:Generated_Source\PSoC5/MDIO_host_2_my.c **** *
 119:Generated_Source\PSoC5/MDIO_host_2_my.c **** * Return:
ARM GAS  C:\Users\kopusov.FT\AppData\Local\Temp\ccYZzYXp.s 			page 4


 120:Generated_Source\PSoC5/MDIO_host_2_my.c **** *  None
 121:Generated_Source\PSoC5/MDIO_host_2_my.c **** * 
 122:Generated_Source\PSoC5/MDIO_host_2_my.c **** * Side Effects:
 123:Generated_Source\PSoC5/MDIO_host_2_my.c **** *  None
 124:Generated_Source\PSoC5/MDIO_host_2_my.c **** ********************************************************************************/
 125:Generated_Source\PSoC5/MDIO_host_2_my.c **** void MDIO_host_2_Enable(void) 
 126:Generated_Source\PSoC5/MDIO_host_2_my.c **** {
  53              		.loc 1 126 0
  54              		.cfi_startproc
  55              		@ args = 0, pretend = 0, frame = 0
  56              		@ frame_needed = 0, uses_anonymous_args = 0
  57              		@ link register save eliminated.
 127:Generated_Source\PSoC5/MDIO_host_2_my.c **** 	/* Enable Count7 hardware block */
 128:Generated_Source\PSoC5/MDIO_host_2_my.c ****     MDIO_host_2_CNT7_AUX_CTL_REG |= MDIO_host_2_COUNT7_EN;
  58              		.loc 1 128 0
  59 0000 044A     		ldr	r2, .L5
  60 0002 1378     		ldrb	r3, [r2]	@ zero_extendqisi2
  61 0004 43F02003 		orr	r3, r3, #32
  62 0008 1370     		strb	r3, [r2]
 129:Generated_Source\PSoC5/MDIO_host_2_my.c **** 
 130:Generated_Source\PSoC5/MDIO_host_2_my.c **** 	/* Enable the block */
 131:Generated_Source\PSoC5/MDIO_host_2_my.c ****     //  MDIO_host_2_CONTROL_REG = MDIO_host_2_ENABLE;
 132:Generated_Source\PSoC5/MDIO_host_2_my.c **** 	
 133:Generated_Source\PSoC5/MDIO_host_2_my.c ****     /*Reset counter */
 134:Generated_Source\PSoC5/MDIO_host_2_my.c ****     // MDIO_host_2_PERIOD_REG = 127;
 135:Generated_Source\PSoC5/MDIO_host_2_my.c ****     MDIO_host_2_COUNT_REG = 61;
  63              		.loc 1 135 0
  64 000a 3D22     		movs	r2, #61
  65 000c 024B     		ldr	r3, .L5+4
  66 000e 1A70     		strb	r2, [r3]
  67 0010 7047     		bx	lr
  68              	.L6:
  69 0012 00BF     		.align	2
  70              	.L5:
  71 0014 92640040 		.word	1073767570
  72 0018 72640040 		.word	1073767538
  73              		.cfi_endproc
  74              	.LFE66:
  75              		.size	MDIO_host_2_Enable, .-MDIO_host_2_Enable
  76              		.section	.text.MDIO_host_2_GetStatus,"ax",%progbits
  77              		.align	2
  78              		.global	MDIO_host_2_GetStatus
  79              		.thumb
  80              		.thumb_func
  81              		.type	MDIO_host_2_GetStatus, %function
  82              	MDIO_host_2_GetStatus:
  83              	.LFB67:
 136:Generated_Source\PSoC5/MDIO_host_2_my.c ****     
 137:Generated_Source\PSoC5/MDIO_host_2_my.c **** 	/* Enable the interrupt */
 138:Generated_Source\PSoC5/MDIO_host_2_my.c **** 	//CyIntEnable(MDIO_host_2_ISR_NUMBER);   
 139:Generated_Source\PSoC5/MDIO_host_2_my.c **** }
 140:Generated_Source\PSoC5/MDIO_host_2_my.c **** 
 141:Generated_Source\PSoC5/MDIO_host_2_my.c **** /*******************************************************************************
 142:Generated_Source\PSoC5/MDIO_host_2_my.c **** * Function Name: MDIO_host_2_EnableInt
 143:Generated_Source\PSoC5/MDIO_host_2_my.c **** ********************************************************************************
 144:Generated_Source\PSoC5/MDIO_host_2_my.c **** * Summary:
 145:Generated_Source\PSoC5/MDIO_host_2_my.c **** *  Enables and configure the interrupt from this component. 
ARM GAS  C:\Users\kopusov.FT\AppData\Local\Temp\ccYZzYXp.s 			page 5


 146:Generated_Source\PSoC5/MDIO_host_2_my.c **** * 
 147:Generated_Source\PSoC5/MDIO_host_2_my.c **** * Parameters:
 148:Generated_Source\PSoC5/MDIO_host_2_my.c **** *  None
 149:Generated_Source\PSoC5/MDIO_host_2_my.c **** * 
 150:Generated_Source\PSoC5/MDIO_host_2_my.c **** * Return:
 151:Generated_Source\PSoC5/MDIO_host_2_my.c **** *  None
 152:Generated_Source\PSoC5/MDIO_host_2_my.c **** * 
 153:Generated_Source\PSoC5/MDIO_host_2_my.c **** * Side Effects:
 154:Generated_Source\PSoC5/MDIO_host_2_my.c **** *  None
 155:Generated_Source\PSoC5/MDIO_host_2_my.c **** ********************************************************************************/
 156:Generated_Source\PSoC5/MDIO_host_2_my.c **** //void MDIO_host_2_EnableInt(void)
 157:Generated_Source\PSoC5/MDIO_host_2_my.c **** //{   
 158:Generated_Source\PSoC5/MDIO_host_2_my.c **** //    /* Enable interrupt handler service routine */
 159:Generated_Source\PSoC5/MDIO_host_2_my.c **** //	CyIntDisable(MDIO_host_2_ISR_NUMBER);
 160:Generated_Source\PSoC5/MDIO_host_2_my.c **** //	CyIntSetVector(MDIO_host_2_ISR_NUMBER, MDIO_host_2_ISR_InterruptHandler);
 161:Generated_Source\PSoC5/MDIO_host_2_my.c **** //	CyIntSetPriority(MDIO_host_2_ISR_NUMBER, MDIO_host_2_ISR_PRIORITY);
 162:Generated_Source\PSoC5/MDIO_host_2_my.c **** //	CyIntEnable(MDIO_host_2_ISR_NUMBER);        
 163:Generated_Source\PSoC5/MDIO_host_2_my.c **** //}
 164:Generated_Source\PSoC5/MDIO_host_2_my.c **** 
 165:Generated_Source\PSoC5/MDIO_host_2_my.c **** /*******************************************************************************
 166:Generated_Source\PSoC5/MDIO_host_2_my.c **** * Function Name: MDIO_host_2_DisableInt
 167:Generated_Source\PSoC5/MDIO_host_2_my.c **** ********************************************************************************
 168:Generated_Source\PSoC5/MDIO_host_2_my.c **** * Summary:
 169:Generated_Source\PSoC5/MDIO_host_2_my.c **** *  Disables interrupts from this component
 170:Generated_Source\PSoC5/MDIO_host_2_my.c **** *
 171:Generated_Source\PSoC5/MDIO_host_2_my.c **** * Parameters:
 172:Generated_Source\PSoC5/MDIO_host_2_my.c **** *  None
 173:Generated_Source\PSoC5/MDIO_host_2_my.c **** * 
 174:Generated_Source\PSoC5/MDIO_host_2_my.c **** * Return:
 175:Generated_Source\PSoC5/MDIO_host_2_my.c **** *  None
 176:Generated_Source\PSoC5/MDIO_host_2_my.c **** * 
 177:Generated_Source\PSoC5/MDIO_host_2_my.c **** * Side Effects:
 178:Generated_Source\PSoC5/MDIO_host_2_my.c **** *  None
 179:Generated_Source\PSoC5/MDIO_host_2_my.c **** ********************************************************************************/
 180:Generated_Source\PSoC5/MDIO_host_2_my.c **** //void MDIO_host_2_DisableInt(void)
 181:Generated_Source\PSoC5/MDIO_host_2_my.c **** //{  
 182:Generated_Source\PSoC5/MDIO_host_2_my.c **** //    /* Disable interrupt handler service routine */
 183:Generated_Source\PSoC5/MDIO_host_2_my.c **** //	CyIntDisable(MDIO_host_2_ISR_NUMBER);
 184:Generated_Source\PSoC5/MDIO_host_2_my.c **** //}
 185:Generated_Source\PSoC5/MDIO_host_2_my.c **** 
 186:Generated_Source\PSoC5/MDIO_host_2_my.c **** /*******************************************************************************
 187:Generated_Source\PSoC5/MDIO_host_2_my.c **** * Function Name: MDIO_host_2_GetStatus
 188:Generated_Source\PSoC5/MDIO_host_2_my.c **** ********************************************************************************
 189:Generated_Source\PSoC5/MDIO_host_2_my.c **** * Summary:
 190:Generated_Source\PSoC5/MDIO_host_2_my.c **** *  Returns the internal status of the hardware.
 191:Generated_Source\PSoC5/MDIO_host_2_my.c **** *
 192:Generated_Source\PSoC5/MDIO_host_2_my.c **** * Parameters:
 193:Generated_Source\PSoC5/MDIO_host_2_my.c **** *  None
 194:Generated_Source\PSoC5/MDIO_host_2_my.c **** * 
 195:Generated_Source\PSoC5/MDIO_host_2_my.c **** * Return:
 196:Generated_Source\PSoC5/MDIO_host_2_my.c **** *  uint8
 197:Generated_Source\PSoC5/MDIO_host_2_my.c **** *		b0   = Set when component is busy 
 198:Generated_Source\PSoC5/MDIO_host_2_my.c **** *		b1 	 = Set when PHY address matches in the right timing 
 199:Generated_Source\PSoC5/MDIO_host_2_my.c **** *		b7:2 = Reserved. Returns all zeros
 200:Generated_Source\PSoC5/MDIO_host_2_my.c **** *
 201:Generated_Source\PSoC5/MDIO_host_2_my.c **** * Side Effects:
 202:Generated_Source\PSoC5/MDIO_host_2_my.c **** *  None
ARM GAS  C:\Users\kopusov.FT\AppData\Local\Temp\ccYZzYXp.s 			page 6


 203:Generated_Source\PSoC5/MDIO_host_2_my.c **** ********************************************************************************/
 204:Generated_Source\PSoC5/MDIO_host_2_my.c **** uint8 MDIO_host_2_GetStatus(void) CYREENTRANT
 205:Generated_Source\PSoC5/MDIO_host_2_my.c **** {
  84              		.loc 1 205 0
  85              		.cfi_startproc
  86              		@ args = 0, pretend = 0, frame = 0
  87              		@ frame_needed = 0, uses_anonymous_args = 0
  88              		@ link register save eliminated.
 206:Generated_Source\PSoC5/MDIO_host_2_my.c **** 	return MDIO_host_2_StatusRegister;
  89              		.loc 1 206 0
  90 0000 014B     		ldr	r3, .L8
  91 0002 1878     		ldrb	r0, [r3]	@ zero_extendqisi2
 207:Generated_Source\PSoC5/MDIO_host_2_my.c **** }
  92              		.loc 1 207 0
  93 0004 7047     		bx	lr
  94              	.L9:
  95 0006 00BF     		.align	2
  96              	.L8:
  97 0008 00000000 		.word	.LANCHOR0
  98              		.cfi_endproc
  99              	.LFE67:
 100              		.size	MDIO_host_2_GetStatus, .-MDIO_host_2_GetStatus
 101              		.section	.text.MDIO_host_2_ClearInternalFIFOs,"ax",%progbits
 102              		.align	2
 103              		.global	MDIO_host_2_ClearInternalFIFOs
 104              		.thumb
 105              		.thumb_func
 106              		.type	MDIO_host_2_ClearInternalFIFOs, %function
 107              	MDIO_host_2_ClearInternalFIFOs:
 108              	.LFB68:
 208:Generated_Source\PSoC5/MDIO_host_2_my.c **** 
 209:Generated_Source\PSoC5/MDIO_host_2_my.c **** /*******************************************************************************
 210:Generated_Source\PSoC5/MDIO_host_2_my.c **** * Function Name: MDIO_host_2_ClearInternalFIFOs
 211:Generated_Source\PSoC5/MDIO_host_2_my.c **** ********************************************************************************
 212:Generated_Source\PSoC5/MDIO_host_2_my.c **** * Summary:
 213:Generated_Source\PSoC5/MDIO_host_2_my.c **** *  Clear the internal FIFOs from the data path 
 214:Generated_Source\PSoC5/MDIO_host_2_my.c **** *
 215:Generated_Source\PSoC5/MDIO_host_2_my.c **** * Parameters:
 216:Generated_Source\PSoC5/MDIO_host_2_my.c **** *  dataPtr: Pointer to the data buffer
 217:Generated_Source\PSoC5/MDIO_host_2_my.c **** * 
 218:Generated_Source\PSoC5/MDIO_host_2_my.c **** * Return:
 219:Generated_Source\PSoC5/MDIO_host_2_my.c **** *  None
 220:Generated_Source\PSoC5/MDIO_host_2_my.c **** *
 221:Generated_Source\PSoC5/MDIO_host_2_my.c **** * Side Effects:
 222:Generated_Source\PSoC5/MDIO_host_2_my.c **** *  The size of this buffer should be at least 32 x 16 bits (64 bytes), otherwise
 223:Generated_Source\PSoC5/MDIO_host_2_my.c **** *  memory violation may occurs.
 224:Generated_Source\PSoC5/MDIO_host_2_my.c **** *
 225:Generated_Source\PSoC5/MDIO_host_2_my.c **** ********************************************************************************/
 226:Generated_Source\PSoC5/MDIO_host_2_my.c **** void MDIO_host_2_ClearInternalFIFOs(void)
 227:Generated_Source\PSoC5/MDIO_host_2_my.c **** {
 109              		.loc 1 227 0
 110              		.cfi_startproc
 111              		@ args = 0, pretend = 0, frame = 0
 112              		@ frame_needed = 0, uses_anonymous_args = 0
 113              		@ link register save eliminated.
 228:Generated_Source\PSoC5/MDIO_host_2_my.c **** 	/* Reset F0 FIFO  */
 229:Generated_Source\PSoC5/MDIO_host_2_my.c **** 	CY_SET_REG16(MDIO_host_2_DP_AUX_CTL_PTR, (CY_GET_REG16(MDIO_host_2_DP_AUX_CTL_PTR) |  MDIO_host_2_
ARM GAS  C:\Users\kopusov.FT\AppData\Local\Temp\ccYZzYXp.s 			page 7


 114              		.loc 1 229 0
 115 0000 0B4A     		ldr	r2, .L11
 116 0002 1388     		ldrh	r3, [r2]
 117 0004 9BB2     		uxth	r3, r3
 118 0006 43F48073 		orr	r3, r3, #256
 119 000a 43F00103 		orr	r3, r3, #1
 120 000e 1380     		strh	r3, [r2]	@ movhi
 230:Generated_Source\PSoC5/MDIO_host_2_my.c ****     CY_SET_REG16(MDIO_host_2_DP_AUX_CTL_PTR, (CY_GET_REG16(MDIO_host_2_DP_AUX_CTL_PTR) & ~MDIO_host
 121              		.loc 1 230 0
 122 0010 1388     		ldrh	r3, [r2]
 123 0012 9BB2     		uxth	r3, r3
 124 0014 23F48073 		bic	r3, r3, #256
 125 0018 23F00103 		bic	r3, r3, #1
 126 001c 9BB2     		uxth	r3, r3
 127 001e 1380     		strh	r3, [r2]	@ movhi
 231:Generated_Source\PSoC5/MDIO_host_2_my.c **** 	
 232:Generated_Source\PSoC5/MDIO_host_2_my.c **** 	/* Reset F1 FIFO  */
 233:Generated_Source\PSoC5/MDIO_host_2_my.c **** 	CY_SET_REG16(MDIO_host_2_DP_AUX_CTL_PTR, (CY_GET_REG16(MDIO_host_2_DP_AUX_CTL_PTR) |  MDIO_host_2_
 128              		.loc 1 233 0
 129 0020 1388     		ldrh	r3, [r2]
 130 0022 9BB2     		uxth	r3, r3
 131 0024 43F40073 		orr	r3, r3, #512
 132 0028 43F00203 		orr	r3, r3, #2
 133 002c 1380     		strh	r3, [r2]	@ movhi
 134 002e 7047     		bx	lr
 135              	.L12:
 136              		.align	2
 137              	.L11:
 138 0030 96640040 		.word	1073767574
 139              		.cfi_endproc
 140              	.LFE68:
 141              		.size	MDIO_host_2_ClearInternalFIFOs, .-MDIO_host_2_ClearInternalFIFOs
 142              		.section	.text.MDIO_host_2_Init,"ax",%progbits
 143              		.align	2
 144              		.global	MDIO_host_2_Init
 145              		.thumb
 146              		.thumb_func
 147              		.type	MDIO_host_2_Init, %function
 148              	MDIO_host_2_Init:
 149              	.LFB65:
 100:Generated_Source\PSoC5/MDIO_host_2_my.c ****     MDIO_host_2_Enable();
 150              		.loc 1 100 0
 151              		.cfi_startproc
 152              		@ args = 0, pretend = 0, frame = 0
 153              		@ frame_needed = 0, uses_anonymous_args = 0
 154 0000 08B5     		push	{r3, lr}
 155              		.cfi_def_cfa_offset 8
 156              		.cfi_offset 3, -8
 157              		.cfi_offset 14, -4
 101:Generated_Source\PSoC5/MDIO_host_2_my.c **** 	
 158              		.loc 1 101 0
 159 0002 FFF7FEFF 		bl	MDIO_host_2_Enable
 160              	.LVL0:
 104:Generated_Source\PSoC5/MDIO_host_2_my.c **** 
 161              		.loc 1 104 0
 162 0006 FFF7FEFF 		bl	MDIO_host_2_ClearInternalFIFOs
 163              	.LVL1:
ARM GAS  C:\Users\kopusov.FT\AppData\Local\Temp\ccYZzYXp.s 			page 8


 164 000a 08BD     		pop	{r3, pc}
 165              		.cfi_endproc
 166              	.LFE65:
 167              		.size	MDIO_host_2_Init, .-MDIO_host_2_Init
 168              		.section	.text.MDIO_host_2_Start,"ax",%progbits
 169              		.align	2
 170              		.global	MDIO_host_2_Start
 171              		.thumb
 172              		.thumb_func
 173              		.type	MDIO_host_2_Start, %function
 174              	MDIO_host_2_Start:
 175              	.LFB63:
  47:Generated_Source\PSoC5/MDIO_host_2_my.c ****     /* If not already initialized, then initialize hardware and software */
 176              		.loc 1 47 0
 177              		.cfi_startproc
 178              		@ args = 0, pretend = 0, frame = 0
 179              		@ frame_needed = 0, uses_anonymous_args = 0
 180 0000 08B5     		push	{r3, lr}
 181              		.cfi_def_cfa_offset 8
 182              		.cfi_offset 3, -8
 183              		.cfi_offset 14, -4
  49:Generated_Source\PSoC5/MDIO_host_2_my.c ****     {
 184              		.loc 1 49 0
 185 0002 054B     		ldr	r3, .L18
 186 0004 5B78     		ldrb	r3, [r3, #1]	@ zero_extendqisi2
 187 0006 23B9     		cbnz	r3, .L16
  51:Generated_Source\PSoC5/MDIO_host_2_my.c ****         MDIO_host_2_initVar = 1u;
 188              		.loc 1 51 0
 189 0008 FFF7FEFF 		bl	MDIO_host_2_Init
 190              	.LVL2:
  52:Generated_Source\PSoC5/MDIO_host_2_my.c ****     }
 191              		.loc 1 52 0
 192 000c 0122     		movs	r2, #1
 193 000e 024B     		ldr	r3, .L18
 194 0010 5A70     		strb	r2, [r3, #1]
 195              	.L16:
  54:Generated_Source\PSoC5/MDIO_host_2_my.c **** }
 196              		.loc 1 54 0
 197 0012 FFF7FEFF 		bl	MDIO_host_2_Enable
 198              	.LVL3:
 199 0016 08BD     		pop	{r3, pc}
 200              	.L19:
 201              		.align	2
 202              	.L18:
 203 0018 00000000 		.word	.LANCHOR0
 204              		.cfi_endproc
 205              	.LFE63:
 206              		.size	MDIO_host_2_Start, .-MDIO_host_2_Start
 207              		.section	.text.MDIO_host_2_SetAddrC45,"ax",%progbits
 208              		.align	2
 209              		.global	MDIO_host_2_SetAddrC45
 210              		.thumb
 211              		.thumb_func
 212              		.type	MDIO_host_2_SetAddrC45, %function
 213              	MDIO_host_2_SetAddrC45:
 214              	.LFB69:
 234:Generated_Source\PSoC5/MDIO_host_2_my.c ****     //CY_SET_REG16(MDIO_host_2_DP_AUX_CTL_PTR, (CY_GET_REG16(MDIO_host_2_DP_AUX_CTL_PTR) & ~MDIO_ho
ARM GAS  C:\Users\kopusov.FT\AppData\Local\Temp\ccYZzYXp.s 			page 9


 235:Generated_Source\PSoC5/MDIO_host_2_my.c **** }
 236:Generated_Source\PSoC5/MDIO_host_2_my.c **** 
 237:Generated_Source\PSoC5/MDIO_host_2_my.c **** /*******************************************************************************
 238:Generated_Source\PSoC5/MDIO_host_2_my.c **** *
 239:Generated_Source\PSoC5/MDIO_host_2_my.c **** * MDIO_host_2_SetAddr_C45()
 240:Generated_Source\PSoC5/MDIO_host_2_my.c **** *
 241:Generated_Source\PSoC5/MDIO_host_2_my.c **** *******************************************************************************/
 242:Generated_Source\PSoC5/MDIO_host_2_my.c **** uint8 MDIO_host_2_SetAddrC45(uint8 phy_addr, uint8 dev_addr, uint16 reg_data) // Set Addr reg
 243:Generated_Source\PSoC5/MDIO_host_2_my.c **** {
 215              		.loc 1 243 0
 216              		.cfi_startproc
 217              		@ args = 0, pretend = 0, frame = 0
 218              		@ frame_needed = 0, uses_anonymous_args = 0
 219              		@ link register save eliminated.
 220              	.LVL4:
 221 0000 10B4     		push	{r4}
 222              		.cfi_def_cfa_offset 4
 223              		.cfi_offset 4, -4
 244:Generated_Source\PSoC5/MDIO_host_2_my.c ****    	uint16 control_bits;
 245:Generated_Source\PSoC5/MDIO_host_2_my.c **** 	uint8 status_reg;
 246:Generated_Source\PSoC5/MDIO_host_2_my.c **** 
 247:Generated_Source\PSoC5/MDIO_host_2_my.c **** 	/* Clear and Set the control register for writing */
 248:Generated_Source\PSoC5/MDIO_host_2_my.c **** 	MDIO_host_2_CONTROL_REG = MDIO_host_2_WRITE;
 224              		.loc 1 248 0
 225 0002 0024     		movs	r4, #0
 226 0004 094B     		ldr	r3, .L22
 227 0006 1C70     		strb	r4, [r3]
 249:Generated_Source\PSoC5/MDIO_host_2_my.c **** 		
 250:Generated_Source\PSoC5/MDIO_host_2_my.c ****     /* Set the control bits and write in the fifo f0 */
 251:Generated_Source\PSoC5/MDIO_host_2_my.c ****      control_bits = 0x0002+(((uint16)phy_addr)<<7)+(((uint16)dev_addr)<<2);
 228              		.loc 1 251 0
 229 0008 8900     		lsls	r1, r1, #2
 230              	.LVL5:
 231 000a 01EBC010 		add	r0, r1, r0, lsl #7
 232              	.LVL6:
 233 000e 811C     		adds	r1, r0, #2
 234 0010 89B2     		uxth	r1, r1
 235              	.LVL7:
 252:Generated_Source\PSoC5/MDIO_host_2_my.c ****     MDIO_host_2_FIFO_F0_REG = control_bits;
 236              		.loc 1 252 0
 237 0012 2F3B     		subs	r3, r3, #47
 238 0014 1980     		strh	r1, [r3]	@ movhi
 253:Generated_Source\PSoC5/MDIO_host_2_my.c ****     MDIO_host_2_FIFO_F0_REG = reg_data;
 239              		.loc 1 253 0
 240 0016 1A80     		strh	r2, [r3]	@ movhi
 254:Generated_Source\PSoC5/MDIO_host_2_my.c ****    
 255:Generated_Source\PSoC5/MDIO_host_2_my.c **** 	/* Clear hardware status register */
 256:Generated_Source\PSoC5/MDIO_host_2_my.c **** 	status_reg = MDIO_host_2_STATUS_REG;
 241              		.loc 1 256 0
 242 0018 2133     		adds	r3, r3, #33
 243 001a 1B78     		ldrb	r3, [r3]	@ zero_extendqisi2
 244              	.LVL8:
 257:Generated_Source\PSoC5/MDIO_host_2_my.c ****     
 258:Generated_Source\PSoC5/MDIO_host_2_my.c ****     return ((status_reg)? 0 : 1);
 245              		.loc 1 258 0
 246 001c 13F0FF0F 		tst	r3, #255
 259:Generated_Source\PSoC5/MDIO_host_2_my.c **** }
ARM GAS  C:\Users\kopusov.FT\AppData\Local\Temp\ccYZzYXp.s 			page 10


 247              		.loc 1 259 0
 248 0020 0CBF     		ite	eq
 249 0022 0120     		moveq	r0, #1
 250 0024 2046     		movne	r0, r4
 251 0026 5DF8044B 		ldr	r4, [sp], #4
 252              		.cfi_restore 4
 253              		.cfi_def_cfa_offset 0
 254 002a 7047     		bx	lr
 255              	.L23:
 256              		.align	2
 257              	.L22:
 258 002c 75640040 		.word	1073767541
 259              		.cfi_endproc
 260              	.LFE69:
 261              		.size	MDIO_host_2_SetAddrC45, .-MDIO_host_2_SetAddrC45
 262              		.section	.text.MDIO_host_2_WriteDataC45,"ax",%progbits
 263              		.align	2
 264              		.global	MDIO_host_2_WriteDataC45
 265              		.thumb
 266              		.thumb_func
 267              		.type	MDIO_host_2_WriteDataC45, %function
 268              	MDIO_host_2_WriteDataC45:
 269              	.LFB70:
 260:Generated_Source\PSoC5/MDIO_host_2_my.c **** 
 261:Generated_Source\PSoC5/MDIO_host_2_my.c **** /*******************************************************************************
 262:Generated_Source\PSoC5/MDIO_host_2_my.c **** *
 263:Generated_Source\PSoC5/MDIO_host_2_my.c **** * MDIO_host_2_WriteData_C45()
 264:Generated_Source\PSoC5/MDIO_host_2_my.c **** *
 265:Generated_Source\PSoC5/MDIO_host_2_my.c **** *******************************************************************************/
 266:Generated_Source\PSoC5/MDIO_host_2_my.c **** uint8 MDIO_host_2_WriteDataC45(uint8 phy_addr, uint8 dev_addr, uint16 reg_data) // Writes data to t
 267:Generated_Source\PSoC5/MDIO_host_2_my.c **** {
 270              		.loc 1 267 0
 271              		.cfi_startproc
 272              		@ args = 0, pretend = 0, frame = 0
 273              		@ frame_needed = 0, uses_anonymous_args = 0
 274              		@ link register save eliminated.
 275              	.LVL9:
 276 0000 10B4     		push	{r4}
 277              		.cfi_def_cfa_offset 4
 278              		.cfi_offset 4, -4
 268:Generated_Source\PSoC5/MDIO_host_2_my.c ****    	uint16	control_bits;
 269:Generated_Source\PSoC5/MDIO_host_2_my.c **** 	uint8   status_reg;
 270:Generated_Source\PSoC5/MDIO_host_2_my.c **** 
 271:Generated_Source\PSoC5/MDIO_host_2_my.c **** 	/* Clear and Set the control register for writing */
 272:Generated_Source\PSoC5/MDIO_host_2_my.c **** 	MDIO_host_2_CONTROL_REG = MDIO_host_2_WRITE;
 279              		.loc 1 272 0
 280 0002 0024     		movs	r4, #0
 281 0004 0A4B     		ldr	r3, .L26
 282 0006 1C70     		strb	r4, [r3]
 273:Generated_Source\PSoC5/MDIO_host_2_my.c **** 		
 274:Generated_Source\PSoC5/MDIO_host_2_my.c ****     /* Set the control bits and write in the fifo f0 */
 275:Generated_Source\PSoC5/MDIO_host_2_my.c ****      control_bits = 0x0002+((uint16)1<<12)+(((uint16)phy_addr)<<7)+(((uint16)dev_addr)<<2);
 283              		.loc 1 275 0
 284 0008 8900     		lsls	r1, r1, #2
 285              	.LVL10:
 286 000a 01EBC010 		add	r0, r1, r0, lsl #7
 287              	.LVL11:
ARM GAS  C:\Users\kopusov.FT\AppData\Local\Temp\ccYZzYXp.s 			page 11


 288 000e 00F58050 		add	r0, r0, #4096
 289 0012 0230     		adds	r0, r0, #2
 290 0014 80B2     		uxth	r0, r0
 291              	.LVL12:
 276:Generated_Source\PSoC5/MDIO_host_2_my.c ****     MDIO_host_2_FIFO_F0_REG = control_bits;
 292              		.loc 1 276 0
 293 0016 2F3B     		subs	r3, r3, #47
 294 0018 1880     		strh	r0, [r3]	@ movhi
 277:Generated_Source\PSoC5/MDIO_host_2_my.c ****     MDIO_host_2_FIFO_F0_REG = reg_data;
 295              		.loc 1 277 0
 296 001a 1A80     		strh	r2, [r3]	@ movhi
 278:Generated_Source\PSoC5/MDIO_host_2_my.c ****    
 279:Generated_Source\PSoC5/MDIO_host_2_my.c **** 	/* Clear hardware status register */
 280:Generated_Source\PSoC5/MDIO_host_2_my.c **** 	status_reg = MDIO_host_2_STATUS_REG;
 297              		.loc 1 280 0
 298 001c 2133     		adds	r3, r3, #33
 299 001e 1B78     		ldrb	r3, [r3]	@ zero_extendqisi2
 300              	.LVL13:
 281:Generated_Source\PSoC5/MDIO_host_2_my.c ****     
 282:Generated_Source\PSoC5/MDIO_host_2_my.c ****     return ((status_reg)? 0 : 1);
 301              		.loc 1 282 0
 302 0020 13F0FF0F 		tst	r3, #255
 283:Generated_Source\PSoC5/MDIO_host_2_my.c **** }
 303              		.loc 1 283 0
 304 0024 0CBF     		ite	eq
 305 0026 0120     		moveq	r0, #1
 306              	.LVL14:
 307 0028 2046     		movne	r0, r4
 308 002a 5DF8044B 		ldr	r4, [sp], #4
 309              		.cfi_restore 4
 310              		.cfi_def_cfa_offset 0
 311 002e 7047     		bx	lr
 312              	.L27:
 313              		.align	2
 314              	.L26:
 315 0030 75640040 		.word	1073767541
 316              		.cfi_endproc
 317              	.LFE70:
 318              		.size	MDIO_host_2_WriteDataC45, .-MDIO_host_2_WriteDataC45
 319              		.section	.text.MDIO_host_2_ReadDataC45,"ax",%progbits
 320              		.align	2
 321              		.global	MDIO_host_2_ReadDataC45
 322              		.thumb
 323              		.thumb_func
 324              		.type	MDIO_host_2_ReadDataC45, %function
 325              	MDIO_host_2_ReadDataC45:
 326              	.LFB71:
 284:Generated_Source\PSoC5/MDIO_host_2_my.c **** 
 285:Generated_Source\PSoC5/MDIO_host_2_my.c **** 
 286:Generated_Source\PSoC5/MDIO_host_2_my.c **** /*******************************************************************************
 287:Generated_Source\PSoC5/MDIO_host_2_my.c **** *
 288:Generated_Source\PSoC5/MDIO_host_2_my.c **** * MDIO_host_2_ReadData_C45()
 289:Generated_Source\PSoC5/MDIO_host_2_my.c **** *
 290:Generated_Source\PSoC5/MDIO_host_2_my.c **** *******************************************************************************/
 291:Generated_Source\PSoC5/MDIO_host_2_my.c **** uint8 MDIO_host_2_ReadDataC45(uint8 phy_addr, uint8 dev_addr, uint16 *regData) // Read data from th
 292:Generated_Source\PSoC5/MDIO_host_2_my.c **** {
 327              		.loc 1 292 0
ARM GAS  C:\Users\kopusov.FT\AppData\Local\Temp\ccYZzYXp.s 			page 12


 328              		.cfi_startproc
 329              		@ args = 0, pretend = 0, frame = 0
 330              		@ frame_needed = 0, uses_anonymous_args = 0
 331              		@ link register save eliminated.
 332              	.LVL15:
 293:Generated_Source\PSoC5/MDIO_host_2_my.c ****    	uint16	control_bits;
 294:Generated_Source\PSoC5/MDIO_host_2_my.c **** 	uint8 status_reg;
 295:Generated_Source\PSoC5/MDIO_host_2_my.c **** 
 296:Generated_Source\PSoC5/MDIO_host_2_my.c **** 	/* Clear and Set the control register for writing */
 297:Generated_Source\PSoC5/MDIO_host_2_my.c **** //	MDIO_host_2_CONTROL_REG &= MDIO_host_2_ENABLE;
 298:Generated_Source\PSoC5/MDIO_host_2_my.c **** //	MDIO_host_2_CONTROL_REG |= MDIO_host_2_READ;
 299:Generated_Source\PSoC5/MDIO_host_2_my.c **** 	
 300:Generated_Source\PSoC5/MDIO_host_2_my.c ****    	/* Set the control bits and write in the fifo f0 */
 301:Generated_Source\PSoC5/MDIO_host_2_my.c ****    	control_bits = 0x0002+((uint16)3<<12)+(((uint16)phy_addr)<<7)+(((uint16)dev_addr)<<2);
 333              		.loc 1 301 0
 334 0000 8900     		lsls	r1, r1, #2
 335              	.LVL16:
 336 0002 01EBC010 		add	r0, r1, r0, lsl #7
 337              	.LVL17:
 338 0006 00F54050 		add	r0, r0, #12288
 339 000a 0230     		adds	r0, r0, #2
 340 000c 80B2     		uxth	r0, r0
 341              	.LVL18:
 302:Generated_Source\PSoC5/MDIO_host_2_my.c ****    	MDIO_host_2_FIFO_F0_REG = control_bits;
 342              		.loc 1 302 0
 343 000e 084B     		ldr	r3, .L29
 344 0010 1880     		strh	r0, [r3]	@ movhi
 303:Generated_Source\PSoC5/MDIO_host_2_my.c ****     MDIO_host_2_FIFO_F0_REG = 0xFFFF;
 345              		.loc 1 303 0
 346 0012 4FF6FF71 		movw	r1, #65535
 347 0016 1980     		strh	r1, [r3]	@ movhi
 304:Generated_Source\PSoC5/MDIO_host_2_my.c ****     
 305:Generated_Source\PSoC5/MDIO_host_2_my.c ****     /* Wait till the transmission is completed */
 306:Generated_Source\PSoC5/MDIO_host_2_my.c **** 	//while( MDIO_host_2_STATUS_REG != MDIO_host_2_CMPLT );
 307:Generated_Source\PSoC5/MDIO_host_2_my.c ****     
 308:Generated_Source\PSoC5/MDIO_host_2_my.c ****    /* Get Data from FIFO f1 */
 309:Generated_Source\PSoC5/MDIO_host_2_my.c **** 	*regData = CY_GET_REG16(MDIO_host_2_FIFO_F1_PTR);
 348              		.loc 1 309 0
 349 0018 1033     		adds	r3, r3, #16
 350 001a 1B88     		ldrh	r3, [r3]
 351 001c 1380     		strh	r3, [r2]	@ movhi
 310:Generated_Source\PSoC5/MDIO_host_2_my.c **** 	
 311:Generated_Source\PSoC5/MDIO_host_2_my.c ****     /* Clear hardware status register */
 312:Generated_Source\PSoC5/MDIO_host_2_my.c **** 	status_reg = MDIO_host_2_STATUS_REG;
 352              		.loc 1 312 0
 353 001e 054B     		ldr	r3, .L29+4
 354 0020 1B78     		ldrb	r3, [r3]	@ zero_extendqisi2
 355              	.LVL19:
 313:Generated_Source\PSoC5/MDIO_host_2_my.c **** 	return ((status_reg)? 0 : 1);
 356              		.loc 1 313 0
 357 0022 13F0FF0F 		tst	r3, #255
 314:Generated_Source\PSoC5/MDIO_host_2_my.c ****     
 315:Generated_Source\PSoC5/MDIO_host_2_my.c **** }
 358              		.loc 1 315 0
 359 0026 0CBF     		ite	eq
 360 0028 0120     		moveq	r0, #1
 361              	.LVL20:
ARM GAS  C:\Users\kopusov.FT\AppData\Local\Temp\ccYZzYXp.s 			page 13


 362 002a 0020     		movne	r0, #0
 363 002c 7047     		bx	lr
 364              	.L30:
 365 002e 00BF     		.align	2
 366              	.L29:
 367 0030 46640040 		.word	1073767494
 368 0034 67640040 		.word	1073767527
 369              		.cfi_endproc
 370              	.LFE71:
 371              		.size	MDIO_host_2_ReadDataC45, .-MDIO_host_2_ReadDataC45
 372              		.section	.text.MDIO_host_2_ClearStatus,"ax",%progbits
 373              		.align	2
 374              		.global	MDIO_host_2_ClearStatus
 375              		.thumb
 376              		.thumb_func
 377              		.type	MDIO_host_2_ClearStatus, %function
 378              	MDIO_host_2_ClearStatus:
 379              	.LFB72:
 316:Generated_Source\PSoC5/MDIO_host_2_my.c **** 
 317:Generated_Source\PSoC5/MDIO_host_2_my.c **** /*******************************************************************************
 318:Generated_Source\PSoC5/MDIO_host_2_my.c **** *
 319:Generated_Source\PSoC5/MDIO_host_2_my.c **** * MDIO_Host__ClearStatus()
 320:Generated_Source\PSoC5/MDIO_host_2_my.c **** *
 321:Generated_Source\PSoC5/MDIO_host_2_my.c **** *******************************************************************************/
 322:Generated_Source\PSoC5/MDIO_host_2_my.c **** void  MDIO_host_2_ClearStatus(void)
 323:Generated_Source\PSoC5/MDIO_host_2_my.c **** {
 380              		.loc 1 323 0
 381              		.cfi_startproc
 382              		@ args = 0, pretend = 0, frame = 0
 383              		@ frame_needed = 0, uses_anonymous_args = 0
 384              		@ link register save eliminated.
 324:Generated_Source\PSoC5/MDIO_host_2_my.c **** 	MDIO_host_2_StatusRegister = 0x00u;
 385              		.loc 1 324 0
 386 0000 0022     		movs	r2, #0
 387 0002 014B     		ldr	r3, .L32
 388 0004 1A70     		strb	r2, [r3]
 389 0006 7047     		bx	lr
 390              	.L33:
 391              		.align	2
 392              	.L32:
 393 0008 00000000 		.word	.LANCHOR0
 394              		.cfi_endproc
 395              	.LFE72:
 396              		.size	MDIO_host_2_ClearStatus, .-MDIO_host_2_ClearStatus
 397              		.global	MDIO_host_2_StatusRegister
 398              		.global	MDIO_host_2_data_bits
 399              		.global	MDIO_host_2_initVar
 400              		.bss
 401              		.align	1
 402              		.set	.LANCHOR0,. + 0
 403              		.type	MDIO_host_2_StatusRegister, %object
 404              		.size	MDIO_host_2_StatusRegister, 1
 405              	MDIO_host_2_StatusRegister:
 406 0000 00       		.space	1
 407              		.type	MDIO_host_2_initVar, %object
 408              		.size	MDIO_host_2_initVar, 1
 409              	MDIO_host_2_initVar:
ARM GAS  C:\Users\kopusov.FT\AppData\Local\Temp\ccYZzYXp.s 			page 14


 410 0001 00       		.space	1
 411              		.type	MDIO_host_2_data_bits, %object
 412              		.size	MDIO_host_2_data_bits, 2
 413              	MDIO_host_2_data_bits:
 414 0002 0000     		.space	2
 415              		.text
 416              	.Letext0:
 417              		.file 2 "c:\\program files (x86)\\cypress\\psoc creator\\4.0\\psoc creator\\import\\gnu\\arm\\4.9.
 418              		.file 3 "c:\\program files (x86)\\cypress\\psoc creator\\4.0\\psoc creator\\import\\gnu\\arm\\4.9.
 419              		.file 4 "Generated_Source\\PSoC5/cytypes.h"
 420              		.file 5 "Generated_Source\\PSoC5/core_cm3.h"
 421              		.section	.debug_info,"",%progbits
 422              	.Ldebug_info0:
 423 0000 F5020000 		.4byte	0x2f5
 424 0004 0400     		.2byte	0x4
 425 0006 00000000 		.4byte	.Ldebug_abbrev0
 426 000a 04       		.byte	0x4
 427 000b 01       		.uleb128 0x1
 428 000c 6E010000 		.4byte	.LASF38
 429 0010 01       		.byte	0x1
 430 0011 39010000 		.4byte	.LASF39
 431 0015 D7020000 		.4byte	.LASF40
 432 0019 00000000 		.4byte	.Ldebug_ranges0+0
 433 001d 00000000 		.4byte	0
 434 0021 00000000 		.4byte	.Ldebug_line0
 435 0025 02       		.uleb128 0x2
 436 0026 01       		.byte	0x1
 437 0027 06       		.byte	0x6
 438 0028 CB020000 		.4byte	.LASF0
 439 002c 02       		.uleb128 0x2
 440 002d 01       		.byte	0x1
 441 002e 08       		.byte	0x8
 442 002f EA000000 		.4byte	.LASF1
 443 0033 02       		.uleb128 0x2
 444 0034 02       		.byte	0x2
 445 0035 05       		.byte	0x5
 446 0036 93020000 		.4byte	.LASF2
 447 003a 02       		.uleb128 0x2
 448 003b 02       		.byte	0x2
 449 003c 07       		.byte	0x7
 450 003d 0F010000 		.4byte	.LASF3
 451 0041 03       		.uleb128 0x3
 452 0042 27000000 		.4byte	.LASF9
 453 0046 02       		.byte	0x2
 454 0047 3F       		.byte	0x3f
 455 0048 4C000000 		.4byte	0x4c
 456 004c 02       		.uleb128 0x2
 457 004d 04       		.byte	0x4
 458 004e 05       		.byte	0x5
 459 004f AC020000 		.4byte	.LASF4
 460 0053 02       		.uleb128 0x2
 461 0054 04       		.byte	0x4
 462 0055 07       		.byte	0x7
 463 0056 FD000000 		.4byte	.LASF5
 464 005a 02       		.uleb128 0x2
 465 005b 08       		.byte	0x8
 466 005c 05       		.byte	0x5
ARM GAS  C:\Users\kopusov.FT\AppData\Local\Temp\ccYZzYXp.s 			page 15


 467 005d 55020000 		.4byte	.LASF6
 468 0061 02       		.uleb128 0x2
 469 0062 08       		.byte	0x8
 470 0063 07       		.byte	0x7
 471 0064 09020000 		.4byte	.LASF7
 472 0068 04       		.uleb128 0x4
 473 0069 04       		.byte	0x4
 474 006a 05       		.byte	0x5
 475 006b 696E7400 		.ascii	"int\000"
 476 006f 02       		.uleb128 0x2
 477 0070 04       		.byte	0x4
 478 0071 07       		.byte	0x7
 479 0072 FC010000 		.4byte	.LASF8
 480 0076 03       		.uleb128 0x3
 481 0077 44020000 		.4byte	.LASF10
 482 007b 03       		.byte	0x3
 483 007c 2C       		.byte	0x2c
 484 007d 41000000 		.4byte	0x41
 485 0081 05       		.uleb128 0x5
 486 0082 9D020000 		.4byte	.LASF11
 487 0086 04       		.byte	0x4
 488 0087 9201     		.2byte	0x192
 489 0089 2C000000 		.4byte	0x2c
 490 008d 05       		.uleb128 0x5
 491 008e 32010000 		.4byte	.LASF12
 492 0092 04       		.byte	0x4
 493 0093 9301     		.2byte	0x193
 494 0095 3A000000 		.4byte	0x3a
 495 0099 02       		.uleb128 0x2
 496 009a 04       		.byte	0x4
 497 009b 04       		.byte	0x4
 498 009c D2000000 		.4byte	.LASF13
 499 00a0 02       		.uleb128 0x2
 500 00a1 08       		.byte	0x8
 501 00a2 04       		.byte	0x4
 502 00a3 2B010000 		.4byte	.LASF14
 503 00a7 02       		.uleb128 0x2
 504 00a8 01       		.byte	0x1
 505 00a9 08       		.byte	0x8
 506 00aa 63020000 		.4byte	.LASF15
 507 00ae 05       		.uleb128 0x5
 508 00af F8000000 		.4byte	.LASF16
 509 00b3 04       		.byte	0x4
 510 00b4 3C02     		.2byte	0x23c
 511 00b6 BA000000 		.4byte	0xba
 512 00ba 06       		.uleb128 0x6
 513 00bb 81000000 		.4byte	0x81
 514 00bf 05       		.uleb128 0x5
 515 00c0 00000000 		.4byte	.LASF17
 516 00c4 04       		.byte	0x4
 517 00c5 3D02     		.2byte	0x23d
 518 00c7 CB000000 		.4byte	0xcb
 519 00cb 06       		.uleb128 0x6
 520 00cc 8D000000 		.4byte	0x8d
 521 00d0 02       		.uleb128 0x2
 522 00d1 04       		.byte	0x4
 523 00d2 07       		.byte	0x7
ARM GAS  C:\Users\kopusov.FT\AppData\Local\Temp\ccYZzYXp.s 			page 16


 524 00d3 4C020000 		.4byte	.LASF18
 525 00d7 07       		.uleb128 0x7
 526 00d8 24030000 		.4byte	.LASF19
 527 00dc 01       		.byte	0x1
 528 00dd 48       		.byte	0x48
 529 00de 00000000 		.4byte	.LFB64
 530 00e2 10000000 		.4byte	.LFE64-.LFB64
 531 00e6 01       		.uleb128 0x1
 532 00e7 9C       		.byte	0x9c
 533 00e8 07       		.uleb128 0x7
 534 00e9 20020000 		.4byte	.LASF20
 535 00ed 01       		.byte	0x1
 536 00ee 7D       		.byte	0x7d
 537 00ef 00000000 		.4byte	.LFB66
 538 00f3 1C000000 		.4byte	.LFE66-.LFB66
 539 00f7 01       		.uleb128 0x1
 540 00f8 9C       		.byte	0x9c
 541 00f9 08       		.uleb128 0x8
 542 00fa 06000000 		.4byte	.LASF41
 543 00fe 01       		.byte	0x1
 544 00ff CC       		.byte	0xcc
 545 0100 81000000 		.4byte	0x81
 546 0104 00000000 		.4byte	.LFB67
 547 0108 0C000000 		.4byte	.LFE67-.LFB67
 548 010c 01       		.uleb128 0x1
 549 010d 9C       		.byte	0x9c
 550 010e 07       		.uleb128 0x7
 551 010f 90000000 		.4byte	.LASF21
 552 0113 01       		.byte	0x1
 553 0114 E2       		.byte	0xe2
 554 0115 00000000 		.4byte	.LFB68
 555 0119 34000000 		.4byte	.LFE68-.LFB68
 556 011d 01       		.uleb128 0x1
 557 011e 9C       		.byte	0x9c
 558 011f 09       		.uleb128 0x9
 559 0120 33020000 		.4byte	.LASF22
 560 0124 01       		.byte	0x1
 561 0125 63       		.byte	0x63
 562 0126 00000000 		.4byte	.LFB65
 563 012a 0C000000 		.4byte	.LFE65-.LFB65
 564 012e 01       		.uleb128 0x1
 565 012f 9C       		.byte	0x9c
 566 0130 47010000 		.4byte	0x147
 567 0134 0A       		.uleb128 0xa
 568 0135 06000000 		.4byte	.LVL0
 569 0139 E8000000 		.4byte	0xe8
 570 013d 0A       		.uleb128 0xa
 571 013e 0A000000 		.4byte	.LVL1
 572 0142 0E010000 		.4byte	0x10e
 573 0146 00       		.byte	0
 574 0147 09       		.uleb128 0x9
 575 0148 D8000000 		.4byte	.LASF23
 576 014c 01       		.byte	0x1
 577 014d 2E       		.byte	0x2e
 578 014e 00000000 		.4byte	.LFB63
 579 0152 1C000000 		.4byte	.LFE63-.LFB63
 580 0156 01       		.uleb128 0x1
ARM GAS  C:\Users\kopusov.FT\AppData\Local\Temp\ccYZzYXp.s 			page 17


 581 0157 9C       		.byte	0x9c
 582 0158 6F010000 		.4byte	0x16f
 583 015c 0A       		.uleb128 0xa
 584 015d 0C000000 		.4byte	.LVL2
 585 0161 1F010000 		.4byte	0x11f
 586 0165 0A       		.uleb128 0xa
 587 0166 16000000 		.4byte	.LVL3
 588 016a E8000000 		.4byte	0xe8
 589 016e 00       		.byte	0
 590 016f 0B       		.uleb128 0xb
 591 0170 7C020000 		.4byte	.LASF29
 592 0174 01       		.byte	0x1
 593 0175 F2       		.byte	0xf2
 594 0176 81000000 		.4byte	0x81
 595 017a 00000000 		.4byte	.LFB69
 596 017e 30000000 		.4byte	.LFE69-.LFB69
 597 0182 01       		.uleb128 0x1
 598 0183 9C       		.byte	0x9c
 599 0184 CE010000 		.4byte	0x1ce
 600 0188 0C       		.uleb128 0xc
 601 0189 B5020000 		.4byte	.LASF24
 602 018d 01       		.byte	0x1
 603 018e F2       		.byte	0xf2
 604 018f 81000000 		.4byte	0x81
 605 0193 00000000 		.4byte	.LLST0
 606 0197 0C       		.uleb128 0xc
 607 0198 A3020000 		.4byte	.LASF25
 608 019c 01       		.byte	0x1
 609 019d F2       		.byte	0xf2
 610 019e 81000000 		.4byte	0x81
 611 01a2 21000000 		.4byte	.LLST1
 612 01a6 0D       		.uleb128 0xd
 613 01a7 22010000 		.4byte	.LASF26
 614 01ab 01       		.byte	0x1
 615 01ac F2       		.byte	0xf2
 616 01ad 8D000000 		.4byte	0x8d
 617 01b1 01       		.uleb128 0x1
 618 01b2 52       		.byte	0x52
 619 01b3 0E       		.uleb128 0xe
 620 01b4 BE020000 		.4byte	.LASF27
 621 01b8 01       		.byte	0x1
 622 01b9 F4       		.byte	0xf4
 623 01ba 8D000000 		.4byte	0x8d
 624 01be 01       		.uleb128 0x1
 625 01bf 51       		.byte	0x51
 626 01c0 0E       		.uleb128 0xe
 627 01c1 1C000000 		.4byte	.LASF28
 628 01c5 01       		.byte	0x1
 629 01c6 F5       		.byte	0xf5
 630 01c7 81000000 		.4byte	0x81
 631 01cb 01       		.uleb128 0x1
 632 01cc 53       		.byte	0x53
 633 01cd 00       		.byte	0
 634 01ce 0F       		.uleb128 0xf
 635 01cf 5F000000 		.4byte	.LASF30
 636 01d3 01       		.byte	0x1
 637 01d4 0A01     		.2byte	0x10a
ARM GAS  C:\Users\kopusov.FT\AppData\Local\Temp\ccYZzYXp.s 			page 18


 638 01d6 81000000 		.4byte	0x81
 639 01da 00000000 		.4byte	.LFB70
 640 01de 34000000 		.4byte	.LFE70-.LFB70
 641 01e2 01       		.uleb128 0x1
 642 01e3 9C       		.byte	0x9c
 643 01e4 35020000 		.4byte	0x235
 644 01e8 10       		.uleb128 0x10
 645 01e9 B5020000 		.4byte	.LASF24
 646 01ed 01       		.byte	0x1
 647 01ee 0A01     		.2byte	0x10a
 648 01f0 81000000 		.4byte	0x81
 649 01f4 42000000 		.4byte	.LLST2
 650 01f8 10       		.uleb128 0x10
 651 01f9 A3020000 		.4byte	.LASF25
 652 01fd 01       		.byte	0x1
 653 01fe 0A01     		.2byte	0x10a
 654 0200 81000000 		.4byte	0x81
 655 0204 63000000 		.4byte	.LLST3
 656 0208 11       		.uleb128 0x11
 657 0209 22010000 		.4byte	.LASF26
 658 020d 01       		.byte	0x1
 659 020e 0A01     		.2byte	0x10a
 660 0210 8D000000 		.4byte	0x8d
 661 0214 01       		.uleb128 0x1
 662 0215 52       		.byte	0x52
 663 0216 12       		.uleb128 0x12
 664 0217 BE020000 		.4byte	.LASF27
 665 021b 01       		.byte	0x1
 666 021c 0C01     		.2byte	0x10c
 667 021e 8D000000 		.4byte	0x8d
 668 0222 84000000 		.4byte	.LLST4
 669 0226 13       		.uleb128 0x13
 670 0227 1C000000 		.4byte	.LASF28
 671 022b 01       		.byte	0x1
 672 022c 0D01     		.2byte	0x10d
 673 022e 81000000 		.4byte	0x81
 674 0232 01       		.uleb128 0x1
 675 0233 53       		.byte	0x53
 676 0234 00       		.byte	0
 677 0235 0F       		.uleb128 0xf
 678 0236 31000000 		.4byte	.LASF31
 679 023a 01       		.byte	0x1
 680 023b 2301     		.2byte	0x123
 681 023d 81000000 		.4byte	0x81
 682 0241 00000000 		.4byte	.LFB71
 683 0245 38000000 		.4byte	.LFE71-.LFB71
 684 0249 01       		.uleb128 0x1
 685 024a 9C       		.byte	0x9c
 686 024b 9C020000 		.4byte	0x29c
 687 024f 10       		.uleb128 0x10
 688 0250 B5020000 		.4byte	.LASF24
 689 0254 01       		.byte	0x1
 690 0255 2301     		.2byte	0x123
 691 0257 81000000 		.4byte	0x81
 692 025b 97000000 		.4byte	.LLST5
 693 025f 10       		.uleb128 0x10
 694 0260 A3020000 		.4byte	.LASF25
ARM GAS  C:\Users\kopusov.FT\AppData\Local\Temp\ccYZzYXp.s 			page 19


 695 0264 01       		.byte	0x1
 696 0265 2301     		.2byte	0x123
 697 0267 81000000 		.4byte	0x81
 698 026b B8000000 		.4byte	.LLST6
 699 026f 11       		.uleb128 0x11
 700 0270 AF000000 		.4byte	.LASF32
 701 0274 01       		.byte	0x1
 702 0275 2301     		.2byte	0x123
 703 0277 9C020000 		.4byte	0x29c
 704 027b 01       		.uleb128 0x1
 705 027c 52       		.byte	0x52
 706 027d 12       		.uleb128 0x12
 707 027e BE020000 		.4byte	.LASF27
 708 0282 01       		.byte	0x1
 709 0283 2501     		.2byte	0x125
 710 0285 8D000000 		.4byte	0x8d
 711 0289 D9000000 		.4byte	.LLST7
 712 028d 13       		.uleb128 0x13
 713 028e 1C000000 		.4byte	.LASF28
 714 0292 01       		.byte	0x1
 715 0293 2601     		.2byte	0x126
 716 0295 81000000 		.4byte	0x81
 717 0299 01       		.uleb128 0x1
 718 029a 53       		.byte	0x53
 719 029b 00       		.byte	0
 720 029c 14       		.uleb128 0x14
 721 029d 04       		.byte	0x4
 722 029e 8D000000 		.4byte	0x8d
 723 02a2 15       		.uleb128 0x15
 724 02a3 78000000 		.4byte	.LASF33
 725 02a7 01       		.byte	0x1
 726 02a8 4201     		.2byte	0x142
 727 02aa 00000000 		.4byte	.LFB72
 728 02ae 0C000000 		.4byte	.LFE72-.LFB72
 729 02b2 01       		.uleb128 0x1
 730 02b3 9C       		.byte	0x9c
 731 02b4 16       		.uleb128 0x16
 732 02b5 61010000 		.4byte	.LASF34
 733 02b9 05       		.byte	0x5
 734 02ba 9606     		.2byte	0x696
 735 02bc C0020000 		.4byte	0x2c0
 736 02c0 06       		.uleb128 0x6
 737 02c1 76000000 		.4byte	0x76
 738 02c5 17       		.uleb128 0x17
 739 02c6 68020000 		.4byte	.LASF35
 740 02ca 01       		.byte	0x1
 741 02cb 17       		.byte	0x17
 742 02cc 81000000 		.4byte	0x81
 743 02d0 05       		.uleb128 0x5
 744 02d1 03       		.byte	0x3
 745 02d2 00000000 		.4byte	MDIO_host_2_initVar
 746 02d6 17       		.uleb128 0x17
 747 02d7 49000000 		.4byte	.LASF36
 748 02db 01       		.byte	0x1
 749 02dc 1A       		.byte	0x1a
 750 02dd CB000000 		.4byte	0xcb
 751 02e1 05       		.uleb128 0x5
ARM GAS  C:\Users\kopusov.FT\AppData\Local\Temp\ccYZzYXp.s 			page 20


 752 02e2 03       		.byte	0x3
 753 02e3 00000000 		.4byte	MDIO_host_2_data_bits
 754 02e7 17       		.uleb128 0x17
 755 02e8 B7000000 		.4byte	.LASF37
 756 02ec 01       		.byte	0x1
 757 02ed 1D       		.byte	0x1d
 758 02ee BA000000 		.4byte	0xba
 759 02f2 05       		.uleb128 0x5
 760 02f3 03       		.byte	0x3
 761 02f4 00000000 		.4byte	MDIO_host_2_StatusRegister
 762 02f8 00       		.byte	0
 763              		.section	.debug_abbrev,"",%progbits
 764              	.Ldebug_abbrev0:
 765 0000 01       		.uleb128 0x1
 766 0001 11       		.uleb128 0x11
 767 0002 01       		.byte	0x1
 768 0003 25       		.uleb128 0x25
 769 0004 0E       		.uleb128 0xe
 770 0005 13       		.uleb128 0x13
 771 0006 0B       		.uleb128 0xb
 772 0007 03       		.uleb128 0x3
 773 0008 0E       		.uleb128 0xe
 774 0009 1B       		.uleb128 0x1b
 775 000a 0E       		.uleb128 0xe
 776 000b 55       		.uleb128 0x55
 777 000c 17       		.uleb128 0x17
 778 000d 11       		.uleb128 0x11
 779 000e 01       		.uleb128 0x1
 780 000f 10       		.uleb128 0x10
 781 0010 17       		.uleb128 0x17
 782 0011 00       		.byte	0
 783 0012 00       		.byte	0
 784 0013 02       		.uleb128 0x2
 785 0014 24       		.uleb128 0x24
 786 0015 00       		.byte	0
 787 0016 0B       		.uleb128 0xb
 788 0017 0B       		.uleb128 0xb
 789 0018 3E       		.uleb128 0x3e
 790 0019 0B       		.uleb128 0xb
 791 001a 03       		.uleb128 0x3
 792 001b 0E       		.uleb128 0xe
 793 001c 00       		.byte	0
 794 001d 00       		.byte	0
 795 001e 03       		.uleb128 0x3
 796 001f 16       		.uleb128 0x16
 797 0020 00       		.byte	0
 798 0021 03       		.uleb128 0x3
 799 0022 0E       		.uleb128 0xe
 800 0023 3A       		.uleb128 0x3a
 801 0024 0B       		.uleb128 0xb
 802 0025 3B       		.uleb128 0x3b
 803 0026 0B       		.uleb128 0xb
 804 0027 49       		.uleb128 0x49
 805 0028 13       		.uleb128 0x13
 806 0029 00       		.byte	0
 807 002a 00       		.byte	0
 808 002b 04       		.uleb128 0x4
ARM GAS  C:\Users\kopusov.FT\AppData\Local\Temp\ccYZzYXp.s 			page 21


 809 002c 24       		.uleb128 0x24
 810 002d 00       		.byte	0
 811 002e 0B       		.uleb128 0xb
 812 002f 0B       		.uleb128 0xb
 813 0030 3E       		.uleb128 0x3e
 814 0031 0B       		.uleb128 0xb
 815 0032 03       		.uleb128 0x3
 816 0033 08       		.uleb128 0x8
 817 0034 00       		.byte	0
 818 0035 00       		.byte	0
 819 0036 05       		.uleb128 0x5
 820 0037 16       		.uleb128 0x16
 821 0038 00       		.byte	0
 822 0039 03       		.uleb128 0x3
 823 003a 0E       		.uleb128 0xe
 824 003b 3A       		.uleb128 0x3a
 825 003c 0B       		.uleb128 0xb
 826 003d 3B       		.uleb128 0x3b
 827 003e 05       		.uleb128 0x5
 828 003f 49       		.uleb128 0x49
 829 0040 13       		.uleb128 0x13
 830 0041 00       		.byte	0
 831 0042 00       		.byte	0
 832 0043 06       		.uleb128 0x6
 833 0044 35       		.uleb128 0x35
 834 0045 00       		.byte	0
 835 0046 49       		.uleb128 0x49
 836 0047 13       		.uleb128 0x13
 837 0048 00       		.byte	0
 838 0049 00       		.byte	0
 839 004a 07       		.uleb128 0x7
 840 004b 2E       		.uleb128 0x2e
 841 004c 00       		.byte	0
 842 004d 3F       		.uleb128 0x3f
 843 004e 19       		.uleb128 0x19
 844 004f 03       		.uleb128 0x3
 845 0050 0E       		.uleb128 0xe
 846 0051 3A       		.uleb128 0x3a
 847 0052 0B       		.uleb128 0xb
 848 0053 3B       		.uleb128 0x3b
 849 0054 0B       		.uleb128 0xb
 850 0055 27       		.uleb128 0x27
 851 0056 19       		.uleb128 0x19
 852 0057 11       		.uleb128 0x11
 853 0058 01       		.uleb128 0x1
 854 0059 12       		.uleb128 0x12
 855 005a 06       		.uleb128 0x6
 856 005b 40       		.uleb128 0x40
 857 005c 18       		.uleb128 0x18
 858 005d 9742     		.uleb128 0x2117
 859 005f 19       		.uleb128 0x19
 860 0060 00       		.byte	0
 861 0061 00       		.byte	0
 862 0062 08       		.uleb128 0x8
 863 0063 2E       		.uleb128 0x2e
 864 0064 00       		.byte	0
 865 0065 3F       		.uleb128 0x3f
ARM GAS  C:\Users\kopusov.FT\AppData\Local\Temp\ccYZzYXp.s 			page 22


 866 0066 19       		.uleb128 0x19
 867 0067 03       		.uleb128 0x3
 868 0068 0E       		.uleb128 0xe
 869 0069 3A       		.uleb128 0x3a
 870 006a 0B       		.uleb128 0xb
 871 006b 3B       		.uleb128 0x3b
 872 006c 0B       		.uleb128 0xb
 873 006d 27       		.uleb128 0x27
 874 006e 19       		.uleb128 0x19
 875 006f 49       		.uleb128 0x49
 876 0070 13       		.uleb128 0x13
 877 0071 11       		.uleb128 0x11
 878 0072 01       		.uleb128 0x1
 879 0073 12       		.uleb128 0x12
 880 0074 06       		.uleb128 0x6
 881 0075 40       		.uleb128 0x40
 882 0076 18       		.uleb128 0x18
 883 0077 9742     		.uleb128 0x2117
 884 0079 19       		.uleb128 0x19
 885 007a 00       		.byte	0
 886 007b 00       		.byte	0
 887 007c 09       		.uleb128 0x9
 888 007d 2E       		.uleb128 0x2e
 889 007e 01       		.byte	0x1
 890 007f 3F       		.uleb128 0x3f
 891 0080 19       		.uleb128 0x19
 892 0081 03       		.uleb128 0x3
 893 0082 0E       		.uleb128 0xe
 894 0083 3A       		.uleb128 0x3a
 895 0084 0B       		.uleb128 0xb
 896 0085 3B       		.uleb128 0x3b
 897 0086 0B       		.uleb128 0xb
 898 0087 27       		.uleb128 0x27
 899 0088 19       		.uleb128 0x19
 900 0089 11       		.uleb128 0x11
 901 008a 01       		.uleb128 0x1
 902 008b 12       		.uleb128 0x12
 903 008c 06       		.uleb128 0x6
 904 008d 40       		.uleb128 0x40
 905 008e 18       		.uleb128 0x18
 906 008f 9742     		.uleb128 0x2117
 907 0091 19       		.uleb128 0x19
 908 0092 01       		.uleb128 0x1
 909 0093 13       		.uleb128 0x13
 910 0094 00       		.byte	0
 911 0095 00       		.byte	0
 912 0096 0A       		.uleb128 0xa
 913 0097 898201   		.uleb128 0x4109
 914 009a 00       		.byte	0
 915 009b 11       		.uleb128 0x11
 916 009c 01       		.uleb128 0x1
 917 009d 31       		.uleb128 0x31
 918 009e 13       		.uleb128 0x13
 919 009f 00       		.byte	0
 920 00a0 00       		.byte	0
 921 00a1 0B       		.uleb128 0xb
 922 00a2 2E       		.uleb128 0x2e
ARM GAS  C:\Users\kopusov.FT\AppData\Local\Temp\ccYZzYXp.s 			page 23


 923 00a3 01       		.byte	0x1
 924 00a4 3F       		.uleb128 0x3f
 925 00a5 19       		.uleb128 0x19
 926 00a6 03       		.uleb128 0x3
 927 00a7 0E       		.uleb128 0xe
 928 00a8 3A       		.uleb128 0x3a
 929 00a9 0B       		.uleb128 0xb
 930 00aa 3B       		.uleb128 0x3b
 931 00ab 0B       		.uleb128 0xb
 932 00ac 27       		.uleb128 0x27
 933 00ad 19       		.uleb128 0x19
 934 00ae 49       		.uleb128 0x49
 935 00af 13       		.uleb128 0x13
 936 00b0 11       		.uleb128 0x11
 937 00b1 01       		.uleb128 0x1
 938 00b2 12       		.uleb128 0x12
 939 00b3 06       		.uleb128 0x6
 940 00b4 40       		.uleb128 0x40
 941 00b5 18       		.uleb128 0x18
 942 00b6 9742     		.uleb128 0x2117
 943 00b8 19       		.uleb128 0x19
 944 00b9 01       		.uleb128 0x1
 945 00ba 13       		.uleb128 0x13
 946 00bb 00       		.byte	0
 947 00bc 00       		.byte	0
 948 00bd 0C       		.uleb128 0xc
 949 00be 05       		.uleb128 0x5
 950 00bf 00       		.byte	0
 951 00c0 03       		.uleb128 0x3
 952 00c1 0E       		.uleb128 0xe
 953 00c2 3A       		.uleb128 0x3a
 954 00c3 0B       		.uleb128 0xb
 955 00c4 3B       		.uleb128 0x3b
 956 00c5 0B       		.uleb128 0xb
 957 00c6 49       		.uleb128 0x49
 958 00c7 13       		.uleb128 0x13
 959 00c8 02       		.uleb128 0x2
 960 00c9 17       		.uleb128 0x17
 961 00ca 00       		.byte	0
 962 00cb 00       		.byte	0
 963 00cc 0D       		.uleb128 0xd
 964 00cd 05       		.uleb128 0x5
 965 00ce 00       		.byte	0
 966 00cf 03       		.uleb128 0x3
 967 00d0 0E       		.uleb128 0xe
 968 00d1 3A       		.uleb128 0x3a
 969 00d2 0B       		.uleb128 0xb
 970 00d3 3B       		.uleb128 0x3b
 971 00d4 0B       		.uleb128 0xb
 972 00d5 49       		.uleb128 0x49
 973 00d6 13       		.uleb128 0x13
 974 00d7 02       		.uleb128 0x2
 975 00d8 18       		.uleb128 0x18
 976 00d9 00       		.byte	0
 977 00da 00       		.byte	0
 978 00db 0E       		.uleb128 0xe
 979 00dc 34       		.uleb128 0x34
ARM GAS  C:\Users\kopusov.FT\AppData\Local\Temp\ccYZzYXp.s 			page 24


 980 00dd 00       		.byte	0
 981 00de 03       		.uleb128 0x3
 982 00df 0E       		.uleb128 0xe
 983 00e0 3A       		.uleb128 0x3a
 984 00e1 0B       		.uleb128 0xb
 985 00e2 3B       		.uleb128 0x3b
 986 00e3 0B       		.uleb128 0xb
 987 00e4 49       		.uleb128 0x49
 988 00e5 13       		.uleb128 0x13
 989 00e6 02       		.uleb128 0x2
 990 00e7 18       		.uleb128 0x18
 991 00e8 00       		.byte	0
 992 00e9 00       		.byte	0
 993 00ea 0F       		.uleb128 0xf
 994 00eb 2E       		.uleb128 0x2e
 995 00ec 01       		.byte	0x1
 996 00ed 3F       		.uleb128 0x3f
 997 00ee 19       		.uleb128 0x19
 998 00ef 03       		.uleb128 0x3
 999 00f0 0E       		.uleb128 0xe
 1000 00f1 3A       		.uleb128 0x3a
 1001 00f2 0B       		.uleb128 0xb
 1002 00f3 3B       		.uleb128 0x3b
 1003 00f4 05       		.uleb128 0x5
 1004 00f5 27       		.uleb128 0x27
 1005 00f6 19       		.uleb128 0x19
 1006 00f7 49       		.uleb128 0x49
 1007 00f8 13       		.uleb128 0x13
 1008 00f9 11       		.uleb128 0x11
 1009 00fa 01       		.uleb128 0x1
 1010 00fb 12       		.uleb128 0x12
 1011 00fc 06       		.uleb128 0x6
 1012 00fd 40       		.uleb128 0x40
 1013 00fe 18       		.uleb128 0x18
 1014 00ff 9742     		.uleb128 0x2117
 1015 0101 19       		.uleb128 0x19
 1016 0102 01       		.uleb128 0x1
 1017 0103 13       		.uleb128 0x13
 1018 0104 00       		.byte	0
 1019 0105 00       		.byte	0
 1020 0106 10       		.uleb128 0x10
 1021 0107 05       		.uleb128 0x5
 1022 0108 00       		.byte	0
 1023 0109 03       		.uleb128 0x3
 1024 010a 0E       		.uleb128 0xe
 1025 010b 3A       		.uleb128 0x3a
 1026 010c 0B       		.uleb128 0xb
 1027 010d 3B       		.uleb128 0x3b
 1028 010e 05       		.uleb128 0x5
 1029 010f 49       		.uleb128 0x49
 1030 0110 13       		.uleb128 0x13
 1031 0111 02       		.uleb128 0x2
 1032 0112 17       		.uleb128 0x17
 1033 0113 00       		.byte	0
 1034 0114 00       		.byte	0
 1035 0115 11       		.uleb128 0x11
 1036 0116 05       		.uleb128 0x5
ARM GAS  C:\Users\kopusov.FT\AppData\Local\Temp\ccYZzYXp.s 			page 25


 1037 0117 00       		.byte	0
 1038 0118 03       		.uleb128 0x3
 1039 0119 0E       		.uleb128 0xe
 1040 011a 3A       		.uleb128 0x3a
 1041 011b 0B       		.uleb128 0xb
 1042 011c 3B       		.uleb128 0x3b
 1043 011d 05       		.uleb128 0x5
 1044 011e 49       		.uleb128 0x49
 1045 011f 13       		.uleb128 0x13
 1046 0120 02       		.uleb128 0x2
 1047 0121 18       		.uleb128 0x18
 1048 0122 00       		.byte	0
 1049 0123 00       		.byte	0
 1050 0124 12       		.uleb128 0x12
 1051 0125 34       		.uleb128 0x34
 1052 0126 00       		.byte	0
 1053 0127 03       		.uleb128 0x3
 1054 0128 0E       		.uleb128 0xe
 1055 0129 3A       		.uleb128 0x3a
 1056 012a 0B       		.uleb128 0xb
 1057 012b 3B       		.uleb128 0x3b
 1058 012c 05       		.uleb128 0x5
 1059 012d 49       		.uleb128 0x49
 1060 012e 13       		.uleb128 0x13
 1061 012f 02       		.uleb128 0x2
 1062 0130 17       		.uleb128 0x17
 1063 0131 00       		.byte	0
 1064 0132 00       		.byte	0
 1065 0133 13       		.uleb128 0x13
 1066 0134 34       		.uleb128 0x34
 1067 0135 00       		.byte	0
 1068 0136 03       		.uleb128 0x3
 1069 0137 0E       		.uleb128 0xe
 1070 0138 3A       		.uleb128 0x3a
 1071 0139 0B       		.uleb128 0xb
 1072 013a 3B       		.uleb128 0x3b
 1073 013b 05       		.uleb128 0x5
 1074 013c 49       		.uleb128 0x49
 1075 013d 13       		.uleb128 0x13
 1076 013e 02       		.uleb128 0x2
 1077 013f 18       		.uleb128 0x18
 1078 0140 00       		.byte	0
 1079 0141 00       		.byte	0
 1080 0142 14       		.uleb128 0x14
 1081 0143 0F       		.uleb128 0xf
 1082 0144 00       		.byte	0
 1083 0145 0B       		.uleb128 0xb
 1084 0146 0B       		.uleb128 0xb
 1085 0147 49       		.uleb128 0x49
 1086 0148 13       		.uleb128 0x13
 1087 0149 00       		.byte	0
 1088 014a 00       		.byte	0
 1089 014b 15       		.uleb128 0x15
 1090 014c 2E       		.uleb128 0x2e
 1091 014d 00       		.byte	0
 1092 014e 3F       		.uleb128 0x3f
 1093 014f 19       		.uleb128 0x19
ARM GAS  C:\Users\kopusov.FT\AppData\Local\Temp\ccYZzYXp.s 			page 26


 1094 0150 03       		.uleb128 0x3
 1095 0151 0E       		.uleb128 0xe
 1096 0152 3A       		.uleb128 0x3a
 1097 0153 0B       		.uleb128 0xb
 1098 0154 3B       		.uleb128 0x3b
 1099 0155 05       		.uleb128 0x5
 1100 0156 27       		.uleb128 0x27
 1101 0157 19       		.uleb128 0x19
 1102 0158 11       		.uleb128 0x11
 1103 0159 01       		.uleb128 0x1
 1104 015a 12       		.uleb128 0x12
 1105 015b 06       		.uleb128 0x6
 1106 015c 40       		.uleb128 0x40
 1107 015d 18       		.uleb128 0x18
 1108 015e 9742     		.uleb128 0x2117
 1109 0160 19       		.uleb128 0x19
 1110 0161 00       		.byte	0
 1111 0162 00       		.byte	0
 1112 0163 16       		.uleb128 0x16
 1113 0164 34       		.uleb128 0x34
 1114 0165 00       		.byte	0
 1115 0166 03       		.uleb128 0x3
 1116 0167 0E       		.uleb128 0xe
 1117 0168 3A       		.uleb128 0x3a
 1118 0169 0B       		.uleb128 0xb
 1119 016a 3B       		.uleb128 0x3b
 1120 016b 05       		.uleb128 0x5
 1121 016c 49       		.uleb128 0x49
 1122 016d 13       		.uleb128 0x13
 1123 016e 3F       		.uleb128 0x3f
 1124 016f 19       		.uleb128 0x19
 1125 0170 3C       		.uleb128 0x3c
 1126 0171 19       		.uleb128 0x19
 1127 0172 00       		.byte	0
 1128 0173 00       		.byte	0
 1129 0174 17       		.uleb128 0x17
 1130 0175 34       		.uleb128 0x34
 1131 0176 00       		.byte	0
 1132 0177 03       		.uleb128 0x3
 1133 0178 0E       		.uleb128 0xe
 1134 0179 3A       		.uleb128 0x3a
 1135 017a 0B       		.uleb128 0xb
 1136 017b 3B       		.uleb128 0x3b
 1137 017c 0B       		.uleb128 0xb
 1138 017d 49       		.uleb128 0x49
 1139 017e 13       		.uleb128 0x13
 1140 017f 3F       		.uleb128 0x3f
 1141 0180 19       		.uleb128 0x19
 1142 0181 02       		.uleb128 0x2
 1143 0182 18       		.uleb128 0x18
 1144 0183 00       		.byte	0
 1145 0184 00       		.byte	0
 1146 0185 00       		.byte	0
 1147              		.section	.debug_loc,"",%progbits
 1148              	.Ldebug_loc0:
 1149              	.LLST0:
 1150 0000 00000000 		.4byte	.LVL4
ARM GAS  C:\Users\kopusov.FT\AppData\Local\Temp\ccYZzYXp.s 			page 27


 1151 0004 0E000000 		.4byte	.LVL6
 1152 0008 0100     		.2byte	0x1
 1153 000a 50       		.byte	0x50
 1154 000b 0E000000 		.4byte	.LVL6
 1155 000f 30000000 		.4byte	.LFE69
 1156 0013 0400     		.2byte	0x4
 1157 0015 F3       		.byte	0xf3
 1158 0016 01       		.uleb128 0x1
 1159 0017 50       		.byte	0x50
 1160 0018 9F       		.byte	0x9f
 1161 0019 00000000 		.4byte	0
 1162 001d 00000000 		.4byte	0
 1163              	.LLST1:
 1164 0021 00000000 		.4byte	.LVL4
 1165 0025 0A000000 		.4byte	.LVL5
 1166 0029 0100     		.2byte	0x1
 1167 002b 51       		.byte	0x51
 1168 002c 0A000000 		.4byte	.LVL5
 1169 0030 30000000 		.4byte	.LFE69
 1170 0034 0400     		.2byte	0x4
 1171 0036 F3       		.byte	0xf3
 1172 0037 01       		.uleb128 0x1
 1173 0038 51       		.byte	0x51
 1174 0039 9F       		.byte	0x9f
 1175 003a 00000000 		.4byte	0
 1176 003e 00000000 		.4byte	0
 1177              	.LLST2:
 1178 0042 00000000 		.4byte	.LVL9
 1179 0046 0E000000 		.4byte	.LVL11
 1180 004a 0100     		.2byte	0x1
 1181 004c 50       		.byte	0x50
 1182 004d 0E000000 		.4byte	.LVL11
 1183 0051 34000000 		.4byte	.LFE70
 1184 0055 0400     		.2byte	0x4
 1185 0057 F3       		.byte	0xf3
 1186 0058 01       		.uleb128 0x1
 1187 0059 50       		.byte	0x50
 1188 005a 9F       		.byte	0x9f
 1189 005b 00000000 		.4byte	0
 1190 005f 00000000 		.4byte	0
 1191              	.LLST3:
 1192 0063 00000000 		.4byte	.LVL9
 1193 0067 0A000000 		.4byte	.LVL10
 1194 006b 0100     		.2byte	0x1
 1195 006d 51       		.byte	0x51
 1196 006e 0A000000 		.4byte	.LVL10
 1197 0072 34000000 		.4byte	.LFE70
 1198 0076 0400     		.2byte	0x4
 1199 0078 F3       		.byte	0xf3
 1200 0079 01       		.uleb128 0x1
 1201 007a 51       		.byte	0x51
 1202 007b 9F       		.byte	0x9f
 1203 007c 00000000 		.4byte	0
 1204 0080 00000000 		.4byte	0
 1205              	.LLST4:
 1206 0084 16000000 		.4byte	.LVL12
 1207 0088 28000000 		.4byte	.LVL14
ARM GAS  C:\Users\kopusov.FT\AppData\Local\Temp\ccYZzYXp.s 			page 28


 1208 008c 0100     		.2byte	0x1
 1209 008e 50       		.byte	0x50
 1210 008f 00000000 		.4byte	0
 1211 0093 00000000 		.4byte	0
 1212              	.LLST5:
 1213 0097 00000000 		.4byte	.LVL15
 1214 009b 06000000 		.4byte	.LVL17
 1215 009f 0100     		.2byte	0x1
 1216 00a1 50       		.byte	0x50
 1217 00a2 06000000 		.4byte	.LVL17
 1218 00a6 38000000 		.4byte	.LFE71
 1219 00aa 0400     		.2byte	0x4
 1220 00ac F3       		.byte	0xf3
 1221 00ad 01       		.uleb128 0x1
 1222 00ae 50       		.byte	0x50
 1223 00af 9F       		.byte	0x9f
 1224 00b0 00000000 		.4byte	0
 1225 00b4 00000000 		.4byte	0
 1226              	.LLST6:
 1227 00b8 00000000 		.4byte	.LVL15
 1228 00bc 02000000 		.4byte	.LVL16
 1229 00c0 0100     		.2byte	0x1
 1230 00c2 51       		.byte	0x51
 1231 00c3 02000000 		.4byte	.LVL16
 1232 00c7 38000000 		.4byte	.LFE71
 1233 00cb 0400     		.2byte	0x4
 1234 00cd F3       		.byte	0xf3
 1235 00ce 01       		.uleb128 0x1
 1236 00cf 51       		.byte	0x51
 1237 00d0 9F       		.byte	0x9f
 1238 00d1 00000000 		.4byte	0
 1239 00d5 00000000 		.4byte	0
 1240              	.LLST7:
 1241 00d9 0E000000 		.4byte	.LVL18
 1242 00dd 2A000000 		.4byte	.LVL20
 1243 00e1 0100     		.2byte	0x1
 1244 00e3 50       		.byte	0x50
 1245 00e4 00000000 		.4byte	0
 1246 00e8 00000000 		.4byte	0
 1247              		.section	.debug_aranges,"",%progbits
 1248 0000 64000000 		.4byte	0x64
 1249 0004 0200     		.2byte	0x2
 1250 0006 00000000 		.4byte	.Ldebug_info0
 1251 000a 04       		.byte	0x4
 1252 000b 00       		.byte	0
 1253 000c 0000     		.2byte	0
 1254 000e 0000     		.2byte	0
 1255 0010 00000000 		.4byte	.LFB64
 1256 0014 10000000 		.4byte	.LFE64-.LFB64
 1257 0018 00000000 		.4byte	.LFB66
 1258 001c 1C000000 		.4byte	.LFE66-.LFB66
 1259 0020 00000000 		.4byte	.LFB67
 1260 0024 0C000000 		.4byte	.LFE67-.LFB67
 1261 0028 00000000 		.4byte	.LFB68
 1262 002c 34000000 		.4byte	.LFE68-.LFB68
 1263 0030 00000000 		.4byte	.LFB65
 1264 0034 0C000000 		.4byte	.LFE65-.LFB65
ARM GAS  C:\Users\kopusov.FT\AppData\Local\Temp\ccYZzYXp.s 			page 29


 1265 0038 00000000 		.4byte	.LFB63
 1266 003c 1C000000 		.4byte	.LFE63-.LFB63
 1267 0040 00000000 		.4byte	.LFB69
 1268 0044 30000000 		.4byte	.LFE69-.LFB69
 1269 0048 00000000 		.4byte	.LFB70
 1270 004c 34000000 		.4byte	.LFE70-.LFB70
 1271 0050 00000000 		.4byte	.LFB71
 1272 0054 38000000 		.4byte	.LFE71-.LFB71
 1273 0058 00000000 		.4byte	.LFB72
 1274 005c 0C000000 		.4byte	.LFE72-.LFB72
 1275 0060 00000000 		.4byte	0
 1276 0064 00000000 		.4byte	0
 1277              		.section	.debug_ranges,"",%progbits
 1278              	.Ldebug_ranges0:
 1279 0000 00000000 		.4byte	.LFB64
 1280 0004 10000000 		.4byte	.LFE64
 1281 0008 00000000 		.4byte	.LFB66
 1282 000c 1C000000 		.4byte	.LFE66
 1283 0010 00000000 		.4byte	.LFB67
 1284 0014 0C000000 		.4byte	.LFE67
 1285 0018 00000000 		.4byte	.LFB68
 1286 001c 34000000 		.4byte	.LFE68
 1287 0020 00000000 		.4byte	.LFB65
 1288 0024 0C000000 		.4byte	.LFE65
 1289 0028 00000000 		.4byte	.LFB63
 1290 002c 1C000000 		.4byte	.LFE63
 1291 0030 00000000 		.4byte	.LFB69
 1292 0034 30000000 		.4byte	.LFE69
 1293 0038 00000000 		.4byte	.LFB70
 1294 003c 34000000 		.4byte	.LFE70
 1295 0040 00000000 		.4byte	.LFB71
 1296 0044 38000000 		.4byte	.LFE71
 1297 0048 00000000 		.4byte	.LFB72
 1298 004c 0C000000 		.4byte	.LFE72
 1299 0050 00000000 		.4byte	0
 1300 0054 00000000 		.4byte	0
 1301              		.section	.debug_line,"",%progbits
 1302              	.Ldebug_line0:
 1303 0000 1C020000 		.section	.debug_str,"MS",%progbits,1
 1303      02005101 
 1303      00000201 
 1303      FB0E0D00 
 1303      01010101 
 1304              	.LASF17:
 1305 0000 72656731 		.ascii	"reg16\000"
 1305      3600
 1306              	.LASF41:
 1307 0006 4D44494F 		.ascii	"MDIO_host_2_GetStatus\000"
 1307      5F686F73 
 1307      745F325F 
 1307      47657453 
 1307      74617475 
 1308              	.LASF28:
 1309 001c 73746174 		.ascii	"status_reg\000"
 1309      75735F72 
 1309      656700
 1310              	.LASF9:
ARM GAS  C:\Users\kopusov.FT\AppData\Local\Temp\ccYZzYXp.s 			page 30


 1311 0027 5F5F696E 		.ascii	"__int32_t\000"
 1311      7433325F 
 1311      7400
 1312              	.LASF31:
 1313 0031 4D44494F 		.ascii	"MDIO_host_2_ReadDataC45\000"
 1313      5F686F73 
 1313      745F325F 
 1313      52656164 
 1313      44617461 
 1314              	.LASF36:
 1315 0049 4D44494F 		.ascii	"MDIO_host_2_data_bits\000"
 1315      5F686F73 
 1315      745F325F 
 1315      64617461 
 1315      5F626974 
 1316              	.LASF30:
 1317 005f 4D44494F 		.ascii	"MDIO_host_2_WriteDataC45\000"
 1317      5F686F73 
 1317      745F325F 
 1317      57726974 
 1317      65446174 
 1318              	.LASF33:
 1319 0078 4D44494F 		.ascii	"MDIO_host_2_ClearStatus\000"
 1319      5F686F73 
 1319      745F325F 
 1319      436C6561 
 1319      72537461 
 1320              	.LASF21:
 1321 0090 4D44494F 		.ascii	"MDIO_host_2_ClearInternalFIFOs\000"
 1321      5F686F73 
 1321      745F325F 
 1321      436C6561 
 1321      72496E74 
 1322              	.LASF32:
 1323 00af 72656744 		.ascii	"regData\000"
 1323      61746100 
 1324              	.LASF37:
 1325 00b7 4D44494F 		.ascii	"MDIO_host_2_StatusRegister\000"
 1325      5F686F73 
 1325      745F325F 
 1325      53746174 
 1325      75735265 
 1326              	.LASF13:
 1327 00d2 666C6F61 		.ascii	"float\000"
 1327      7400
 1328              	.LASF23:
 1329 00d8 4D44494F 		.ascii	"MDIO_host_2_Start\000"
 1329      5F686F73 
 1329      745F325F 
 1329      53746172 
 1329      7400
 1330              	.LASF1:
 1331 00ea 756E7369 		.ascii	"unsigned char\000"
 1331      676E6564 
 1331      20636861 
 1331      7200
 1332              	.LASF16:
ARM GAS  C:\Users\kopusov.FT\AppData\Local\Temp\ccYZzYXp.s 			page 31


 1333 00f8 72656738 		.ascii	"reg8\000"
 1333      00
 1334              	.LASF5:
 1335 00fd 6C6F6E67 		.ascii	"long unsigned int\000"
 1335      20756E73 
 1335      69676E65 
 1335      6420696E 
 1335      7400
 1336              	.LASF3:
 1337 010f 73686F72 		.ascii	"short unsigned int\000"
 1337      7420756E 
 1337      7369676E 
 1337      65642069 
 1337      6E7400
 1338              	.LASF26:
 1339 0122 7265675F 		.ascii	"reg_data\000"
 1339      64617461 
 1339      00
 1340              	.LASF14:
 1341 012b 646F7562 		.ascii	"double\000"
 1341      6C6500
 1342              	.LASF12:
 1343 0132 75696E74 		.ascii	"uint16\000"
 1343      313600
 1344              	.LASF39:
 1345 0139 47656E65 		.ascii	"Generated_Source\\PSoC5\\MDIO_host_2_my.c\000"
 1345      72617465 
 1345      645F536F 
 1345      75726365 
 1345      5C50536F 
 1346              	.LASF34:
 1347 0161 49544D5F 		.ascii	"ITM_RxBuffer\000"
 1347      52784275 
 1347      66666572 
 1347      00
 1348              	.LASF38:
 1349 016e 474E5520 		.ascii	"GNU C 4.9.3 20150303 (release) [ARM/embedded-4_9-br"
 1349      4320342E 
 1349      392E3320 
 1349      32303135 
 1349      30333033 
 1350 01a1 616E6368 		.ascii	"anch revision 221220] -mcpu=cortex-m3 -mthumb -g -O"
 1350      20726576 
 1350      6973696F 
 1350      6E203232 
 1350      31323230 
 1351 01d4 67202D66 		.ascii	"g -ffunction-sections -ffat-lto-objects\000"
 1351      66756E63 
 1351      74696F6E 
 1351      2D736563 
 1351      74696F6E 
 1352              	.LASF8:
 1353 01fc 756E7369 		.ascii	"unsigned int\000"
 1353      676E6564 
 1353      20696E74 
 1353      00
 1354              	.LASF7:
ARM GAS  C:\Users\kopusov.FT\AppData\Local\Temp\ccYZzYXp.s 			page 32


 1355 0209 6C6F6E67 		.ascii	"long long unsigned int\000"
 1355      206C6F6E 
 1355      6720756E 
 1355      7369676E 
 1355      65642069 
 1356              	.LASF20:
 1357 0220 4D44494F 		.ascii	"MDIO_host_2_Enable\000"
 1357      5F686F73 
 1357      745F325F 
 1357      456E6162 
 1357      6C6500
 1358              	.LASF22:
 1359 0233 4D44494F 		.ascii	"MDIO_host_2_Init\000"
 1359      5F686F73 
 1359      745F325F 
 1359      496E6974 
 1359      00
 1360              	.LASF10:
 1361 0244 696E7433 		.ascii	"int32_t\000"
 1361      325F7400 
 1362              	.LASF18:
 1363 024c 73697A65 		.ascii	"sizetype\000"
 1363      74797065 
 1363      00
 1364              	.LASF6:
 1365 0255 6C6F6E67 		.ascii	"long long int\000"
 1365      206C6F6E 
 1365      6720696E 
 1365      7400
 1366              	.LASF15:
 1367 0263 63686172 		.ascii	"char\000"
 1367      00
 1368              	.LASF35:
 1369 0268 4D44494F 		.ascii	"MDIO_host_2_initVar\000"
 1369      5F686F73 
 1369      745F325F 
 1369      696E6974 
 1369      56617200 
 1370              	.LASF29:
 1371 027c 4D44494F 		.ascii	"MDIO_host_2_SetAddrC45\000"
 1371      5F686F73 
 1371      745F325F 
 1371      53657441 
 1371      64647243 
 1372              	.LASF2:
 1373 0293 73686F72 		.ascii	"short int\000"
 1373      7420696E 
 1373      7400
 1374              	.LASF11:
 1375 029d 75696E74 		.ascii	"uint8\000"
 1375      3800
 1376              	.LASF25:
 1377 02a3 6465765F 		.ascii	"dev_addr\000"
 1377      61646472 
 1377      00
 1378              	.LASF4:
 1379 02ac 6C6F6E67 		.ascii	"long int\000"
ARM GAS  C:\Users\kopusov.FT\AppData\Local\Temp\ccYZzYXp.s 			page 33


 1379      20696E74 
 1379      00
 1380              	.LASF24:
 1381 02b5 7068795F 		.ascii	"phy_addr\000"
 1381      61646472 
 1381      00
 1382              	.LASF27:
 1383 02be 636F6E74 		.ascii	"control_bits\000"
 1383      726F6C5F 
 1383      62697473 
 1383      00
 1384              	.LASF0:
 1385 02cb 7369676E 		.ascii	"signed char\000"
 1385      65642063 
 1385      68617200 
 1386              	.LASF40:
 1387 02d7 443A5C70 		.ascii	"D:\\pgm\\Cypress_dem_board\\CFP_reader\\cfp_reader\\"
 1387      676D5C43 
 1387      79707265 
 1387      73735F64 
 1387      656D5F62 
 1388 0306 575F6366 		.ascii	"W_cfp_reader\\cfp_reader.cydsn\000"
 1388      705F7265 
 1388      61646572 
 1388      5C636670 
 1388      5F726561 
 1389              	.LASF19:
 1390 0324 4D44494F 		.ascii	"MDIO_host_2_Stop\000"
 1390      5F686F73 
 1390      745F325F 
 1390      53746F70 
 1390      00
 1391              		.ident	"GCC: (GNU Tools for ARM Embedded Processors) 4.9.3 20150303 (release) [ARM/embedded-4_9-br
