ARM GAS  C:\Users\kopusov.FT\AppData\Local\Temp\cc7P01vh.s 			page 1


   1              		.syntax unified
   2              		.cpu cortex-m3
   3              		.fpu softvfp
   4              		.eabi_attribute 20, 1
   5              		.eabi_attribute 21, 1
   6              		.eabi_attribute 23, 3
   7              		.eabi_attribute 24, 1
   8              		.eabi_attribute 25, 1
   9              		.eabi_attribute 26, 1
  10              		.eabi_attribute 30, 1
  11              		.eabi_attribute 34, 1
  12              		.eabi_attribute 18, 4
  13              		.thumb
  14              		.file	"MDIO_host_2_my.c"
  15              		.text
  16              	.Ltext0:
  17              		.cfi_sections	.debug_frame
  18              		.section	.text.MDIO_host_2_Stop,"ax",%progbits
  19              		.align	2
  20              		.global	MDIO_host_2_Stop
  21              		.thumb
  22              		.thumb_func
  23              		.type	MDIO_host_2_Stop, %function
  24              	MDIO_host_2_Stop:
  25              	.LFB64:
  26              		.file 1 "Generated_Source\\PSoC5\\MDIO_host_2_my.c"
   1:Generated_Source\PSoC5/MDIO_host_2_my.c **** /* ========================================
   2:Generated_Source\PSoC5/MDIO_host_2_my.c ****  *
   3:Generated_Source\PSoC5/MDIO_host_2_my.c ****  * Copyright FiberTreid, 2017
   4:Generated_Source\PSoC5/MDIO_host_2_my.c ****  * All Rights Reserved
   5:Generated_Source\PSoC5/MDIO_host_2_my.c ****  * UNPUBLISHED, LICENSED SOFTWARE.
   6:Generated_Source\PSoC5/MDIO_host_2_my.c ****  *
   7:Generated_Source\PSoC5/MDIO_host_2_my.c ****  * CONFIDENTIAL AND PROPRIETARY INFORMATION
   8:Generated_Source\PSoC5/MDIO_host_2_my.c ****  * WHICH IS THE PROPERTY OF your company.
   9:Generated_Source\PSoC5/MDIO_host_2_my.c ****  *
  10:Generated_Source\PSoC5/MDIO_host_2_my.c ****  * ========================================
  11:Generated_Source\PSoC5/MDIO_host_2_my.c **** */
  12:Generated_Source\PSoC5/MDIO_host_2_my.c **** 
  13:Generated_Source\PSoC5/MDIO_host_2_my.c **** //#include <device.h>
  14:Generated_Source\PSoC5/MDIO_host_2_my.c **** #include <project.h>
  15:Generated_Source\PSoC5/MDIO_host_2_my.c **** #include "cytypes.h"
  16:Generated_Source\PSoC5/MDIO_host_2_my.c **** #include "cyfitter.h"
  17:Generated_Source\PSoC5/MDIO_host_2_my.c **** #include "cypins.h"
  18:Generated_Source\PSoC5/MDIO_host_2_my.c **** #include "MDIO_host_2_my.h"
  19:Generated_Source\PSoC5/MDIO_host_2_my.c **** 
  20:Generated_Source\PSoC5/MDIO_host_2_my.c **** /*******************************************************************************
  21:Generated_Source\PSoC5/MDIO_host_2_my.c **** * Variables
  22:Generated_Source\PSoC5/MDIO_host_2_my.c **** ********************************************************************************/
  23:Generated_Source\PSoC5/MDIO_host_2_my.c **** uint8 MDIO_host_2_initVar = 0u;
  24:Generated_Source\PSoC5/MDIO_host_2_my.c **** 
  25:Generated_Source\PSoC5/MDIO_host_2_my.c **** /* Data received MDIO Host */
  26:Generated_Source\PSoC5/MDIO_host_2_my.c **** volatile uint16 MDIO_host_2_data_bits=0u;	 
  27:Generated_Source\PSoC5/MDIO_host_2_my.c **** 
  28:Generated_Source\PSoC5/MDIO_host_2_my.c **** /* Internal Status Register */
  29:Generated_Source\PSoC5/MDIO_host_2_my.c **** volatile uint8  MDIO_host_2_StatusRegister=0u;
  30:Generated_Source\PSoC5/MDIO_host_2_my.c **** 
  31:Generated_Source\PSoC5/MDIO_host_2_my.c **** /*******************************************************************************
ARM GAS  C:\Users\kopusov.FT\AppData\Local\Temp\cc7P01vh.s 			page 2


  32:Generated_Source\PSoC5/MDIO_host_2_my.c **** * Function Name: MDIO_host_2_Start
  33:Generated_Source\PSoC5/MDIO_host_2_my.c **** ********************************************************************************
  34:Generated_Source\PSoC5/MDIO_host_2_my.c **** * Summary:
  35:Generated_Source\PSoC5/MDIO_host_2_my.c **** *  Initializes the MDIO Host component.
  36:Generated_Source\PSoC5/MDIO_host_2_my.c **** * 
  37:Generated_Source\PSoC5/MDIO_host_2_my.c **** * Parameters:
  38:Generated_Source\PSoC5/MDIO_host_2_my.c **** *  None
  39:Generated_Source\PSoC5/MDIO_host_2_my.c **** *
  40:Generated_Source\PSoC5/MDIO_host_2_my.c **** * Return:
  41:Generated_Source\PSoC5/MDIO_host_2_my.c **** *  None
  42:Generated_Source\PSoC5/MDIO_host_2_my.c **** * 
  43:Generated_Source\PSoC5/MDIO_host_2_my.c **** * Side Effects:
  44:Generated_Source\PSoC5/MDIO_host_2_my.c **** *
  45:Generated_Source\PSoC5/MDIO_host_2_my.c **** ********************************************************************************/
  46:Generated_Source\PSoC5/MDIO_host_2_my.c **** void MDIO_host_2_Start(void)
  47:Generated_Source\PSoC5/MDIO_host_2_my.c **** { 
  48:Generated_Source\PSoC5/MDIO_host_2_my.c ****     /* If not already initialized, then initialize hardware and software */
  49:Generated_Source\PSoC5/MDIO_host_2_my.c ****     if(MDIO_host_2_initVar == 0u)
  50:Generated_Source\PSoC5/MDIO_host_2_my.c ****     {
  51:Generated_Source\PSoC5/MDIO_host_2_my.c ****         MDIO_host_2_Init();
  52:Generated_Source\PSoC5/MDIO_host_2_my.c ****         MDIO_host_2_initVar = 1u;
  53:Generated_Source\PSoC5/MDIO_host_2_my.c ****     }
  54:Generated_Source\PSoC5/MDIO_host_2_my.c ****     MDIO_host_2_Enable();
  55:Generated_Source\PSoC5/MDIO_host_2_my.c **** }
  56:Generated_Source\PSoC5/MDIO_host_2_my.c **** 
  57:Generated_Source\PSoC5/MDIO_host_2_my.c **** /*******************************************************************************
  58:Generated_Source\PSoC5/MDIO_host_2_my.c **** * Function Name: MDIO_host_2_Stop
  59:Generated_Source\PSoC5/MDIO_host_2_my.c **** ********************************************************************************
  60:Generated_Source\PSoC5/MDIO_host_2_my.c **** * Summary:
  61:Generated_Source\PSoC5/MDIO_host_2_my.c **** *  Disable the MDIO Host component and the internal interrupt
  62:Generated_Source\PSoC5/MDIO_host_2_my.c **** * 
  63:Generated_Source\PSoC5/MDIO_host_2_my.c **** * Parameters:
  64:Generated_Source\PSoC5/MDIO_host_2_my.c **** *  None
  65:Generated_Source\PSoC5/MDIO_host_2_my.c **** * 
  66:Generated_Source\PSoC5/MDIO_host_2_my.c **** * Return:
  67:Generated_Source\PSoC5/MDIO_host_2_my.c **** *  None
  68:Generated_Source\PSoC5/MDIO_host_2_my.c **** * 
  69:Generated_Source\PSoC5/MDIO_host_2_my.c **** * Side Effects:
  70:Generated_Source\PSoC5/MDIO_host_2_my.c **** *  
  71:Generated_Source\PSoC5/MDIO_host_2_my.c **** ********************************************************************************/
  72:Generated_Source\PSoC5/MDIO_host_2_my.c **** void MDIO_host_2_Stop(void)
  73:Generated_Source\PSoC5/MDIO_host_2_my.c **** {
  27              		.loc 1 73 0
  28              		.cfi_startproc
  29              		@ args = 0, pretend = 0, frame = 0
  30              		@ frame_needed = 0, uses_anonymous_args = 0
  31              		@ link register save eliminated.
  74:Generated_Source\PSoC5/MDIO_host_2_my.c **** 	/* Disable the hardware component */
  75:Generated_Source\PSoC5/MDIO_host_2_my.c ****  //   MDIO_host_2_CONTROL_REG = 0u;	// Set Enable and Valid bits to zero
  76:Generated_Source\PSoC5/MDIO_host_2_my.c **** 	
  77:Generated_Source\PSoC5/MDIO_host_2_my.c **** 	/* Disable Count7 hardware block */
  78:Generated_Source\PSoC5/MDIO_host_2_my.c ****     MDIO_host_2_CNT7_AUX_CTL_REG &= ~MDIO_host_2_COUNT7_EN;
  32              		.loc 1 78 0
  33 0000 024A     		ldr	r2, .L2
  34 0002 1378     		ldrb	r3, [r2]	@ zero_extendqisi2
  35 0004 03F0DF03 		and	r3, r3, #223
  36 0008 1370     		strb	r3, [r2]
ARM GAS  C:\Users\kopusov.FT\AppData\Local\Temp\cc7P01vh.s 			page 3


  37 000a 7047     		bx	lr
  38              	.L3:
  39              		.align	2
  40              	.L2:
  41 000c 96650040 		.word	1073767830
  42              		.cfi_endproc
  43              	.LFE64:
  44              		.size	MDIO_host_2_Stop, .-MDIO_host_2_Stop
  45              		.section	.text.MDIO_host_2_Enable,"ax",%progbits
  46              		.align	2
  47              		.global	MDIO_host_2_Enable
  48              		.thumb
  49              		.thumb_func
  50              		.type	MDIO_host_2_Enable, %function
  51              	MDIO_host_2_Enable:
  52              	.LFB66:
  79:Generated_Source\PSoC5/MDIO_host_2_my.c **** 	
  80:Generated_Source\PSoC5/MDIO_host_2_my.c **** 	/* Disable Interrupt */
  81:Generated_Source\PSoC5/MDIO_host_2_my.c **** //	MDIO_host_2_DisableInt();
  82:Generated_Source\PSoC5/MDIO_host_2_my.c **** }
  83:Generated_Source\PSoC5/MDIO_host_2_my.c **** 
  84:Generated_Source\PSoC5/MDIO_host_2_my.c **** /*******************************************************************************
  85:Generated_Source\PSoC5/MDIO_host_2_my.c **** * Function Name: MDIO_host_2_Init
  86:Generated_Source\PSoC5/MDIO_host_2_my.c **** ********************************************************************************
  87:Generated_Source\PSoC5/MDIO_host_2_my.c **** * Summary:
  88:Generated_Source\PSoC5/MDIO_host_2_my.c **** *  Initializes internal variables and resets the datapath FIFO.
  89:Generated_Source\PSoC5/MDIO_host_2_my.c **** * 
  90:Generated_Source\PSoC5/MDIO_host_2_my.c **** * Parameters:
  91:Generated_Source\PSoC5/MDIO_host_2_my.c **** *  None
  92:Generated_Source\PSoC5/MDIO_host_2_my.c **** *
  93:Generated_Source\PSoC5/MDIO_host_2_my.c **** * Return:
  94:Generated_Source\PSoC5/MDIO_host_2_my.c **** *  None
  95:Generated_Source\PSoC5/MDIO_host_2_my.c **** * 
  96:Generated_Source\PSoC5/MDIO_host_2_my.c **** * Side Effects:
  97:Generated_Source\PSoC5/MDIO_host_2_my.c **** *  
  98:Generated_Source\PSoC5/MDIO_host_2_my.c **** ********************************************************************************/
  99:Generated_Source\PSoC5/MDIO_host_2_my.c **** void MDIO_host_2_Init(void)
 100:Generated_Source\PSoC5/MDIO_host_2_my.c **** { 	
 101:Generated_Source\PSoC5/MDIO_host_2_my.c ****     MDIO_host_2_Enable();
 102:Generated_Source\PSoC5/MDIO_host_2_my.c **** 	
 103:Generated_Source\PSoC5/MDIO_host_2_my.c **** 	/* Reset Internal FIFOs */
 104:Generated_Source\PSoC5/MDIO_host_2_my.c **** 	MDIO_host_2_ClearInternalFIFOs();
 105:Generated_Source\PSoC5/MDIO_host_2_my.c **** 
 106:Generated_Source\PSoC5/MDIO_host_2_my.c ****     /* Initialize interrupts */
 107:Generated_Source\PSoC5/MDIO_host_2_my.c **** //	MDIO_host_2_EnableInt();
 108:Generated_Source\PSoC5/MDIO_host_2_my.c **** }
 109:Generated_Source\PSoC5/MDIO_host_2_my.c **** 
 110:Generated_Source\PSoC5/MDIO_host_2_my.c **** /*******************************************************************************
 111:Generated_Source\PSoC5/MDIO_host_2_my.c **** * Function Name: MDIO_host_2_Enable()
 112:Generated_Source\PSoC5/MDIO_host_2_my.c **** ********************************************************************************
 113:Generated_Source\PSoC5/MDIO_host_2_my.c **** * Summary:
 114:Generated_Source\PSoC5/MDIO_host_2_my.c **** *  Enables the hardware and internal interrupt.
 115:Generated_Source\PSoC5/MDIO_host_2_my.c **** * 
 116:Generated_Source\PSoC5/MDIO_host_2_my.c **** * Parameters:
 117:Generated_Source\PSoC5/MDIO_host_2_my.c **** *  None
 118:Generated_Source\PSoC5/MDIO_host_2_my.c **** *
 119:Generated_Source\PSoC5/MDIO_host_2_my.c **** * Return:
ARM GAS  C:\Users\kopusov.FT\AppData\Local\Temp\cc7P01vh.s 			page 4


 120:Generated_Source\PSoC5/MDIO_host_2_my.c **** *  None
 121:Generated_Source\PSoC5/MDIO_host_2_my.c **** * 
 122:Generated_Source\PSoC5/MDIO_host_2_my.c **** * Side Effects:
 123:Generated_Source\PSoC5/MDIO_host_2_my.c **** *  None
 124:Generated_Source\PSoC5/MDIO_host_2_my.c **** ********************************************************************************/
 125:Generated_Source\PSoC5/MDIO_host_2_my.c **** void MDIO_host_2_Enable(void) 
 126:Generated_Source\PSoC5/MDIO_host_2_my.c **** {
  53              		.loc 1 126 0
  54              		.cfi_startproc
  55              		@ args = 0, pretend = 0, frame = 0
  56              		@ frame_needed = 0, uses_anonymous_args = 0
  57              		@ link register save eliminated.
 127:Generated_Source\PSoC5/MDIO_host_2_my.c **** 	/* Enable Count7 hardware block */
 128:Generated_Source\PSoC5/MDIO_host_2_my.c ****     MDIO_host_2_CNT7_AUX_CTL_REG |= MDIO_host_2_COUNT7_EN;
  58              		.loc 1 128 0
  59 0000 044A     		ldr	r2, .L5
  60 0002 1378     		ldrb	r3, [r2]	@ zero_extendqisi2
  61 0004 43F02003 		orr	r3, r3, #32
  62 0008 1370     		strb	r3, [r2]
 129:Generated_Source\PSoC5/MDIO_host_2_my.c **** 
 130:Generated_Source\PSoC5/MDIO_host_2_my.c **** 	/* Enable the block */
 131:Generated_Source\PSoC5/MDIO_host_2_my.c ****     //  MDIO_host_2_CONTROL_REG = MDIO_host_2_ENABLE;
 132:Generated_Source\PSoC5/MDIO_host_2_my.c **** 	
 133:Generated_Source\PSoC5/MDIO_host_2_my.c ****     /*Reset counter */
 134:Generated_Source\PSoC5/MDIO_host_2_my.c ****     // MDIO_host_2_PERIOD_REG = 127;
 135:Generated_Source\PSoC5/MDIO_host_2_my.c ****     MDIO_host_2_COUNT_REG = 61;
  63              		.loc 1 135 0
  64 000a 3D22     		movs	r2, #61
  65 000c 024B     		ldr	r3, .L5+4
  66 000e 1A70     		strb	r2, [r3]
  67 0010 7047     		bx	lr
  68              	.L6:
  69 0012 00BF     		.align	2
  70              	.L5:
  71 0014 96650040 		.word	1073767830
  72 0018 76650040 		.word	1073767798
  73              		.cfi_endproc
  74              	.LFE66:
  75              		.size	MDIO_host_2_Enable, .-MDIO_host_2_Enable
  76              		.section	.text.MDIO_host_2_GetStatus,"ax",%progbits
  77              		.align	2
  78              		.global	MDIO_host_2_GetStatus
  79              		.thumb
  80              		.thumb_func
  81              		.type	MDIO_host_2_GetStatus, %function
  82              	MDIO_host_2_GetStatus:
  83              	.LFB67:
 136:Generated_Source\PSoC5/MDIO_host_2_my.c ****     
 137:Generated_Source\PSoC5/MDIO_host_2_my.c **** 	/* Enable the interrupt */
 138:Generated_Source\PSoC5/MDIO_host_2_my.c **** 	//CyIntEnable(MDIO_host_2_ISR_NUMBER);   
 139:Generated_Source\PSoC5/MDIO_host_2_my.c **** }
 140:Generated_Source\PSoC5/MDIO_host_2_my.c **** 
 141:Generated_Source\PSoC5/MDIO_host_2_my.c **** /*******************************************************************************
 142:Generated_Source\PSoC5/MDIO_host_2_my.c **** * Function Name: MDIO_host_2_EnableInt
 143:Generated_Source\PSoC5/MDIO_host_2_my.c **** ********************************************************************************
 144:Generated_Source\PSoC5/MDIO_host_2_my.c **** * Summary:
 145:Generated_Source\PSoC5/MDIO_host_2_my.c **** *  Enables and configure the interrupt from this component. 
ARM GAS  C:\Users\kopusov.FT\AppData\Local\Temp\cc7P01vh.s 			page 5


 146:Generated_Source\PSoC5/MDIO_host_2_my.c **** * 
 147:Generated_Source\PSoC5/MDIO_host_2_my.c **** * Parameters:
 148:Generated_Source\PSoC5/MDIO_host_2_my.c **** *  None
 149:Generated_Source\PSoC5/MDIO_host_2_my.c **** * 
 150:Generated_Source\PSoC5/MDIO_host_2_my.c **** * Return:
 151:Generated_Source\PSoC5/MDIO_host_2_my.c **** *  None
 152:Generated_Source\PSoC5/MDIO_host_2_my.c **** * 
 153:Generated_Source\PSoC5/MDIO_host_2_my.c **** * Side Effects:
 154:Generated_Source\PSoC5/MDIO_host_2_my.c **** *  None
 155:Generated_Source\PSoC5/MDIO_host_2_my.c **** ********************************************************************************/
 156:Generated_Source\PSoC5/MDIO_host_2_my.c **** //void MDIO_host_2_EnableInt(void)
 157:Generated_Source\PSoC5/MDIO_host_2_my.c **** //{   
 158:Generated_Source\PSoC5/MDIO_host_2_my.c **** //    /* Enable interrupt handler service routine */
 159:Generated_Source\PSoC5/MDIO_host_2_my.c **** //	CyIntDisable(MDIO_host_2_ISR_NUMBER);
 160:Generated_Source\PSoC5/MDIO_host_2_my.c **** //	CyIntSetVector(MDIO_host_2_ISR_NUMBER, MDIO_host_2_ISR_InterruptHandler);
 161:Generated_Source\PSoC5/MDIO_host_2_my.c **** //	CyIntSetPriority(MDIO_host_2_ISR_NUMBER, MDIO_host_2_ISR_PRIORITY);
 162:Generated_Source\PSoC5/MDIO_host_2_my.c **** //	CyIntEnable(MDIO_host_2_ISR_NUMBER);        
 163:Generated_Source\PSoC5/MDIO_host_2_my.c **** //}
 164:Generated_Source\PSoC5/MDIO_host_2_my.c **** 
 165:Generated_Source\PSoC5/MDIO_host_2_my.c **** /*******************************************************************************
 166:Generated_Source\PSoC5/MDIO_host_2_my.c **** * Function Name: MDIO_host_2_DisableInt
 167:Generated_Source\PSoC5/MDIO_host_2_my.c **** ********************************************************************************
 168:Generated_Source\PSoC5/MDIO_host_2_my.c **** * Summary:
 169:Generated_Source\PSoC5/MDIO_host_2_my.c **** *  Disables interrupts from this component
 170:Generated_Source\PSoC5/MDIO_host_2_my.c **** *
 171:Generated_Source\PSoC5/MDIO_host_2_my.c **** * Parameters:
 172:Generated_Source\PSoC5/MDIO_host_2_my.c **** *  None
 173:Generated_Source\PSoC5/MDIO_host_2_my.c **** * 
 174:Generated_Source\PSoC5/MDIO_host_2_my.c **** * Return:
 175:Generated_Source\PSoC5/MDIO_host_2_my.c **** *  None
 176:Generated_Source\PSoC5/MDIO_host_2_my.c **** * 
 177:Generated_Source\PSoC5/MDIO_host_2_my.c **** * Side Effects:
 178:Generated_Source\PSoC5/MDIO_host_2_my.c **** *  None
 179:Generated_Source\PSoC5/MDIO_host_2_my.c **** ********************************************************************************/
 180:Generated_Source\PSoC5/MDIO_host_2_my.c **** //void MDIO_host_2_DisableInt(void)
 181:Generated_Source\PSoC5/MDIO_host_2_my.c **** //{  
 182:Generated_Source\PSoC5/MDIO_host_2_my.c **** //    /* Disable interrupt handler service routine */
 183:Generated_Source\PSoC5/MDIO_host_2_my.c **** //	CyIntDisable(MDIO_host_2_ISR_NUMBER);
 184:Generated_Source\PSoC5/MDIO_host_2_my.c **** //}
 185:Generated_Source\PSoC5/MDIO_host_2_my.c **** 
 186:Generated_Source\PSoC5/MDIO_host_2_my.c **** /*******************************************************************************
 187:Generated_Source\PSoC5/MDIO_host_2_my.c **** * Function Name: MDIO_host_2_GetStatus
 188:Generated_Source\PSoC5/MDIO_host_2_my.c **** ********************************************************************************
 189:Generated_Source\PSoC5/MDIO_host_2_my.c **** * Summary:
 190:Generated_Source\PSoC5/MDIO_host_2_my.c **** *  Returns the internal status of the hardware.
 191:Generated_Source\PSoC5/MDIO_host_2_my.c **** *
 192:Generated_Source\PSoC5/MDIO_host_2_my.c **** * Parameters:
 193:Generated_Source\PSoC5/MDIO_host_2_my.c **** *  None
 194:Generated_Source\PSoC5/MDIO_host_2_my.c **** * 
 195:Generated_Source\PSoC5/MDIO_host_2_my.c **** * Return:
 196:Generated_Source\PSoC5/MDIO_host_2_my.c **** *  uint8
 197:Generated_Source\PSoC5/MDIO_host_2_my.c **** *		b0   = Set when component is busy 
 198:Generated_Source\PSoC5/MDIO_host_2_my.c **** *		b1 	 = Set when PHY address matches in the right timing 
 199:Generated_Source\PSoC5/MDIO_host_2_my.c **** *		b7:2 = Reserved. Returns all zeros
 200:Generated_Source\PSoC5/MDIO_host_2_my.c **** *
 201:Generated_Source\PSoC5/MDIO_host_2_my.c **** * Side Effects:
 202:Generated_Source\PSoC5/MDIO_host_2_my.c **** *  None
ARM GAS  C:\Users\kopusov.FT\AppData\Local\Temp\cc7P01vh.s 			page 6


 203:Generated_Source\PSoC5/MDIO_host_2_my.c **** ********************************************************************************/
 204:Generated_Source\PSoC5/MDIO_host_2_my.c **** uint8 MDIO_host_2_GetStatus(void) CYREENTRANT
 205:Generated_Source\PSoC5/MDIO_host_2_my.c **** {
  84              		.loc 1 205 0
  85              		.cfi_startproc
  86              		@ args = 0, pretend = 0, frame = 0
  87              		@ frame_needed = 0, uses_anonymous_args = 0
  88              		@ link register save eliminated.
 206:Generated_Source\PSoC5/MDIO_host_2_my.c **** 	return MDIO_host_2_StatusRegister;
  89              		.loc 1 206 0
  90 0000 014B     		ldr	r3, .L8
  91 0002 1878     		ldrb	r0, [r3]	@ zero_extendqisi2
 207:Generated_Source\PSoC5/MDIO_host_2_my.c **** }
  92              		.loc 1 207 0
  93 0004 7047     		bx	lr
  94              	.L9:
  95 0006 00BF     		.align	2
  96              	.L8:
  97 0008 00000000 		.word	.LANCHOR0
  98              		.cfi_endproc
  99              	.LFE67:
 100              		.size	MDIO_host_2_GetStatus, .-MDIO_host_2_GetStatus
 101              		.section	.text.MDIO_host_2_ClearInternalFIFOs,"ax",%progbits
 102              		.align	2
 103              		.global	MDIO_host_2_ClearInternalFIFOs
 104              		.thumb
 105              		.thumb_func
 106              		.type	MDIO_host_2_ClearInternalFIFOs, %function
 107              	MDIO_host_2_ClearInternalFIFOs:
 108              	.LFB68:
 208:Generated_Source\PSoC5/MDIO_host_2_my.c **** 
 209:Generated_Source\PSoC5/MDIO_host_2_my.c **** /*******************************************************************************
 210:Generated_Source\PSoC5/MDIO_host_2_my.c **** * Function Name: MDIO_host_2_ClearInternalFIFOs
 211:Generated_Source\PSoC5/MDIO_host_2_my.c **** ********************************************************************************
 212:Generated_Source\PSoC5/MDIO_host_2_my.c **** * Summary:
 213:Generated_Source\PSoC5/MDIO_host_2_my.c **** *  Clear the internal FIFOs from the data path 
 214:Generated_Source\PSoC5/MDIO_host_2_my.c **** *
 215:Generated_Source\PSoC5/MDIO_host_2_my.c **** * Parameters:
 216:Generated_Source\PSoC5/MDIO_host_2_my.c **** *  dataPtr: Pointer to the data buffer
 217:Generated_Source\PSoC5/MDIO_host_2_my.c **** * 
 218:Generated_Source\PSoC5/MDIO_host_2_my.c **** * Return:
 219:Generated_Source\PSoC5/MDIO_host_2_my.c **** *  None
 220:Generated_Source\PSoC5/MDIO_host_2_my.c **** *
 221:Generated_Source\PSoC5/MDIO_host_2_my.c **** * Side Effects:
 222:Generated_Source\PSoC5/MDIO_host_2_my.c **** *  The size of this buffer should be at least 32 x 16 bits (64 bytes), otherwise
 223:Generated_Source\PSoC5/MDIO_host_2_my.c **** *  memory violation may occurs.
 224:Generated_Source\PSoC5/MDIO_host_2_my.c **** *
 225:Generated_Source\PSoC5/MDIO_host_2_my.c **** ********************************************************************************/
 226:Generated_Source\PSoC5/MDIO_host_2_my.c **** void MDIO_host_2_ClearInternalFIFOs(void)
 227:Generated_Source\PSoC5/MDIO_host_2_my.c **** {
 109              		.loc 1 227 0
 110              		.cfi_startproc
 111              		@ args = 0, pretend = 0, frame = 0
 112              		@ frame_needed = 0, uses_anonymous_args = 0
 113              		@ link register save eliminated.
 228:Generated_Source\PSoC5/MDIO_host_2_my.c **** 	/* Reset F0 FIFO  */
 229:Generated_Source\PSoC5/MDIO_host_2_my.c **** 	CY_SET_REG16(MDIO_host_2_DP_AUX_CTL_PTR, (CY_GET_REG16(MDIO_host_2_DP_AUX_CTL_PTR) |  MDIO_host_2_
ARM GAS  C:\Users\kopusov.FT\AppData\Local\Temp\cc7P01vh.s 			page 7


 114              		.loc 1 229 0
 115 0000 0B4A     		ldr	r2, .L11
 116 0002 1388     		ldrh	r3, [r2]
 117 0004 9BB2     		uxth	r3, r3
 118 0006 43F48073 		orr	r3, r3, #256
 119 000a 43F00103 		orr	r3, r3, #1
 120 000e 1380     		strh	r3, [r2]	@ movhi
 230:Generated_Source\PSoC5/MDIO_host_2_my.c ****     CY_SET_REG16(MDIO_host_2_DP_AUX_CTL_PTR, (CY_GET_REG16(MDIO_host_2_DP_AUX_CTL_PTR) & ~MDIO_host
 121              		.loc 1 230 0
 122 0010 1388     		ldrh	r3, [r2]
 123 0012 9BB2     		uxth	r3, r3
 124 0014 23F48073 		bic	r3, r3, #256
 125 0018 23F00103 		bic	r3, r3, #1
 126 001c 9BB2     		uxth	r3, r3
 127 001e 1380     		strh	r3, [r2]	@ movhi
 231:Generated_Source\PSoC5/MDIO_host_2_my.c **** 	
 232:Generated_Source\PSoC5/MDIO_host_2_my.c **** 	/* Reset F1 FIFO  */
 233:Generated_Source\PSoC5/MDIO_host_2_my.c **** 	CY_SET_REG16(MDIO_host_2_DP_AUX_CTL_PTR, (CY_GET_REG16(MDIO_host_2_DP_AUX_CTL_PTR) |  MDIO_host_2_
 128              		.loc 1 233 0
 129 0020 1388     		ldrh	r3, [r2]
 130 0022 9BB2     		uxth	r3, r3
 131 0024 43F40073 		orr	r3, r3, #512
 132 0028 43F00203 		orr	r3, r3, #2
 133 002c 1380     		strh	r3, [r2]	@ movhi
 134 002e 7047     		bx	lr
 135              	.L12:
 136              		.align	2
 137              	.L11:
 138 0030 96650040 		.word	1073767830
 139              		.cfi_endproc
 140              	.LFE68:
 141              		.size	MDIO_host_2_ClearInternalFIFOs, .-MDIO_host_2_ClearInternalFIFOs
 142              		.section	.text.MDIO_host_2_Init,"ax",%progbits
 143              		.align	2
 144              		.global	MDIO_host_2_Init
 145              		.thumb
 146              		.thumb_func
 147              		.type	MDIO_host_2_Init, %function
 148              	MDIO_host_2_Init:
 149              	.LFB65:
 100:Generated_Source\PSoC5/MDIO_host_2_my.c ****     MDIO_host_2_Enable();
 150              		.loc 1 100 0
 151              		.cfi_startproc
 152              		@ args = 0, pretend = 0, frame = 0
 153              		@ frame_needed = 0, uses_anonymous_args = 0
 154 0000 08B5     		push	{r3, lr}
 155              		.cfi_def_cfa_offset 8
 156              		.cfi_offset 3, -8
 157              		.cfi_offset 14, -4
 101:Generated_Source\PSoC5/MDIO_host_2_my.c **** 	
 158              		.loc 1 101 0
 159 0002 FFF7FEFF 		bl	MDIO_host_2_Enable
 160              	.LVL0:
 104:Generated_Source\PSoC5/MDIO_host_2_my.c **** 
 161              		.loc 1 104 0
 162 0006 FFF7FEFF 		bl	MDIO_host_2_ClearInternalFIFOs
 163              	.LVL1:
ARM GAS  C:\Users\kopusov.FT\AppData\Local\Temp\cc7P01vh.s 			page 8


 164 000a 08BD     		pop	{r3, pc}
 165              		.cfi_endproc
 166              	.LFE65:
 167              		.size	MDIO_host_2_Init, .-MDIO_host_2_Init
 168              		.section	.text.MDIO_host_2_Start,"ax",%progbits
 169              		.align	2
 170              		.global	MDIO_host_2_Start
 171              		.thumb
 172              		.thumb_func
 173              		.type	MDIO_host_2_Start, %function
 174              	MDIO_host_2_Start:
 175              	.LFB63:
  47:Generated_Source\PSoC5/MDIO_host_2_my.c ****     /* If not already initialized, then initialize hardware and software */
 176              		.loc 1 47 0
 177              		.cfi_startproc
 178              		@ args = 0, pretend = 0, frame = 0
 179              		@ frame_needed = 0, uses_anonymous_args = 0
 180 0000 08B5     		push	{r3, lr}
 181              		.cfi_def_cfa_offset 8
 182              		.cfi_offset 3, -8
 183              		.cfi_offset 14, -4
  49:Generated_Source\PSoC5/MDIO_host_2_my.c ****     {
 184              		.loc 1 49 0
 185 0002 054B     		ldr	r3, .L18
 186 0004 5B78     		ldrb	r3, [r3, #1]	@ zero_extendqisi2
 187 0006 23B9     		cbnz	r3, .L16
  51:Generated_Source\PSoC5/MDIO_host_2_my.c ****         MDIO_host_2_initVar = 1u;
 188              		.loc 1 51 0
 189 0008 FFF7FEFF 		bl	MDIO_host_2_Init
 190              	.LVL2:
  52:Generated_Source\PSoC5/MDIO_host_2_my.c ****     }
 191              		.loc 1 52 0
 192 000c 0122     		movs	r2, #1
 193 000e 024B     		ldr	r3, .L18
 194 0010 5A70     		strb	r2, [r3, #1]
 195              	.L16:
  54:Generated_Source\PSoC5/MDIO_host_2_my.c **** }
 196              		.loc 1 54 0
 197 0012 FFF7FEFF 		bl	MDIO_host_2_Enable
 198              	.LVL3:
 199 0016 08BD     		pop	{r3, pc}
 200              	.L19:
 201              		.align	2
 202              	.L18:
 203 0018 00000000 		.word	.LANCHOR0
 204              		.cfi_endproc
 205              	.LFE63:
 206              		.size	MDIO_host_2_Start, .-MDIO_host_2_Start
 207              		.section	.text.MDIO_host_2_WriteDataC45,"ax",%progbits
 208              		.align	2
 209              		.global	MDIO_host_2_WriteDataC45
 210              		.thumb
 211              		.thumb_func
 212              		.type	MDIO_host_2_WriteDataC45, %function
 213              	MDIO_host_2_WriteDataC45:
 214              	.LFB69:
 234:Generated_Source\PSoC5/MDIO_host_2_my.c ****     //CY_SET_REG16(MDIO_host_2_DP_AUX_CTL_PTR, (CY_GET_REG16(MDIO_host_2_DP_AUX_CTL_PTR) & ~MDIO_ho
ARM GAS  C:\Users\kopusov.FT\AppData\Local\Temp\cc7P01vh.s 			page 9


 235:Generated_Source\PSoC5/MDIO_host_2_my.c **** }
 236:Generated_Source\PSoC5/MDIO_host_2_my.c **** 
 237:Generated_Source\PSoC5/MDIO_host_2_my.c **** /*******************************************************************************
 238:Generated_Source\PSoC5/MDIO_host_2_my.c **** *
 239:Generated_Source\PSoC5/MDIO_host_2_my.c **** * MDIO_host_2_WriteData_C45()
 240:Generated_Source\PSoC5/MDIO_host_2_my.c **** *
 241:Generated_Source\PSoC5/MDIO_host_2_my.c **** *******************************************************************************/
 242:Generated_Source\PSoC5/MDIO_host_2_my.c **** uint8 MDIO_host_2_WriteDataC45(uint8 op_mode, uint8 phy_addr, uint8 dev_addr, uint16 reg_data) // W
 243:Generated_Source\PSoC5/MDIO_host_2_my.c **** {
 215              		.loc 1 243 0
 216              		.cfi_startproc
 217              		@ args = 0, pretend = 0, frame = 0
 218              		@ frame_needed = 0, uses_anonymous_args = 0
 219              		@ link register save eliminated.
 220              	.LVL4:
 221              	.L21:
 244:Generated_Source\PSoC5/MDIO_host_2_my.c ****    	uint16	control_bits;
 245:Generated_Source\PSoC5/MDIO_host_2_my.c **** 	uint8   status_reg;
 246:Generated_Source\PSoC5/MDIO_host_2_my.c **** 
 247:Generated_Source\PSoC5/MDIO_host_2_my.c **** 	/* Clear and Set the control register for writing */
 248:Generated_Source\PSoC5/MDIO_host_2_my.c **** 	//MDIO_host_2_CONTROL_REG = MDIO_host_2_ENABLE |MDIO_host_2_WRITE;
 249:Generated_Source\PSoC5/MDIO_host_2_my.c **** 		
 250:Generated_Source\PSoC5/MDIO_host_2_my.c ****    	/* Set the control bits and write in the fifo f0 */
 251:Generated_Source\PSoC5/MDIO_host_2_my.c ****    //control_bits = 0x0002+((uint16)op_mode<<12)+(((uint16)phy_addr)<<7)+(((uint16)dev_addr)<<2);
 252:Generated_Source\PSoC5/MDIO_host_2_my.c ****    	//CY_SET_REG16(MDIO_host_2_FIFO_F0_PTR, control_bits);
 253:Generated_Source\PSoC5/MDIO_host_2_my.c ****     while ((MDIO_host_2_STATUS_REG & MDIO_host_2_NOT_FULL) == 0) ;	/* Wait for space available */
 222              		.loc 1 253 0 discriminator 1
 223 0000 0E4B     		ldr	r3, .L23
 224 0002 1B78     		ldrb	r3, [r3]	@ zero_extendqisi2
 225 0004 13F0010F 		tst	r3, #1
 226 0008 FAD0     		beq	.L21
 254:Generated_Source\PSoC5/MDIO_host_2_my.c ****     CY_SET_REG16(MDIO_host_2_FIFO_F0_PTR, (uint16)0x0001);
 227              		.loc 1 254 0
 228 000a 0122     		movs	r2, #1
 229              	.LVL5:
 230 000c 0C4B     		ldr	r3, .L23+4
 231 000e 1A80     		strh	r2, [r3]	@ movhi
 232              	.L22:
 255:Generated_Source\PSoC5/MDIO_host_2_my.c ****    while ((MDIO_host_2_STATUS_REG & MDIO_host_2_SEND_16) != 1);	/* Wait for space available */
 233              		.loc 1 255 0 discriminator 1
 234 0010 0A4B     		ldr	r3, .L23
 235 0012 1B78     		ldrb	r3, [r3]	@ zero_extendqisi2
 236 0014 03F00303 		and	r3, r3, #3
 237 0018 012B     		cmp	r3, #1
 238 001a F9D1     		bne	.L22
 256:Generated_Source\PSoC5/MDIO_host_2_my.c ****     CY_SET_REG16(MDIO_host_2_FIFO_F0_PTR,(uint16)0x0AA0);
 239              		.loc 1 256 0
 240 001c 4FF42A62 		mov	r2, #2720
 241 0020 074B     		ldr	r3, .L23+4
 242 0022 1A80     		strh	r2, [r3]	@ movhi
 257:Generated_Source\PSoC5/MDIO_host_2_my.c ****    
 258:Generated_Source\PSoC5/MDIO_host_2_my.c ****    	/* Write data bits in the fifo f0 */
 259:Generated_Source\PSoC5/MDIO_host_2_my.c **** //    while ((MDIO_host_2_STATUS_REG & MDIO_host_2_NOT_FULL) == 0) ;	/* Wait for space available */
 260:Generated_Source\PSoC5/MDIO_host_2_my.c **** //    CY_SET_REG16(MDIO_host_2_FIFO_F0_PTR, 0xA00A);
 261:Generated_Source\PSoC5/MDIO_host_2_my.c ****     
 262:Generated_Source\PSoC5/MDIO_host_2_my.c ****    	/* Start Transmission */
 263:Generated_Source\PSoC5/MDIO_host_2_my.c ****    	//MDIO_host_2_CONTROL_REG |= MDIO_host_2_START;
ARM GAS  C:\Users\kopusov.FT\AppData\Local\Temp\cc7P01vh.s 			page 10


 264:Generated_Source\PSoC5/MDIO_host_2_my.c **** 	
 265:Generated_Source\PSoC5/MDIO_host_2_my.c **** 	/* Wait till the transmission is completed */
 266:Generated_Source\PSoC5/MDIO_host_2_my.c **** 	//while ( MDIO_host_2_StatusRegister != MDIO_host_2_MDIO_STS_CMPLT );
 267:Generated_Source\PSoC5/MDIO_host_2_my.c **** 	//while (!(MDIO_host_2_STATUS_REG & MDIO_host_2_MDIO_END_TRANSFER));
 268:Generated_Source\PSoC5/MDIO_host_2_my.c ****     
 269:Generated_Source\PSoC5/MDIO_host_2_my.c ****     /* Stop Transmission */
 270:Generated_Source\PSoC5/MDIO_host_2_my.c ****     //MDIO_host_2_CONTROL_REG &= ~MDIO_host_2_START;
 271:Generated_Source\PSoC5/MDIO_host_2_my.c ****     
 272:Generated_Source\PSoC5/MDIO_host_2_my.c **** 	/* Clear hardware status register */
 273:Generated_Source\PSoC5/MDIO_host_2_my.c **** 	status_reg = MDIO_host_2_STATUS_REG;
 243              		.loc 1 273 0
 244 0024 E03B     		subs	r3, r3, #224
 245 0026 1B78     		ldrb	r3, [r3]	@ zero_extendqisi2
 246              	.LVL6:
 274:Generated_Source\PSoC5/MDIO_host_2_my.c **** 	
 275:Generated_Source\PSoC5/MDIO_host_2_my.c **** 	/* Clear software status register */
 276:Generated_Source\PSoC5/MDIO_host_2_my.c **** 	MDIO_host_2_StatusRegister = 0x00u;
 247              		.loc 1 276 0
 248 0028 0021     		movs	r1, #0
 249              	.LVL7:
 250 002a 064A     		ldr	r2, .L23+8
 251 002c 1170     		strb	r1, [r2]
 277:Generated_Source\PSoC5/MDIO_host_2_my.c ****     
 278:Generated_Source\PSoC5/MDIO_host_2_my.c ****     return ((status_reg)? 0 : 1);
 252              		.loc 1 278 0
 253 002e 13F0FF0F 		tst	r3, #255
 279:Generated_Source\PSoC5/MDIO_host_2_my.c **** }
 254              		.loc 1 279 0
 255 0032 0CBF     		ite	eq
 256 0034 0120     		moveq	r0, #1
 257              	.LVL8:
 258 0036 0846     		movne	r0, r1
 259 0038 7047     		bx	lr
 260              	.L24:
 261 003a 00BF     		.align	2
 262              	.L23:
 263 003c 66640040 		.word	1073767526
 264 0040 46650040 		.word	1073767750
 265 0044 00000000 		.word	.LANCHOR0
 266              		.cfi_endproc
 267              	.LFE69:
 268              		.size	MDIO_host_2_WriteDataC45, .-MDIO_host_2_WriteDataC45
 269              		.section	.text.MDIO_host_2_ReadDataC45,"ax",%progbits
 270              		.align	2
 271              		.global	MDIO_host_2_ReadDataC45
 272              		.thumb
 273              		.thumb_func
 274              		.type	MDIO_host_2_ReadDataC45, %function
 275              	MDIO_host_2_ReadDataC45:
 276              	.LFB70:
 280:Generated_Source\PSoC5/MDIO_host_2_my.c **** 
 281:Generated_Source\PSoC5/MDIO_host_2_my.c **** /*******************************************************************************
 282:Generated_Source\PSoC5/MDIO_host_2_my.c **** *
 283:Generated_Source\PSoC5/MDIO_host_2_my.c **** * MDIO_host_2_ReadData_C45()
 284:Generated_Source\PSoC5/MDIO_host_2_my.c **** *
 285:Generated_Source\PSoC5/MDIO_host_2_my.c **** *******************************************************************************/
 286:Generated_Source\PSoC5/MDIO_host_2_my.c **** uint8 MDIO_host_2_ReadDataC45(uint8 op_mode, uint8 phy_addr, uint8 dev_addr, uint16 *regData) // Re
ARM GAS  C:\Users\kopusov.FT\AppData\Local\Temp\cc7P01vh.s 			page 11


 287:Generated_Source\PSoC5/MDIO_host_2_my.c **** {
 277              		.loc 1 287 0
 278              		.cfi_startproc
 279              		@ args = 0, pretend = 0, frame = 0
 280              		@ frame_needed = 0, uses_anonymous_args = 0
 281              		@ link register save eliminated.
 282              	.LVL9:
 288:Generated_Source\PSoC5/MDIO_host_2_my.c ****    	uint16	control_bits;
 289:Generated_Source\PSoC5/MDIO_host_2_my.c **** 	uint8 status_reg;
 290:Generated_Source\PSoC5/MDIO_host_2_my.c **** 
 291:Generated_Source\PSoC5/MDIO_host_2_my.c **** 	/* Clear and Set the control register for writing */
 292:Generated_Source\PSoC5/MDIO_host_2_my.c **** //	MDIO_host_2_CONTROL_REG &= MDIO_host_2_ENABLE;
 293:Generated_Source\PSoC5/MDIO_host_2_my.c **** //	MDIO_host_2_CONTROL_REG |= MDIO_host_2_READ;
 294:Generated_Source\PSoC5/MDIO_host_2_my.c **** 	
 295:Generated_Source\PSoC5/MDIO_host_2_my.c ****    	/* Set the control bits and write in the fifo f0 */
 296:Generated_Source\PSoC5/MDIO_host_2_my.c ****    	control_bits = 0x0003+((uint16)op_mode<<12)+(((uint16)phy_addr)<<7)+(((uint16)dev_addr)<<2);
 283              		.loc 1 296 0
 284 0000 C901     		lsls	r1, r1, #7
 285              	.LVL10:
 286 0002 01EB0030 		add	r0, r1, r0, lsl #12
 287              	.LVL11:
 288 0006 00EB8202 		add	r2, r0, r2, lsl #2
 289              	.LVL12:
 290 000a D11C     		adds	r1, r2, #3
 291 000c 89B2     		uxth	r1, r1
 292              	.LVL13:
 297:Generated_Source\PSoC5/MDIO_host_2_my.c ****    	CY_SET_REG16(MDIO_host_2_FIFO_F0_PTR, control_bits);
 293              		.loc 1 297 0
 294 000e 074A     		ldr	r2, .L26
 295 0010 1180     		strh	r1, [r2]	@ movhi
 298:Generated_Source\PSoC5/MDIO_host_2_my.c ****     
 299:Generated_Source\PSoC5/MDIO_host_2_my.c ****    	/* Start Transmission */
 300:Generated_Source\PSoC5/MDIO_host_2_my.c ****   // 	MDIO_host_2_CONTROL_REG |= MDIO_host_2_START;
 301:Generated_Source\PSoC5/MDIO_host_2_my.c **** 	
 302:Generated_Source\PSoC5/MDIO_host_2_my.c **** 	/* Wait till the transmission is completed */
 303:Generated_Source\PSoC5/MDIO_host_2_my.c **** //	while ( MDIO_host_2_StatusRegister != MDIO_host_2_MDIO_STS_CMPLT );
 304:Generated_Source\PSoC5/MDIO_host_2_my.c **** 	
 305:Generated_Source\PSoC5/MDIO_host_2_my.c **** 	/* Check if device acked */
 306:Generated_Source\PSoC5/MDIO_host_2_my.c **** 	status_reg = MDIO_host_2_STATUS_REG;
 296              		.loc 1 306 0
 297 0012 E03A     		subs	r2, r2, #224
 298 0014 1178     		ldrb	r1, [r2]	@ zero_extendqisi2
 299              	.LVL14:
 307:Generated_Source\PSoC5/MDIO_host_2_my.c **** 	
 308:Generated_Source\PSoC5/MDIO_host_2_my.c **** 	MDIO_host_2_StatusRegister = 0x00u;
 300              		.loc 1 308 0
 301 0016 064A     		ldr	r2, .L26+4
 302 0018 0020     		movs	r0, #0
 303 001a 1070     		strb	r0, [r2]
 304              	.LVL15:
 309:Generated_Source\PSoC5/MDIO_host_2_my.c **** 	
 310:Generated_Source\PSoC5/MDIO_host_2_my.c **** 	*regData = MDIO_host_2_data_bits;
 305              		.loc 1 310 0
 306 001c 5288     		ldrh	r2, [r2, #2]
 307 001e 1A80     		strh	r2, [r3]	@ movhi
 311:Generated_Source\PSoC5/MDIO_host_2_my.c **** 	
 312:Generated_Source\PSoC5/MDIO_host_2_my.c **** 	return ((status_reg)? 0 : 1);
ARM GAS  C:\Users\kopusov.FT\AppData\Local\Temp\cc7P01vh.s 			page 12


 308              		.loc 1 312 0
 309 0020 11F0FF0F 		tst	r1, #255
 313:Generated_Source\PSoC5/MDIO_host_2_my.c **** }
 310              		.loc 1 313 0
 311 0024 08BF     		it	eq
 312 0026 0120     		moveq	r0, #1
 313 0028 7047     		bx	lr
 314              	.L27:
 315 002a 00BF     		.align	2
 316              	.L26:
 317 002c 46650040 		.word	1073767750
 318 0030 00000000 		.word	.LANCHOR0
 319              		.cfi_endproc
 320              	.LFE70:
 321              		.size	MDIO_host_2_ReadDataC45, .-MDIO_host_2_ReadDataC45
 322              		.section	.text.MDIO_host_2_WriteDataC22,"ax",%progbits
 323              		.align	2
 324              		.global	MDIO_host_2_WriteDataC22
 325              		.thumb
 326              		.thumb_func
 327              		.type	MDIO_host_2_WriteDataC22, %function
 328              	MDIO_host_2_WriteDataC22:
 329              	.LFB71:
 314:Generated_Source\PSoC5/MDIO_host_2_my.c **** 
 315:Generated_Source\PSoC5/MDIO_host_2_my.c **** /*******************************************************************************
 316:Generated_Source\PSoC5/MDIO_host_2_my.c **** *
 317:Generated_Source\PSoC5/MDIO_host_2_my.c **** * MDIO_Host_WriteData_C22()
 318:Generated_Source\PSoC5/MDIO_host_2_my.c **** *
 319:Generated_Source\PSoC5/MDIO_host_2_my.c **** *******************************************************************************/
 320:Generated_Source\PSoC5/MDIO_host_2_my.c **** void 	MDIO_host_2_WriteDataC22(uint8 phy_addr, uint8 dev_addr, uint16 reg_data)
 321:Generated_Source\PSoC5/MDIO_host_2_my.c **** {
 330              		.loc 1 321 0
 331              		.cfi_startproc
 332              		@ args = 0, pretend = 0, frame = 0
 333              		@ frame_needed = 0, uses_anonymous_args = 0
 334              		@ link register save eliminated.
 335              	.LVL16:
 322:Generated_Source\PSoC5/MDIO_host_2_my.c ****    	uint16	control_bits;
 323:Generated_Source\PSoC5/MDIO_host_2_my.c **** 
 324:Generated_Source\PSoC5/MDIO_host_2_my.c **** 	/* Clear and Set the control register for writing */
 325:Generated_Source\PSoC5/MDIO_host_2_my.c **** //	MDIO_host_2_CONTROL_REG &= MDIO_host_2_ENABLE;
 326:Generated_Source\PSoC5/MDIO_host_2_my.c **** //	MDIO_host_2_CONTROL_REG |= MDIO_host_2_WRITE;
 327:Generated_Source\PSoC5/MDIO_host_2_my.c **** 	
 328:Generated_Source\PSoC5/MDIO_host_2_my.c ****    	/* Set the control bits and write in the fifo f0 */
 329:Generated_Source\PSoC5/MDIO_host_2_my.c ****    	control_bits = 0x5002+(((uint16)phy_addr)<<7)+(((uint16)dev_addr)<<2);
 336              		.loc 1 329 0
 337 0000 8900     		lsls	r1, r1, #2
 338              	.LVL17:
 339 0002 01EBC010 		add	r0, r1, r0, lsl #7
 340              	.LVL18:
 341 0006 00F5A040 		add	r0, r0, #20480
 342 000a 0230     		adds	r0, r0, #2
 343 000c 80B2     		uxth	r0, r0
 344              	.LVL19:
 330:Generated_Source\PSoC5/MDIO_host_2_my.c ****    	CY_SET_REG16(MDIO_host_2_FIFO_F0_PTR, control_bits);
 345              		.loc 1 330 0
 346 000e 024B     		ldr	r3, .L29
ARM GAS  C:\Users\kopusov.FT\AppData\Local\Temp\cc7P01vh.s 			page 13


 347 0010 1880     		strh	r0, [r3]	@ movhi
 331:Generated_Source\PSoC5/MDIO_host_2_my.c ****    
 332:Generated_Source\PSoC5/MDIO_host_2_my.c ****    	/* Write data bits in the fifo f0 */
 333:Generated_Source\PSoC5/MDIO_host_2_my.c ****    	CY_SET_REG16(MDIO_host_2_FIFO_F0_PTR, reg_data);
 348              		.loc 1 333 0
 349 0012 1A80     		strh	r2, [r3]	@ movhi
 350 0014 7047     		bx	lr
 351              	.L30:
 352 0016 00BF     		.align	2
 353              	.L29:
 354 0018 46650040 		.word	1073767750
 355              		.cfi_endproc
 356              	.LFE71:
 357              		.size	MDIO_host_2_WriteDataC22, .-MDIO_host_2_WriteDataC22
 358              		.section	.text.MDIO_host_2_ReadDataC22,"ax",%progbits
 359              		.align	2
 360              		.global	MDIO_host_2_ReadDataC22
 361              		.thumb
 362              		.thumb_func
 363              		.type	MDIO_host_2_ReadDataC22, %function
 364              	MDIO_host_2_ReadDataC22:
 365              	.LFB72:
 334:Generated_Source\PSoC5/MDIO_host_2_my.c ****     
 335:Generated_Source\PSoC5/MDIO_host_2_my.c ****    	/* Start Transmission */
 336:Generated_Source\PSoC5/MDIO_host_2_my.c ****    //	MDIO_host_2_CONTROL_REG |= MDIO_host_2_START;
 337:Generated_Source\PSoC5/MDIO_host_2_my.c **** }
 338:Generated_Source\PSoC5/MDIO_host_2_my.c **** 
 339:Generated_Source\PSoC5/MDIO_host_2_my.c **** /*******************************************************************************
 340:Generated_Source\PSoC5/MDIO_host_2_my.c **** *
 341:Generated_Source\PSoC5/MDIO_host_2_my.c **** * MDIO_Host_ReadData_C22()
 342:Generated_Source\PSoC5/MDIO_host_2_my.c **** *
 343:Generated_Source\PSoC5/MDIO_host_2_my.c **** *******************************************************************************/
 344:Generated_Source\PSoC5/MDIO_host_2_my.c **** uint16 	MDIO_host_2_ReadDataC22(uint8 phy_addr, uint8 dev_addr)
 345:Generated_Source\PSoC5/MDIO_host_2_my.c **** {
 366              		.loc 1 345 0
 367              		.cfi_startproc
 368              		@ args = 0, pretend = 0, frame = 0
 369              		@ frame_needed = 0, uses_anonymous_args = 0
 370              		@ link register save eliminated.
 371              	.LVL20:
 346:Generated_Source\PSoC5/MDIO_host_2_my.c ****    	uint16	control_bits;
 347:Generated_Source\PSoC5/MDIO_host_2_my.c **** 
 348:Generated_Source\PSoC5/MDIO_host_2_my.c **** 	/* Clear and Set the control register for writing */
 349:Generated_Source\PSoC5/MDIO_host_2_my.c **** //	MDIO_host_2_CONTROL_REG &= MDIO_host_2_ENABLE;
 350:Generated_Source\PSoC5/MDIO_host_2_my.c **** //	MDIO_host_2_CONTROL_REG |= MDIO_host_2_READ;
 351:Generated_Source\PSoC5/MDIO_host_2_my.c **** 	
 352:Generated_Source\PSoC5/MDIO_host_2_my.c ****    	/* Set the control bits and write in the fifo f0 */
 353:Generated_Source\PSoC5/MDIO_host_2_my.c ****    	control_bits = 0x6003+(((uint16)phy_addr)<<7)+(((uint16)dev_addr)<<2);
 372              		.loc 1 353 0
 373 0000 8900     		lsls	r1, r1, #2
 374              	.LVL21:
 375 0002 01EBC010 		add	r0, r1, r0, lsl #7
 376              	.LVL22:
 377 0006 00F5C040 		add	r0, r0, #24576
 378 000a 0330     		adds	r0, r0, #3
 379 000c 80B2     		uxth	r0, r0
 380              	.LVL23:
ARM GAS  C:\Users\kopusov.FT\AppData\Local\Temp\cc7P01vh.s 			page 14


 354:Generated_Source\PSoC5/MDIO_host_2_my.c ****    	CY_SET_REG16(MDIO_host_2_FIFO_F0_PTR, control_bits);
 381              		.loc 1 354 0
 382 000e 044B     		ldr	r3, .L32
 383 0010 1880     		strh	r0, [r3]	@ movhi
 355:Generated_Source\PSoC5/MDIO_host_2_my.c ****     
 356:Generated_Source\PSoC5/MDIO_host_2_my.c ****    	/* Start Transmission */
 357:Generated_Source\PSoC5/MDIO_host_2_my.c ****   // 	MDIO_host_2_CONTROL_REG |= MDIO_host_2_START;
 358:Generated_Source\PSoC5/MDIO_host_2_my.c **** 	
 359:Generated_Source\PSoC5/MDIO_host_2_my.c **** //	while ( MDIO_host_2_StatusRegister != MDIO_host_2_MDIO_STS_CMPLT );
 360:Generated_Source\PSoC5/MDIO_host_2_my.c **** 	
 361:Generated_Source\PSoC5/MDIO_host_2_my.c **** 	MDIO_host_2_StatusRegister = 0x00u;
 384              		.loc 1 361 0
 385 0012 044B     		ldr	r3, .L32+4
 386 0014 0022     		movs	r2, #0
 387 0016 1A70     		strb	r2, [r3]
 362:Generated_Source\PSoC5/MDIO_host_2_my.c **** 	
 363:Generated_Source\PSoC5/MDIO_host_2_my.c **** 	return MDIO_host_2_data_bits;
 388              		.loc 1 363 0
 389 0018 5888     		ldrh	r0, [r3, #2]
 390              	.LVL24:
 364:Generated_Source\PSoC5/MDIO_host_2_my.c **** }
 391              		.loc 1 364 0
 392 001a 80B2     		uxth	r0, r0
 393 001c 7047     		bx	lr
 394              	.L33:
 395 001e 00BF     		.align	2
 396              	.L32:
 397 0020 46650040 		.word	1073767750
 398 0024 00000000 		.word	.LANCHOR0
 399              		.cfi_endproc
 400              	.LFE72:
 401              		.size	MDIO_host_2_ReadDataC22, .-MDIO_host_2_ReadDataC22
 402              		.section	.text.MDIO_host_2_ClearStatus,"ax",%progbits
 403              		.align	2
 404              		.global	MDIO_host_2_ClearStatus
 405              		.thumb
 406              		.thumb_func
 407              		.type	MDIO_host_2_ClearStatus, %function
 408              	MDIO_host_2_ClearStatus:
 409              	.LFB73:
 365:Generated_Source\PSoC5/MDIO_host_2_my.c **** 
 366:Generated_Source\PSoC5/MDIO_host_2_my.c **** /*******************************************************************************
 367:Generated_Source\PSoC5/MDIO_host_2_my.c **** *
 368:Generated_Source\PSoC5/MDIO_host_2_my.c **** * MDIO_Host__ClearStatus()
 369:Generated_Source\PSoC5/MDIO_host_2_my.c **** *
 370:Generated_Source\PSoC5/MDIO_host_2_my.c **** *******************************************************************************/
 371:Generated_Source\PSoC5/MDIO_host_2_my.c **** void  MDIO_host_2_ClearStatus(void)
 372:Generated_Source\PSoC5/MDIO_host_2_my.c **** {
 410              		.loc 1 372 0
 411              		.cfi_startproc
 412              		@ args = 0, pretend = 0, frame = 0
 413              		@ frame_needed = 0, uses_anonymous_args = 0
 414              		@ link register save eliminated.
 373:Generated_Source\PSoC5/MDIO_host_2_my.c **** 	MDIO_host_2_StatusRegister = 0x00u;
 415              		.loc 1 373 0
 416 0000 0022     		movs	r2, #0
 417 0002 014B     		ldr	r3, .L35
ARM GAS  C:\Users\kopusov.FT\AppData\Local\Temp\cc7P01vh.s 			page 15


 418 0004 1A70     		strb	r2, [r3]
 419 0006 7047     		bx	lr
 420              	.L36:
 421              		.align	2
 422              	.L35:
 423 0008 00000000 		.word	.LANCHOR0
 424              		.cfi_endproc
 425              	.LFE73:
 426              		.size	MDIO_host_2_ClearStatus, .-MDIO_host_2_ClearStatus
 427              		.global	MDIO_host_2_StatusRegister
 428              		.global	MDIO_host_2_data_bits
 429              		.global	MDIO_host_2_initVar
 430              		.bss
 431              		.align	1
 432              		.set	.LANCHOR0,. + 0
 433              		.type	MDIO_host_2_StatusRegister, %object
 434              		.size	MDIO_host_2_StatusRegister, 1
 435              	MDIO_host_2_StatusRegister:
 436 0000 00       		.space	1
 437              		.type	MDIO_host_2_initVar, %object
 438              		.size	MDIO_host_2_initVar, 1
 439              	MDIO_host_2_initVar:
 440 0001 00       		.space	1
 441              		.type	MDIO_host_2_data_bits, %object
 442              		.size	MDIO_host_2_data_bits, 2
 443              	MDIO_host_2_data_bits:
 444 0002 0000     		.space	2
 445              		.text
 446              	.Letext0:
 447              		.file 2 "c:\\program files (x86)\\cypress\\psoc creator\\4.0\\psoc creator\\import\\gnu\\arm\\4.9.
 448              		.file 3 "c:\\program files (x86)\\cypress\\psoc creator\\4.0\\psoc creator\\import\\gnu\\arm\\4.9.
 449              		.file 4 "Generated_Source\\PSoC5/cytypes.h"
 450              		.file 5 "Generated_Source\\PSoC5/core_cm3.h"
 451              		.section	.debug_info,"",%progbits
 452              	.Ldebug_info0:
 453 0000 4C030000 		.4byte	0x34c
 454 0004 0400     		.2byte	0x4
 455 0006 00000000 		.4byte	.Ldebug_abbrev0
 456 000a 04       		.byte	0x4
 457 000b 01       		.uleb128 0x1
 458 000c 86010000 		.4byte	.LASF40
 459 0010 01       		.byte	0x1
 460 0011 51010000 		.4byte	.LASF41
 461 0015 F9020000 		.4byte	.LASF42
 462 0019 00000000 		.4byte	.Ldebug_ranges0+0
 463 001d 00000000 		.4byte	0
 464 0021 00000000 		.4byte	.Ldebug_line0
 465 0025 02       		.uleb128 0x2
 466 0026 01       		.byte	0x1
 467 0027 06       		.byte	0x6
 468 0028 ED020000 		.4byte	.LASF0
 469 002c 02       		.uleb128 0x2
 470 002d 01       		.byte	0x1
 471 002e 08       		.byte	0x8
 472 002f FD000000 		.4byte	.LASF1
 473 0033 02       		.uleb128 0x2
 474 0034 02       		.byte	0x2
ARM GAS  C:\Users\kopusov.FT\AppData\Local\Temp\cc7P01vh.s 			page 16


 475 0035 05       		.byte	0x5
 476 0036 B5020000 		.4byte	.LASF2
 477 003a 02       		.uleb128 0x2
 478 003b 02       		.byte	0x2
 479 003c 07       		.byte	0x7
 480 003d 5F000000 		.4byte	.LASF3
 481 0041 03       		.uleb128 0x3
 482 0042 27000000 		.4byte	.LASF9
 483 0046 02       		.byte	0x2
 484 0047 3F       		.byte	0x3f
 485 0048 4C000000 		.4byte	0x4c
 486 004c 02       		.uleb128 0x2
 487 004d 04       		.byte	0x4
 488 004e 05       		.byte	0x5
 489 004f CE020000 		.4byte	.LASF4
 490 0053 02       		.uleb128 0x2
 491 0054 04       		.byte	0x4
 492 0055 07       		.byte	0x7
 493 0056 10010000 		.4byte	.LASF5
 494 005a 02       		.uleb128 0x2
 495 005b 08       		.byte	0x8
 496 005c 05       		.byte	0x5
 497 005d 8E020000 		.4byte	.LASF6
 498 0061 02       		.uleb128 0x2
 499 0062 08       		.byte	0x8
 500 0063 07       		.byte	0x7
 501 0064 3A020000 		.4byte	.LASF7
 502 0068 04       		.uleb128 0x4
 503 0069 04       		.byte	0x4
 504 006a 05       		.byte	0x5
 505 006b 696E7400 		.ascii	"int\000"
 506 006f 02       		.uleb128 0x2
 507 0070 04       		.byte	0x4
 508 0071 07       		.byte	0x7
 509 0072 14020000 		.4byte	.LASF8
 510 0076 03       		.uleb128 0x3
 511 0077 75020000 		.4byte	.LASF10
 512 007b 03       		.byte	0x3
 513 007c 2C       		.byte	0x2c
 514 007d 41000000 		.4byte	0x41
 515 0081 05       		.uleb128 0x5
 516 0082 BF020000 		.4byte	.LASF11
 517 0086 04       		.byte	0x4
 518 0087 9201     		.2byte	0x192
 519 0089 2C000000 		.4byte	0x2c
 520 008d 05       		.uleb128 0x5
 521 008e 4A010000 		.4byte	.LASF12
 522 0092 04       		.byte	0x4
 523 0093 9301     		.2byte	0x193
 524 0095 3A000000 		.4byte	0x3a
 525 0099 02       		.uleb128 0x2
 526 009a 04       		.byte	0x4
 527 009b 04       		.byte	0x4
 528 009c E5000000 		.4byte	.LASF13
 529 00a0 02       		.uleb128 0x2
 530 00a1 08       		.byte	0x8
 531 00a2 04       		.byte	0x4
ARM GAS  C:\Users\kopusov.FT\AppData\Local\Temp\cc7P01vh.s 			page 17


 532 00a3 43010000 		.4byte	.LASF14
 533 00a7 02       		.uleb128 0x2
 534 00a8 01       		.byte	0x1
 535 00a9 08       		.byte	0x8
 536 00aa 9C020000 		.4byte	.LASF15
 537 00ae 05       		.uleb128 0x5
 538 00af 0B010000 		.4byte	.LASF16
 539 00b3 04       		.byte	0x4
 540 00b4 3C02     		.2byte	0x23c
 541 00b6 BA000000 		.4byte	0xba
 542 00ba 06       		.uleb128 0x6
 543 00bb 81000000 		.4byte	0x81
 544 00bf 05       		.uleb128 0x5
 545 00c0 00000000 		.4byte	.LASF17
 546 00c4 04       		.byte	0x4
 547 00c5 3D02     		.2byte	0x23d
 548 00c7 CB000000 		.4byte	0xcb
 549 00cb 06       		.uleb128 0x6
 550 00cc 8D000000 		.4byte	0x8d
 551 00d0 02       		.uleb128 0x2
 552 00d1 04       		.byte	0x4
 553 00d2 07       		.byte	0x7
 554 00d3 85020000 		.4byte	.LASF18
 555 00d7 07       		.uleb128 0x7
 556 00d8 46030000 		.4byte	.LASF19
 557 00dc 01       		.byte	0x1
 558 00dd 48       		.byte	0x48
 559 00de 00000000 		.4byte	.LFB64
 560 00e2 10000000 		.4byte	.LFE64-.LFB64
 561 00e6 01       		.uleb128 0x1
 562 00e7 9C       		.byte	0x9c
 563 00e8 07       		.uleb128 0x7
 564 00e9 51020000 		.4byte	.LASF20
 565 00ed 01       		.byte	0x1
 566 00ee 7D       		.byte	0x7d
 567 00ef 00000000 		.4byte	.LFB66
 568 00f3 1C000000 		.4byte	.LFE66-.LFB66
 569 00f7 01       		.uleb128 0x1
 570 00f8 9C       		.byte	0x9c
 571 00f9 08       		.uleb128 0x8
 572 00fa 06000000 		.4byte	.LASF43
 573 00fe 01       		.byte	0x1
 574 00ff CC       		.byte	0xcc
 575 0100 81000000 		.4byte	0x81
 576 0104 00000000 		.4byte	.LFB67
 577 0108 0C000000 		.4byte	.LFE67-.LFB67
 578 010c 01       		.uleb128 0x1
 579 010d 9C       		.byte	0x9c
 580 010e 07       		.uleb128 0x7
 581 010f A3000000 		.4byte	.LASF21
 582 0113 01       		.byte	0x1
 583 0114 E2       		.byte	0xe2
 584 0115 00000000 		.4byte	.LFB68
 585 0119 34000000 		.4byte	.LFE68-.LFB68
 586 011d 01       		.uleb128 0x1
 587 011e 9C       		.byte	0x9c
 588 011f 09       		.uleb128 0x9
ARM GAS  C:\Users\kopusov.FT\AppData\Local\Temp\cc7P01vh.s 			page 18


 589 0120 64020000 		.4byte	.LASF22
 590 0124 01       		.byte	0x1
 591 0125 63       		.byte	0x63
 592 0126 00000000 		.4byte	.LFB65
 593 012a 0C000000 		.4byte	.LFE65-.LFB65
 594 012e 01       		.uleb128 0x1
 595 012f 9C       		.byte	0x9c
 596 0130 47010000 		.4byte	0x147
 597 0134 0A       		.uleb128 0xa
 598 0135 06000000 		.4byte	.LVL0
 599 0139 E8000000 		.4byte	0xe8
 600 013d 0A       		.uleb128 0xa
 601 013e 0A000000 		.4byte	.LVL1
 602 0142 0E010000 		.4byte	0x10e
 603 0146 00       		.byte	0
 604 0147 09       		.uleb128 0x9
 605 0148 EB000000 		.4byte	.LASF23
 606 014c 01       		.byte	0x1
 607 014d 2E       		.byte	0x2e
 608 014e 00000000 		.4byte	.LFB63
 609 0152 1C000000 		.4byte	.LFE63-.LFB63
 610 0156 01       		.uleb128 0x1
 611 0157 9C       		.byte	0x9c
 612 0158 6F010000 		.4byte	0x16f
 613 015c 0A       		.uleb128 0xa
 614 015d 0C000000 		.4byte	.LVL2
 615 0161 1F010000 		.4byte	0x11f
 616 0165 0A       		.uleb128 0xa
 617 0166 16000000 		.4byte	.LVL3
 618 016a E8000000 		.4byte	0xe8
 619 016e 00       		.byte	0
 620 016f 0B       		.uleb128 0xb
 621 0170 72000000 		.4byte	.LASF28
 622 0174 01       		.byte	0x1
 623 0175 F2       		.byte	0xf2
 624 0176 81000000 		.4byte	0x81
 625 017a 00000000 		.4byte	.LFB69
 626 017e 48000000 		.4byte	.LFE69-.LFB69
 627 0182 01       		.uleb128 0x1
 628 0183 9C       		.byte	0x9c
 629 0184 DE010000 		.4byte	0x1de
 630 0188 0C       		.uleb128 0xc
 631 0189 7D020000 		.4byte	.LASF24
 632 018d 01       		.byte	0x1
 633 018e F2       		.byte	0xf2
 634 018f 81000000 		.4byte	0x81
 635 0193 00000000 		.4byte	.LLST0
 636 0197 0C       		.uleb128 0xc
 637 0198 D7020000 		.4byte	.LASF25
 638 019c 01       		.byte	0x1
 639 019d F2       		.byte	0xf2
 640 019e 81000000 		.4byte	0x81
 641 01a2 21000000 		.4byte	.LLST1
 642 01a6 0C       		.uleb128 0xc
 643 01a7 C5020000 		.4byte	.LASF26
 644 01ab 01       		.byte	0x1
 645 01ac F2       		.byte	0xf2
ARM GAS  C:\Users\kopusov.FT\AppData\Local\Temp\cc7P01vh.s 			page 19


 646 01ad 81000000 		.4byte	0x81
 647 01b1 42000000 		.4byte	.LLST2
 648 01b5 0D       		.uleb128 0xd
 649 01b6 3A010000 		.4byte	.LASF27
 650 01ba 01       		.byte	0x1
 651 01bb F2       		.byte	0xf2
 652 01bc 8D000000 		.4byte	0x8d
 653 01c0 04       		.uleb128 0x4
 654 01c1 F3       		.byte	0xf3
 655 01c2 01       		.uleb128 0x1
 656 01c3 53       		.byte	0x53
 657 01c4 9F       		.byte	0x9f
 658 01c5 0E       		.uleb128 0xe
 659 01c6 E0020000 		.4byte	.LASF32
 660 01ca 01       		.byte	0x1
 661 01cb F4       		.byte	0xf4
 662 01cc 8D000000 		.4byte	0x8d
 663 01d0 0F       		.uleb128 0xf
 664 01d1 1C000000 		.4byte	.LASF31
 665 01d5 01       		.byte	0x1
 666 01d6 F5       		.byte	0xf5
 667 01d7 81000000 		.4byte	0x81
 668 01db 01       		.uleb128 0x1
 669 01dc 53       		.byte	0x53
 670 01dd 00       		.byte	0
 671 01de 10       		.uleb128 0x10
 672 01df 31000000 		.4byte	.LASF29
 673 01e3 01       		.byte	0x1
 674 01e4 1E01     		.2byte	0x11e
 675 01e6 81000000 		.4byte	0x81
 676 01ea 00000000 		.4byte	.LFB70
 677 01ee 34000000 		.4byte	.LFE70-.LFB70
 678 01f2 01       		.uleb128 0x1
 679 01f3 9C       		.byte	0x9c
 680 01f4 55020000 		.4byte	0x255
 681 01f8 11       		.uleb128 0x11
 682 01f9 7D020000 		.4byte	.LASF24
 683 01fd 01       		.byte	0x1
 684 01fe 1E01     		.2byte	0x11e
 685 0200 81000000 		.4byte	0x81
 686 0204 63000000 		.4byte	.LLST3
 687 0208 11       		.uleb128 0x11
 688 0209 D7020000 		.4byte	.LASF25
 689 020d 01       		.byte	0x1
 690 020e 1E01     		.2byte	0x11e
 691 0210 81000000 		.4byte	0x81
 692 0214 84000000 		.4byte	.LLST4
 693 0218 11       		.uleb128 0x11
 694 0219 C5020000 		.4byte	.LASF26
 695 021d 01       		.byte	0x1
 696 021e 1E01     		.2byte	0x11e
 697 0220 81000000 		.4byte	0x81
 698 0224 A5000000 		.4byte	.LLST5
 699 0228 12       		.uleb128 0x12
 700 0229 C2000000 		.4byte	.LASF30
 701 022d 01       		.byte	0x1
 702 022e 1E01     		.2byte	0x11e
ARM GAS  C:\Users\kopusov.FT\AppData\Local\Temp\cc7P01vh.s 			page 20


 703 0230 55020000 		.4byte	0x255
 704 0234 01       		.uleb128 0x1
 705 0235 53       		.byte	0x53
 706 0236 13       		.uleb128 0x13
 707 0237 E0020000 		.4byte	.LASF32
 708 023b 01       		.byte	0x1
 709 023c 2001     		.2byte	0x120
 710 023e 8D000000 		.4byte	0x8d
 711 0242 C6000000 		.4byte	.LLST6
 712 0246 14       		.uleb128 0x14
 713 0247 1C000000 		.4byte	.LASF31
 714 024b 01       		.byte	0x1
 715 024c 2101     		.2byte	0x121
 716 024e 81000000 		.4byte	0x81
 717 0252 01       		.uleb128 0x1
 718 0253 51       		.byte	0x51
 719 0254 00       		.byte	0
 720 0255 15       		.uleb128 0x15
 721 0256 04       		.byte	0x4
 722 0257 8D000000 		.4byte	0x8d
 723 025b 16       		.uleb128 0x16
 724 025c 21020000 		.4byte	.LASF33
 725 0260 01       		.byte	0x1
 726 0261 4001     		.2byte	0x140
 727 0263 00000000 		.4byte	.LFB71
 728 0267 1C000000 		.4byte	.LFE71-.LFB71
 729 026b 01       		.uleb128 0x1
 730 026c 9C       		.byte	0x9c
 731 026d AE020000 		.4byte	0x2ae
 732 0271 11       		.uleb128 0x11
 733 0272 D7020000 		.4byte	.LASF25
 734 0276 01       		.byte	0x1
 735 0277 4001     		.2byte	0x140
 736 0279 81000000 		.4byte	0x81
 737 027d E8000000 		.4byte	.LLST7
 738 0281 11       		.uleb128 0x11
 739 0282 C5020000 		.4byte	.LASF26
 740 0286 01       		.byte	0x1
 741 0287 4001     		.2byte	0x140
 742 0289 81000000 		.4byte	0x81
 743 028d 09010000 		.4byte	.LLST8
 744 0291 12       		.uleb128 0x12
 745 0292 3A010000 		.4byte	.LASF27
 746 0296 01       		.byte	0x1
 747 0297 4001     		.2byte	0x140
 748 0299 8D000000 		.4byte	0x8d
 749 029d 01       		.uleb128 0x1
 750 029e 52       		.byte	0x52
 751 029f 14       		.uleb128 0x14
 752 02a0 E0020000 		.4byte	.LASF32
 753 02a4 01       		.byte	0x1
 754 02a5 4201     		.2byte	0x142
 755 02a7 8D000000 		.4byte	0x8d
 756 02ab 01       		.uleb128 0x1
 757 02ac 50       		.byte	0x50
 758 02ad 00       		.byte	0
 759 02ae 10       		.uleb128 0x10
ARM GAS  C:\Users\kopusov.FT\AppData\Local\Temp\cc7P01vh.s 			page 21


 760 02af 22010000 		.4byte	.LASF34
 761 02b3 01       		.byte	0x1
 762 02b4 5801     		.2byte	0x158
 763 02b6 8D000000 		.4byte	0x8d
 764 02ba 00000000 		.4byte	.LFB72
 765 02be 28000000 		.4byte	.LFE72-.LFB72
 766 02c2 01       		.uleb128 0x1
 767 02c3 9C       		.byte	0x9c
 768 02c4 F9020000 		.4byte	0x2f9
 769 02c8 11       		.uleb128 0x11
 770 02c9 D7020000 		.4byte	.LASF25
 771 02cd 01       		.byte	0x1
 772 02ce 5801     		.2byte	0x158
 773 02d0 81000000 		.4byte	0x81
 774 02d4 2A010000 		.4byte	.LLST9
 775 02d8 11       		.uleb128 0x11
 776 02d9 C5020000 		.4byte	.LASF26
 777 02dd 01       		.byte	0x1
 778 02de 5801     		.2byte	0x158
 779 02e0 81000000 		.4byte	0x81
 780 02e4 4B010000 		.4byte	.LLST10
 781 02e8 13       		.uleb128 0x13
 782 02e9 E0020000 		.4byte	.LASF32
 783 02ed 01       		.byte	0x1
 784 02ee 5A01     		.2byte	0x15a
 785 02f0 8D000000 		.4byte	0x8d
 786 02f4 6C010000 		.4byte	.LLST11
 787 02f8 00       		.byte	0
 788 02f9 17       		.uleb128 0x17
 789 02fa 8B000000 		.4byte	.LASF35
 790 02fe 01       		.byte	0x1
 791 02ff 7301     		.2byte	0x173
 792 0301 00000000 		.4byte	.LFB73
 793 0305 0C000000 		.4byte	.LFE73-.LFB73
 794 0309 01       		.uleb128 0x1
 795 030a 9C       		.byte	0x9c
 796 030b 18       		.uleb128 0x18
 797 030c 79010000 		.4byte	.LASF36
 798 0310 05       		.byte	0x5
 799 0311 9606     		.2byte	0x696
 800 0313 17030000 		.4byte	0x317
 801 0317 06       		.uleb128 0x6
 802 0318 76000000 		.4byte	0x76
 803 031c 19       		.uleb128 0x19
 804 031d A1020000 		.4byte	.LASF37
 805 0321 01       		.byte	0x1
 806 0322 17       		.byte	0x17
 807 0323 81000000 		.4byte	0x81
 808 0327 05       		.uleb128 0x5
 809 0328 03       		.byte	0x3
 810 0329 00000000 		.4byte	MDIO_host_2_initVar
 811 032d 19       		.uleb128 0x19
 812 032e 49000000 		.4byte	.LASF38
 813 0332 01       		.byte	0x1
 814 0333 1A       		.byte	0x1a
 815 0334 CB000000 		.4byte	0xcb
 816 0338 05       		.uleb128 0x5
ARM GAS  C:\Users\kopusov.FT\AppData\Local\Temp\cc7P01vh.s 			page 22


 817 0339 03       		.byte	0x3
 818 033a 00000000 		.4byte	MDIO_host_2_data_bits
 819 033e 19       		.uleb128 0x19
 820 033f CA000000 		.4byte	.LASF39
 821 0343 01       		.byte	0x1
 822 0344 1D       		.byte	0x1d
 823 0345 BA000000 		.4byte	0xba
 824 0349 05       		.uleb128 0x5
 825 034a 03       		.byte	0x3
 826 034b 00000000 		.4byte	MDIO_host_2_StatusRegister
 827 034f 00       		.byte	0
 828              		.section	.debug_abbrev,"",%progbits
 829              	.Ldebug_abbrev0:
 830 0000 01       		.uleb128 0x1
 831 0001 11       		.uleb128 0x11
 832 0002 01       		.byte	0x1
 833 0003 25       		.uleb128 0x25
 834 0004 0E       		.uleb128 0xe
 835 0005 13       		.uleb128 0x13
 836 0006 0B       		.uleb128 0xb
 837 0007 03       		.uleb128 0x3
 838 0008 0E       		.uleb128 0xe
 839 0009 1B       		.uleb128 0x1b
 840 000a 0E       		.uleb128 0xe
 841 000b 55       		.uleb128 0x55
 842 000c 17       		.uleb128 0x17
 843 000d 11       		.uleb128 0x11
 844 000e 01       		.uleb128 0x1
 845 000f 10       		.uleb128 0x10
 846 0010 17       		.uleb128 0x17
 847 0011 00       		.byte	0
 848 0012 00       		.byte	0
 849 0013 02       		.uleb128 0x2
 850 0014 24       		.uleb128 0x24
 851 0015 00       		.byte	0
 852 0016 0B       		.uleb128 0xb
 853 0017 0B       		.uleb128 0xb
 854 0018 3E       		.uleb128 0x3e
 855 0019 0B       		.uleb128 0xb
 856 001a 03       		.uleb128 0x3
 857 001b 0E       		.uleb128 0xe
 858 001c 00       		.byte	0
 859 001d 00       		.byte	0
 860 001e 03       		.uleb128 0x3
 861 001f 16       		.uleb128 0x16
 862 0020 00       		.byte	0
 863 0021 03       		.uleb128 0x3
 864 0022 0E       		.uleb128 0xe
 865 0023 3A       		.uleb128 0x3a
 866 0024 0B       		.uleb128 0xb
 867 0025 3B       		.uleb128 0x3b
 868 0026 0B       		.uleb128 0xb
 869 0027 49       		.uleb128 0x49
 870 0028 13       		.uleb128 0x13
 871 0029 00       		.byte	0
 872 002a 00       		.byte	0
 873 002b 04       		.uleb128 0x4
ARM GAS  C:\Users\kopusov.FT\AppData\Local\Temp\cc7P01vh.s 			page 23


 874 002c 24       		.uleb128 0x24
 875 002d 00       		.byte	0
 876 002e 0B       		.uleb128 0xb
 877 002f 0B       		.uleb128 0xb
 878 0030 3E       		.uleb128 0x3e
 879 0031 0B       		.uleb128 0xb
 880 0032 03       		.uleb128 0x3
 881 0033 08       		.uleb128 0x8
 882 0034 00       		.byte	0
 883 0035 00       		.byte	0
 884 0036 05       		.uleb128 0x5
 885 0037 16       		.uleb128 0x16
 886 0038 00       		.byte	0
 887 0039 03       		.uleb128 0x3
 888 003a 0E       		.uleb128 0xe
 889 003b 3A       		.uleb128 0x3a
 890 003c 0B       		.uleb128 0xb
 891 003d 3B       		.uleb128 0x3b
 892 003e 05       		.uleb128 0x5
 893 003f 49       		.uleb128 0x49
 894 0040 13       		.uleb128 0x13
 895 0041 00       		.byte	0
 896 0042 00       		.byte	0
 897 0043 06       		.uleb128 0x6
 898 0044 35       		.uleb128 0x35
 899 0045 00       		.byte	0
 900 0046 49       		.uleb128 0x49
 901 0047 13       		.uleb128 0x13
 902 0048 00       		.byte	0
 903 0049 00       		.byte	0
 904 004a 07       		.uleb128 0x7
 905 004b 2E       		.uleb128 0x2e
 906 004c 00       		.byte	0
 907 004d 3F       		.uleb128 0x3f
 908 004e 19       		.uleb128 0x19
 909 004f 03       		.uleb128 0x3
 910 0050 0E       		.uleb128 0xe
 911 0051 3A       		.uleb128 0x3a
 912 0052 0B       		.uleb128 0xb
 913 0053 3B       		.uleb128 0x3b
 914 0054 0B       		.uleb128 0xb
 915 0055 27       		.uleb128 0x27
 916 0056 19       		.uleb128 0x19
 917 0057 11       		.uleb128 0x11
 918 0058 01       		.uleb128 0x1
 919 0059 12       		.uleb128 0x12
 920 005a 06       		.uleb128 0x6
 921 005b 40       		.uleb128 0x40
 922 005c 18       		.uleb128 0x18
 923 005d 9742     		.uleb128 0x2117
 924 005f 19       		.uleb128 0x19
 925 0060 00       		.byte	0
 926 0061 00       		.byte	0
 927 0062 08       		.uleb128 0x8
 928 0063 2E       		.uleb128 0x2e
 929 0064 00       		.byte	0
 930 0065 3F       		.uleb128 0x3f
ARM GAS  C:\Users\kopusov.FT\AppData\Local\Temp\cc7P01vh.s 			page 24


 931 0066 19       		.uleb128 0x19
 932 0067 03       		.uleb128 0x3
 933 0068 0E       		.uleb128 0xe
 934 0069 3A       		.uleb128 0x3a
 935 006a 0B       		.uleb128 0xb
 936 006b 3B       		.uleb128 0x3b
 937 006c 0B       		.uleb128 0xb
 938 006d 27       		.uleb128 0x27
 939 006e 19       		.uleb128 0x19
 940 006f 49       		.uleb128 0x49
 941 0070 13       		.uleb128 0x13
 942 0071 11       		.uleb128 0x11
 943 0072 01       		.uleb128 0x1
 944 0073 12       		.uleb128 0x12
 945 0074 06       		.uleb128 0x6
 946 0075 40       		.uleb128 0x40
 947 0076 18       		.uleb128 0x18
 948 0077 9742     		.uleb128 0x2117
 949 0079 19       		.uleb128 0x19
 950 007a 00       		.byte	0
 951 007b 00       		.byte	0
 952 007c 09       		.uleb128 0x9
 953 007d 2E       		.uleb128 0x2e
 954 007e 01       		.byte	0x1
 955 007f 3F       		.uleb128 0x3f
 956 0080 19       		.uleb128 0x19
 957 0081 03       		.uleb128 0x3
 958 0082 0E       		.uleb128 0xe
 959 0083 3A       		.uleb128 0x3a
 960 0084 0B       		.uleb128 0xb
 961 0085 3B       		.uleb128 0x3b
 962 0086 0B       		.uleb128 0xb
 963 0087 27       		.uleb128 0x27
 964 0088 19       		.uleb128 0x19
 965 0089 11       		.uleb128 0x11
 966 008a 01       		.uleb128 0x1
 967 008b 12       		.uleb128 0x12
 968 008c 06       		.uleb128 0x6
 969 008d 40       		.uleb128 0x40
 970 008e 18       		.uleb128 0x18
 971 008f 9742     		.uleb128 0x2117
 972 0091 19       		.uleb128 0x19
 973 0092 01       		.uleb128 0x1
 974 0093 13       		.uleb128 0x13
 975 0094 00       		.byte	0
 976 0095 00       		.byte	0
 977 0096 0A       		.uleb128 0xa
 978 0097 898201   		.uleb128 0x4109
 979 009a 00       		.byte	0
 980 009b 11       		.uleb128 0x11
 981 009c 01       		.uleb128 0x1
 982 009d 31       		.uleb128 0x31
 983 009e 13       		.uleb128 0x13
 984 009f 00       		.byte	0
 985 00a0 00       		.byte	0
 986 00a1 0B       		.uleb128 0xb
 987 00a2 2E       		.uleb128 0x2e
ARM GAS  C:\Users\kopusov.FT\AppData\Local\Temp\cc7P01vh.s 			page 25


 988 00a3 01       		.byte	0x1
 989 00a4 3F       		.uleb128 0x3f
 990 00a5 19       		.uleb128 0x19
 991 00a6 03       		.uleb128 0x3
 992 00a7 0E       		.uleb128 0xe
 993 00a8 3A       		.uleb128 0x3a
 994 00a9 0B       		.uleb128 0xb
 995 00aa 3B       		.uleb128 0x3b
 996 00ab 0B       		.uleb128 0xb
 997 00ac 27       		.uleb128 0x27
 998 00ad 19       		.uleb128 0x19
 999 00ae 49       		.uleb128 0x49
 1000 00af 13       		.uleb128 0x13
 1001 00b0 11       		.uleb128 0x11
 1002 00b1 01       		.uleb128 0x1
 1003 00b2 12       		.uleb128 0x12
 1004 00b3 06       		.uleb128 0x6
 1005 00b4 40       		.uleb128 0x40
 1006 00b5 18       		.uleb128 0x18
 1007 00b6 9742     		.uleb128 0x2117
 1008 00b8 19       		.uleb128 0x19
 1009 00b9 01       		.uleb128 0x1
 1010 00ba 13       		.uleb128 0x13
 1011 00bb 00       		.byte	0
 1012 00bc 00       		.byte	0
 1013 00bd 0C       		.uleb128 0xc
 1014 00be 05       		.uleb128 0x5
 1015 00bf 00       		.byte	0
 1016 00c0 03       		.uleb128 0x3
 1017 00c1 0E       		.uleb128 0xe
 1018 00c2 3A       		.uleb128 0x3a
 1019 00c3 0B       		.uleb128 0xb
 1020 00c4 3B       		.uleb128 0x3b
 1021 00c5 0B       		.uleb128 0xb
 1022 00c6 49       		.uleb128 0x49
 1023 00c7 13       		.uleb128 0x13
 1024 00c8 02       		.uleb128 0x2
 1025 00c9 17       		.uleb128 0x17
 1026 00ca 00       		.byte	0
 1027 00cb 00       		.byte	0
 1028 00cc 0D       		.uleb128 0xd
 1029 00cd 05       		.uleb128 0x5
 1030 00ce 00       		.byte	0
 1031 00cf 03       		.uleb128 0x3
 1032 00d0 0E       		.uleb128 0xe
 1033 00d1 3A       		.uleb128 0x3a
 1034 00d2 0B       		.uleb128 0xb
 1035 00d3 3B       		.uleb128 0x3b
 1036 00d4 0B       		.uleb128 0xb
 1037 00d5 49       		.uleb128 0x49
 1038 00d6 13       		.uleb128 0x13
 1039 00d7 02       		.uleb128 0x2
 1040 00d8 18       		.uleb128 0x18
 1041 00d9 00       		.byte	0
 1042 00da 00       		.byte	0
 1043 00db 0E       		.uleb128 0xe
 1044 00dc 34       		.uleb128 0x34
ARM GAS  C:\Users\kopusov.FT\AppData\Local\Temp\cc7P01vh.s 			page 26


 1045 00dd 00       		.byte	0
 1046 00de 03       		.uleb128 0x3
 1047 00df 0E       		.uleb128 0xe
 1048 00e0 3A       		.uleb128 0x3a
 1049 00e1 0B       		.uleb128 0xb
 1050 00e2 3B       		.uleb128 0x3b
 1051 00e3 0B       		.uleb128 0xb
 1052 00e4 49       		.uleb128 0x49
 1053 00e5 13       		.uleb128 0x13
 1054 00e6 00       		.byte	0
 1055 00e7 00       		.byte	0
 1056 00e8 0F       		.uleb128 0xf
 1057 00e9 34       		.uleb128 0x34
 1058 00ea 00       		.byte	0
 1059 00eb 03       		.uleb128 0x3
 1060 00ec 0E       		.uleb128 0xe
 1061 00ed 3A       		.uleb128 0x3a
 1062 00ee 0B       		.uleb128 0xb
 1063 00ef 3B       		.uleb128 0x3b
 1064 00f0 0B       		.uleb128 0xb
 1065 00f1 49       		.uleb128 0x49
 1066 00f2 13       		.uleb128 0x13
 1067 00f3 02       		.uleb128 0x2
 1068 00f4 18       		.uleb128 0x18
 1069 00f5 00       		.byte	0
 1070 00f6 00       		.byte	0
 1071 00f7 10       		.uleb128 0x10
 1072 00f8 2E       		.uleb128 0x2e
 1073 00f9 01       		.byte	0x1
 1074 00fa 3F       		.uleb128 0x3f
 1075 00fb 19       		.uleb128 0x19
 1076 00fc 03       		.uleb128 0x3
 1077 00fd 0E       		.uleb128 0xe
 1078 00fe 3A       		.uleb128 0x3a
 1079 00ff 0B       		.uleb128 0xb
 1080 0100 3B       		.uleb128 0x3b
 1081 0101 05       		.uleb128 0x5
 1082 0102 27       		.uleb128 0x27
 1083 0103 19       		.uleb128 0x19
 1084 0104 49       		.uleb128 0x49
 1085 0105 13       		.uleb128 0x13
 1086 0106 11       		.uleb128 0x11
 1087 0107 01       		.uleb128 0x1
 1088 0108 12       		.uleb128 0x12
 1089 0109 06       		.uleb128 0x6
 1090 010a 40       		.uleb128 0x40
 1091 010b 18       		.uleb128 0x18
 1092 010c 9742     		.uleb128 0x2117
 1093 010e 19       		.uleb128 0x19
 1094 010f 01       		.uleb128 0x1
 1095 0110 13       		.uleb128 0x13
 1096 0111 00       		.byte	0
 1097 0112 00       		.byte	0
 1098 0113 11       		.uleb128 0x11
 1099 0114 05       		.uleb128 0x5
 1100 0115 00       		.byte	0
 1101 0116 03       		.uleb128 0x3
ARM GAS  C:\Users\kopusov.FT\AppData\Local\Temp\cc7P01vh.s 			page 27


 1102 0117 0E       		.uleb128 0xe
 1103 0118 3A       		.uleb128 0x3a
 1104 0119 0B       		.uleb128 0xb
 1105 011a 3B       		.uleb128 0x3b
 1106 011b 05       		.uleb128 0x5
 1107 011c 49       		.uleb128 0x49
 1108 011d 13       		.uleb128 0x13
 1109 011e 02       		.uleb128 0x2
 1110 011f 17       		.uleb128 0x17
 1111 0120 00       		.byte	0
 1112 0121 00       		.byte	0
 1113 0122 12       		.uleb128 0x12
 1114 0123 05       		.uleb128 0x5
 1115 0124 00       		.byte	0
 1116 0125 03       		.uleb128 0x3
 1117 0126 0E       		.uleb128 0xe
 1118 0127 3A       		.uleb128 0x3a
 1119 0128 0B       		.uleb128 0xb
 1120 0129 3B       		.uleb128 0x3b
 1121 012a 05       		.uleb128 0x5
 1122 012b 49       		.uleb128 0x49
 1123 012c 13       		.uleb128 0x13
 1124 012d 02       		.uleb128 0x2
 1125 012e 18       		.uleb128 0x18
 1126 012f 00       		.byte	0
 1127 0130 00       		.byte	0
 1128 0131 13       		.uleb128 0x13
 1129 0132 34       		.uleb128 0x34
 1130 0133 00       		.byte	0
 1131 0134 03       		.uleb128 0x3
 1132 0135 0E       		.uleb128 0xe
 1133 0136 3A       		.uleb128 0x3a
 1134 0137 0B       		.uleb128 0xb
 1135 0138 3B       		.uleb128 0x3b
 1136 0139 05       		.uleb128 0x5
 1137 013a 49       		.uleb128 0x49
 1138 013b 13       		.uleb128 0x13
 1139 013c 02       		.uleb128 0x2
 1140 013d 17       		.uleb128 0x17
 1141 013e 00       		.byte	0
 1142 013f 00       		.byte	0
 1143 0140 14       		.uleb128 0x14
 1144 0141 34       		.uleb128 0x34
 1145 0142 00       		.byte	0
 1146 0143 03       		.uleb128 0x3
 1147 0144 0E       		.uleb128 0xe
 1148 0145 3A       		.uleb128 0x3a
 1149 0146 0B       		.uleb128 0xb
 1150 0147 3B       		.uleb128 0x3b
 1151 0148 05       		.uleb128 0x5
 1152 0149 49       		.uleb128 0x49
 1153 014a 13       		.uleb128 0x13
 1154 014b 02       		.uleb128 0x2
 1155 014c 18       		.uleb128 0x18
 1156 014d 00       		.byte	0
 1157 014e 00       		.byte	0
 1158 014f 15       		.uleb128 0x15
ARM GAS  C:\Users\kopusov.FT\AppData\Local\Temp\cc7P01vh.s 			page 28


 1159 0150 0F       		.uleb128 0xf
 1160 0151 00       		.byte	0
 1161 0152 0B       		.uleb128 0xb
 1162 0153 0B       		.uleb128 0xb
 1163 0154 49       		.uleb128 0x49
 1164 0155 13       		.uleb128 0x13
 1165 0156 00       		.byte	0
 1166 0157 00       		.byte	0
 1167 0158 16       		.uleb128 0x16
 1168 0159 2E       		.uleb128 0x2e
 1169 015a 01       		.byte	0x1
 1170 015b 3F       		.uleb128 0x3f
 1171 015c 19       		.uleb128 0x19
 1172 015d 03       		.uleb128 0x3
 1173 015e 0E       		.uleb128 0xe
 1174 015f 3A       		.uleb128 0x3a
 1175 0160 0B       		.uleb128 0xb
 1176 0161 3B       		.uleb128 0x3b
 1177 0162 05       		.uleb128 0x5
 1178 0163 27       		.uleb128 0x27
 1179 0164 19       		.uleb128 0x19
 1180 0165 11       		.uleb128 0x11
 1181 0166 01       		.uleb128 0x1
 1182 0167 12       		.uleb128 0x12
 1183 0168 06       		.uleb128 0x6
 1184 0169 40       		.uleb128 0x40
 1185 016a 18       		.uleb128 0x18
 1186 016b 9742     		.uleb128 0x2117
 1187 016d 19       		.uleb128 0x19
 1188 016e 01       		.uleb128 0x1
 1189 016f 13       		.uleb128 0x13
 1190 0170 00       		.byte	0
 1191 0171 00       		.byte	0
 1192 0172 17       		.uleb128 0x17
 1193 0173 2E       		.uleb128 0x2e
 1194 0174 00       		.byte	0
 1195 0175 3F       		.uleb128 0x3f
 1196 0176 19       		.uleb128 0x19
 1197 0177 03       		.uleb128 0x3
 1198 0178 0E       		.uleb128 0xe
 1199 0179 3A       		.uleb128 0x3a
 1200 017a 0B       		.uleb128 0xb
 1201 017b 3B       		.uleb128 0x3b
 1202 017c 05       		.uleb128 0x5
 1203 017d 27       		.uleb128 0x27
 1204 017e 19       		.uleb128 0x19
 1205 017f 11       		.uleb128 0x11
 1206 0180 01       		.uleb128 0x1
 1207 0181 12       		.uleb128 0x12
 1208 0182 06       		.uleb128 0x6
 1209 0183 40       		.uleb128 0x40
 1210 0184 18       		.uleb128 0x18
 1211 0185 9742     		.uleb128 0x2117
 1212 0187 19       		.uleb128 0x19
 1213 0188 00       		.byte	0
 1214 0189 00       		.byte	0
 1215 018a 18       		.uleb128 0x18
ARM GAS  C:\Users\kopusov.FT\AppData\Local\Temp\cc7P01vh.s 			page 29


 1216 018b 34       		.uleb128 0x34
 1217 018c 00       		.byte	0
 1218 018d 03       		.uleb128 0x3
 1219 018e 0E       		.uleb128 0xe
 1220 018f 3A       		.uleb128 0x3a
 1221 0190 0B       		.uleb128 0xb
 1222 0191 3B       		.uleb128 0x3b
 1223 0192 05       		.uleb128 0x5
 1224 0193 49       		.uleb128 0x49
 1225 0194 13       		.uleb128 0x13
 1226 0195 3F       		.uleb128 0x3f
 1227 0196 19       		.uleb128 0x19
 1228 0197 3C       		.uleb128 0x3c
 1229 0198 19       		.uleb128 0x19
 1230 0199 00       		.byte	0
 1231 019a 00       		.byte	0
 1232 019b 19       		.uleb128 0x19
 1233 019c 34       		.uleb128 0x34
 1234 019d 00       		.byte	0
 1235 019e 03       		.uleb128 0x3
 1236 019f 0E       		.uleb128 0xe
 1237 01a0 3A       		.uleb128 0x3a
 1238 01a1 0B       		.uleb128 0xb
 1239 01a2 3B       		.uleb128 0x3b
 1240 01a3 0B       		.uleb128 0xb
 1241 01a4 49       		.uleb128 0x49
 1242 01a5 13       		.uleb128 0x13
 1243 01a6 3F       		.uleb128 0x3f
 1244 01a7 19       		.uleb128 0x19
 1245 01a8 02       		.uleb128 0x2
 1246 01a9 18       		.uleb128 0x18
 1247 01aa 00       		.byte	0
 1248 01ab 00       		.byte	0
 1249 01ac 00       		.byte	0
 1250              		.section	.debug_loc,"",%progbits
 1251              	.Ldebug_loc0:
 1252              	.LLST0:
 1253 0000 00000000 		.4byte	.LVL4
 1254 0004 36000000 		.4byte	.LVL8
 1255 0008 0100     		.2byte	0x1
 1256 000a 50       		.byte	0x50
 1257 000b 36000000 		.4byte	.LVL8
 1258 000f 48000000 		.4byte	.LFE69
 1259 0013 0400     		.2byte	0x4
 1260 0015 F3       		.byte	0xf3
 1261 0016 01       		.uleb128 0x1
 1262 0017 50       		.byte	0x50
 1263 0018 9F       		.byte	0x9f
 1264 0019 00000000 		.4byte	0
 1265 001d 00000000 		.4byte	0
 1266              	.LLST1:
 1267 0021 00000000 		.4byte	.LVL4
 1268 0025 2A000000 		.4byte	.LVL7
 1269 0029 0100     		.2byte	0x1
 1270 002b 51       		.byte	0x51
 1271 002c 2A000000 		.4byte	.LVL7
 1272 0030 48000000 		.4byte	.LFE69
ARM GAS  C:\Users\kopusov.FT\AppData\Local\Temp\cc7P01vh.s 			page 30


 1273 0034 0400     		.2byte	0x4
 1274 0036 F3       		.byte	0xf3
 1275 0037 01       		.uleb128 0x1
 1276 0038 51       		.byte	0x51
 1277 0039 9F       		.byte	0x9f
 1278 003a 00000000 		.4byte	0
 1279 003e 00000000 		.4byte	0
 1280              	.LLST2:
 1281 0042 00000000 		.4byte	.LVL4
 1282 0046 0C000000 		.4byte	.LVL5
 1283 004a 0100     		.2byte	0x1
 1284 004c 52       		.byte	0x52
 1285 004d 0C000000 		.4byte	.LVL5
 1286 0051 48000000 		.4byte	.LFE69
 1287 0055 0400     		.2byte	0x4
 1288 0057 F3       		.byte	0xf3
 1289 0058 01       		.uleb128 0x1
 1290 0059 52       		.byte	0x52
 1291 005a 9F       		.byte	0x9f
 1292 005b 00000000 		.4byte	0
 1293 005f 00000000 		.4byte	0
 1294              	.LLST3:
 1295 0063 00000000 		.4byte	.LVL9
 1296 0067 06000000 		.4byte	.LVL11
 1297 006b 0100     		.2byte	0x1
 1298 006d 50       		.byte	0x50
 1299 006e 06000000 		.4byte	.LVL11
 1300 0072 34000000 		.4byte	.LFE70
 1301 0076 0400     		.2byte	0x4
 1302 0078 F3       		.byte	0xf3
 1303 0079 01       		.uleb128 0x1
 1304 007a 50       		.byte	0x50
 1305 007b 9F       		.byte	0x9f
 1306 007c 00000000 		.4byte	0
 1307 0080 00000000 		.4byte	0
 1308              	.LLST4:
 1309 0084 00000000 		.4byte	.LVL9
 1310 0088 02000000 		.4byte	.LVL10
 1311 008c 0100     		.2byte	0x1
 1312 008e 51       		.byte	0x51
 1313 008f 02000000 		.4byte	.LVL10
 1314 0093 34000000 		.4byte	.LFE70
 1315 0097 0400     		.2byte	0x4
 1316 0099 F3       		.byte	0xf3
 1317 009a 01       		.uleb128 0x1
 1318 009b 51       		.byte	0x51
 1319 009c 9F       		.byte	0x9f
 1320 009d 00000000 		.4byte	0
 1321 00a1 00000000 		.4byte	0
 1322              	.LLST5:
 1323 00a5 00000000 		.4byte	.LVL9
 1324 00a9 0A000000 		.4byte	.LVL12
 1325 00ad 0100     		.2byte	0x1
 1326 00af 52       		.byte	0x52
 1327 00b0 0A000000 		.4byte	.LVL12
 1328 00b4 34000000 		.4byte	.LFE70
 1329 00b8 0400     		.2byte	0x4
ARM GAS  C:\Users\kopusov.FT\AppData\Local\Temp\cc7P01vh.s 			page 31


 1330 00ba F3       		.byte	0xf3
 1331 00bb 01       		.uleb128 0x1
 1332 00bc 52       		.byte	0x52
 1333 00bd 9F       		.byte	0x9f
 1334 00be 00000000 		.4byte	0
 1335 00c2 00000000 		.4byte	0
 1336              	.LLST6:
 1337 00c6 0E000000 		.4byte	.LVL13
 1338 00ca 16000000 		.4byte	.LVL14
 1339 00ce 0100     		.2byte	0x1
 1340 00d0 51       		.byte	0x51
 1341 00d1 16000000 		.4byte	.LVL14
 1342 00d5 1C000000 		.4byte	.LVL15
 1343 00d9 0500     		.2byte	0x5
 1344 00db 0C       		.byte	0xc
 1345 00dc 46650040 		.4byte	0x40006546
 1346 00e0 00000000 		.4byte	0
 1347 00e4 00000000 		.4byte	0
 1348              	.LLST7:
 1349 00e8 00000000 		.4byte	.LVL16
 1350 00ec 06000000 		.4byte	.LVL18
 1351 00f0 0100     		.2byte	0x1
 1352 00f2 50       		.byte	0x50
 1353 00f3 06000000 		.4byte	.LVL18
 1354 00f7 1C000000 		.4byte	.LFE71
 1355 00fb 0400     		.2byte	0x4
 1356 00fd F3       		.byte	0xf3
 1357 00fe 01       		.uleb128 0x1
 1358 00ff 50       		.byte	0x50
 1359 0100 9F       		.byte	0x9f
 1360 0101 00000000 		.4byte	0
 1361 0105 00000000 		.4byte	0
 1362              	.LLST8:
 1363 0109 00000000 		.4byte	.LVL16
 1364 010d 02000000 		.4byte	.LVL17
 1365 0111 0100     		.2byte	0x1
 1366 0113 51       		.byte	0x51
 1367 0114 02000000 		.4byte	.LVL17
 1368 0118 1C000000 		.4byte	.LFE71
 1369 011c 0400     		.2byte	0x4
 1370 011e F3       		.byte	0xf3
 1371 011f 01       		.uleb128 0x1
 1372 0120 51       		.byte	0x51
 1373 0121 9F       		.byte	0x9f
 1374 0122 00000000 		.4byte	0
 1375 0126 00000000 		.4byte	0
 1376              	.LLST9:
 1377 012a 00000000 		.4byte	.LVL20
 1378 012e 06000000 		.4byte	.LVL22
 1379 0132 0100     		.2byte	0x1
 1380 0134 50       		.byte	0x50
 1381 0135 06000000 		.4byte	.LVL22
 1382 0139 28000000 		.4byte	.LFE72
 1383 013d 0400     		.2byte	0x4
 1384 013f F3       		.byte	0xf3
 1385 0140 01       		.uleb128 0x1
 1386 0141 50       		.byte	0x50
ARM GAS  C:\Users\kopusov.FT\AppData\Local\Temp\cc7P01vh.s 			page 32


 1387 0142 9F       		.byte	0x9f
 1388 0143 00000000 		.4byte	0
 1389 0147 00000000 		.4byte	0
 1390              	.LLST10:
 1391 014b 00000000 		.4byte	.LVL20
 1392 014f 02000000 		.4byte	.LVL21
 1393 0153 0100     		.2byte	0x1
 1394 0155 51       		.byte	0x51
 1395 0156 02000000 		.4byte	.LVL21
 1396 015a 28000000 		.4byte	.LFE72
 1397 015e 0400     		.2byte	0x4
 1398 0160 F3       		.byte	0xf3
 1399 0161 01       		.uleb128 0x1
 1400 0162 51       		.byte	0x51
 1401 0163 9F       		.byte	0x9f
 1402 0164 00000000 		.4byte	0
 1403 0168 00000000 		.4byte	0
 1404              	.LLST11:
 1405 016c 0E000000 		.4byte	.LVL23
 1406 0170 1A000000 		.4byte	.LVL24
 1407 0174 0100     		.2byte	0x1
 1408 0176 50       		.byte	0x50
 1409 0177 00000000 		.4byte	0
 1410 017b 00000000 		.4byte	0
 1411              		.section	.debug_aranges,"",%progbits
 1412 0000 6C000000 		.4byte	0x6c
 1413 0004 0200     		.2byte	0x2
 1414 0006 00000000 		.4byte	.Ldebug_info0
 1415 000a 04       		.byte	0x4
 1416 000b 00       		.byte	0
 1417 000c 0000     		.2byte	0
 1418 000e 0000     		.2byte	0
 1419 0010 00000000 		.4byte	.LFB64
 1420 0014 10000000 		.4byte	.LFE64-.LFB64
 1421 0018 00000000 		.4byte	.LFB66
 1422 001c 1C000000 		.4byte	.LFE66-.LFB66
 1423 0020 00000000 		.4byte	.LFB67
 1424 0024 0C000000 		.4byte	.LFE67-.LFB67
 1425 0028 00000000 		.4byte	.LFB68
 1426 002c 34000000 		.4byte	.LFE68-.LFB68
 1427 0030 00000000 		.4byte	.LFB65
 1428 0034 0C000000 		.4byte	.LFE65-.LFB65
 1429 0038 00000000 		.4byte	.LFB63
 1430 003c 1C000000 		.4byte	.LFE63-.LFB63
 1431 0040 00000000 		.4byte	.LFB69
 1432 0044 48000000 		.4byte	.LFE69-.LFB69
 1433 0048 00000000 		.4byte	.LFB70
 1434 004c 34000000 		.4byte	.LFE70-.LFB70
 1435 0050 00000000 		.4byte	.LFB71
 1436 0054 1C000000 		.4byte	.LFE71-.LFB71
 1437 0058 00000000 		.4byte	.LFB72
 1438 005c 28000000 		.4byte	.LFE72-.LFB72
 1439 0060 00000000 		.4byte	.LFB73
 1440 0064 0C000000 		.4byte	.LFE73-.LFB73
 1441 0068 00000000 		.4byte	0
 1442 006c 00000000 		.4byte	0
 1443              		.section	.debug_ranges,"",%progbits
ARM GAS  C:\Users\kopusov.FT\AppData\Local\Temp\cc7P01vh.s 			page 33


 1444              	.Ldebug_ranges0:
 1445 0000 00000000 		.4byte	.LFB64
 1446 0004 10000000 		.4byte	.LFE64
 1447 0008 00000000 		.4byte	.LFB66
 1448 000c 1C000000 		.4byte	.LFE66
 1449 0010 00000000 		.4byte	.LFB67
 1450 0014 0C000000 		.4byte	.LFE67
 1451 0018 00000000 		.4byte	.LFB68
 1452 001c 34000000 		.4byte	.LFE68
 1453 0020 00000000 		.4byte	.LFB65
 1454 0024 0C000000 		.4byte	.LFE65
 1455 0028 00000000 		.4byte	.LFB63
 1456 002c 1C000000 		.4byte	.LFE63
 1457 0030 00000000 		.4byte	.LFB69
 1458 0034 48000000 		.4byte	.LFE69
 1459 0038 00000000 		.4byte	.LFB70
 1460 003c 34000000 		.4byte	.LFE70
 1461 0040 00000000 		.4byte	.LFB71
 1462 0044 1C000000 		.4byte	.LFE71
 1463 0048 00000000 		.4byte	.LFB72
 1464 004c 28000000 		.4byte	.LFE72
 1465 0050 00000000 		.4byte	.LFB73
 1466 0054 0C000000 		.4byte	.LFE73
 1467 0058 00000000 		.4byte	0
 1468 005c 00000000 		.4byte	0
 1469              		.section	.debug_line,"",%progbits
 1470              	.Ldebug_line0:
 1471 0000 3C020000 		.section	.debug_str,"MS",%progbits,1
 1471      02005101 
 1471      00000201 
 1471      FB0E0D00 
 1471      01010101 
 1472              	.LASF17:
 1473 0000 72656731 		.ascii	"reg16\000"
 1473      3600
 1474              	.LASF43:
 1475 0006 4D44494F 		.ascii	"MDIO_host_2_GetStatus\000"
 1475      5F686F73 
 1475      745F325F 
 1475      47657453 
 1475      74617475 
 1476              	.LASF31:
 1477 001c 73746174 		.ascii	"status_reg\000"
 1477      75735F72 
 1477      656700
 1478              	.LASF9:
 1479 0027 5F5F696E 		.ascii	"__int32_t\000"
 1479      7433325F 
 1479      7400
 1480              	.LASF29:
 1481 0031 4D44494F 		.ascii	"MDIO_host_2_ReadDataC45\000"
 1481      5F686F73 
 1481      745F325F 
 1481      52656164 
 1481      44617461 
 1482              	.LASF38:
 1483 0049 4D44494F 		.ascii	"MDIO_host_2_data_bits\000"
ARM GAS  C:\Users\kopusov.FT\AppData\Local\Temp\cc7P01vh.s 			page 34


 1483      5F686F73 
 1483      745F325F 
 1483      64617461 
 1483      5F626974 
 1484              	.LASF3:
 1485 005f 73686F72 		.ascii	"short unsigned int\000"
 1485      7420756E 
 1485      7369676E 
 1485      65642069 
 1485      6E7400
 1486              	.LASF28:
 1487 0072 4D44494F 		.ascii	"MDIO_host_2_WriteDataC45\000"
 1487      5F686F73 
 1487      745F325F 
 1487      57726974 
 1487      65446174 
 1488              	.LASF35:
 1489 008b 4D44494F 		.ascii	"MDIO_host_2_ClearStatus\000"
 1489      5F686F73 
 1489      745F325F 
 1489      436C6561 
 1489      72537461 
 1490              	.LASF21:
 1491 00a3 4D44494F 		.ascii	"MDIO_host_2_ClearInternalFIFOs\000"
 1491      5F686F73 
 1491      745F325F 
 1491      436C6561 
 1491      72496E74 
 1492              	.LASF30:
 1493 00c2 72656744 		.ascii	"regData\000"
 1493      61746100 
 1494              	.LASF39:
 1495 00ca 4D44494F 		.ascii	"MDIO_host_2_StatusRegister\000"
 1495      5F686F73 
 1495      745F325F 
 1495      53746174 
 1495      75735265 
 1496              	.LASF13:
 1497 00e5 666C6F61 		.ascii	"float\000"
 1497      7400
 1498              	.LASF23:
 1499 00eb 4D44494F 		.ascii	"MDIO_host_2_Start\000"
 1499      5F686F73 
 1499      745F325F 
 1499      53746172 
 1499      7400
 1500              	.LASF1:
 1501 00fd 756E7369 		.ascii	"unsigned char\000"
 1501      676E6564 
 1501      20636861 
 1501      7200
 1502              	.LASF16:
 1503 010b 72656738 		.ascii	"reg8\000"
 1503      00
 1504              	.LASF5:
 1505 0110 6C6F6E67 		.ascii	"long unsigned int\000"
 1505      20756E73 
ARM GAS  C:\Users\kopusov.FT\AppData\Local\Temp\cc7P01vh.s 			page 35


 1505      69676E65 
 1505      6420696E 
 1505      7400
 1506              	.LASF34:
 1507 0122 4D44494F 		.ascii	"MDIO_host_2_ReadDataC22\000"
 1507      5F686F73 
 1507      745F325F 
 1507      52656164 
 1507      44617461 
 1508              	.LASF27:
 1509 013a 7265675F 		.ascii	"reg_data\000"
 1509      64617461 
 1509      00
 1510              	.LASF14:
 1511 0143 646F7562 		.ascii	"double\000"
 1511      6C6500
 1512              	.LASF12:
 1513 014a 75696E74 		.ascii	"uint16\000"
 1513      313600
 1514              	.LASF41:
 1515 0151 47656E65 		.ascii	"Generated_Source\\PSoC5\\MDIO_host_2_my.c\000"
 1515      72617465 
 1515      645F536F 
 1515      75726365 
 1515      5C50536F 
 1516              	.LASF36:
 1517 0179 49544D5F 		.ascii	"ITM_RxBuffer\000"
 1517      52784275 
 1517      66666572 
 1517      00
 1518              	.LASF40:
 1519 0186 474E5520 		.ascii	"GNU C 4.9.3 20150303 (release) [ARM/embedded-4_9-br"
 1519      4320342E 
 1519      392E3320 
 1519      32303135 
 1519      30333033 
 1520 01b9 616E6368 		.ascii	"anch revision 221220] -mcpu=cortex-m3 -mthumb -g -O"
 1520      20726576 
 1520      6973696F 
 1520      6E203232 
 1520      31323230 
 1521 01ec 67202D66 		.ascii	"g -ffunction-sections -ffat-lto-objects\000"
 1521      66756E63 
 1521      74696F6E 
 1521      2D736563 
 1521      74696F6E 
 1522              	.LASF8:
 1523 0214 756E7369 		.ascii	"unsigned int\000"
 1523      676E6564 
 1523      20696E74 
 1523      00
 1524              	.LASF33:
 1525 0221 4D44494F 		.ascii	"MDIO_host_2_WriteDataC22\000"
 1525      5F686F73 
 1525      745F325F 
 1525      57726974 
 1525      65446174 
ARM GAS  C:\Users\kopusov.FT\AppData\Local\Temp\cc7P01vh.s 			page 36


 1526              	.LASF7:
 1527 023a 6C6F6E67 		.ascii	"long long unsigned int\000"
 1527      206C6F6E 
 1527      6720756E 
 1527      7369676E 
 1527      65642069 
 1528              	.LASF20:
 1529 0251 4D44494F 		.ascii	"MDIO_host_2_Enable\000"
 1529      5F686F73 
 1529      745F325F 
 1529      456E6162 
 1529      6C6500
 1530              	.LASF22:
 1531 0264 4D44494F 		.ascii	"MDIO_host_2_Init\000"
 1531      5F686F73 
 1531      745F325F 
 1531      496E6974 
 1531      00
 1532              	.LASF10:
 1533 0275 696E7433 		.ascii	"int32_t\000"
 1533      325F7400 
 1534              	.LASF24:
 1535 027d 6F705F6D 		.ascii	"op_mode\000"
 1535      6F646500 
 1536              	.LASF18:
 1537 0285 73697A65 		.ascii	"sizetype\000"
 1537      74797065 
 1537      00
 1538              	.LASF6:
 1539 028e 6C6F6E67 		.ascii	"long long int\000"
 1539      206C6F6E 
 1539      6720696E 
 1539      7400
 1540              	.LASF15:
 1541 029c 63686172 		.ascii	"char\000"
 1541      00
 1542              	.LASF37:
 1543 02a1 4D44494F 		.ascii	"MDIO_host_2_initVar\000"
 1543      5F686F73 
 1543      745F325F 
 1543      696E6974 
 1543      56617200 
 1544              	.LASF2:
 1545 02b5 73686F72 		.ascii	"short int\000"
 1545      7420696E 
 1545      7400
 1546              	.LASF11:
 1547 02bf 75696E74 		.ascii	"uint8\000"
 1547      3800
 1548              	.LASF26:
 1549 02c5 6465765F 		.ascii	"dev_addr\000"
 1549      61646472 
 1549      00
 1550              	.LASF4:
 1551 02ce 6C6F6E67 		.ascii	"long int\000"
 1551      20696E74 
 1551      00
ARM GAS  C:\Users\kopusov.FT\AppData\Local\Temp\cc7P01vh.s 			page 37


 1552              	.LASF25:
 1553 02d7 7068795F 		.ascii	"phy_addr\000"
 1553      61646472 
 1553      00
 1554              	.LASF32:
 1555 02e0 636F6E74 		.ascii	"control_bits\000"
 1555      726F6C5F 
 1555      62697473 
 1555      00
 1556              	.LASF0:
 1557 02ed 7369676E 		.ascii	"signed char\000"
 1557      65642063 
 1557      68617200 
 1558              	.LASF42:
 1559 02f9 443A5C70 		.ascii	"D:\\pgm\\Cypress_dem_board\\CFP_reader\\cfp_reader\\"
 1559      676D5C43 
 1559      79707265 
 1559      73735F64 
 1559      656D5F62 
 1560 0328 575F6366 		.ascii	"W_cfp_reader\\cfp_reader.cydsn\000"
 1560      705F7265 
 1560      61646572 
 1560      5C636670 
 1560      5F726561 
 1561              	.LASF19:
 1562 0346 4D44494F 		.ascii	"MDIO_host_2_Stop\000"
 1562      5F686F73 
 1562      745F325F 
 1562      53746F70 
 1562      00
 1563              		.ident	"GCC: (GNU Tools for ARM Embedded Processors) 4.9.3 20150303 (release) [ARM/embedded-4_9-br
